83519 : md5 numeric2007-11-05 19:57:57
year: 107; month: 10; day: 5;
hour: 19; minute: 57; second: 57
week day: 1; year day: 308
83612 : md5 numeric2007-11-05 20:48:48
year: 107; month: 10; day: 5;
hour: 20; minute: 48; second: 48
week day: 1; year day: 308
1 processor(s) found.
CPU frequency has been found : 746.375 MHz
Initializing DistrRTgen 3.0
Generating using 1 processor(s)...
Connecting to server...OK
Performing logon...OK
Requesting work... 
 
Received PartID n° : 177755
Loading WorkUnit Details
work received !
Starting multithreaded rainbowtable generator...
[H[2Jhash routine: md5
hash length: 16
plain charset: abcdefghijklmnopqrstuvwxyzABCDEFGHIJKLMNOPQRSTUVWXYZ0123456789 
plain charset in hex: 61 62 63 64 65 66 67 68 69 6a 6b 6c 6d 6e 6f 70 71 72 73 74 75 76 77 78 79 7a 41 42 43 44 45 46 47 48 49 4a 4b 4c 4d 4e 4f 50 51 52 53 54 55 56 57 58 59 5a 30 31 32 33 34 35 36 37 38 39 20 
plain length range: 1 - 7
plain charset name: mixalpha-numeric-space
plain space total: 4002512584959
rainbow table index: 0
reduce offset: 0

Working on: Part /home/nous/.distrrtgen/177755.part,500000,md5,mixalpha-numeric-space,1,7,0,10000
Current chain speed: 56
Percent completed: 0.1%
[H[2JWorking on: Part /home/nous/.distrrtgen/177755.part,500000,md5,mixalpha-numeric-space,1,7,0,10000
Current chain speed: 57
Percent completed: 0.22%
[H[2JWorking on: Part /home/nous/.distrrtgen/177755.part,500000,md5,mixalpha-numeric-space,1,7,0,10000
Current chain speed: 55
Percent completed: 0.32%
[H[2JWorking on: Part /home/nous/.distrrtgen/177755.part,500000,md5,mixalpha-numeric-space,1,7,0,10000
Current chain speed: 47
Percent completed: 0.42%
[H[2JWorking on: Part /home/nous/.distrrtgen/177755.part,500000,md5,mixalpha-numeric-space,1,7,0,10000
Current chain speed: 28
Percent completed: 0.48%
[H[2JWorking on: Part /home/nous/.distrrtgen/177755.part,500000,md5,mixalpha-numeric-space,1,7,0,10000
Current chain speed: 40
Percent completed: 0.56%
[H[2JWorking on: Part /home/nous/.distrrtgen/177755.part,500000,md5,mixalpha-numeric-space,1,7,0,10000
Current chain speed: 29
Percent completed: 0.62%
[H[2JWorking on: Part /home/nous/.distrrtgen/177755.part,500000,md5,mixalpha-numeric-space,1,7,0,10000
Current chain speed: 42
Percent completed: 0.7%
[H[2JWorking on: Part /home/nous/.distrrtgen/177755.part,500000,md5,mixalpha-numeric-space,1,7,0,10000
Current chain speed: 45
Percent completed: 0.8%
[H[2JWorking on: Part /home/nous/.distrrtgen/177755.part,500000,md5,mixalpha-numeric-space,1,7,0,10000
Current chain speed: 43
Percent completed: 0.88%
[H[2JWorking on: Part /home/nous/.distrrtgen/177755.part,500000,md5,mixalpha-numeric-space,1,7,0,10000
Current chain speed: 22
Percent completed: 0.94%
[H[2JWorking on: Part /home/nous/.distrrtgen/177755.part,500000,md5,mixalpha-numeric-space,1,7,0,10000
Current chain speed: 44
Percent completed: 1%
[H[2JWorking on: Part /home/nous/.distrrtgen/177755.part,500000,md5,mixalpha-numeric-space,1,7,0,10000
Current chain speed: 55
Percent completed: 1.1%
[H[2JWorking on: Part /home/nous/.distrrtgen/177755.part,500000,md5,mixalpha-numeric-space,1,7,0,10000
Current chain speed: 45
Percent completed: 1.2%
[H[2JWorking on: Part /home/nous/.distrrtgen/177755.part,500000,md5,mixalpha-numeric-space,1,7,0,10000
Current chain speed: 44
Percent completed: 1.3%
[H[2JWorking on: Part /home/nous/.distrrtgen/177755.part,500000,md5,mixalpha-numeric-space,1,7,0,10000
Current chain speed: 55
Percent completed: 1.4%
[H[2JWorking on: Part /home/nous/.distrrtgen/177755.part,500000,md5,mixalpha-numeric-space,1,7,0,10000
Current chain speed: 57
Percent completed: 1.5%
[H[2JWorking on: Part /home/nous/.distrrtgen/177755.part,500000,md5,mixalpha-numeric-space,1,7,0,10000
Current chain speed: 53
Percent completed: 1.6%
[H[2JWorking on: Part /home/nous/.distrrtgen/177755.part,500000,md5,mixalpha-numeric-space,1,7,0,10000
Current chain speed: 55
Percent completed: 1.8%
[H[2JWorking on: Part /home/nous/.distrrtgen/177755.part,500000,md5,mixalpha-numeric-space,1,7,0,10000
Current chain speed: 56
Percent completed: 1.9%
[H[2JWorking on: Part /home/nous/.distrrtgen/177755.part,500000,md5,mixalpha-numeric-space,1,7,0,10000
Current chain speed: 57
Percent completed: 2%
[H[2JWorking on: Part /home/nous/.distrrtgen/177755.part,500000,md5,mixalpha-numeric-space,1,7,0,10000
Current chain speed: 57
Percent completed: 2.1%
[H[2JWorking on: Part /home/nous/.distrrtgen/177755.part,500000,md5,mixalpha-numeric-space,1,7,0,10000
Current chain speed: 54
Percent completed: 2.2%
[H[2JWorking on: Part /home/nous/.distrrtgen/177755.part,500000,md5,mixalpha-numeric-space,1,7,0,10000
Current chain speed: 57
Percent completed: 2.3%
[H[2JWorking on: Part /home/nous/.distrrtgen/177755.part,500000,md5,mixalpha-numeric-space,1,7,0,10000
Current chain speed: 48
Percent completed: 2.4%
[H[2JWorking on: Part /home/nous/.distrrtgen/177755.part,500000,md5,mixalpha-numeric-space,1,7,0,10000
Current chain speed: 38
Percent completed: 2.5%
[H[2JWorking on: Part /home/nous/.distrrtgen/177755.part,500000,md5,mixalpha-numeric-space,1,7,0,10000
Current chain speed: 49
Percent completed: 2.6%
[H[2JWorking on: Part /home/nous/.distrrtgen/177755.part,500000,md5,mixalpha-numeric-space,1,7,0,10000
Current chain speed: 45
Percent completed: 2.7%
[H[2JWorking on: Part /home/nous/.distrrtgen/177755.part,500000,md5,mixalpha-numeric-space,1,7,0,10000
Current chain speed: 41
Percent completed: 2.8%
[H[2JWorking on: Part /home/nous/.distrrtgen/177755.part,500000,md5,mixalpha-numeric-space,1,7,0,10000
Current chain speed: 24
Percent completed: 2.8%
[H[2JWorking on: Part /home/nous/.distrrtgen/177755.part,500000,md5,mixalpha-numeric-space,1,7,0,10000
Current chain speed: 41
Percent completed: 2.9%
[H[2JWorking on: Part /home/nous/.distrrtgen/177755.part,500000,md5,mixalpha-numeric-space,1,7,0,10000
Current chain speed: 39
Percent completed: 3%
[H[2JWorking on: Part /home/nous/.distrrtgen/177755.part,500000,md5,mixalpha-numeric-space,1,7,0,10000
Current chain speed: 11
Percent completed: 3%
[H[2JWorking on: Part /home/nous/.distrrtgen/177755.part,500000,md5,mixalpha-numeric-space,1,7,0,10000
Current chain speed: 7
Percent completed: 3%
[H[2JWorking on: Part /home/nous/.distrrtgen/177755.part,500000,md5,mixalpha-numeric-space,1,7,0,10000
Current chain speed: 8
Percent completed: 3%
[H[2JWorking on: Part /home/nous/.distrrtgen/177755.part,500000,md5,mixalpha-numeric-space,1,7,0,10000
Current chain speed: 10
Percent completed: 3.1%
[H[2JWorking on: Part /home/nous/.distrrtgen/177755.part,500000,md5,mixalpha-numeric-space,1,7,0,10000
Current chain speed: 13
Percent completed: 3.1%
[H[2JWorking on: Part /home/nous/.distrrtgen/177755.part,500000,md5,mixalpha-numeric-space,1,7,0,10000
Current chain speed: 12
Percent completed: 3.1%
[H[2JWorking on: Part /home/nous/.distrrtgen/177755.part,500000,md5,mixalpha-numeric-space,1,7,0,10000
Current chain speed: 10
Percent completed: 3.1%
[H[2JWorking on: Part /home/nous/.distrrtgen/177755.part,500000,md5,mixalpha-numeric-space,1,7,0,10000
Current chain speed: 12
Percent completed: 3.2%
[H[2JWorking on: Part /home/nous/.distrrtgen/177755.part,500000,md5,mixalpha-numeric-space,1,7,0,10000
Current chain speed: 17
Percent completed: 3.2%
[H[2JWorking on: Part /home/nous/.distrrtgen/177755.part,500000,md5,mixalpha-numeric-space,1,7,0,10000
Current chain speed: 24
Percent completed: 3.2%
[H[2JWorking on: Part /home/nous/.distrrtgen/177755.part,500000,md5,mixalpha-numeric-space,1,7,0,10000
Current chain speed: 10
Percent completed: 3.3%
[H[2JWorking on: Part /home/nous/.distrrtgen/177755.part,500000,md5,mixalpha-numeric-space,1,7,0,10000
Current chain speed: 7
Percent completed: 3.3%
[H[2JWorking on: Part /home/nous/.distrrtgen/177755.part,500000,md5,mixalpha-numeric-space,1,7,0,10000
Current chain speed: 11
Percent completed: 3.3%
[H[2JWorking on: Part /home/nous/.distrrtgen/177755.part,500000,md5,mixalpha-numeric-space,1,7,0,10000
Current chain speed: 7
Percent completed: 3.3%
[H[2JWorking on: Part /home/nous/.distrrtgen/177755.part,500000,md5,mixalpha-numeric-space,1,7,0,10000
Current chain speed: 22
Percent completed: 3.4%
[H[2JWorking on: Part /home/nous/.distrrtgen/177755.part,500000,md5,mixalpha-numeric-space,1,7,0,10000
Current chain speed: 24
Percent completed: 3.4%
[H[2JWorking on: Part /home/nous/.distrrtgen/177755.part,500000,md5,mixalpha-numeric-space,1,7,0,10000
Current chain speed: 35
Percent completed: 3.5%
[H[2JWorking on: Part /home/nous/.distrrtgen/177755.part,500000,md5,mixalpha-numeric-space,1,7,0,10000
Current chain speed: 15
Percent completed: 3.5%
[H[2JWorking on: Part /home/nous/.distrrtgen/177755.part,500000,md5,mixalpha-numeric-space,1,7,0,10000
Current chain speed: 22
Percent completed: 3.6%
[H[2JWorking on: Part /home/nous/.distrrtgen/177755.part,500000,md5,mixalpha-numeric-space,1,7,0,10000
Current chain speed: 22
Percent completed: 3.6%
[H[2JWorking on: Part /home/nous/.distrrtgen/177755.part,500000,md5,mixalpha-numeric-space,1,7,0,10000
Current chain speed: 25
Percent completed: 3.6%
[H[2JWorking on: Part /home/nous/.distrrtgen/177755.part,500000,md5,mixalpha-numeric-space,1,7,0,10000
Current chain speed: 29
Percent completed: 3.7%
[H[2JWorking on: Part /home/nous/.distrrtgen/177755.part,500000,md5,mixalpha-numeric-space,1,7,0,10000
Current chain speed: 26
Percent completed: 3.8%
[H[2JWorking on: Part /home/nous/.distrrtgen/177755.part,500000,md5,mixalpha-numeric-space,1,7,0,10000
Current chain speed: 8
Percent completed: 3.8%
[H[2JWorking on: Part /home/nous/.distrrtgen/177755.part,500000,md5,mixalpha-numeric-space,1,7,0,10000
Current chain speed: 15
Percent completed: 3.8%
[H[2JWorking on: Part /home/nous/.distrrtgen/177755.part,500000,md5,mixalpha-numeric-space,1,7,0,10000
Current chain speed: 7
Percent completed: 3.8%
[H[2JWorking on: Part /home/nous/.distrrtgen/177755.part,500000,md5,mixalpha-numeric-space,1,7,0,10000
Current chain speed: 8
Percent completed: 3.8%
[H[2JWorking on: Part /home/nous/.distrrtgen/177755.part,500000,md5,mixalpha-numeric-space,1,7,0,10000
Current chain speed: 11
Percent completed: 3.9%
[H[2JWorking on: Part /home/nous/.distrrtgen/177755.part,500000,md5,mixalpha-numeric-space,1,7,0,10000
Current chain speed: 21
Percent completed: 3.9%
[H[2JWorking on: Part /home/nous/.distrrtgen/177755.part,500000,md5,mixalpha-numeric-space,1,7,0,10000
Current chain speed: 18
Percent completed: 3.9%
[H[2JWorking on: Part /home/nous/.distrrtgen/177755.part,500000,md5,mixalpha-numeric-space,1,7,0,10000
Current chain speed: 13
Percent completed: 4%
[H[2JWorking on: Part /home/nous/.distrrtgen/177755.part,500000,md5,mixalpha-numeric-space,1,7,0,10000
Current chain speed: 9
Percent completed: 4%
[H[2JWorking on: Part /home/nous/.distrrtgen/177755.part,500000,md5,mixalpha-numeric-space,1,7,0,10000
Current chain speed: 5
Percent completed: 4%
[H[2JWorking on: Part /home/nous/.distrrtgen/177755.part,500000,md5,mixalpha-numeric-space,1,7,0,10000
Current chain speed: 6
Percent completed: 4%
[H[2JWorking on: Part /home/nous/.distrrtgen/177755.part,500000,md5,mixalpha-numeric-space,1,7,0,10000
Current chain speed: 10
Percent completed: 4%
[H[2JWorking on: Part /home/nous/.distrrtgen/177755.part,500000,md5,mixalpha-numeric-space,1,7,0,10000
Current chain speed: 26
Percent completed: 4.1%
[H[2JWorking on: Part /home/nous/.distrrtgen/177755.part,500000,md5,mixalpha-numeric-space,1,7,0,10000
Current chain speed: 6
Percent completed: 4.1%
[H[2JWorking on: Part /home/nous/.distrrtgen/177755.part,500000,md5,mixalpha-numeric-space,1,7,0,10000
Current chain speed: 48
Percent completed: 4.2%
[H[2JWorking on: Part /home/nous/.distrrtgen/177755.part,500000,md5,mixalpha-numeric-space,1,7,0,10000
Current chain speed: 43
Percent completed: 4.3%
[H[2JWorking on: Part /home/nous/.distrrtgen/177755.part,500000,md5,mixalpha-numeric-space,1,7,0,10000
Current chain speed: 32
Percent completed: 4.3%
[H[2JWorking on: Part /home/nous/.distrrtgen/177755.part,500000,md5,mixalpha-numeric-space,1,7,0,10000
Current chain speed: 40
Percent completed: 4.4%
[H[2JWorking on: Part /home/nous/.distrrtgen/177755.part,500000,md5,mixalpha-numeric-space,1,7,0,10000
Current chain speed: 55
Percent completed: 4.5%
[H[2JWorking on: Part /home/nous/.distrrtgen/177755.part,500000,md5,mixalpha-numeric-space,1,7,0,10000
Current chain speed: 40
Percent completed: 4.6%
[H[2JWorking on: Part /home/nous/.distrrtgen/177755.part,500000,md5,mixalpha-numeric-space,1,7,0,10000
Current chain speed: 37
Percent completed: 4.7%
[H[2JWorking on: Part /home/nous/.distrrtgen/177755.part,500000,md5,mixalpha-numeric-space,1,7,0,10000
Current chain speed: 29
Percent completed: 4.8%
[H[2JWorking on: Part /home/nous/.distrrtgen/177755.part,500000,md5,mixalpha-numeric-space,1,7,0,10000
Current chain speed: 25
Percent completed: 4.8%
[H[2JWorking on: Part /home/nous/.distrrtgen/177755.part,500000,md5,mixalpha-numeric-space,1,7,0,10000
Current chain speed: 42
Percent completed: 4.9%
[H[2JWorking on: Part /home/nous/.distrrtgen/177755.part,500000,md5,mixalpha-numeric-space,1,7,0,10000
Current chain speed: 40
Percent completed: 5%
[H[2JWorking on: Part /home/nous/.distrrtgen/177755.part,500000,md5,mixalpha-numeric-space,1,7,0,10000
Current chain speed: 44
Percent completed: 5.1%
[H[2JWorking on: Part /home/nous/.distrrtgen/177755.part,500000,md5,mixalpha-numeric-space,1,7,0,10000
Current chain speed: 38
Percent completed: 5.1%
[H[2JWorking on: Part /home/nous/.distrrtgen/177755.part,500000,md5,mixalpha-numeric-space,1,7,0,10000
Current chain speed: 32
Percent completed: 5.2%
[H[2JWorking on: Part /home/nous/.distrrtgen/177755.part,500000,md5,mixalpha-numeric-space,1,7,0,10000
Current chain speed: 38
Percent completed: 5.3%
[H[2JWorking on: Part /home/nous/.distrrtgen/177755.part,500000,md5,mixalpha-numeric-space,1,7,0,10000
Current chain speed: 49
Percent completed: 5.4%
[H[2JWorking on: Part /home/nous/.distrrtgen/177755.part,500000,md5,mixalpha-numeric-space,1,7,0,10000
Current chain speed: 36
Percent completed: 5.4%
[H[2JWorking on: Part /home/nous/.distrrtgen/177755.part,500000,md5,mixalpha-numeric-space,1,7,0,10000
Current chain speed: 37
Percent completed: 5.5%
[H[2JWorking on: Part /home/nous/.distrrtgen/177755.part,500000,md5,mixalpha-numeric-space,1,7,0,10000
Current chain speed: 41
Percent completed: 5.6%
[H[2JWorking on: Part /home/nous/.distrrtgen/177755.part,500000,md5,mixalpha-numeric-space,1,7,0,10000
Current chain speed: 48
Percent completed: 5.7%
[H[2JWorking on: Part /home/nous/.distrrtgen/177755.part,500000,md5,mixalpha-numeric-space,1,7,0,10000
Current chain speed: 50
Percent completed: 5.8%
[H[2JWorking on: Part /home/nous/.distrrtgen/177755.part,500000,md5,mixalpha-numeric-space,1,7,0,10000
Current chain speed: 43
Percent completed: 5.9%
[H[2JWorking on: Part /home/nous/.distrrtgen/177755.part,500000,md5,mixalpha-numeric-space,1,7,0,10000
Current chain speed: 39
Percent completed: 6%
[H[2JWorking on: Part /home/nous/.distrrtgen/177755.part,500000,md5,mixalpha-numeric-space,1,7,0,10000
Current chain speed: 34
Percent completed: 6%
[H[2JWorking on: Part /home/nous/.distrrtgen/177755.part,500000,md5,mixalpha-numeric-space,1,7,0,10000
Current chain speed: 36
Percent completed: 6.1%
[H[2JWorking on: Part /home/nous/.distrrtgen/177755.part,500000,md5,mixalpha-numeric-space,1,7,0,10000
Current chain speed: 46
Percent completed: 6.2%
[H[2JWorking on: Part /home/nous/.distrrtgen/177755.part,500000,md5,mixalpha-numeric-space,1,7,0,10000
Current chain speed: 38
Percent completed: 6.3%
[H[2JWorking on: Part /home/nous/.distrrtgen/177755.part,500000,md5,mixalpha-numeric-space,1,7,0,10000
Current chain speed: 44
Percent completed: 6.4%
[H[2JWorking on: Part /home/nous/.distrrtgen/177755.part,500000,md5,mixalpha-numeric-space,1,7,0,10000
Current chain speed: 37
Percent completed: 6.4%
[H[2JWorking on: Part /home/nous/.distrrtgen/177755.part,500000,md5,mixalpha-numeric-space,1,7,0,10000
Current chain speed: 44
Percent completed: 6.5%
[H[2JWorking on: Part /home/nous/.distrrtgen/177755.part,500000,md5,mixalpha-numeric-space,1,7,0,10000
Current chain speed: 49
Percent completed: 6.6%
[H[2JWorking on: Part /home/nous/.distrrtgen/177755.part,500000,md5,mixalpha-numeric-space,1,7,0,10000
Current chain speed: 46
Percent completed: 6.7%
[H[2JWorking on: Part /home/nous/.distrrtgen/177755.part,500000,md5,mixalpha-numeric-space,1,7,0,10000
Current chain speed: 42
Percent completed: 6.8%
[H[2JWorking on: Part /home/nous/.distrrtgen/177755.part,500000,md5,mixalpha-numeric-space,1,7,0,10000
Current chain speed: 35
Percent completed: 6.9%
[H[2JWorking on: Part /home/nous/.distrrtgen/177755.part,500000,md5,mixalpha-numeric-space,1,7,0,10000
Current chain speed: 36
Percent completed: 7%
[H[2JWorking on: Part /home/nous/.distrrtgen/177755.part,500000,md5,mixalpha-numeric-space,1,7,0,10000
Current chain speed: 41
Percent completed: 7%
[H[2JWorking on: Part /home/nous/.distrrtgen/177755.part,500000,md5,mixalpha-numeric-space,1,7,0,10000
Current chain speed: 43
Percent completed: 7.1%
[H[2JWorking on: Part /home/nous/.distrrtgen/177755.part,500000,md5,mixalpha-numeric-space,1,7,0,10000
Current chain speed: 41
Percent completed: 7.2%
[H[2JWorking on: Part /home/nous/.distrrtgen/177755.part,500000,md5,mixalpha-numeric-space,1,7,0,10000
Current chain speed: 35
Percent completed: 7.3%
[H[2JWorking on: Part /home/nous/.distrrtgen/177755.part,500000,md5,mixalpha-numeric-space,1,7,0,10000
Current chain speed: 44
Percent completed: 7.4%
[H[2JWorking on: Part /home/nous/.distrrtgen/177755.part,500000,md5,mixalpha-numeric-space,1,7,0,10000
Current chain speed: 48
Percent completed: 7.5%
[H[2JWorking on: Part /home/nous/.distrrtgen/177755.part,500000,md5,mixalpha-numeric-space,1,7,0,10000
Current chain speed: 48
Percent completed: 7.6%
[H[2JWorking on: Part /home/nous/.distrrtgen/177755.part,500000,md5,mixalpha-numeric-space,1,7,0,10000
Current chain speed: 45
Percent completed: 7.7%
[H[2JWorking on: Part /home/nous/.distrrtgen/177755.part,500000,md5,mixalpha-numeric-space,1,7,0,10000
Current chain speed: 38
Percent completed: 7.7%
[H[2JWorking on: Part /home/nous/.distrrtgen/177755.part,500000,md5,mixalpha-numeric-space,1,7,0,10000
Current chain speed: 34
Percent completed: 7.8%
[H[2JWorking on: Part /home/nous/.distrrtgen/177755.part,500000,md5,mixalpha-numeric-space,1,7,0,10000
Current chain speed: 34
Percent completed: 7.9%
[H[2JWorking on: Part /home/nous/.distrrtgen/177755.part,500000,md5,mixalpha-numeric-space,1,7,0,10000
Current chain speed: 49
Percent completed: 8%
[H[2JWorking on: Part /home/nous/.distrrtgen/177755.part,500000,md5,mixalpha-numeric-space,1,7,0,10000
Current chain speed: 36
Percent completed: 8%
[H[2JWorking on: Part /home/nous/.distrrtgen/177755.part,500000,md5,mixalpha-numeric-space,1,7,0,10000
Current chain speed: 41
Percent completed: 8.1%
[H[2JWorking on: Part /home/nous/.distrrtgen/177755.part,500000,md5,mixalpha-numeric-space,1,7,0,10000
Current chain speed: 41
Percent completed: 8.2%
[H[2JWorking on: Part /home/nous/.distrrtgen/177755.part,500000,md5,mixalpha-numeric-space,1,7,0,10000
Current chain speed: 45
Percent completed: 8.3%
[H[2JWorking on: Part /home/nous/.distrrtgen/177755.part,500000,md5,mixalpha-numeric-space,1,7,0,10000
Current chain speed: 49
Percent completed: 8.4%
[H[2JWorking on: Part /home/nous/.distrrtgen/177755.part,500000,md5,mixalpha-numeric-space,1,7,0,10000
Current chain speed: 46
Percent completed: 8.5%
[H[2JWorking on: Part /home/nous/.distrrtgen/177755.part,500000,md5,mixalpha-numeric-space,1,7,0,10000
Current chain speed: 39
Percent completed: 8.6%
[H[2JWorking on: Part /home/nous/.distrrtgen/177755.part,500000,md5,mixalpha-numeric-space,1,7,0,10000
Current chain speed: 35
Percent completed: 8.6%
[H[2JWorking on: Part /home/nous/.distrrtgen/177755.part,500000,md5,mixalpha-numeric-space,1,7,0,10000
Current chain speed: 36
Percent completed: 8.7%
[H[2JWorking on: Part /home/nous/.distrrtgen/177755.part,500000,md5,mixalpha-numeric-space,1,7,0,10000
Current chain speed: 43
Percent completed: 8.8%
[H[2JWorking on: Part /home/nous/.distrrtgen/177755.part,500000,md5,mixalpha-numeric-space,1,7,0,10000
Current chain speed: 41
Percent completed: 8.9%
[H[2JWorking on: Part /home/nous/.distrrtgen/177755.part,500000,md5,mixalpha-numeric-space,1,7,0,10000
Current chain speed: 41
Percent completed: 9%
[H[2JWorking on: Part /home/nous/.distrrtgen/177755.part,500000,md5,mixalpha-numeric-space,1,7,0,10000
Current chain speed: 36
Percent completed: 9%
[H[2JWorking on: Part /home/nous/.distrrtgen/177755.part,500000,md5,mixalpha-numeric-space,1,7,0,10000
Current chain speed: 44
Percent completed: 9.1%
[H[2JWorking on: Part /home/nous/.distrrtgen/177755.part,500000,md5,mixalpha-numeric-space,1,7,0,10000
Current chain speed: 49
Percent completed: 9.2%
[H[2JWorking on: Part /home/nous/.distrrtgen/177755.part,500000,md5,mixalpha-numeric-space,1,7,0,10000
Current chain speed: 46
Percent completed: 9.3%
[H[2JWorking on: Part /home/nous/.distrrtgen/177755.part,500000,md5,mixalpha-numeric-space,1,7,0,10000
Current chain speed: 44
Percent completed: 9.4%
[H[2JWorking on: Part /home/nous/.distrrtgen/177755.part,500000,md5,mixalpha-numeric-space,1,7,0,10000
Current chain speed: 38
Percent completed: 9.5%
[H[2JWorking on: Part /home/nous/.distrrtgen/177755.part,500000,md5,mixalpha-numeric-space,1,7,0,10000
Current chain speed: 30
Percent completed: 9.5%
[H[2JWorking on: Part /home/nous/.distrrtgen/177755.part,500000,md5,mixalpha-numeric-space,1,7,0,10000
Current chain speed: 43
Percent completed: 9.6%
[H[2JWorking on: Part /home/nous/.distrrtgen/177755.part,500000,md5,mixalpha-numeric-space,1,7,0,10000
Current chain speed: 54
Percent completed: 9.7%
[H[2JWorking on: Part /home/nous/.distrrtgen/177755.part,500000,md5,mixalpha-numeric-space,1,7,0,10000
Current chain speed: 40
Percent completed: 9.8%
[H[2JWorking on: Part /home/nous/.distrrtgen/177755.part,500000,md5,mixalpha-numeric-space,1,7,0,10000
Current chain speed: 42
Percent completed: 9.9%
[H[2JWorking on: Part /home/nous/.distrrtgen/177755.part,500000,md5,mixalpha-numeric-space,1,7,0,10000
Current chain speed: 45
Percent completed: 10%
[H[2JWorking on: Part /home/nous/.distrrtgen/177755.part,500000,md5,mixalpha-numeric-space,1,7,0,10000
Current chain speed: 53
Percent completed: 10%
[H[2JWorking on: Part /home/nous/.distrrtgen/177755.part,500000,md5,mixalpha-numeric-space,1,7,0,10000
Current chain speed: 54
Percent completed: 10%
[H[2JWorking on: Part /home/nous/.distrrtgen/177755.part,500000,md5,mixalpha-numeric-space,1,7,0,10000
Current chain speed: 49
Percent completed: 10%
[H[2JWorking on: Part /home/nous/.distrrtgen/177755.part,500000,md5,mixalpha-numeric-space,1,7,0,10000
Current chain speed: 44
Percent completed: 10%
[H[2JWorking on: Part /home/nous/.distrrtgen/177755.part,500000,md5,mixalpha-numeric-space,1,7,0,10000
Current chain speed: 39
Percent completed: 10%
[H[2JWorking on: Part /home/nous/.distrrtgen/177755.part,500000,md5,mixalpha-numeric-space,1,7,0,10000
Current chain speed: 41
Percent completed: 11%
[H[2JWorking on: Part /home/nous/.distrrtgen/177755.part,500000,md5,mixalpha-numeric-space,1,7,0,10000
Current chain speed: 49
Percent completed: 11%
[H[2JWorking on: Part /home/nous/.distrrtgen/177755.part,500000,md5,mixalpha-numeric-space,1,7,0,10000
Current chain speed: 46
Percent completed: 11%
[H[2JWorking on: Part /home/nous/.distrrtgen/177755.part,500000,md5,mixalpha-numeric-space,1,7,0,10000
Current chain speed: 46
Percent completed: 11%
[H[2JWorking on: Part /home/nous/.distrrtgen/177755.part,500000,md5,mixalpha-numeric-space,1,7,0,10000
Current chain speed: 41
Percent completed: 11%
[H[2JWorking on: Part /home/nous/.distrrtgen/177755.part,500000,md5,mixalpha-numeric-space,1,7,0,10000
Current chain speed: 49
Percent completed: 11%
[H[2JWorking on: Part /home/nous/.distrrtgen/177755.part,500000,md5,mixalpha-numeric-space,1,7,0,10000
Current chain speed: 54
Percent completed: 11%
[H[2JWorking on: Part /home/nous/.distrrtgen/177755.part,500000,md5,mixalpha-numeric-space,1,7,0,10000
Current chain speed: 51
Percent completed: 11%
[H[2JWorking on: Part /home/nous/.distrrtgen/177755.part,500000,md5,mixalpha-numeric-space,1,7,0,10000
Current chain speed: 48
Percent completed: 11%
[H[2JWorking on: Part /home/nous/.distrrtgen/177755.part,500000,md5,mixalpha-numeric-space,1,7,0,10000
Current chain speed: 43
Percent completed: 11%
[H[2JWorking on: Part /home/nous/.distrrtgen/177755.part,500000,md5,mixalpha-numeric-space,1,7,0,10000
Current chain speed: 36
Percent completed: 12%
[H[2JWorking on: Part /home/nous/.distrrtgen/177755.part,500000,md5,mixalpha-numeric-space,1,7,0,10000
Current chain speed: 43
Percent completed: 12%
[H[2JWorking on: Part /home/nous/.distrrtgen/177755.part,500000,md5,mixalpha-numeric-space,1,7,0,10000
Current chain speed: 55
Percent completed: 12%
[H[2JWorking on: Part /home/nous/.distrrtgen/177755.part,500000,md5,mixalpha-numeric-space,1,7,0,10000
Current chain speed: 40
Percent completed: 12%
[H[2JWorking on: Part /home/nous/.distrrtgen/177755.part,500000,md5,mixalpha-numeric-space,1,7,0,10000
Current chain speed: 42
Percent completed: 12%
[H[2JWorking on: Part /home/nous/.distrrtgen/177755.part,500000,md5,mixalpha-numeric-space,1,7,0,10000
Current chain speed: 46
Percent completed: 12%
[H[2JWorking on: Part /home/nous/.distrrtgen/177755.part,500000,md5,mixalpha-numeric-space,1,7,0,10000
Current chain speed: 54
Percent completed: 12%
[H[2JWorking on: Part /home/nous/.distrrtgen/177755.part,500000,md5,mixalpha-numeric-space,1,7,0,10000
Current chain speed: 54
Percent completed: 12%
[H[2JWorking on: Part /home/nous/.distrrtgen/177755.part,500000,md5,mixalpha-numeric-space,1,7,0,10000
Current chain speed: 49
Percent completed: 12%
[H[2JWorking on: Part /home/nous/.distrrtgen/177755.part,500000,md5,mixalpha-numeric-space,1,7,0,10000
Current chain speed: 44
Percent completed: 12%
[H[2JWorking on: Part /home/nous/.distrrtgen/177755.part,500000,md5,mixalpha-numeric-space,1,7,0,10000
Current chain speed: 38
Percent completed: 12%
[H[2JWorking on: Part /home/nous/.distrrtgen/177755.part,500000,md5,mixalpha-numeric-space,1,7,0,10000
Current chain speed: 41
Percent completed: 13%
[H[2JWorking on: Part /home/nous/.distrrtgen/177755.part,500000,md5,mixalpha-numeric-space,1,7,0,10000
Current chain speed: 49
Percent completed: 13%
[H[2JWorking on: Part /home/nous/.distrrtgen/177755.part,500000,md5,mixalpha-numeric-space,1,7,0,10000
Current chain speed: 45
Percent completed: 13%
[H[2JWorking on: Part /home/nous/.distrrtgen/177755.part,500000,md5,mixalpha-numeric-space,1,7,0,10000
Current chain speed: 45
Percent completed: 13%
[H[2JWorking on: Part /home/nous/.distrrtgen/177755.part,500000,md5,mixalpha-numeric-space,1,7,0,10000
Current chain speed: 41
Percent completed: 13%
[H[2JWorking on: Part /home/nous/.distrrtgen/177755.part,500000,md5,mixalpha-numeric-space,1,7,0,10000
Current chain speed: 49
Percent completed: 13%
[H[2JWorking on: Part /home/nous/.distrrtgen/177755.part,500000,md5,mixalpha-numeric-space,1,7,0,10000
Current chain speed: 53
Percent completed: 13%
[H[2JWorking on: Part /home/nous/.distrrtgen/177755.part,500000,md5,mixalpha-numeric-space,1,7,0,10000
Current chain speed: 51
Percent completed: 13%
[H[2JWorking on: Part /home/nous/.distrrtgen/177755.part,500000,md5,mixalpha-numeric-space,1,7,0,10000
Current chain speed: 48
Percent completed: 13%
[H[2JWorking on: Part /home/nous/.distrrtgen/177755.part,500000,md5,mixalpha-numeric-space,1,7,0,10000
Current chain speed: 43
Percent completed: 13%
[H[2JWorking on: Part /home/nous/.distrrtgen/177755.part,500000,md5,mixalpha-numeric-space,1,7,0,10000
Current chain speed: 36
Percent completed: 13%
[H[2JWorking on: Part /home/nous/.distrrtgen/177755.part,500000,md5,mixalpha-numeric-space,1,7,0,10000
Current chain speed: 42
Percent completed: 14%
[H[2JWorking on: Part /home/nous/.distrrtgen/177755.part,500000,md5,mixalpha-numeric-space,1,7,0,10000
Current chain speed: 53
Percent completed: 14%
[H[2JWorking on: Part /home/nous/.distrrtgen/177755.part,500000,md5,mixalpha-numeric-space,1,7,0,10000
Current chain speed: 41
Percent completed: 14%
[H[2JWorking on: Part /home/nous/.distrrtgen/177755.part,500000,md5,mixalpha-numeric-space,1,7,0,10000
Current chain speed: 42
Percent completed: 14%
[H[2JWorking on: Part /home/nous/.distrrtgen/177755.part,500000,md5,mixalpha-numeric-space,1,7,0,10000
Current chain speed: 46
Percent completed: 14%
[H[2JWorking on: Part /home/nous/.distrrtgen/177755.part,500000,md5,mixalpha-numeric-space,1,7,0,10000
Current chain speed: 52
Percent completed: 14%
[H[2JWorking on: Part /home/nous/.distrrtgen/177755.part,500000,md5,mixalpha-numeric-space,1,7,0,10000
Current chain speed: 53
Percent completed: 14%
[H[2JWorking on: Part /home/nous/.distrrtgen/177755.part,500000,md5,mixalpha-numeric-space,1,7,0,10000
Current chain speed: 49
Percent completed: 14%
[H[2JWorking on: Part /home/nous/.distrrtgen/177755.part,500000,md5,mixalpha-numeric-space,1,7,0,10000
Current chain speed: 44
Percent completed: 14%
[H[2JWorking on: Part /home/nous/.distrrtgen/177755.part,500000,md5,mixalpha-numeric-space,1,7,0,10000
Current chain speed: 39
Percent completed: 14%
[H[2JWorking on: Part /home/nous/.distrrtgen/177755.part,500000,md5,mixalpha-numeric-space,1,7,0,10000
Current chain speed: 41
Percent completed: 14%
[H[2JWorking on: Part /home/nous/.distrrtgen/177755.part,500000,md5,mixalpha-numeric-space,1,7,0,10000
Current chain speed: 50
Percent completed: 15%
[H[2JWorking on: Part /home/nous/.distrrtgen/177755.part,500000,md5,mixalpha-numeric-space,1,7,0,10000
Current chain speed: 46
Percent completed: 15%
[H[2JWorking on: Part /home/nous/.distrrtgen/177755.part,500000,md5,mixalpha-numeric-space,1,7,0,10000
Current chain speed: 46
Percent completed: 15%
[H[2JWorking on: Part /home/nous/.distrrtgen/177755.part,500000,md5,mixalpha-numeric-space,1,7,0,10000
Current chain speed: 41
Percent completed: 15%
[H[2JWorking on: Part /home/nous/.distrrtgen/177755.part,500000,md5,mixalpha-numeric-space,1,7,0,10000
Current chain speed: 49
Percent completed: 15%
[H[2JWorking on: Part /home/nous/.distrrtgen/177755.part,500000,md5,mixalpha-numeric-space,1,7,0,10000
Current chain speed: 53
Percent completed: 15%
[H[2JWorking on: Part /home/nous/.distrrtgen/177755.part,500000,md5,mixalpha-numeric-space,1,7,0,10000
Current chain speed: 51
Percent completed: 15%
[H[2JWorking on: Part /home/nous/.distrrtgen/177755.part,500000,md5,mixalpha-numeric-space,1,7,0,10000
Current chain speed: 49
Percent completed: 15%
[H[2JWorking on: Part /home/nous/.distrrtgen/177755.part,500000,md5,mixalpha-numeric-space,1,7,0,10000
Current chain speed: 43
Percent completed: 15%
[H[2JWorking on: Part /home/nous/.distrrtgen/177755.part,500000,md5,mixalpha-numeric-space,1,7,0,10000
Current chain speed: 36
Percent completed: 15%
[H[2JWorking on: Part /home/nous/.distrrtgen/177755.part,500000,md5,mixalpha-numeric-space,1,7,0,10000
Current chain speed: 42
Percent completed: 15%
[H[2JWorking on: Part /home/nous/.distrrtgen/177755.part,500000,md5,mixalpha-numeric-space,1,7,0,10000
Current chain speed: 53
Percent completed: 16%
[H[2JWorking on: Part /home/nous/.distrrtgen/177755.part,500000,md5,mixalpha-numeric-space,1,7,0,10000
Current chain speed: 40
Percent completed: 16%
[H[2JWorking on: Part /home/nous/.distrrtgen/177755.part,500000,md5,mixalpha-numeric-space,1,7,0,10000
Current chain speed: 43
Percent completed: 16%
[H[2JWorking on: Part /home/nous/.distrrtgen/177755.part,500000,md5,mixalpha-numeric-space,1,7,0,10000
Current chain speed: 46
Percent completed: 16%
[H[2JWorking on: Part /home/nous/.distrrtgen/177755.part,500000,md5,mixalpha-numeric-space,1,7,0,10000
Current chain speed: 53
Percent completed: 16%
[H[2JWorking on: Part /home/nous/.distrrtgen/177755.part,500000,md5,mixalpha-numeric-space,1,7,0,10000
Current chain speed: 53
Percent completed: 16%
[H[2JWorking on: Part /home/nous/.distrrtgen/177755.part,500000,md5,mixalpha-numeric-space,1,7,0,10000
Current chain speed: 49
Percent completed: 16%
[H[2JWorking on: Part /home/nous/.distrrtgen/177755.part,500000,md5,mixalpha-numeric-space,1,7,0,10000
Current chain speed: 44
Percent completed: 16%
[H[2JWorking on: Part /home/nous/.distrrtgen/177755.part,500000,md5,mixalpha-numeric-space,1,7,0,10000
Current chain speed: 38
Percent completed: 16%
[H[2JWorking on: Part /home/nous/.distrrtgen/177755.part,500000,md5,mixalpha-numeric-space,1,7,0,10000
Current chain speed: 41
Percent completed: 16%
[H[2JWorking on: Part /home/nous/.distrrtgen/177755.part,500000,md5,mixalpha-numeric-space,1,7,0,10000
Current chain speed: 49
Percent completed: 17%
[H[2JWorking on: Part /home/nous/.distrrtgen/177755.part,500000,md5,mixalpha-numeric-space,1,7,0,10000
Current chain speed: 45
Percent completed: 17%
[H[2JWorking on: Part /home/nous/.distrrtgen/177755.part,500000,md5,mixalpha-numeric-space,1,7,0,10000
Current chain speed: 46
Percent completed: 17%
[H[2JWorking on: Part /home/nous/.distrrtgen/177755.part,500000,md5,mixalpha-numeric-space,1,7,0,10000
Current chain speed: 41
Percent completed: 17%
[H[2JWorking on: Part /home/nous/.distrrtgen/177755.part,500000,md5,mixalpha-numeric-space,1,7,0,10000
Current chain speed: 50
Percent completed: 17%
[H[2JWorking on: Part /home/nous/.distrrtgen/177755.part,500000,md5,mixalpha-numeric-space,1,7,0,10000
Current chain speed: 54
Percent completed: 17%
[H[2JWorking on: Part /home/nous/.distrrtgen/177755.part,500000,md5,mixalpha-numeric-space,1,7,0,10000
Current chain speed: 52
Percent completed: 17%
[H[2JWorking on: Part /home/nous/.distrrtgen/177755.part,500000,md5,mixalpha-numeric-space,1,7,0,10000
Current chain speed: 47
Percent completed: 17%
[H[2JWorking on: Part /home/nous/.distrrtgen/177755.part,500000,md5,mixalpha-numeric-space,1,7,0,10000
Current chain speed: 23
Percent completed: 17%
[H[2JWorking on: Part /home/nous/.distrrtgen/177755.part,500000,md5,mixalpha-numeric-space,1,7,0,10000
Current chain speed: 15
Percent completed: 17%
[H[2JWorking on: Part /home/nous/.distrrtgen/177755.part,500000,md5,mixalpha-numeric-space,1,7,0,10000
Current chain speed: 29
Percent completed: 17%
[H[2JWorking on: Part /home/nous/.distrrtgen/177755.part,500000,md5,mixalpha-numeric-space,1,7,0,10000
Current chain speed: 29
Percent completed: 17%
[H[2JWorking on: Part /home/nous/.distrrtgen/177755.part,500000,md5,mixalpha-numeric-space,1,7,0,10000
Current chain speed: 41
Percent completed: 17%
[H[2JWorking on: Part /home/nous/.distrrtgen/177755.part,500000,md5,mixalpha-numeric-space,1,7,0,10000
Current chain speed: 42
Percent completed: 18%
[H[2JWorking on: Part /home/nous/.distrrtgen/177755.part,500000,md5,mixalpha-numeric-space,1,7,0,10000
Current chain speed: 33
Percent completed: 18%
[H[2JWorking on: Part /home/nous/.distrrtgen/177755.part,500000,md5,mixalpha-numeric-space,1,7,0,10000
Current chain speed: 36
Percent completed: 18%
[H[2JWorking on: Part /home/nous/.distrrtgen/177755.part,500000,md5,mixalpha-numeric-space,1,7,0,10000
Current chain speed: 45
Percent completed: 18%
[H[2JWorking on: Part /home/nous/.distrrtgen/177755.part,500000,md5,mixalpha-numeric-space,1,7,0,10000
Current chain speed: 53
Percent completed: 18%
[H[2JWorking on: Part /home/nous/.distrrtgen/177755.part,500000,md5,mixalpha-numeric-space,1,7,0,10000
Current chain speed: 48
Percent completed: 18%
[H[2JWorking on: Part /home/nous/.distrrtgen/177755.part,500000,md5,mixalpha-numeric-space,1,7,0,10000
Current chain speed: 33
Percent completed: 18%
[H[2JWorking on: Part /home/nous/.distrrtgen/177755.part,500000,md5,mixalpha-numeric-space,1,7,0,10000
Current chain speed: 24
Percent completed: 18%
[H[2JWorking on: Part /home/nous/.distrrtgen/177755.part,500000,md5,mixalpha-numeric-space,1,7,0,10000
Current chain speed: 3
Percent completed: 18%
[H[2JWorking on: Part /home/nous/.distrrtgen/177755.part,500000,md5,mixalpha-numeric-space,1,7,0,10000
Current chain speed: 31
Percent completed: 18%
[H[2JWorking on: Part /home/nous/.distrrtgen/177755.part,500000,md5,mixalpha-numeric-space,1,7,0,10000
Current chain speed: 13
Percent completed: 18%
[H[2JWorking on: Part /home/nous/.distrrtgen/177755.part,500000,md5,mixalpha-numeric-space,1,7,0,10000
Current chain speed: 15
Percent completed: 18%
[H[2JWorking on: Part /home/nous/.distrrtgen/177755.part,500000,md5,mixalpha-numeric-space,1,7,0,10000
Current chain speed: 25
Percent completed: 18%
[H[2JWorking on: Part /home/nous/.distrrtgen/177755.part,500000,md5,mixalpha-numeric-space,1,7,0,10000
Current chain speed: 32
Percent completed: 18%
[H[2JWorking on: Part /home/nous/.distrrtgen/177755.part,500000,md5,mixalpha-numeric-space,1,7,0,10000
Current chain speed: 30
Percent completed: 18%
[H[2JWorking on: Part /home/nous/.distrrtgen/177755.part,500000,md5,mixalpha-numeric-space,1,7,0,10000
Current chain speed: 43
Percent completed: 18%
[H[2JWorking on: Part /home/nous/.distrrtgen/177755.part,500000,md5,mixalpha-numeric-space,1,7,0,10000
Current chain speed: 46
Percent completed: 19%
[H[2JWorking on: Part /home/nous/.distrrtgen/177755.part,500000,md5,mixalpha-numeric-space,1,7,0,10000
Current chain speed: 32
Percent completed: 19%
[H[2JWorking on: Part /home/nous/.distrrtgen/177755.part,500000,md5,mixalpha-numeric-space,1,7,0,10000
Current chain speed: 43
Percent completed: 19%
[H[2JWorking on: Part /home/nous/.distrrtgen/177755.part,500000,md5,mixalpha-numeric-space,1,7,0,10000
Current chain speed: 55
Percent completed: 19%
[H[2JWorking on: Part /home/nous/.distrrtgen/177755.part,500000,md5,mixalpha-numeric-space,1,7,0,10000
Current chain speed: 55
Percent completed: 19%
[H[2JWorking on: Part /home/nous/.distrrtgen/177755.part,500000,md5,mixalpha-numeric-space,1,7,0,10000
Current chain speed: 55
Percent completed: 19%
[H[2JWorking on: Part /home/nous/.distrrtgen/177755.part,500000,md5,mixalpha-numeric-space,1,7,0,10000
Current chain speed: 55
Percent completed: 19%
[H[2JWorking on: Part /home/nous/.distrrtgen/177755.part,500000,md5,mixalpha-numeric-space,1,7,0,10000
Current chain speed: 56
Percent completed: 19%
[H[2JWorking on: Part /home/nous/.distrrtgen/177755.part,500000,md5,mixalpha-numeric-space,1,7,0,10000
Current chain speed: 55
Percent completed: 19%
[H[2JWorking on: Part /home/nous/.distrrtgen/177755.part,500000,md5,mixalpha-numeric-space,1,7,0,10000
Current chain speed: 55
Percent completed: 20%
[H[2JWorking on: Part /home/nous/.distrrtgen/177755.part,500000,md5,mixalpha-numeric-space,1,7,0,10000
Current chain speed: 55
Percent completed: 20%
[H[2JWorking on: Part /home/nous/.distrrtgen/177755.part,500000,md5,mixalpha-numeric-space,1,7,0,10000
Current chain speed: 55
Percent completed: 20%
[H[2JWorking on: Part /home/nous/.distrrtgen/177755.part,500000,md5,mixalpha-numeric-space,1,7,0,10000
Current chain speed: 55
Percent completed: 20%
[H[2JWorking on: Part /home/nous/.distrrtgen/177755.part,500000,md5,mixalpha-numeric-space,1,7,0,10000
Current chain speed: 55
Percent completed: 20%
[H[2JWorking on: Part /home/nous/.distrrtgen/177755.part,500000,md5,mixalpha-numeric-space,1,7,0,10000
Current chain speed: 56
Percent completed: 20%
[H[2JWorking on: Part /home/nous/.distrrtgen/177755.part,500000,md5,mixalpha-numeric-space,1,7,0,10000
Current chain speed: 55
Percent completed: 20%
[H[2JWorking on: Part /home/nous/.distrrtgen/177755.part,500000,md5,mixalpha-numeric-space,1,7,0,10000
Current chain speed: 55
Percent completed: 20%
[H[2JWorking on: Part /home/nous/.distrrtgen/177755.part,500000,md5,mixalpha-numeric-space,1,7,0,10000
Current chain speed: 55
Percent completed: 20%
[H[2JWorking on: Part /home/nous/.distrrtgen/177755.part,500000,md5,mixalpha-numeric-space,1,7,0,10000
Current chain speed: 55
Percent completed: 21%
[H[2JWorking on: Part /home/nous/.distrrtgen/177755.part,500000,md5,mixalpha-numeric-space,1,7,0,10000
Current chain speed: 56
Percent completed: 21%
[H[2JWorking on: Part /home/nous/.distrrtgen/177755.part,500000,md5,mixalpha-numeric-space,1,7,0,10000
Current chain speed: 55
Percent completed: 21%
[H[2JWorking on: Part /home/nous/.distrrtgen/177755.part,500000,md5,mixalpha-numeric-space,1,7,0,10000
Current chain speed: 56
Percent completed: 21%
[H[2JWorking on: Part /home/nous/.distrrtgen/177755.part,500000,md5,mixalpha-numeric-space,1,7,0,10000
Current chain speed: 56
Percent completed: 21%
[H[2JWorking on: Part /home/nous/.distrrtgen/177755.part,500000,md5,mixalpha-numeric-space,1,7,0,10000
Current chain speed: 55
Percent completed: 21%
[H[2JWorking on: Part /home/nous/.distrrtgen/177755.part,500000,md5,mixalpha-numeric-space,1,7,0,10000
Current chain speed: 55
Percent completed: 21%
[H[2JWorking on: Part /home/nous/.distrrtgen/177755.part,500000,md5,mixalpha-numeric-space,1,7,0,10000
Current chain speed: 56
Percent completed: 21%
[H[2JWorking on: Part /home/nous/.distrrtgen/177755.part,500000,md5,mixalpha-numeric-space,1,7,0,10000
Current chain speed: 55
Percent completed: 21%
[H[2JWorking on: Part /home/nous/.distrrtgen/177755.part,500000,md5,mixalpha-numeric-space,1,7,0,10000
Current chain speed: 55
Percent completed: 22%
[H[2JWorking on: Part /home/nous/.distrrtgen/177755.part,500000,md5,mixalpha-numeric-space,1,7,0,10000
Current chain speed: 56
Percent completed: 22%
[H[2JWorking on: Part /home/nous/.distrrtgen/177755.part,500000,md5,mixalpha-numeric-space,1,7,0,10000
Current chain speed: 55
Percent completed: 22%
[H[2JWorking on: Part /home/nous/.distrrtgen/177755.part,500000,md5,mixalpha-numeric-space,1,7,0,10000
Current chain speed: 56
Percent completed: 22%
[H[2JWorking on: Part /home/nous/.distrrtgen/177755.part,500000,md5,mixalpha-numeric-space,1,7,0,10000
Current chain speed: 56
Percent completed: 22%
[H[2JWorking on: Part /home/nous/.distrrtgen/177755.part,500000,md5,mixalpha-numeric-space,1,7,0,10000
Current chain speed: 56
Percent completed: 22%
[H[2JWorking on: Part /home/nous/.distrrtgen/177755.part,500000,md5,mixalpha-numeric-space,1,7,0,10000
Current chain speed: 55
Percent completed: 22%
[H[2JWorking on: Part /home/nous/.distrrtgen/177755.part,500000,md5,mixalpha-numeric-space,1,7,0,10000
Current chain speed: 56
Percent completed: 22%
[H[2JWorking on: Part /home/nous/.distrrtgen/177755.part,500000,md5,mixalpha-numeric-space,1,7,0,10000
Current chain speed: 55
Percent completed: 22%
[H[2JWorking on: Part /home/nous/.distrrtgen/177755.part,500000,md5,mixalpha-numeric-space,1,7,0,10000
Current chain speed: 55
Percent completed: 23%
[H[2JWorking on: Part /home/nous/.distrrtgen/177755.part,500000,md5,mixalpha-numeric-space,1,7,0,10000
Current chain speed: 55
Percent completed: 23%
[H[2JWorking on: Part /home/nous/.distrrtgen/177755.part,500000,md5,mixalpha-numeric-space,1,7,0,10000
Current chain speed: 56
Percent completed: 23%
[H[2JWorking on: Part /home/nous/.distrrtgen/177755.part,500000,md5,mixalpha-numeric-space,1,7,0,10000
Current chain speed: 56
Percent completed: 23%
[H[2JWorking on: Part /home/nous/.distrrtgen/177755.part,500000,md5,mixalpha-numeric-space,1,7,0,10000
Current chain speed: 56
Percent completed: 23%
[H[2JWorking on: Part /home/nous/.distrrtgen/177755.part,500000,md5,mixalpha-numeric-space,1,7,0,10000
Current chain speed: 55
Percent completed: 23%
[H[2JWorking on: Part /home/nous/.distrrtgen/177755.part,500000,md5,mixalpha-numeric-space,1,7,0,10000
Current chain speed: 55
Percent completed: 23%
[H[2JWorking on: Part /home/nous/.distrrtgen/177755.part,500000,md5,mixalpha-numeric-space,1,7,0,10000
Current chain speed: 55
Percent completed: 23%
[H[2JWorking on: Part /home/nous/.distrrtgen/177755.part,500000,md5,mixalpha-numeric-space,1,7,0,10000
Current chain speed: 55
Percent completed: 23%
[H[2JWorking on: Part /home/nous/.distrrtgen/177755.part,500000,md5,mixalpha-numeric-space,1,7,0,10000
Current chain speed: 55
Percent completed: 24%
[H[2JWorking on: Part /home/nous/.distrrtgen/177755.part,500000,md5,mixalpha-numeric-space,1,7,0,10000
Current chain speed: 56
Percent completed: 24%
[H[2JWorking on: Part /home/nous/.distrrtgen/177755.part,500000,md5,mixalpha-numeric-space,1,7,0,10000
Current chain speed: 56
Percent completed: 24%
[H[2JWorking on: Part /home/nous/.distrrtgen/177755.part,500000,md5,mixalpha-numeric-space,1,7,0,10000
Current chain speed: 56
Percent completed: 24%
[H[2JWorking on: Part /home/nous/.distrrtgen/177755.part,500000,md5,mixalpha-numeric-space,1,7,0,10000
Current chain speed: 56
Percent completed: 24%
[H[2JWorking on: Part /home/nous/.distrrtgen/177755.part,500000,md5,mixalpha-numeric-space,1,7,0,10000
Current chain speed: 55
Percent completed: 24%
[H[2JWorking on: Part /home/nous/.distrrtgen/177755.part,500000,md5,mixalpha-numeric-space,1,7,0,10000
Current chain speed: 56
Percent completed: 24%
[H[2JWorking on: Part /home/nous/.distrrtgen/177755.part,500000,md5,mixalpha-numeric-space,1,7,0,10000
Current chain speed: 56
Percent completed: 24%
[H[2JWorking on: Part /home/nous/.distrrtgen/177755.part,500000,md5,mixalpha-numeric-space,1,7,0,10000
Current chain speed: 55
Percent completed: 24%
[H[2JWorking on: Part /home/nous/.distrrtgen/177755.part,500000,md5,mixalpha-numeric-space,1,7,0,10000
Current chain speed: 56
Percent completed: 25%
[H[2JWorking on: Part /home/nous/.distrrtgen/177755.part,500000,md5,mixalpha-numeric-space,1,7,0,10000
Current chain speed: 56
Percent completed: 25%
[H[2JWorking on: Part /home/nous/.distrrtgen/177755.part,500000,md5,mixalpha-numeric-space,1,7,0,10000
Current chain speed: 56
Percent completed: 25%
[H[2JWorking on: Part /home/nous/.distrrtgen/177755.part,500000,md5,mixalpha-numeric-space,1,7,0,10000
Current chain speed: 56
Percent completed: 25%
[H[2JWorking on: Part /home/nous/.distrrtgen/177755.part,500000,md5,mixalpha-numeric-space,1,7,0,10000
Current chain speed: 56
Percent completed: 25%
[H[2JWorking on: Part /home/nous/.distrrtgen/177755.part,500000,md5,mixalpha-numeric-space,1,7,0,10000
Current chain speed: 55
Percent completed: 25%
[H[2JWorking on: Part /home/nous/.distrrtgen/177755.part,500000,md5,mixalpha-numeric-space,1,7,0,10000
Current chain speed: 56
Percent completed: 25%
[H[2JWorking on: Part /home/nous/.distrrtgen/177755.part,500000,md5,mixalpha-numeric-space,1,7,0,10000
Current chain speed: 56
Percent completed: 25%
[H[2JWorking on: Part /home/nous/.distrrtgen/177755.part,500000,md5,mixalpha-numeric-space,1,7,0,10000
Current chain speed: 56
Percent completed: 25%
[H[2JWorking on: Part /home/nous/.distrrtgen/177755.part,500000,md5,mixalpha-numeric-space,1,7,0,10000
Current chain speed: 56
Percent completed: 26%
[H[2JWorking on: Part /home/nous/.distrrtgen/177755.part,500000,md5,mixalpha-numeric-space,1,7,0,10000
Current chain speed: 56
Percent completed: 26%
[H[2JWorking on: Part /home/nous/.distrrtgen/177755.part,500000,md5,mixalpha-numeric-space,1,7,0,10000
Current chain speed: 55
Percent completed: 26%
[H[2JWorking on: Part /home/nous/.distrrtgen/177755.part,500000,md5,mixalpha-numeric-space,1,7,0,10000
Current chain speed: 55
Percent completed: 26%
[H[2JWorking on: Part /home/nous/.distrrtgen/177755.part,500000,md5,mixalpha-numeric-space,1,7,0,10000
Current chain speed: 56
Percent completed: 26%
[H[2JWorking on: Part /home/nous/.distrrtgen/177755.part,500000,md5,mixalpha-numeric-space,1,7,0,10000
Current chain speed: 56
Percent completed: 26%
[H[2JWorking on: Part /home/nous/.distrrtgen/177755.part,500000,md5,mixalpha-numeric-space,1,7,0,10000
Current chain speed: 55
Percent completed: 26%
[H[2JWorking on: Part /home/nous/.distrrtgen/177755.part,500000,md5,mixalpha-numeric-space,1,7,0,10000
Current chain speed: 56
Percent completed: 26%
[H[2JWorking on: Part /home/nous/.distrrtgen/177755.part,500000,md5,mixalpha-numeric-space,1,7,0,10000
Current chain speed: 55
Percent completed: 26%
[H[2JWorking on: Part /home/nous/.distrrtgen/177755.part,500000,md5,mixalpha-numeric-space,1,7,0,10000
Current chain speed: 56
Percent completed: 27%
[H[2JWorking on: Part /home/nous/.distrrtgen/177755.part,500000,md5,mixalpha-numeric-space,1,7,0,10000
Current chain speed: 56
Percent completed: 27%
[H[2JWorking on: Part /home/nous/.distrrtgen/177755.part,500000,md5,mixalpha-numeric-space,1,7,0,10000
Current chain speed: 56
Percent completed: 27%
[H[2JWorking on: Part /home/nous/.distrrtgen/177755.part,500000,md5,mixalpha-numeric-space,1,7,0,10000
Current chain speed: 55
Percent completed: 27%
[H[2JWorking on: Part /home/nous/.distrrtgen/177755.part,500000,md5,mixalpha-numeric-space,1,7,0,10000
Current chain speed: 55
Percent completed: 27%
[H[2JWorking on: Part /home/nous/.distrrtgen/177755.part,500000,md5,mixalpha-numeric-space,1,7,0,10000
Current chain speed: 56
Percent completed: 27%
[H[2JWorking on: Part /home/nous/.distrrtgen/177755.part,500000,md5,mixalpha-numeric-space,1,7,0,10000
Current chain speed: 56
Percent completed: 27%
[H[2JWorking on: Part /home/nous/.distrrtgen/177755.part,500000,md5,mixalpha-numeric-space,1,7,0,10000
Current chain speed: 56
Percent completed: 27%
[H[2JWorking on: Part /home/nous/.distrrtgen/177755.part,500000,md5,mixalpha-numeric-space,1,7,0,10000
Current chain speed: 56
Percent completed: 27%
[H[2JWorking on: Part /home/nous/.distrrtgen/177755.part,500000,md5,mixalpha-numeric-space,1,7,0,10000
Current chain speed: 56
Percent completed: 28%
[H[2JWorking on: Part /home/nous/.distrrtgen/177755.part,500000,md5,mixalpha-numeric-space,1,7,0,10000
Current chain speed: 56
Percent completed: 28%
[H[2JWorking on: Part /home/nous/.distrrtgen/177755.part,500000,md5,mixalpha-numeric-space,1,7,0,10000
Current chain speed: 55
Percent completed: 28%
[H[2JWorking on: Part /home/nous/.distrrtgen/177755.part,500000,md5,mixalpha-numeric-space,1,7,0,10000
Current chain speed: 56
Percent completed: 28%
[H[2JWorking on: Part /home/nous/.distrrtgen/177755.part,500000,md5,mixalpha-numeric-space,1,7,0,10000
Current chain speed: 56
Percent completed: 28%
[H[2JWorking on: Part /home/nous/.distrrtgen/177755.part,500000,md5,mixalpha-numeric-space,1,7,0,10000
Current chain speed: 56
Percent completed: 28%
[H[2JWorking on: Part /home/nous/.distrrtgen/177755.part,500000,md5,mixalpha-numeric-space,1,7,0,10000
Current chain speed: 55
Percent completed: 28%
[H[2JWorking on: Part /home/nous/.distrrtgen/177755.part,500000,md5,mixalpha-numeric-space,1,7,0,10000
Current chain speed: 56
Percent completed: 28%
[H[2JWorking on: Part /home/nous/.distrrtgen/177755.part,500000,md5,mixalpha-numeric-space,1,7,0,10000
Current chain speed: 56
Percent completed: 28%
[H[2JWorking on: Part /home/nous/.distrrtgen/177755.part,500000,md5,mixalpha-numeric-space,1,7,0,10000
Current chain speed: 55
Percent completed: 29%
[H[2JWorking on: Part /home/nous/.distrrtgen/177755.part,500000,md5,mixalpha-numeric-space,1,7,0,10000
Current chain speed: 56
Percent completed: 29%
[H[2JWorking on: Part /home/nous/.distrrtgen/177755.part,500000,md5,mixalpha-numeric-space,1,7,0,10000
Current chain speed: 54
Percent completed: 29%
[H[2JWorking on: Part /home/nous/.distrrtgen/177755.part,500000,md5,mixalpha-numeric-space,1,7,0,10000
Current chain speed: 56
Percent completed: 29%
[H[2JWorking on: Part /home/nous/.distrrtgen/177755.part,500000,md5,mixalpha-numeric-space,1,7,0,10000
Current chain speed: 55
Percent completed: 29%
[H[2JWorking on: Part /home/nous/.distrrtgen/177755.part,500000,md5,mixalpha-numeric-space,1,7,0,10000
Current chain speed: 56
Percent completed: 29%
[H[2JWorking on: Part /home/nous/.distrrtgen/177755.part,500000,md5,mixalpha-numeric-space,1,7,0,10000
Current chain speed: 56
Percent completed: 29%
[H[2JWorking on: Part /home/nous/.distrrtgen/177755.part,500000,md5,mixalpha-numeric-space,1,7,0,10000
Current chain speed: 55
Percent completed: 29%
[H[2JWorking on: Part /home/nous/.distrrtgen/177755.part,500000,md5,mixalpha-numeric-space,1,7,0,10000
Current chain speed: 56
Percent completed: 29%
[H[2JWorking on: Part /home/nous/.distrrtgen/177755.part,500000,md5,mixalpha-numeric-space,1,7,0,10000
Current chain speed: 56
Percent completed: 30%
[H[2JWorking on: Part /home/nous/.distrrtgen/177755.part,500000,md5,mixalpha-numeric-space,1,7,0,10000
Current chain speed: 56
Percent completed: 30%
[H[2JWorking on: Part /home/nous/.distrrtgen/177755.part,500000,md5,mixalpha-numeric-space,1,7,0,10000
Current chain speed: 56
Percent completed: 30%
[H[2JWorking on: Part /home/nous/.distrrtgen/177755.part,500000,md5,mixalpha-numeric-space,1,7,0,10000
Current chain speed: 56
Percent completed: 30%
[H[2JWorking on: Part /home/nous/.distrrtgen/177755.part,500000,md5,mixalpha-numeric-space,1,7,0,10000
Current chain speed: 56
Percent completed: 30%
[H[2JWorking on: Part /home/nous/.distrrtgen/177755.part,500000,md5,mixalpha-numeric-space,1,7,0,10000
Current chain speed: 55
Percent completed: 30%
[H[2JWorking on: Part /home/nous/.distrrtgen/177755.part,500000,md5,mixalpha-numeric-space,1,7,0,10000
Current chain speed: 55
Percent completed: 30%
[H[2JWorking on: Part /home/nous/.distrrtgen/177755.part,500000,md5,mixalpha-numeric-space,1,7,0,10000
Current chain speed: 56
Percent completed: 30%
[H[2JWorking on: Part /home/nous/.distrrtgen/177755.part,500000,md5,mixalpha-numeric-space,1,7,0,10000
Current chain speed: 56
Percent completed: 30%
[H[2JWorking on: Part /home/nous/.distrrtgen/177755.part,500000,md5,mixalpha-numeric-space,1,7,0,10000
Current chain speed: 55
Percent completed: 31%
[H[2JWorking on: Part /home/nous/.distrrtgen/177755.part,500000,md5,mixalpha-numeric-space,1,7,0,10000
Current chain speed: 56
Percent completed: 31%
[H[2JWorking on: Part /home/nous/.distrrtgen/177755.part,500000,md5,mixalpha-numeric-space,1,7,0,10000
Current chain speed: 56
Percent completed: 31%
[H[2JWorking on: Part /home/nous/.distrrtgen/177755.part,500000,md5,mixalpha-numeric-space,1,7,0,10000
Current chain speed: 55
Percent completed: 31%
[H[2JWorking on: Part /home/nous/.distrrtgen/177755.part,500000,md5,mixalpha-numeric-space,1,7,0,10000
Current chain speed: 56
Percent completed: 31%
[H[2JWorking on: Part /home/nous/.distrrtgen/177755.part,500000,md5,mixalpha-numeric-space,1,7,0,10000
Current chain speed: 55
Percent completed: 31%
[H[2JWorking on: Part /home/nous/.distrrtgen/177755.part,500000,md5,mixalpha-numeric-space,1,7,0,10000
Current chain speed: 55
Percent completed: 31%
[H[2JWorking on: Part /home/nous/.distrrtgen/177755.part,500000,md5,mixalpha-numeric-space,1,7,0,10000
Current chain speed: 55
Percent completed: 31%
[H[2JWorking on: Part /home/nous/.distrrtgen/177755.part,500000,md5,mixalpha-numeric-space,1,7,0,10000
Current chain speed: 56
Percent completed: 32%
[H[2JWorking on: Part /home/nous/.distrrtgen/177755.part,500000,md5,mixalpha-numeric-space,1,7,0,10000
Current chain speed: 56
Percent completed: 32%
[H[2JWorking on: Part /home/nous/.distrrtgen/177755.part,500000,md5,mixalpha-numeric-space,1,7,0,10000
Current chain speed: 55
Percent completed: 32%
[H[2JWorking on: Part /home/nous/.distrrtgen/177755.part,500000,md5,mixalpha-numeric-space,1,7,0,10000
Current chain speed: 56
Percent completed: 32%
[H[2JWorking on: Part /home/nous/.distrrtgen/177755.part,500000,md5,mixalpha-numeric-space,1,7,0,10000
Current chain speed: 55
Percent completed: 32%
[H[2JWorking on: Part /home/nous/.distrrtgen/177755.part,500000,md5,mixalpha-numeric-space,1,7,0,10000
Current chain speed: 55
Percent completed: 32%
[H[2JWorking on: Part /home/nous/.distrrtgen/177755.part,500000,md5,mixalpha-numeric-space,1,7,0,10000
Current chain speed: 56
Percent completed: 32%
[H[2JWorking on: Part /home/nous/.distrrtgen/177755.part,500000,md5,mixalpha-numeric-space,1,7,0,10000
Current chain speed: 56
Percent completed: 32%
[H[2JWorking on: Part /home/nous/.distrrtgen/177755.part,500000,md5,mixalpha-numeric-space,1,7,0,10000
Current chain speed: 56
Percent completed: 32%
[H[2JWorking on: Part /home/nous/.distrrtgen/177755.part,500000,md5,mixalpha-numeric-space,1,7,0,10000
Current chain speed: 55
Percent completed: 32%
[H[2JWorking on: Part /home/nous/.distrrtgen/177755.part,500000,md5,mixalpha-numeric-space,1,7,0,10000
Current chain speed: 56
Percent completed: 33%
[H[2JWorking on: Part /home/nous/.distrrtgen/177755.part,500000,md5,mixalpha-numeric-space,1,7,0,10000
Current chain speed: 55
Percent completed: 33%
[H[2JWorking on: Part /home/nous/.distrrtgen/177755.part,500000,md5,mixalpha-numeric-space,1,7,0,10000
Current chain speed: 55
Percent completed: 33%
[H[2JWorking on: Part /home/nous/.distrrtgen/177755.part,500000,md5,mixalpha-numeric-space,1,7,0,10000
Current chain speed: 55
Percent completed: 33%
[H[2JWorking on: Part /home/nous/.distrrtgen/177755.part,500000,md5,mixalpha-numeric-space,1,7,0,10000
Current chain speed: 55
Percent completed: 33%
[H[2JWorking on: Part /home/nous/.distrrtgen/177755.part,500000,md5,mixalpha-numeric-space,1,7,0,10000
Current chain speed: 55
Percent completed: 33%
[H[2JWorking on: Part /home/nous/.distrrtgen/177755.part,500000,md5,mixalpha-numeric-space,1,7,0,10000
Current chain speed: 55
Percent completed: 33%
[H[2JWorking on: Part /home/nous/.distrrtgen/177755.part,500000,md5,mixalpha-numeric-space,1,7,0,10000
Current chain speed: 56
Percent completed: 33%
[H[2JWorking on: Part /home/nous/.distrrtgen/177755.part,500000,md5,mixalpha-numeric-space,1,7,0,10000
Current chain speed: 56
Percent completed: 34%
[H[2JWorking on: Part /home/nous/.distrrtgen/177755.part,500000,md5,mixalpha-numeric-space,1,7,0,10000
Current chain speed: 55
Percent completed: 34%
[H[2JWorking on: Part /home/nous/.distrrtgen/177755.part,500000,md5,mixalpha-numeric-space,1,7,0,10000
Current chain speed: 56
Percent completed: 34%
[H[2JWorking on: Part /home/nous/.distrrtgen/177755.part,500000,md5,mixalpha-numeric-space,1,7,0,10000
Current chain speed: 56
Percent completed: 34%
[H[2JWorking on: Part /home/nous/.distrrtgen/177755.part,500000,md5,mixalpha-numeric-space,1,7,0,10000
Current chain speed: 55
Percent completed: 34%
[H[2JWorking on: Part /home/nous/.distrrtgen/177755.part,500000,md5,mixalpha-numeric-space,1,7,0,10000
Current chain speed: 56
Percent completed: 34%
[H[2JWorking on: Part /home/nous/.distrrtgen/177755.part,500000,md5,mixalpha-numeric-space,1,7,0,10000
Current chain speed: 56
Percent completed: 34%
[H[2JWorking on: Part /home/nous/.distrrtgen/177755.part,500000,md5,mixalpha-numeric-space,1,7,0,10000
Current chain speed: 56
Percent completed: 34%
[H[2JWorking on: Part /home/nous/.distrrtgen/177755.part,500000,md5,mixalpha-numeric-space,1,7,0,10000
Current chain speed: 56
Percent completed: 34%
[H[2JWorking on: Part /home/nous/.distrrtgen/177755.part,500000,md5,mixalpha-numeric-space,1,7,0,10000
Current chain speed: 56
Percent completed: 35%
[H[2JWorking on: Part /home/nous/.distrrtgen/177755.part,500000,md5,mixalpha-numeric-space,1,7,0,10000
Current chain speed: 55
Percent completed: 35%
[H[2JWorking on: Part /home/nous/.distrrtgen/177755.part,500000,md5,mixalpha-numeric-space,1,7,0,10000
Current chain speed: 56
Percent completed: 35%
[H[2JWorking on: Part /home/nous/.distrrtgen/177755.part,500000,md5,mixalpha-numeric-space,1,7,0,10000
Current chain speed: 56
Percent completed: 35%
[H[2JWorking on: Part /home/nous/.distrrtgen/177755.part,500000,md5,mixalpha-numeric-space,1,7,0,10000
Current chain speed: 56
Percent completed: 35%
[H[2JWorking on: Part /home/nous/.distrrtgen/177755.part,500000,md5,mixalpha-numeric-space,1,7,0,10000
Current chain speed: 56
Percent completed: 35%
[H[2JWorking on: Part /home/nous/.distrrtgen/177755.part,500000,md5,mixalpha-numeric-space,1,7,0,10000
Current chain speed: 55
Percent completed: 35%
[H[2JWorking on: Part /home/nous/.distrrtgen/177755.part,500000,md5,mixalpha-numeric-space,1,7,0,10000
Current chain speed: 56
Percent completed: 35%
[H[2JWorking on: Part /home/nous/.distrrtgen/177755.part,500000,md5,mixalpha-numeric-space,1,7,0,10000
Current chain speed: 55
Percent completed: 35%
[H[2JWorking on: Part /home/nous/.distrrtgen/177755.part,500000,md5,mixalpha-numeric-space,1,7,0,10000
Current chain speed: 56
Percent completed: 36%
[H[2JWorking on: Part /home/nous/.distrrtgen/177755.part,500000,md5,mixalpha-numeric-space,1,7,0,10000
Current chain speed: 55
Percent completed: 36%
[H[2JWorking on: Part /home/nous/.distrrtgen/177755.part,500000,md5,mixalpha-numeric-space,1,7,0,10000
Current chain speed: 55
Percent completed: 36%
[H[2JWorking on: Part /home/nous/.distrrtgen/177755.part,500000,md5,mixalpha-numeric-space,1,7,0,10000
Current chain speed: 56
Percent completed: 36%
[H[2JWorking on: Part /home/nous/.distrrtgen/177755.part,500000,md5,mixalpha-numeric-space,1,7,0,10000
Current chain speed: 55
Percent completed: 36%
[H[2JWorking on: Part /home/nous/.distrrtgen/177755.part,500000,md5,mixalpha-numeric-space,1,7,0,10000
Current chain speed: 55
Percent completed: 36%
[H[2JWorking on: Part /home/nous/.distrrtgen/177755.part,500000,md5,mixalpha-numeric-space,1,7,0,10000
Current chain speed: 56
Percent completed: 36%
[H[2JWorking on: Part /home/nous/.distrrtgen/177755.part,500000,md5,mixalpha-numeric-space,1,7,0,10000
Current chain speed: 55
Percent completed: 36%
[H[2JWorking on: Part /home/nous/.distrrtgen/177755.part,500000,md5,mixalpha-numeric-space,1,7,0,10000
Current chain speed: 56
Percent completed: 36%
[H[2JWorking on: Part /home/nous/.distrrtgen/177755.part,500000,md5,mixalpha-numeric-space,1,7,0,10000
Current chain speed: 55
Percent completed: 37%
[H[2JWorking on: Part /home/nous/.distrrtgen/177755.part,500000,md5,mixalpha-numeric-space,1,7,0,10000
Current chain speed: 55
Percent completed: 37%
[H[2JWorking on: Part /home/nous/.distrrtgen/177755.part,500000,md5,mixalpha-numeric-space,1,7,0,10000
Current chain speed: 56
Percent completed: 37%
[H[2JWorking on: Part /home/nous/.distrrtgen/177755.part,500000,md5,mixalpha-numeric-space,1,7,0,10000
Current chain speed: 56
Percent completed: 37%
[H[2JWorking on: Part /home/nous/.distrrtgen/177755.part,500000,md5,mixalpha-numeric-space,1,7,0,10000
Current chain speed: 56
Percent completed: 37%
[H[2JWorking on: Part /home/nous/.distrrtgen/177755.part,500000,md5,mixalpha-numeric-space,1,7,0,10000
Current chain speed: 56
Percent completed: 37%
[H[2JWorking on: Part /home/nous/.distrrtgen/177755.part,500000,md5,mixalpha-numeric-space,1,7,0,10000
Current chain speed: 56
Percent completed: 37%
[H[2JWorking on: Part /home/nous/.distrrtgen/177755.part,500000,md5,mixalpha-numeric-space,1,7,0,10000
Current chain speed: 55
Percent completed: 37%
[H[2JWorking on: Part /home/nous/.distrrtgen/177755.part,500000,md5,mixalpha-numeric-space,1,7,0,10000
Current chain speed: 56
Percent completed: 37%
[H[2JWorking on: Part /home/nous/.distrrtgen/177755.part,500000,md5,mixalpha-numeric-space,1,7,0,10000
Current chain speed: 55
Percent completed: 38%
[H[2JWorking on: Part /home/nous/.distrrtgen/177755.part,500000,md5,mixalpha-numeric-space,1,7,0,10000
Current chain speed: 55
Percent completed: 38%
[H[2JWorking on: Part /home/nous/.distrrtgen/177755.part,500000,md5,mixalpha-numeric-space,1,7,0,10000
Current chain speed: 56
Percent completed: 38%
[H[2JWorking on: Part /home/nous/.distrrtgen/177755.part,500000,md5,mixalpha-numeric-space,1,7,0,10000
Current chain speed: 56
Percent completed: 38%
[H[2JWorking on: Part /home/nous/.distrrtgen/177755.part,500000,md5,mixalpha-numeric-space,1,7,0,10000
Current chain speed: 56
Percent completed: 38%
[H[2JWorking on: Part /home/nous/.distrrtgen/177755.part,500000,md5,mixalpha-numeric-space,1,7,0,10000
Current chain speed: 56
Percent completed: 38%
[H[2JWorking on: Part /home/nous/.distrrtgen/177755.part,500000,md5,mixalpha-numeric-space,1,7,0,10000
Current chain speed: 56
Percent completed: 38%
[H[2JWorking on: Part /home/nous/.distrrtgen/177755.part,500000,md5,mixalpha-numeric-space,1,7,0,10000
Current chain speed: 56
Percent completed: 38%
[H[2JWorking on: Part /home/nous/.distrrtgen/177755.part,500000,md5,mixalpha-numeric-space,1,7,0,10000
Current chain speed: 56
Percent completed: 38%
[H[2JWorking on: Part /home/nous/.distrrtgen/177755.part,500000,md5,mixalpha-numeric-space,1,7,0,10000
Current chain speed: 55
Percent completed: 39%
[H[2JWorking on: Part /home/nous/.distrrtgen/177755.part,500000,md5,mixalpha-numeric-space,1,7,0,10000
Current chain speed: 56
Percent completed: 39%
[H[2JWorking on: Part /home/nous/.distrrtgen/177755.part,500000,md5,mixalpha-numeric-space,1,7,0,10000
Current chain speed: 56
Percent completed: 39%
[H[2JWorking on: Part /home/nous/.distrrtgen/177755.part,500000,md5,mixalpha-numeric-space,1,7,0,10000
Current chain speed: 55
Percent completed: 39%
[H[2JWorking on: Part /home/nous/.distrrtgen/177755.part,500000,md5,mixalpha-numeric-space,1,7,0,10000
Current chain speed: 55
Percent completed: 39%
[H[2JWorking on: Part /home/nous/.distrrtgen/177755.part,500000,md5,mixalpha-numeric-space,1,7,0,10000
Current chain speed: 56
Percent completed: 39%
[H[2JWorking on: Part /home/nous/.distrrtgen/177755.part,500000,md5,mixalpha-numeric-space,1,7,0,10000
Current chain speed: 56
Percent completed: 39%
[H[2JWorking on: Part /home/nous/.distrrtgen/177755.part,500000,md5,mixalpha-numeric-space,1,7,0,10000
Current chain speed: 56
Percent completed: 39%
[H[2JWorking on: Part /home/nous/.distrrtgen/177755.part,500000,md5,mixalpha-numeric-space,1,7,0,10000
Current chain speed: 56
Percent completed: 39%
[H[2JWorking on: Part /home/nous/.distrrtgen/177755.part,500000,md5,mixalpha-numeric-space,1,7,0,10000
Current chain speed: 56
Percent completed: 40%
[H[2JWorking on: Part /home/nous/.distrrtgen/177755.part,500000,md5,mixalpha-numeric-space,1,7,0,10000
Current chain speed: 56
Percent completed: 40%
[H[2JWorking on: Part /home/nous/.distrrtgen/177755.part,500000,md5,mixalpha-numeric-space,1,7,0,10000
Current chain speed: 56
Percent completed: 40%
[H[2JWorking on: Part /home/nous/.distrrtgen/177755.part,500000,md5,mixalpha-numeric-space,1,7,0,10000
Current chain speed: 56
Percent completed: 40%
[H[2JWorking on: Part /home/nous/.distrrtgen/177755.part,500000,md5,mixalpha-numeric-space,1,7,0,10000
Current chain speed: 56
Percent completed: 40%
[H[2JWorking on: Part /home/nous/.distrrtgen/177755.part,500000,md5,mixalpha-numeric-space,1,7,0,10000
Current chain speed: 56
Percent completed: 40%
[H[2JWorking on: Part /home/nous/.distrrtgen/177755.part,500000,md5,mixalpha-numeric-space,1,7,0,10000
Current chain speed: 56
Percent completed: 40%
[H[2JWorking on: Part /home/nous/.distrrtgen/177755.part,500000,md5,mixalpha-numeric-space,1,7,0,10000
Current chain speed: 56
Percent completed: 40%
[H[2JWorking on: Part /home/nous/.distrrtgen/177755.part,500000,md5,mixalpha-numeric-space,1,7,0,10000
Current chain speed: 56
Percent completed: 40%
[H[2JWorking on: Part /home/nous/.distrrtgen/177755.part,500000,md5,mixalpha-numeric-space,1,7,0,10000
Current chain speed: 55
Percent completed: 41%
[H[2JWorking on: Part /home/nous/.distrrtgen/177755.part,500000,md5,mixalpha-numeric-space,1,7,0,10000
Current chain speed: 56
Percent completed: 41%
[H[2JWorking on: Part /home/nous/.distrrtgen/177755.part,500000,md5,mixalpha-numeric-space,1,7,0,10000
Current chain speed: 56
Percent completed: 41%
[H[2JWorking on: Part /home/nous/.distrrtgen/177755.part,500000,md5,mixalpha-numeric-space,1,7,0,10000
Current chain speed: 55
Percent completed: 41%
[H[2JWorking on: Part /home/nous/.distrrtgen/177755.part,500000,md5,mixalpha-numeric-space,1,7,0,10000
Current chain speed: 56
Percent completed: 41%
[H[2JWorking on: Part /home/nous/.distrrtgen/177755.part,500000,md5,mixalpha-numeric-space,1,7,0,10000
Current chain speed: 56
Percent completed: 41%
[H[2JWorking on: Part /home/nous/.distrrtgen/177755.part,500000,md5,mixalpha-numeric-space,1,7,0,10000
Current chain speed: 56
Percent completed: 41%
[H[2JWorking on: Part /home/nous/.distrrtgen/177755.part,500000,md5,mixalpha-numeric-space,1,7,0,10000
Current chain speed: 56
Percent completed: 41%
[H[2JWorking on: Part /home/nous/.distrrtgen/177755.part,500000,md5,mixalpha-numeric-space,1,7,0,10000
Current chain speed: 56
Percent completed: 41%
[H[2JWorking on: Part /home/nous/.distrrtgen/177755.part,500000,md5,mixalpha-numeric-space,1,7,0,10000
Current chain speed: 55
Percent completed: 42%
[H[2JWorking on: Part /home/nous/.distrrtgen/177755.part,500000,md5,mixalpha-numeric-space,1,7,0,10000
Current chain speed: 56
Percent completed: 42%
[H[2JWorking on: Part /home/nous/.distrrtgen/177755.part,500000,md5,mixalpha-numeric-space,1,7,0,10000
Current chain speed: 55
Percent completed: 42%
[H[2JWorking on: Part /home/nous/.distrrtgen/177755.part,500000,md5,mixalpha-numeric-space,1,7,0,10000
Current chain speed: 56
Percent completed: 42%
[H[2JWorking on: Part /home/nous/.distrrtgen/177755.part,500000,md5,mixalpha-numeric-space,1,7,0,10000
Current chain speed: 56
Percent completed: 42%
[H[2JWorking on: Part /home/nous/.distrrtgen/177755.part,500000,md5,mixalpha-numeric-space,1,7,0,10000
Current chain speed: 56
Percent completed: 42%
[H[2JWorking on: Part /home/nous/.distrrtgen/177755.part,500000,md5,mixalpha-numeric-space,1,7,0,10000
Current chain speed: 55
Percent completed: 42%
[H[2JWorking on: Part /home/nous/.distrrtgen/177755.part,500000,md5,mixalpha-numeric-space,1,7,0,10000
Current chain speed: 55
Percent completed: 42%
[H[2JWorking on: Part /home/nous/.distrrtgen/177755.part,500000,md5,mixalpha-numeric-space,1,7,0,10000
Current chain speed: 55
Percent completed: 42%
[H[2JWorking on: Part /home/nous/.distrrtgen/177755.part,500000,md5,mixalpha-numeric-space,1,7,0,10000
Current chain speed: 56
Percent completed: 43%
[H[2JWorking on: Part /home/nous/.distrrtgen/177755.part,500000,md5,mixalpha-numeric-space,1,7,0,10000
Current chain speed: 56
Percent completed: 43%
[H[2JWorking on: Part /home/nous/.distrrtgen/177755.part,500000,md5,mixalpha-numeric-space,1,7,0,10000
Current chain speed: 55
Percent completed: 43%
[H[2JWorking on: Part /home/nous/.distrrtgen/177755.part,500000,md5,mixalpha-numeric-space,1,7,0,10000
Current chain speed: 56
Percent completed: 43%
[H[2JWorking on: Part /home/nous/.distrrtgen/177755.part,500000,md5,mixalpha-numeric-space,1,7,0,10000
Current chain speed: 56
Percent completed: 43%
[H[2JWorking on: Part /home/nous/.distrrtgen/177755.part,500000,md5,mixalpha-numeric-space,1,7,0,10000
Current chain speed: 56
Percent completed: 43%
[H[2JWorking on: Part /home/nous/.distrrtgen/177755.part,500000,md5,mixalpha-numeric-space,1,7,0,10000
Current chain speed: 56
Percent completed: 43%
[H[2JWorking on: Part /home/nous/.distrrtgen/177755.part,500000,md5,mixalpha-numeric-space,1,7,0,10000
Current chain speed: 56
Percent completed: 43%
[H[2JWorking on: Part /home/nous/.distrrtgen/177755.part,500000,md5,mixalpha-numeric-space,1,7,0,10000
Current chain speed: 55
Percent completed: 44%
[H[2JWorking on: Part /home/nous/.distrrtgen/177755.part,500000,md5,mixalpha-numeric-space,1,7,0,10000
Current chain speed: 56
Percent completed: 44%
[H[2JWorking on: Part /home/nous/.distrrtgen/177755.part,500000,md5,mixalpha-numeric-space,1,7,0,10000
Current chain speed: 56
Percent completed: 44%
[H[2JWorking on: Part /home/nous/.distrrtgen/177755.part,500000,md5,mixalpha-numeric-space,1,7,0,10000
Current chain speed: 56
Percent completed: 44%
[H[2JWorking on: Part /home/nous/.distrrtgen/177755.part,500000,md5,mixalpha-numeric-space,1,7,0,10000
Current chain speed: 56
Percent completed: 44%
[H[2JWorking on: Part /home/nous/.distrrtgen/177755.part,500000,md5,mixalpha-numeric-space,1,7,0,10000
Current chain speed: 55
Percent completed: 44%
[H[2JWorking on: Part /home/nous/.distrrtgen/177755.part,500000,md5,mixalpha-numeric-space,1,7,0,10000
Current chain speed: 55
Percent completed: 44%
[H[2JWorking on: Part /home/nous/.distrrtgen/177755.part,500000,md5,mixalpha-numeric-space,1,7,0,10000
Current chain speed: 56
Percent completed: 44%
[H[2JWorking on: Part /home/nous/.distrrtgen/177755.part,500000,md5,mixalpha-numeric-space,1,7,0,10000
Current chain speed: 56
Percent completed: 44%
[H[2JWorking on: Part /home/nous/.distrrtgen/177755.part,500000,md5,mixalpha-numeric-space,1,7,0,10000
Current chain speed: 56
Percent completed: 45%
[H[2JWorking on: Part /home/nous/.distrrtgen/177755.part,500000,md5,mixalpha-numeric-space,1,7,0,10000
Current chain speed: 56
Percent completed: 45%
[H[2JWorking on: Part /home/nous/.distrrtgen/177755.part,500000,md5,mixalpha-numeric-space,1,7,0,10000
Current chain speed: 56
Percent completed: 45%
[H[2JWorking on: Part /home/nous/.distrrtgen/177755.part,500000,md5,mixalpha-numeric-space,1,7,0,10000
Current chain speed: 56
Percent completed: 45%
[H[2JWorking on: Part /home/nous/.distrrtgen/177755.part,500000,md5,mixalpha-numeric-space,1,7,0,10000
Current chain speed: 56
Percent completed: 45%
[H[2JWorking on: Part /home/nous/.distrrtgen/177755.part,500000,md5,mixalpha-numeric-space,1,7,0,10000
Current chain speed: 55
Percent completed: 45%
[H[2JWorking on: Part /home/nous/.distrrtgen/177755.part,500000,md5,mixalpha-numeric-space,1,7,0,10000
Current chain speed: 56
Percent completed: 45%
[H[2JWorking on: Part /home/nous/.distrrtgen/177755.part,500000,md5,mixalpha-numeric-space,1,7,0,10000
Current chain speed: 56
Percent completed: 45%
[H[2JWorking on: Part /home/nous/.distrrtgen/177755.part,500000,md5,mixalpha-numeric-space,1,7,0,10000
Current chain speed: 55
Percent completed: 45%
[H[2JWorking on: Part /home/nous/.distrrtgen/177755.part,500000,md5,mixalpha-numeric-space,1,7,0,10000
Current chain speed: 56
Percent completed: 46%
[H[2JWorking on: Part /home/nous/.distrrtgen/177755.part,500000,md5,mixalpha-numeric-space,1,7,0,10000
Current chain speed: 55
Percent completed: 46%
[H[2JWorking on: Part /home/nous/.distrrtgen/177755.part,500000,md5,mixalpha-numeric-space,1,7,0,10000
Current chain speed: 56
Percent completed: 46%
[H[2JWorking on: Part /home/nous/.distrrtgen/177755.part,500000,md5,mixalpha-numeric-space,1,7,0,10000
Current chain speed: 55
Percent completed: 46%
[H[2JWorking on: Part /home/nous/.distrrtgen/177755.part,500000,md5,mixalpha-numeric-space,1,7,0,10000
Current chain speed: 55
Percent completed: 46%
[H[2JWorking on: Part /home/nous/.distrrtgen/177755.part,500000,md5,mixalpha-numeric-space,1,7,0,10000
Current chain speed: 56
Percent completed: 46%
[H[2JWorking on: Part /home/nous/.distrrtgen/177755.part,500000,md5,mixalpha-numeric-space,1,7,0,10000
Current chain speed: 56
Percent completed: 46%
[H[2JWorking on: Part /home/nous/.distrrtgen/177755.part,500000,md5,mixalpha-numeric-space,1,7,0,10000
Current chain speed: 56
Percent completed: 46%
[H[2JWorking on: Part /home/nous/.distrrtgen/177755.part,500000,md5,mixalpha-numeric-space,1,7,0,10000
Current chain speed: 55
Percent completed: 46%
[H[2JWorking on: Part /home/nous/.distrrtgen/177755.part,500000,md5,mixalpha-numeric-space,1,7,0,10000
Current chain speed: 55
Percent completed: 47%
[H[2JWorking on: Part /home/nous/.distrrtgen/177755.part,500000,md5,mixalpha-numeric-space,1,7,0,10000
Current chain speed: 56
Percent completed: 47%
[H[2JWorking on: Part /home/nous/.distrrtgen/177755.part,500000,md5,mixalpha-numeric-space,1,7,0,10000
Current chain speed: 55
Percent completed: 47%
[H[2JWorking on: Part /home/nous/.distrrtgen/177755.part,500000,md5,mixalpha-numeric-space,1,7,0,10000
Current chain speed: 55
Percent completed: 47%
[H[2JWorking on: Part /home/nous/.distrrtgen/177755.part,500000,md5,mixalpha-numeric-space,1,7,0,10000
Current chain speed: 56
Percent completed: 47%
[H[2JWorking on: Part /home/nous/.distrrtgen/177755.part,500000,md5,mixalpha-numeric-space,1,7,0,10000
Current chain speed: 56
Percent completed: 47%
[H[2JWorking on: Part /home/nous/.distrrtgen/177755.part,500000,md5,mixalpha-numeric-space,1,7,0,10000
Current chain speed: 56
Percent completed: 47%
[H[2JWorking on: Part /home/nous/.distrrtgen/177755.part,500000,md5,mixalpha-numeric-space,1,7,0,10000
Current chain speed: 56
Percent completed: 47%
[H[2JWorking on: Part /home/nous/.distrrtgen/177755.part,500000,md5,mixalpha-numeric-space,1,7,0,10000
Current chain speed: 56
Percent completed: 47%
[H[2JWorking on: Part /home/nous/.distrrtgen/177755.part,500000,md5,mixalpha-numeric-space,1,7,0,10000
Current chain speed: 56
Percent completed: 48%
[H[2JWorking on: Part /home/nous/.distrrtgen/177755.part,500000,md5,mixalpha-numeric-space,1,7,0,10000
Current chain speed: 56
Percent completed: 48%
[H[2JWorking on: Part /home/nous/.distrrtgen/177755.part,500000,md5,mixalpha-numeric-space,1,7,0,10000
Current chain speed: 55
Percent completed: 48%
[H[2JWorking on: Part /home/nous/.distrrtgen/177755.part,500000,md5,mixalpha-numeric-space,1,7,0,10000
Current chain speed: 56
Percent completed: 48%
[H[2JWorking on: Part /home/nous/.distrrtgen/177755.part,500000,md5,mixalpha-numeric-space,1,7,0,10000
Current chain speed: 55
Percent completed: 48%
[H[2JWorking on: Part /home/nous/.distrrtgen/177755.part,500000,md5,mixalpha-numeric-space,1,7,0,10000
Current chain speed: 55
Percent completed: 48%
[H[2JWorking on: Part /home/nous/.distrrtgen/177755.part,500000,md5,mixalpha-numeric-space,1,7,0,10000
Current chain speed: 55
Percent completed: 48%
[H[2JWorking on: Part /home/nous/.distrrtgen/177755.part,500000,md5,mixalpha-numeric-space,1,7,0,10000
Current chain speed: 55
Percent completed: 48%
[H[2JWorking on: Part /home/nous/.distrrtgen/177755.part,500000,md5,mixalpha-numeric-space,1,7,0,10000
Current chain speed: 56
Percent completed: 48%
[H[2JWorking on: Part /home/nous/.distrrtgen/177755.part,500000,md5,mixalpha-numeric-space,1,7,0,10000
Current chain speed: 55
Percent completed: 49%
[H[2JWorking on: Part /home/nous/.distrrtgen/177755.part,500000,md5,mixalpha-numeric-space,1,7,0,10000
Current chain speed: 56
Percent completed: 49%
[H[2JWorking on: Part /home/nous/.distrrtgen/177755.part,500000,md5,mixalpha-numeric-space,1,7,0,10000
Current chain speed: 56
Percent completed: 49%
[H[2JWorking on: Part /home/nous/.distrrtgen/177755.part,500000,md5,mixalpha-numeric-space,1,7,0,10000
Current chain speed: 56
Percent completed: 49%
[H[2JWorking on: Part /home/nous/.distrrtgen/177755.part,500000,md5,mixalpha-numeric-space,1,7,0,10000
Current chain speed: 55
Percent completed: 49%
[H[2JWorking on: Part /home/nous/.distrrtgen/177755.part,500000,md5,mixalpha-numeric-space,1,7,0,10000
Current chain speed: 56
Percent completed: 49%
[H[2JWorking on: Part /home/nous/.distrrtgen/177755.part,500000,md5,mixalpha-numeric-space,1,7,0,10000
Current chain speed: 55
Percent completed: 49%
[H[2JWorking on: Part /home/nous/.distrrtgen/177755.part,500000,md5,mixalpha-numeric-space,1,7,0,10000
Current chain speed: 56
Percent completed: 49%
[H[2JWorking on: Part /home/nous/.distrrtgen/177755.part,500000,md5,mixalpha-numeric-space,1,7,0,10000
Current chain speed: 56
Percent completed: 49%
[H[2JWorking on: Part /home/nous/.distrrtgen/177755.part,500000,md5,mixalpha-numeric-space,1,7,0,10000
Current chain speed: 55
Percent completed: 50%
[H[2JWorking on: Part /home/nous/.distrrtgen/177755.part,500000,md5,mixalpha-numeric-space,1,7,0,10000
Current chain speed: 56
Percent completed: 50%
[H[2JWorking on: Part /home/nous/.distrrtgen/177755.part,500000,md5,mixalpha-numeric-space,1,7,0,10000
Current chain speed: 56
Percent completed: 50%
[H[2JWorking on: Part /home/nous/.distrrtgen/177755.part,500000,md5,mixalpha-numeric-space,1,7,0,10000
Current chain speed: 56
Percent completed: 50%
[H[2JWorking on: Part /home/nous/.distrrtgen/177755.part,500000,md5,mixalpha-numeric-space,1,7,0,10000
Current chain speed: 55
Percent completed: 50%
[H[2JWorking on: Part /home/nous/.distrrtgen/177755.part,500000,md5,mixalpha-numeric-space,1,7,0,10000
Current chain speed: 56
Percent completed: 50%
[H[2JWorking on: Part /home/nous/.distrrtgen/177755.part,500000,md5,mixalpha-numeric-space,1,7,0,10000
Current chain speed: 56
Percent completed: 50%
[H[2JWorking on: Part /home/nous/.distrrtgen/177755.part,500000,md5,mixalpha-numeric-space,1,7,0,10000
Current chain speed: 56
Percent completed: 50%
[H[2JWorking on: Part /home/nous/.distrrtgen/177755.part,500000,md5,mixalpha-numeric-space,1,7,0,10000
Current chain speed: 56
Percent completed: 50%
[H[2JWorking on: Part /home/nous/.distrrtgen/177755.part,500000,md5,mixalpha-numeric-space,1,7,0,10000
Current chain speed: 56
Percent completed: 51%
[H[2JWorking on: Part /home/nous/.distrrtgen/177755.part,500000,md5,mixalpha-numeric-space,1,7,0,10000
Current chain speed: 56
Percent completed: 51%
[H[2JWorking on: Part /home/nous/.distrrtgen/177755.part,500000,md5,mixalpha-numeric-space,1,7,0,10000
Current chain speed: 55
Percent completed: 51%
[H[2JWorking on: Part /home/nous/.distrrtgen/177755.part,500000,md5,mixalpha-numeric-space,1,7,0,10000
Current chain speed: 56
Percent completed: 51%
[H[2JWorking on: Part /home/nous/.distrrtgen/177755.part,500000,md5,mixalpha-numeric-space,1,7,0,10000
Current chain speed: 55
Percent completed: 51%
[H[2JWorking on: Part /home/nous/.distrrtgen/177755.part,500000,md5,mixalpha-numeric-space,1,7,0,10000
Current chain speed: 55
Percent completed: 51%
[H[2JWorking on: Part /home/nous/.distrrtgen/177755.part,500000,md5,mixalpha-numeric-space,1,7,0,10000
Current chain speed: 56
Percent completed: 51%
[H[2JWorking on: Part /home/nous/.distrrtgen/177755.part,500000,md5,mixalpha-numeric-space,1,7,0,10000
Current chain speed: 55
Percent completed: 51%
[H[2JWorking on: Part /home/nous/.distrrtgen/177755.part,500000,md5,mixalpha-numeric-space,1,7,0,10000
Current chain speed: 55
Percent completed: 51%
[H[2JWorking on: Part /home/nous/.distrrtgen/177755.part,500000,md5,mixalpha-numeric-space,1,7,0,10000
Current chain speed: 55
Percent completed: 52%
[H[2JWorking on: Part /home/nous/.distrrtgen/177755.part,500000,md5,mixalpha-numeric-space,1,7,0,10000
Current chain speed: 56
Percent completed: 52%
[H[2JWorking on: Part /home/nous/.distrrtgen/177755.part,500000,md5,mixalpha-numeric-space,1,7,0,10000
Current chain speed: 56
Percent completed: 52%
[H[2JWorking on: Part /home/nous/.distrrtgen/177755.part,500000,md5,mixalpha-numeric-space,1,7,0,10000
Current chain speed: 56
Percent completed: 52%
[H[2JWorking on: Part /home/nous/.distrrtgen/177755.part,500000,md5,mixalpha-numeric-space,1,7,0,10000
Current chain speed: 56
Percent completed: 52%
[H[2JWorking on: Part /home/nous/.distrrtgen/177755.part,500000,md5,mixalpha-numeric-space,1,7,0,10000
Current chain speed: 55
Percent completed: 52%
[H[2JWorking on: Part /home/nous/.distrrtgen/177755.part,500000,md5,mixalpha-numeric-space,1,7,0,10000
Current chain speed: 56
Percent completed: 52%
[H[2JWorking on: Part /home/nous/.distrrtgen/177755.part,500000,md5,mixalpha-numeric-space,1,7,0,10000
Current chain speed: 56
Percent completed: 52%
[H[2JWorking on: Part /home/nous/.distrrtgen/177755.part,500000,md5,mixalpha-numeric-space,1,7,0,10000
Current chain speed: 56
Percent completed: 52%
[H[2JWorking on: Part /home/nous/.distrrtgen/177755.part,500000,md5,mixalpha-numeric-space,1,7,0,10000
Current chain speed: 55
Percent completed: 53%
[H[2JWorking on: Part /home/nous/.distrrtgen/177755.part,500000,md5,mixalpha-numeric-space,1,7,0,10000
Current chain speed: 56
Percent completed: 53%
[H[2JWorking on: Part /home/nous/.distrrtgen/177755.part,500000,md5,mixalpha-numeric-space,1,7,0,10000
Current chain speed: 55
Percent completed: 53%
[H[2JWorking on: Part /home/nous/.distrrtgen/177755.part,500000,md5,mixalpha-numeric-space,1,7,0,10000
Current chain speed: 55
Percent completed: 53%
[H[2JWorking on: Part /home/nous/.distrrtgen/177755.part,500000,md5,mixalpha-numeric-space,1,7,0,10000
Current chain speed: 56
Percent completed: 53%
[H[2JWorking on: Part /home/nous/.distrrtgen/177755.part,500000,md5,mixalpha-numeric-space,1,7,0,10000
Current chain speed: 55
Percent completed: 53%
[H[2JWorking on: Part /home/nous/.distrrtgen/177755.part,500000,md5,mixalpha-numeric-space,1,7,0,10000
Current chain speed: 55
Percent completed: 53%
[H[2JWorking on: Part /home/nous/.distrrtgen/177755.part,500000,md5,mixalpha-numeric-space,1,7,0,10000
Current chain speed: 55
Percent completed: 53%
[H[2JWorking on: Part /home/nous/.distrrtgen/177755.part,500000,md5,mixalpha-numeric-space,1,7,0,10000
Current chain speed: 56
Percent completed: 53%
[H[2JWorking on: Part /home/nous/.distrrtgen/177755.part,500000,md5,mixalpha-numeric-space,1,7,0,10000
Current chain speed: 56
Percent completed: 54%
[H[2JWorking on: Part /home/nous/.distrrtgen/177755.part,500000,md5,mixalpha-numeric-space,1,7,0,10000
Current chain speed: 55
Percent completed: 54%
[H[2JWorking on: Part /home/nous/.distrrtgen/177755.part,500000,md5,mixalpha-numeric-space,1,7,0,10000
Current chain speed: 56
Percent completed: 54%
[H[2JWorking on: Part /home/nous/.distrrtgen/177755.part,500000,md5,mixalpha-numeric-space,1,7,0,10000
Current chain speed: 56
Percent completed: 54%
[H[2JWorking on: Part /home/nous/.distrrtgen/177755.part,500000,md5,mixalpha-numeric-space,1,7,0,10000
Current chain speed: 56
Percent completed: 54%
[H[2JWorking on: Part /home/nous/.distrrtgen/177755.part,500000,md5,mixalpha-numeric-space,1,7,0,10000
Current chain speed: 55
Percent completed: 54%
[H[2JWorking on: Part /home/nous/.distrrtgen/177755.part,500000,md5,mixalpha-numeric-space,1,7,0,10000
Current chain speed: 55
Percent completed: 54%
[H[2JWorking on: Part /home/nous/.distrrtgen/177755.part,500000,md5,mixalpha-numeric-space,1,7,0,10000
Current chain speed: 55
Percent completed: 54%
[H[2JWorking on: Part /home/nous/.distrrtgen/177755.part,500000,md5,mixalpha-numeric-space,1,7,0,10000
Current chain speed: 55
Percent completed: 54%
[H[2JWorking on: Part /home/nous/.distrrtgen/177755.part,500000,md5,mixalpha-numeric-space,1,7,0,10000
Current chain speed: 56
Percent completed: 55%
[H[2JWorking on: Part /home/nous/.distrrtgen/177755.part,500000,md5,mixalpha-numeric-space,1,7,0,10000
Current chain speed: 55
Percent completed: 55%
[H[2JWorking on: Part /home/nous/.distrrtgen/177755.part,500000,md5,mixalpha-numeric-space,1,7,0,10000
Current chain speed: 55
Percent completed: 55%
[H[2JWorking on: Part /home/nous/.distrrtgen/177755.part,500000,md5,mixalpha-numeric-space,1,7,0,10000
Current chain speed: 55
Percent completed: 55%
[H[2JWorking on: Part /home/nous/.distrrtgen/177755.part,500000,md5,mixalpha-numeric-space,1,7,0,10000
Current chain speed: 56
Percent completed: 55%
[H[2JWorking on: Part /home/nous/.distrrtgen/177755.part,500000,md5,mixalpha-numeric-space,1,7,0,10000
Current chain speed: 55
Percent completed: 55%
[H[2JWorking on: Part /home/nous/.distrrtgen/177755.part,500000,md5,mixalpha-numeric-space,1,7,0,10000
Current chain speed: 56
Percent completed: 55%
[H[2JWorking on: Part /home/nous/.distrrtgen/177755.part,500000,md5,mixalpha-numeric-space,1,7,0,10000
Current chain speed: 55
Percent completed: 55%
[H[2JWorking on: Part /home/nous/.distrrtgen/177755.part,500000,md5,mixalpha-numeric-space,1,7,0,10000
Current chain speed: 56
Percent completed: 56%
[H[2JWorking on: Part /home/nous/.distrrtgen/177755.part,500000,md5,mixalpha-numeric-space,1,7,0,10000
Current chain speed: 55
Percent completed: 56%
[H[2JWorking on: Part /home/nous/.distrrtgen/177755.part,500000,md5,mixalpha-numeric-space,1,7,0,10000
Current chain speed: 56
Percent completed: 56%
[H[2JWorking on: Part /home/nous/.distrrtgen/177755.part,500000,md5,mixalpha-numeric-space,1,7,0,10000
Current chain speed: 55
Percent completed: 56%
[H[2JWorking on: Part /home/nous/.distrrtgen/177755.part,500000,md5,mixalpha-numeric-space,1,7,0,10000
Current chain speed: 55
Percent completed: 56%
[H[2JWorking on: Part /home/nous/.distrrtgen/177755.part,500000,md5,mixalpha-numeric-space,1,7,0,10000
Current chain speed: 56
Percent completed: 56%
[H[2JWorking on: Part /home/nous/.distrrtgen/177755.part,500000,md5,mixalpha-numeric-space,1,7,0,10000
Current chain speed: 56
Percent completed: 56%
[H[2JWorking on: Part /home/nous/.distrrtgen/177755.part,500000,md5,mixalpha-numeric-space,1,7,0,10000
Current chain speed: 55
Percent completed: 56%
[H[2JWorking on: Part /home/nous/.distrrtgen/177755.part,500000,md5,mixalpha-numeric-space,1,7,0,10000
Current chain speed: 56
Percent completed: 56%
[H[2JWorking on: Part /home/nous/.distrrtgen/177755.part,500000,md5,mixalpha-numeric-space,1,7,0,10000
Current chain speed: 56
Percent completed: 56%
[H[2JWorking on: Part /home/nous/.distrrtgen/177755.part,500000,md5,mixalpha-numeric-space,1,7,0,10000
Current chain speed: 55
Percent completed: 57%
[H[2JWorking on: Part /home/nous/.distrrtgen/177755.part,500000,md5,mixalpha-numeric-space,1,7,0,10000
Current chain speed: 56
Percent completed: 57%
[H[2JWorking on: Part /home/nous/.distrrtgen/177755.part,500000,md5,mixalpha-numeric-space,1,7,0,10000
Current chain speed: 55
Percent completed: 57%
[H[2JWorking on: Part /home/nous/.distrrtgen/177755.part,500000,md5,mixalpha-numeric-space,1,7,0,10000
Current chain speed: 56
Percent completed: 57%
[H[2JWorking on: Part /home/nous/.distrrtgen/177755.part,500000,md5,mixalpha-numeric-space,1,7,0,10000
Current chain speed: 56
Percent completed: 57%
[H[2JWorking on: Part /home/nous/.distrrtgen/177755.part,500000,md5,mixalpha-numeric-space,1,7,0,10000
Current chain speed: 56
Percent completed: 57%
[H[2JWorking on: Part /home/nous/.distrrtgen/177755.part,500000,md5,mixalpha-numeric-space,1,7,0,10000
Current chain speed: 56
Percent completed: 57%
[H[2JWorking on: Part /home/nous/.distrrtgen/177755.part,500000,md5,mixalpha-numeric-space,1,7,0,10000
Current chain speed: 56
Percent completed: 57%
[H[2JWorking on: Part /home/nous/.distrrtgen/177755.part,500000,md5,mixalpha-numeric-space,1,7,0,10000
Current chain speed: 56
Percent completed: 58%
[H[2JWorking on: Part /home/nous/.distrrtgen/177755.part,500000,md5,mixalpha-numeric-space,1,7,0,10000
Current chain speed: 56
Percent completed: 58%
[H[2JWorking on: Part /home/nous/.distrrtgen/177755.part,500000,md5,mixalpha-numeric-space,1,7,0,10000
Current chain speed: 56
Percent completed: 58%
[H[2JWorking on: Part /home/nous/.distrrtgen/177755.part,500000,md5,mixalpha-numeric-space,1,7,0,10000
Current chain speed: 56
Percent completed: 58%
[H[2JWorking on: Part /home/nous/.distrrtgen/177755.part,500000,md5,mixalpha-numeric-space,1,7,0,10000
Current chain speed: 56
Percent completed: 58%
[H[2JWorking on: Part /home/nous/.distrrtgen/177755.part,500000,md5,mixalpha-numeric-space,1,7,0,10000
Current chain speed: 55
Percent completed: 58%
[H[2JWorking on: Part /home/nous/.distrrtgen/177755.part,500000,md5,mixalpha-numeric-space,1,7,0,10000
Current chain speed: 55
Percent completed: 58%
[H[2JWorking on: Part /home/nous/.distrrtgen/177755.part,500000,md5,mixalpha-numeric-space,1,7,0,10000
Current chain speed: 55
Percent completed: 58%
[H[2JWorking on: Part /home/nous/.distrrtgen/177755.part,500000,md5,mixalpha-numeric-space,1,7,0,10000
Current chain speed: 56
Percent completed: 58%
[H[2JWorking on: Part /home/nous/.distrrtgen/177755.part,500000,md5,mixalpha-numeric-space,1,7,0,10000
Current chain speed: 55
Percent completed: 59%
[H[2JWorking on: Part /home/nous/.distrrtgen/177755.part,500000,md5,mixalpha-numeric-space,1,7,0,10000
Current chain speed: 56
Percent completed: 59%
[H[2JWorking on: Part /home/nous/.distrrtgen/177755.part,500000,md5,mixalpha-numeric-space,1,7,0,10000
Current chain speed: 56
Percent completed: 59%
[H[2JWorking on: Part /home/nous/.distrrtgen/177755.part,500000,md5,mixalpha-numeric-space,1,7,0,10000
Current chain speed: 55
Percent completed: 59%
[H[2JWorking on: Part /home/nous/.distrrtgen/177755.part,500000,md5,mixalpha-numeric-space,1,7,0,10000
Current chain speed: 56
Percent completed: 59%
[H[2JWorking on: Part /home/nous/.distrrtgen/177755.part,500000,md5,mixalpha-numeric-space,1,7,0,10000
Current chain speed: 56
Percent completed: 59%
[H[2JWorking on: Part /home/nous/.distrrtgen/177755.part,500000,md5,mixalpha-numeric-space,1,7,0,10000
Current chain speed: 55
Percent completed: 59%
[H[2JWorking on: Part /home/nous/.distrrtgen/177755.part,500000,md5,mixalpha-numeric-space,1,7,0,10000
Current chain speed: 55
Percent completed: 59%
[H[2JWorking on: Part /home/nous/.distrrtgen/177755.part,500000,md5,mixalpha-numeric-space,1,7,0,10000
Current chain speed: 55
Percent completed: 59%
[H[2JWorking on: Part /home/nous/.distrrtgen/177755.part,500000,md5,mixalpha-numeric-space,1,7,0,10000
Current chain speed: 55
Percent completed: 60%
[H[2JWorking on: Part /home/nous/.distrrtgen/177755.part,500000,md5,mixalpha-numeric-space,1,7,0,10000
Current chain speed: 55
Percent completed: 60%
[H[2JWorking on: Part /home/nous/.distrrtgen/177755.part,500000,md5,mixalpha-numeric-space,1,7,0,10000
Current chain speed: 55
Percent completed: 60%
[H[2JWorking on: Part /home/nous/.distrrtgen/177755.part,500000,md5,mixalpha-numeric-space,1,7,0,10000
Current chain speed: 55
Percent completed: 60%
[H[2JWorking on: Part /home/nous/.distrrtgen/177755.part,500000,md5,mixalpha-numeric-space,1,7,0,10000
Current chain speed: 55
Percent completed: 60%
[H[2JWorking on: Part /home/nous/.distrrtgen/177755.part,500000,md5,mixalpha-numeric-space,1,7,0,10000
Current chain speed: 55
Percent completed: 60%
[H[2JWorking on: Part /home/nous/.distrrtgen/177755.part,500000,md5,mixalpha-numeric-space,1,7,0,10000
Current chain speed: 56
Percent completed: 60%
[H[2JWorking on: Part /home/nous/.distrrtgen/177755.part,500000,md5,mixalpha-numeric-space,1,7,0,10000
Current chain speed: 55
Percent completed: 60%
[H[2JWorking on: Part /home/nous/.distrrtgen/177755.part,500000,md5,mixalpha-numeric-space,1,7,0,10000
Current chain speed: 56
Percent completed: 60%
[H[2JWorking on: Part /home/nous/.distrrtgen/177755.part,500000,md5,mixalpha-numeric-space,1,7,0,10000
Current chain speed: 55
Percent completed: 61%
[H[2JWorking on: Part /home/nous/.distrrtgen/177755.part,500000,md5,mixalpha-numeric-space,1,7,0,10000
Current chain speed: 55
Percent completed: 61%
[H[2JWorking on: Part /home/nous/.distrrtgen/177755.part,500000,md5,mixalpha-numeric-space,1,7,0,10000
Current chain speed: 56
Percent completed: 61%
[H[2JWorking on: Part /home/nous/.distrrtgen/177755.part,500000,md5,mixalpha-numeric-space,1,7,0,10000
Current chain speed: 55
Percent completed: 61%
[H[2JWorking on: Part /home/nous/.distrrtgen/177755.part,500000,md5,mixalpha-numeric-space,1,7,0,10000
Current chain speed: 55
Percent completed: 61%
[H[2JWorking on: Part /home/nous/.distrrtgen/177755.part,500000,md5,mixalpha-numeric-space,1,7,0,10000
Current chain speed: 56
Percent completed: 61%
[H[2JWorking on: Part /home/nous/.distrrtgen/177755.part,500000,md5,mixalpha-numeric-space,1,7,0,10000
Current chain speed: 56
Percent completed: 61%
[H[2JWorking on: Part /home/nous/.distrrtgen/177755.part,500000,md5,mixalpha-numeric-space,1,7,0,10000
Current chain speed: 55
Percent completed: 61%
[H[2JWorking on: Part /home/nous/.distrrtgen/177755.part,500000,md5,mixalpha-numeric-space,1,7,0,10000
Current chain speed: 55
Percent completed: 61%
[H[2JWorking on: Part /home/nous/.distrrtgen/177755.part,500000,md5,mixalpha-numeric-space,1,7,0,10000
Current chain speed: 56
Percent completed: 62%
[H[2JWorking on: Part /home/nous/.distrrtgen/177755.part,500000,md5,mixalpha-numeric-space,1,7,0,10000
Current chain speed: 56
Percent completed: 62%
[H[2JWorking on: Part /home/nous/.distrrtgen/177755.part,500000,md5,mixalpha-numeric-space,1,7,0,10000
Current chain speed: 55
Percent completed: 62%
[H[2JWorking on: Part /home/nous/.distrrtgen/177755.part,500000,md5,mixalpha-numeric-space,1,7,0,10000
Current chain speed: 55
Percent completed: 62%
[H[2JWorking on: Part /home/nous/.distrrtgen/177755.part,500000,md5,mixalpha-numeric-space,1,7,0,10000
Current chain speed: 56
Percent completed: 62%
[H[2JWorking on: Part /home/nous/.distrrtgen/177755.part,500000,md5,mixalpha-numeric-space,1,7,0,10000
Current chain speed: 56
Percent completed: 62%
[H[2JWorking on: Part /home/nous/.distrrtgen/177755.part,500000,md5,mixalpha-numeric-space,1,7,0,10000
Current chain speed: 56
Percent completed: 62%
[H[2JWorking on: Part /home/nous/.distrrtgen/177755.part,500000,md5,mixalpha-numeric-space,1,7,0,10000
Current chain speed: 55
Percent completed: 62%
[H[2JWorking on: Part /home/nous/.distrrtgen/177755.part,500000,md5,mixalpha-numeric-space,1,7,0,10000
Current chain speed: 55
Percent completed: 62%
[H[2JWorking on: Part /home/nous/.distrrtgen/177755.part,500000,md5,mixalpha-numeric-space,1,7,0,10000
Current chain speed: 56
Percent completed: 63%
[H[2JWorking on: Part /home/nous/.distrrtgen/177755.part,500000,md5,mixalpha-numeric-space,1,7,0,10000
Current chain speed: 55
Percent completed: 63%
[H[2JWorking on: Part /home/nous/.distrrtgen/177755.part,500000,md5,mixalpha-numeric-space,1,7,0,10000
Current chain speed: 55
Percent completed: 63%
[H[2JWorking on: Part /home/nous/.distrrtgen/177755.part,500000,md5,mixalpha-numeric-space,1,7,0,10000
Current chain speed: 55
Percent completed: 63%
[H[2JWorking on: Part /home/nous/.distrrtgen/177755.part,500000,md5,mixalpha-numeric-space,1,7,0,10000
Current chain speed: 56
Percent completed: 63%
[H[2JWorking on: Part /home/nous/.distrrtgen/177755.part,500000,md5,mixalpha-numeric-space,1,7,0,10000
Current chain speed: 56
Percent completed: 63%
[H[2JWorking on: Part /home/nous/.distrrtgen/177755.part,500000,md5,mixalpha-numeric-space,1,7,0,10000
Current chain speed: 55
Percent completed: 63%
[H[2JWorking on: Part /home/nous/.distrrtgen/177755.part,500000,md5,mixalpha-numeric-space,1,7,0,10000
Current chain speed: 56
Percent completed: 63%
[H[2JWorking on: Part /home/nous/.distrrtgen/177755.part,500000,md5,mixalpha-numeric-space,1,7,0,10000
Current chain speed: 56
Percent completed: 63%
[H[2JWorking on: Part /home/nous/.distrrtgen/177755.part,500000,md5,mixalpha-numeric-space,1,7,0,10000
Current chain speed: 55
Percent completed: 64%
[H[2JWorking on: Part /home/nous/.distrrtgen/177755.part,500000,md5,mixalpha-numeric-space,1,7,0,10000
Current chain speed: 55
Percent completed: 64%
[H[2JWorking on: Part /home/nous/.distrrtgen/177755.part,500000,md5,mixalpha-numeric-space,1,7,0,10000
Current chain speed: 55
Percent completed: 64%
[H[2JWorking on: Part /home/nous/.distrrtgen/177755.part,500000,md5,mixalpha-numeric-space,1,7,0,10000
Current chain speed: 55
Percent completed: 64%
[H[2JWorking on: Part /home/nous/.distrrtgen/177755.part,500000,md5,mixalpha-numeric-space,1,7,0,10000
Current chain speed: 56
Percent completed: 64%
[H[2JWorking on: Part /home/nous/.distrrtgen/177755.part,500000,md5,mixalpha-numeric-space,1,7,0,10000
Current chain speed: 55
Percent completed: 64%
[H[2JWorking on: Part /home/nous/.distrrtgen/177755.part,500000,md5,mixalpha-numeric-space,1,7,0,10000
Current chain speed: 55
Percent completed: 64%
[H[2JWorking on: Part /home/nous/.distrrtgen/177755.part,500000,md5,mixalpha-numeric-space,1,7,0,10000
Current chain speed: 55
Percent completed: 64%
[H[2JWorking on: Part /home/nous/.distrrtgen/177755.part,500000,md5,mixalpha-numeric-space,1,7,0,10000
Current chain speed: 55
Percent completed: 64%
[H[2JWorking on: Part /home/nous/.distrrtgen/177755.part,500000,md5,mixalpha-numeric-space,1,7,0,10000
Current chain speed: 56
Percent completed: 65%
[H[2JWorking on: Part /home/nous/.distrrtgen/177755.part,500000,md5,mixalpha-numeric-space,1,7,0,10000
Current chain speed: 55
Percent completed: 65%
[H[2JWorking on: Part /home/nous/.distrrtgen/177755.part,500000,md5,mixalpha-numeric-space,1,7,0,10000
Current chain speed: 55
Percent completed: 65%
[H[2JWorking on: Part /home/nous/.distrrtgen/177755.part,500000,md5,mixalpha-numeric-space,1,7,0,10000
Current chain speed: 55
Percent completed: 65%
[H[2JWorking on: Part /home/nous/.distrrtgen/177755.part,500000,md5,mixalpha-numeric-space,1,7,0,10000
Current chain speed: 56
Percent completed: 65%
[H[2JWorking on: Part /home/nous/.distrrtgen/177755.part,500000,md5,mixalpha-numeric-space,1,7,0,10000
Current chain speed: 55
Percent completed: 65%
[H[2JWorking on: Part /home/nous/.distrrtgen/177755.part,500000,md5,mixalpha-numeric-space,1,7,0,10000
Current chain speed: 56
Percent completed: 65%
[H[2JWorking on: Part /home/nous/.distrrtgen/177755.part,500000,md5,mixalpha-numeric-space,1,7,0,10000
Current chain speed: 56
Percent completed: 65%
[H[2JWorking on: Part /home/nous/.distrrtgen/177755.part,500000,md5,mixalpha-numeric-space,1,7,0,10000
Current chain speed: 56
Percent completed: 65%
[H[2JWorking on: Part /home/nous/.distrrtgen/177755.part,500000,md5,mixalpha-numeric-space,1,7,0,10000
Current chain speed: 53
Percent completed: 66%
[H[2JWorking on: Part /home/nous/.distrrtgen/177755.part,500000,md5,mixalpha-numeric-space,1,7,0,10000
Current chain speed: 56
Percent completed: 66%
[H[2JWorking on: Part /home/nous/.distrrtgen/177755.part,500000,md5,mixalpha-numeric-space,1,7,0,10000
Current chain speed: 55
Percent completed: 66%
[H[2JWorking on: Part /home/nous/.distrrtgen/177755.part,500000,md5,mixalpha-numeric-space,1,7,0,10000
Current chain speed: 56
Percent completed: 66%
[H[2JWorking on: Part /home/nous/.distrrtgen/177755.part,500000,md5,mixalpha-numeric-space,1,7,0,10000
Current chain speed: 56
Percent completed: 66%
[H[2JWorking on: Part /home/nous/.distrrtgen/177755.part,500000,md5,mixalpha-numeric-space,1,7,0,10000
Current chain speed: 55
Percent completed: 66%
[H[2JWorking on: Part /home/nous/.distrrtgen/177755.part,500000,md5,mixalpha-numeric-space,1,7,0,10000
Current chain speed: 55
Percent completed: 66%
[H[2JWorking on: Part /home/nous/.distrrtgen/177755.part,500000,md5,mixalpha-numeric-space,1,7,0,10000
Current chain speed: 55
Percent completed: 66%
[H[2JWorking on: Part /home/nous/.distrrtgen/177755.part,500000,md5,mixalpha-numeric-space,1,7,0,10000
Current chain speed: 56
Percent completed: 66%
[H[2JWorking on: Part /home/nous/.distrrtgen/177755.part,500000,md5,mixalpha-numeric-space,1,7,0,10000
Current chain speed: 56
Percent completed: 67%
[H[2JWorking on: Part /home/nous/.distrrtgen/177755.part,500000,md5,mixalpha-numeric-space,1,7,0,10000
Current chain speed: 55
Percent completed: 67%
[H[2JWorking on: Part /home/nous/.distrrtgen/177755.part,500000,md5,mixalpha-numeric-space,1,7,0,10000
Current chain speed: 56
Percent completed: 67%
[H[2JWorking on: Part /home/nous/.distrrtgen/177755.part,500000,md5,mixalpha-numeric-space,1,7,0,10000
Current chain speed: 56
Percent completed: 67%
[H[2JWorking on: Part /home/nous/.distrrtgen/177755.part,500000,md5,mixalpha-numeric-space,1,7,0,10000
Current chain speed: 56
Percent completed: 67%
[H[2JWorking on: Part /home/nous/.distrrtgen/177755.part,500000,md5,mixalpha-numeric-space,1,7,0,10000
Current chain speed: 56
Percent completed: 67%
[H[2JWorking on: Part /home/nous/.distrrtgen/177755.part,500000,md5,mixalpha-numeric-space,1,7,0,10000
Current chain speed: 56
Percent completed: 67%
[H[2JWorking on: Part /home/nous/.distrrtgen/177755.part,500000,md5,mixalpha-numeric-space,1,7,0,10000
Current chain speed: 55
Percent completed: 67%
[H[2JWorking on: Part /home/nous/.distrrtgen/177755.part,500000,md5,mixalpha-numeric-space,1,7,0,10000
Current chain speed: 56
Percent completed: 67%
[H[2JWorking on: Part /home/nous/.distrrtgen/177755.part,500000,md5,mixalpha-numeric-space,1,7,0,10000
Current chain speed: 56
Percent completed: 68%
[H[2JWorking on: Part /home/nous/.distrrtgen/177755.part,500000,md5,mixalpha-numeric-space,1,7,0,10000
Current chain speed: 56
Percent completed: 68%
[H[2JWorking on: Part /home/nous/.distrrtgen/177755.part,500000,md5,mixalpha-numeric-space,1,7,0,10000
Current chain speed: 56
Percent completed: 68%
[H[2JWorking on: Part /home/nous/.distrrtgen/177755.part,500000,md5,mixalpha-numeric-space,1,7,0,10000
Current chain speed: 56
Percent completed: 68%
[H[2JWorking on: Part /home/nous/.distrrtgen/177755.part,500000,md5,mixalpha-numeric-space,1,7,0,10000
Current chain speed: 56
Percent completed: 68%
[H[2JWorking on: Part /home/nous/.distrrtgen/177755.part,500000,md5,mixalpha-numeric-space,1,7,0,10000
Current chain speed: 56
Percent completed: 68%
[H[2JWorking on: Part /home/nous/.distrrtgen/177755.part,500000,md5,mixalpha-numeric-space,1,7,0,10000
Current chain speed: 56
Percent completed: 68%
[H[2JWorking on: Part /home/nous/.distrrtgen/177755.part,500000,md5,mixalpha-numeric-space,1,7,0,10000
Current chain speed: 55
Percent completed: 68%
[H[2JWorking on: Part /home/nous/.distrrtgen/177755.part,500000,md5,mixalpha-numeric-space,1,7,0,10000
Current chain speed: 55
Percent completed: 68%
[H[2JWorking on: Part /home/nous/.distrrtgen/177755.part,500000,md5,mixalpha-numeric-space,1,7,0,10000
Current chain speed: 56
Percent completed: 69%
[H[2JWorking on: Part /home/nous/.distrrtgen/177755.part,500000,md5,mixalpha-numeric-space,1,7,0,10000
Current chain speed: 56
Percent completed: 69%
[H[2JWorking on: Part /home/nous/.distrrtgen/177755.part,500000,md5,mixalpha-numeric-space,1,7,0,10000
Current chain speed: 56
Percent completed: 69%
[H[2JWorking on: Part /home/nous/.distrrtgen/177755.part,500000,md5,mixalpha-numeric-space,1,7,0,10000
Current chain speed: 56
Percent completed: 69%
[H[2JWorking on: Part /home/nous/.distrrtgen/177755.part,500000,md5,mixalpha-numeric-space,1,7,0,10000
Current chain speed: 56
Percent completed: 69%
[H[2JWorking on: Part /home/nous/.distrrtgen/177755.part,500000,md5,mixalpha-numeric-space,1,7,0,10000
Current chain speed: 56
Percent completed: 69%
[H[2JWorking on: Part /home/nous/.distrrtgen/177755.part,500000,md5,mixalpha-numeric-space,1,7,0,10000
Current chain speed: 55
Percent completed: 69%
[H[2JWorking on: Part /home/nous/.distrrtgen/177755.part,500000,md5,mixalpha-numeric-space,1,7,0,10000
Current chain speed: 56
Percent completed: 69%
[H[2JWorking on: Part /home/nous/.distrrtgen/177755.part,500000,md5,mixalpha-numeric-space,1,7,0,10000
Current chain speed: 56
Percent completed: 70%
[H[2JWorking on: Part /home/nous/.distrrtgen/177755.part,500000,md5,mixalpha-numeric-space,1,7,0,10000
Current chain speed: 55
Percent completed: 70%
[H[2JWorking on: Part /home/nous/.distrrtgen/177755.part,500000,md5,mixalpha-numeric-space,1,7,0,10000
Current chain speed: 56
Percent completed: 70%
[H[2JWorking on: Part /home/nous/.distrrtgen/177755.part,500000,md5,mixalpha-numeric-space,1,7,0,10000
Current chain speed: 55
Percent completed: 70%
[H[2JWorking on: Part /home/nous/.distrrtgen/177755.part,500000,md5,mixalpha-numeric-space,1,7,0,10000
Current chain speed: 55
Percent completed: 70%
[H[2JWorking on: Part /home/nous/.distrrtgen/177755.part,500000,md5,mixalpha-numeric-space,1,7,0,10000
Current chain speed: 56
Percent completed: 70%
[H[2JWorking on: Part /home/nous/.distrrtgen/177755.part,500000,md5,mixalpha-numeric-space,1,7,0,10000
Current chain speed: 55
Percent completed: 70%
[H[2JWorking on: Part /home/nous/.distrrtgen/177755.part,500000,md5,mixalpha-numeric-space,1,7,0,10000
Current chain speed: 56
Percent completed: 70%
[H[2JWorking on: Part /home/nous/.distrrtgen/177755.part,500000,md5,mixalpha-numeric-space,1,7,0,10000
Current chain speed: 56
Percent completed: 70%
[H[2JWorking on: Part /home/nous/.distrrtgen/177755.part,500000,md5,mixalpha-numeric-space,1,7,0,10000
Current chain speed: 56
Percent completed: 70%
[H[2JWorking on: Part /home/nous/.distrrtgen/177755.part,500000,md5,mixalpha-numeric-space,1,7,0,10000
Current chain speed: 56
Percent completed: 71%
[H[2JWorking on: Part /home/nous/.distrrtgen/177755.part,500000,md5,mixalpha-numeric-space,1,7,0,10000
Current chain speed: 55
Percent completed: 71%
[H[2JWorking on: Part /home/nous/.distrrtgen/177755.part,500000,md5,mixalpha-numeric-space,1,7,0,10000
Current chain speed: 55
Percent completed: 71%
[H[2JWorking on: Part /home/nous/.distrrtgen/177755.part,500000,md5,mixalpha-numeric-space,1,7,0,10000
Current chain speed: 56
Percent completed: 71%
[H[2JWorking on: Part /home/nous/.distrrtgen/177755.part,500000,md5,mixalpha-numeric-space,1,7,0,10000
Current chain speed: 55
Percent completed: 71%
[H[2JWorking on: Part /home/nous/.distrrtgen/177755.part,500000,md5,mixalpha-numeric-space,1,7,0,10000
Current chain speed: 55
Percent completed: 71%
[H[2JWorking on: Part /home/nous/.distrrtgen/177755.part,500000,md5,mixalpha-numeric-space,1,7,0,10000
Current chain speed: 56
Percent completed: 71%
[H[2JWorking on: Part /home/nous/.distrrtgen/177755.part,500000,md5,mixalpha-numeric-space,1,7,0,10000
Current chain speed: 56
Percent completed: 71%
[H[2JWorking on: Part /home/nous/.distrrtgen/177755.part,500000,md5,mixalpha-numeric-space,1,7,0,10000
Current chain speed: 56
Percent completed: 72%
[H[2JWorking on: Part /home/nous/.distrrtgen/177755.part,500000,md5,mixalpha-numeric-space,1,7,0,10000
Current chain speed: 55
Percent completed: 72%
[H[2JWorking on: Part /home/nous/.distrrtgen/177755.part,500000,md5,mixalpha-numeric-space,1,7,0,10000
Current chain speed: 55
Percent completed: 72%
[H[2JWorking on: Part /home/nous/.distrrtgen/177755.part,500000,md5,mixalpha-numeric-space,1,7,0,10000
Current chain speed: 56
Percent completed: 72%
[H[2JWorking on: Part /home/nous/.distrrtgen/177755.part,500000,md5,mixalpha-numeric-space,1,7,0,10000
Current chain speed: 56
Percent completed: 72%
[H[2JWorking on: Part /home/nous/.distrrtgen/177755.part,500000,md5,mixalpha-numeric-space,1,7,0,10000
Current chain speed: 55
Percent completed: 72%
[H[2JWorking on: Part /home/nous/.distrrtgen/177755.part,500000,md5,mixalpha-numeric-space,1,7,0,10000
Current chain speed: 55
Percent completed: 72%
[H[2JWorking on: Part /home/nous/.distrrtgen/177755.part,500000,md5,mixalpha-numeric-space,1,7,0,10000
Current chain speed: 55
Percent completed: 72%
[H[2JWorking on: Part /home/nous/.distrrtgen/177755.part,500000,md5,mixalpha-numeric-space,1,7,0,10000
Current chain speed: 56
Percent completed: 72%
[H[2JWorking on: Part /home/nous/.distrrtgen/177755.part,500000,md5,mixalpha-numeric-space,1,7,0,10000
Current chain speed: 56
Percent completed: 73%
[H[2JWorking on: Part /home/nous/.distrrtgen/177755.part,500000,md5,mixalpha-numeric-space,1,7,0,10000
Current chain speed: 56
Percent completed: 73%
[H[2JWorking on: Part /home/nous/.distrrtgen/177755.part,500000,md5,mixalpha-numeric-space,1,7,0,10000
Current chain speed: 55
Percent completed: 73%
[H[2JWorking on: Part /home/nous/.distrrtgen/177755.part,500000,md5,mixalpha-numeric-space,1,7,0,10000
Current chain speed: 55
Percent completed: 73%
[H[2JWorking on: Part /home/nous/.distrrtgen/177755.part,500000,md5,mixalpha-numeric-space,1,7,0,10000
Current chain speed: 56
Percent completed: 73%
[H[2JWorking on: Part /home/nous/.distrrtgen/177755.part,500000,md5,mixalpha-numeric-space,1,7,0,10000
Current chain speed: 56
Percent completed: 73%
[H[2JWorking on: Part /home/nous/.distrrtgen/177755.part,500000,md5,mixalpha-numeric-space,1,7,0,10000
Current chain speed: 55
Percent completed: 73%
[H[2JWorking on: Part /home/nous/.distrrtgen/177755.part,500000,md5,mixalpha-numeric-space,1,7,0,10000
Current chain speed: 56
Percent completed: 73%
[H[2JWorking on: Part /home/nous/.distrrtgen/177755.part,500000,md5,mixalpha-numeric-space,1,7,0,10000
Current chain speed: 56
Percent completed: 73%
[H[2JWorking on: Part /home/nous/.distrrtgen/177755.part,500000,md5,mixalpha-numeric-space,1,7,0,10000
Current chain speed: 56
Percent completed: 74%
[H[2JWorking on: Part /home/nous/.distrrtgen/177755.part,500000,md5,mixalpha-numeric-space,1,7,0,10000
Current chain speed: 56
Percent completed: 74%
[H[2JWorking on: Part /home/nous/.distrrtgen/177755.part,500000,md5,mixalpha-numeric-space,1,7,0,10000
Current chain speed: 56
Percent completed: 74%
[H[2JWorking on: Part /home/nous/.distrrtgen/177755.part,500000,md5,mixalpha-numeric-space,1,7,0,10000
Current chain speed: 56
Percent completed: 74%
[H[2JWorking on: Part /home/nous/.distrrtgen/177755.part,500000,md5,mixalpha-numeric-space,1,7,0,10000
Current chain speed: 56
Percent completed: 74%
[H[2JWorking on: Part /home/nous/.distrrtgen/177755.part,500000,md5,mixalpha-numeric-space,1,7,0,10000
Current chain speed: 55
Percent completed: 74%
[H[2JWorking on: Part /home/nous/.distrrtgen/177755.part,500000,md5,mixalpha-numeric-space,1,7,0,10000
Current chain speed: 55
Percent completed: 74%
[H[2JWorking on: Part /home/nous/.distrrtgen/177755.part,500000,md5,mixalpha-numeric-space,1,7,0,10000
Current chain speed: 56
Percent completed: 74%
[H[2JWorking on: Part /home/nous/.distrrtgen/177755.part,500000,md5,mixalpha-numeric-space,1,7,0,10000
Current chain speed: 55
Percent completed: 74%
[H[2JWorking on: Part /home/nous/.distrrtgen/177755.part,500000,md5,mixalpha-numeric-space,1,7,0,10000
Current chain speed: 55
Percent completed: 75%
[H[2JWorking on: Part /home/nous/.distrrtgen/177755.part,500000,md5,mixalpha-numeric-space,1,7,0,10000
Current chain speed: 56
Percent completed: 75%
[H[2JWorking on: Part /home/nous/.distrrtgen/177755.part,500000,md5,mixalpha-numeric-space,1,7,0,10000
Current chain speed: 55
Percent completed: 75%
[H[2JWorking on: Part /home/nous/.distrrtgen/177755.part,500000,md5,mixalpha-numeric-space,1,7,0,10000
Current chain speed: 56
Percent completed: 75%
[H[2JWorking on: Part /home/nous/.distrrtgen/177755.part,500000,md5,mixalpha-numeric-space,1,7,0,10000
Current chain speed: 56
Percent completed: 75%
[H[2JWorking on: Part /home/nous/.distrrtgen/177755.part,500000,md5,mixalpha-numeric-space,1,7,0,10000
Current chain speed: 55
Percent completed: 75%
[H[2JWorking on: Part /home/nous/.distrrtgen/177755.part,500000,md5,mixalpha-numeric-space,1,7,0,10000
Current chain speed: 55
Percent completed: 75%
[H[2JWorking on: Part /home/nous/.distrrtgen/177755.part,500000,md5,mixalpha-numeric-space,1,7,0,10000
Current chain speed: 56
Percent completed: 75%
[H[2JWorking on: Part /home/nous/.distrrtgen/177755.part,500000,md5,mixalpha-numeric-space,1,7,0,10000
Current chain speed: 56
Percent completed: 75%
[H[2JWorking on: Part /home/nous/.distrrtgen/177755.part,500000,md5,mixalpha-numeric-space,1,7,0,10000
Current chain speed: 56
Percent completed: 76%
[H[2JWorking on: Part /home/nous/.distrrtgen/177755.part,500000,md5,mixalpha-numeric-space,1,7,0,10000
Current chain speed: 56
Percent completed: 76%
[H[2JWorking on: Part /home/nous/.distrrtgen/177755.part,500000,md5,mixalpha-numeric-space,1,7,0,10000
Current chain speed: 55
Percent completed: 76%
[H[2JWorking on: Part /home/nous/.distrrtgen/177755.part,500000,md5,mixalpha-numeric-space,1,7,0,10000
Current chain speed: 56
Percent completed: 76%
[H[2JWorking on: Part /home/nous/.distrrtgen/177755.part,500000,md5,mixalpha-numeric-space,1,7,0,10000
Current chain speed: 55
Percent completed: 76%
[H[2JWorking on: Part /home/nous/.distrrtgen/177755.part,500000,md5,mixalpha-numeric-space,1,7,0,10000
Current chain speed: 55
Percent completed: 76%
[H[2JWorking on: Part /home/nous/.distrrtgen/177755.part,500000,md5,mixalpha-numeric-space,1,7,0,10000
Current chain speed: 55
Percent completed: 76%
[H[2JWorking on: Part /home/nous/.distrrtgen/177755.part,500000,md5,mixalpha-numeric-space,1,7,0,10000
Current chain speed: 56
Percent completed: 76%
[H[2JWorking on: Part /home/nous/.distrrtgen/177755.part,500000,md5,mixalpha-numeric-space,1,7,0,10000
Current chain speed: 56
Percent completed: 76%
[H[2JWorking on: Part /home/nous/.distrrtgen/177755.part,500000,md5,mixalpha-numeric-space,1,7,0,10000
Current chain speed: 56
Percent completed: 77%
[H[2JWorking on: Part /home/nous/.distrrtgen/177755.part,500000,md5,mixalpha-numeric-space,1,7,0,10000
Current chain speed: 56
Percent completed: 77%
[H[2JWorking on: Part /home/nous/.distrrtgen/177755.part,500000,md5,mixalpha-numeric-space,1,7,0,10000
Current chain speed: 55
Percent completed: 77%
[H[2JWorking on: Part /home/nous/.distrrtgen/177755.part,500000,md5,mixalpha-numeric-space,1,7,0,10000
Current chain speed: 56
Percent completed: 77%
[H[2JWorking on: Part /home/nous/.distrrtgen/177755.part,500000,md5,mixalpha-numeric-space,1,7,0,10000
Current chain speed: 56
Percent completed: 77%
[H[2JWorking on: Part /home/nous/.distrrtgen/177755.part,500000,md5,mixalpha-numeric-space,1,7,0,10000
Current chain speed: 55
Percent completed: 77%
[H[2JWorking on: Part /home/nous/.distrrtgen/177755.part,500000,md5,mixalpha-numeric-space,1,7,0,10000
Current chain speed: 56
Percent completed: 77%
[H[2JWorking on: Part /home/nous/.distrrtgen/177755.part,500000,md5,mixalpha-numeric-space,1,7,0,10000
Current chain speed: 55
Percent completed: 77%
[H[2JWorking on: Part /home/nous/.distrrtgen/177755.part,500000,md5,mixalpha-numeric-space,1,7,0,10000
Current chain speed: 55
Percent completed: 77%
[H[2JWorking on: Part /home/nous/.distrrtgen/177755.part,500000,md5,mixalpha-numeric-space,1,7,0,10000
Current chain speed: 56
Percent completed: 78%
[H[2JWorking on: Part /home/nous/.distrrtgen/177755.part,500000,md5,mixalpha-numeric-space,1,7,0,10000
Current chain speed: 56
Percent completed: 78%
[H[2JWorking on: Part /home/nous/.distrrtgen/177755.part,500000,md5,mixalpha-numeric-space,1,7,0,10000
Current chain speed: 56
Percent completed: 78%
[H[2JWorking on: Part /home/nous/.distrrtgen/177755.part,500000,md5,mixalpha-numeric-space,1,7,0,10000
Current chain speed: 56
Percent completed: 78%
[H[2JWorking on: Part /home/nous/.distrrtgen/177755.part,500000,md5,mixalpha-numeric-space,1,7,0,10000
Current chain speed: 55
Percent completed: 78%
[H[2JWorking on: Part /home/nous/.distrrtgen/177755.part,500000,md5,mixalpha-numeric-space,1,7,0,10000
Current chain speed: 56
Percent completed: 78%
[H[2JWorking on: Part /home/nous/.distrrtgen/177755.part,500000,md5,mixalpha-numeric-space,1,7,0,10000
Current chain speed: 56
Percent completed: 78%
[H[2JWorking on: Part /home/nous/.distrrtgen/177755.part,500000,md5,mixalpha-numeric-space,1,7,0,10000
Current chain speed: 56
Percent completed: 78%
[H[2JWorking on: Part /home/nous/.distrrtgen/177755.part,500000,md5,mixalpha-numeric-space,1,7,0,10000
Current chain speed: 55
Percent completed: 78%
[H[2JWorking on: Part /home/nous/.distrrtgen/177755.part,500000,md5,mixalpha-numeric-space,1,7,0,10000
Current chain speed: 56
Percent completed: 79%
[H[2JWorking on: Part /home/nous/.distrrtgen/177755.part,500000,md5,mixalpha-numeric-space,1,7,0,10000
Current chain speed: 56
Percent completed: 79%
[H[2JWorking on: Part /home/nous/.distrrtgen/177755.part,500000,md5,mixalpha-numeric-space,1,7,0,10000
Current chain speed: 56
Percent completed: 79%
[H[2JWorking on: Part /home/nous/.distrrtgen/177755.part,500000,md5,mixalpha-numeric-space,1,7,0,10000
Current chain speed: 56
Percent completed: 79%
[H[2JWorking on: Part /home/nous/.distrrtgen/177755.part,500000,md5,mixalpha-numeric-space,1,7,0,10000
Current chain speed: 56
Percent completed: 79%
[H[2JWorking on: Part /home/nous/.distrrtgen/177755.part,500000,md5,mixalpha-numeric-space,1,7,0,10000
Current chain speed: 56
Percent completed: 79%
[H[2JWorking on: Part /home/nous/.distrrtgen/177755.part,500000,md5,mixalpha-numeric-space,1,7,0,10000
Current chain speed: 55
Percent completed: 79%
[H[2JWorking on: Part /home/nous/.distrrtgen/177755.part,500000,md5,mixalpha-numeric-space,1,7,0,10000
Current chain speed: 56
Percent completed: 79%
[H[2JWorking on: Part /home/nous/.distrrtgen/177755.part,500000,md5,mixalpha-numeric-space,1,7,0,10000
Current chain speed: 56
Percent completed: 79%
[H[2JWorking on: Part /home/nous/.distrrtgen/177755.part,500000,md5,mixalpha-numeric-space,1,7,0,10000
Current chain speed: 56
Percent completed: 80%
[H[2JWorking on: Part /home/nous/.distrrtgen/177755.part,500000,md5,mixalpha-numeric-space,1,7,0,10000
Current chain speed: 55
Percent completed: 80%
[H[2JWorking on: Part /home/nous/.distrrtgen/177755.part,500000,md5,mixalpha-numeric-space,1,7,0,10000
Current chain speed: 56
Percent completed: 80%
[H[2JWorking on: Part /home/nous/.distrrtgen/177755.part,500000,md5,mixalpha-numeric-space,1,7,0,10000
Current chain speed: 55
Percent completed: 80%
[H[2JWorking on: Part /home/nous/.distrrtgen/177755.part,500000,md5,mixalpha-numeric-space,1,7,0,10000
Current chain speed: 56
Percent completed: 80%
[H[2JWorking on: Part /home/nous/.distrrtgen/177755.part,500000,md5,mixalpha-numeric-space,1,7,0,10000
Current chain speed: 56
Percent completed: 80%
[H[2JWorking on: Part /home/nous/.distrrtgen/177755.part,500000,md5,mixalpha-numeric-space,1,7,0,10000
Current chain speed: 55
Percent completed: 80%
[H[2JWorking on: Part /home/nous/.distrrtgen/177755.part,500000,md5,mixalpha-numeric-space,1,7,0,10000
Current chain speed: 56
Percent completed: 80%
[H[2JWorking on: Part /home/nous/.distrrtgen/177755.part,500000,md5,mixalpha-numeric-space,1,7,0,10000
Current chain speed: 56
Percent completed: 80%
[H[2JWorking on: Part /home/nous/.distrrtgen/177755.part,500000,md5,mixalpha-numeric-space,1,7,0,10000
Current chain speed: 56
Percent completed: 81%
[H[2JWorking on: Part /home/nous/.distrrtgen/177755.part,500000,md5,mixalpha-numeric-space,1,7,0,10000
Current chain speed: 56
Percent completed: 81%
[H[2JWorking on: Part /home/nous/.distrrtgen/177755.part,500000,md5,mixalpha-numeric-space,1,7,0,10000
Current chain speed: 56
Percent completed: 81%
[H[2JWorking on: Part /home/nous/.distrrtgen/177755.part,500000,md5,mixalpha-numeric-space,1,7,0,10000
Current chain speed: 56
Percent completed: 81%
[H[2JWorking on: Part /home/nous/.distrrtgen/177755.part,500000,md5,mixalpha-numeric-space,1,7,0,10000
Current chain speed: 55
Percent completed: 81%
[H[2JWorking on: Part /home/nous/.distrrtgen/177755.part,500000,md5,mixalpha-numeric-space,1,7,0,10000
Current chain speed: 55
Percent completed: 81%
[H[2JWorking on: Part /home/nous/.distrrtgen/177755.part,500000,md5,mixalpha-numeric-space,1,7,0,10000
Current chain speed: 56
Percent completed: 81%
[H[2JWorking on: Part /home/nous/.distrrtgen/177755.part,500000,md5,mixalpha-numeric-space,1,7,0,10000
Current chain speed: 56
Percent completed: 81%
[H[2JWorking on: Part /home/nous/.distrrtgen/177755.part,500000,md5,mixalpha-numeric-space,1,7,0,10000
Current chain speed: 56
Percent completed: 81%
[H[2JWorking on: Part /home/nous/.distrrtgen/177755.part,500000,md5,mixalpha-numeric-space,1,7,0,10000
Current chain speed: 56
Percent completed: 82%
[H[2JWorking on: Part /home/nous/.distrrtgen/177755.part,500000,md5,mixalpha-numeric-space,1,7,0,10000
Current chain speed: 56
Percent completed: 82%
[H[2JWorking on: Part /home/nous/.distrrtgen/177755.part,500000,md5,mixalpha-numeric-space,1,7,0,10000
Current chain speed: 56
Percent completed: 82%
[H[2JWorking on: Part /home/nous/.distrrtgen/177755.part,500000,md5,mixalpha-numeric-space,1,7,0,10000
Current chain speed: 55
Percent completed: 82%
[H[2JWorking on: Part /home/nous/.distrrtgen/177755.part,500000,md5,mixalpha-numeric-space,1,7,0,10000
Current chain speed: 56
Percent completed: 82%
[H[2JWorking on: Part /home/nous/.distrrtgen/177755.part,500000,md5,mixalpha-numeric-space,1,7,0,10000
Current chain speed: 55
Percent completed: 82%
[H[2JWorking on: Part /home/nous/.distrrtgen/177755.part,500000,md5,mixalpha-numeric-space,1,7,0,10000
Current chain speed: 56
Percent completed: 82%
[H[2JWorking on: Part /home/nous/.distrrtgen/177755.part,500000,md5,mixalpha-numeric-space,1,7,0,10000
Current chain speed: 56
Percent completed: 82%
[H[2JWorking on: Part /home/nous/.distrrtgen/177755.part,500000,md5,mixalpha-numeric-space,1,7,0,10000
Current chain speed: 56
Percent completed: 82%
[H[2JWorking on: Part /home/nous/.distrrtgen/177755.part,500000,md5,mixalpha-numeric-space,1,7,0,10000
Current chain speed: 55
Percent completed: 83%
[H[2JWorking on: Part /home/nous/.distrrtgen/177755.part,500000,md5,mixalpha-numeric-space,1,7,0,10000
Current chain speed: 55
Percent completed: 83%
[H[2JWorking on: Part /home/nous/.distrrtgen/177755.part,500000,md5,mixalpha-numeric-space,1,7,0,10000
Current chain speed: 56
Percent completed: 83%
[H[2JWorking on: Part /home/nous/.distrrtgen/177755.part,500000,md5,mixalpha-numeric-space,1,7,0,10000
Current chain speed: 55
Percent completed: 83%
[H[2JWorking on: Part /home/nous/.distrrtgen/177755.part,500000,md5,mixalpha-numeric-space,1,7,0,10000
Current chain speed: 55
Percent completed: 83%
[H[2JWorking on: Part /home/nous/.distrrtgen/177755.part,500000,md5,mixalpha-numeric-space,1,7,0,10000
Current chain speed: 56
Percent completed: 83%
[H[2JWorking on: Part /home/nous/.distrrtgen/177755.part,500000,md5,mixalpha-numeric-space,1,7,0,10000
Current chain speed: 55
Percent completed: 83%
[H[2JWorking on: Part /home/nous/.distrrtgen/177755.part,500000,md5,mixalpha-numeric-space,1,7,0,10000
Current chain speed: 55
Percent completed: 83%
[H[2JWorking on: Part /home/nous/.distrrtgen/177755.part,500000,md5,mixalpha-numeric-space,1,7,0,10000
Current chain speed: 55
Percent completed: 84%
[H[2JWorking on: Part /home/nous/.distrrtgen/177755.part,500000,md5,mixalpha-numeric-space,1,7,0,10000
Current chain speed: 56
Percent completed: 84%
[H[2JWorking on: Part /home/nous/.distrrtgen/177755.part,500000,md5,mixalpha-numeric-space,1,7,0,10000
Current chain speed: 56
Percent completed: 84%
[H[2JWorking on: Part /home/nous/.distrrtgen/177755.part,500000,md5,mixalpha-numeric-space,1,7,0,10000
Current chain speed: 55
Percent completed: 84%
[H[2JWorking on: Part /home/nous/.distrrtgen/177755.part,500000,md5,mixalpha-numeric-space,1,7,0,10000
Current chain speed: 55
Percent completed: 84%
[H[2JWorking on: Part /home/nous/.distrrtgen/177755.part,500000,md5,mixalpha-numeric-space,1,7,0,10000
Current chain speed: 56
Percent completed: 84%
[H[2JWorking on: Part /home/nous/.distrrtgen/177755.part,500000,md5,mixalpha-numeric-space,1,7,0,10000
Current chain speed: 55
Percent completed: 84%
[H[2JWorking on: Part /home/nous/.distrrtgen/177755.part,500000,md5,mixalpha-numeric-space,1,7,0,10000
Current chain speed: 56
Percent completed: 84%
[H[2JWorking on: Part /home/nous/.distrrtgen/177755.part,500000,md5,mixalpha-numeric-space,1,7,0,10000
Current chain speed: 55
Percent completed: 84%
[H[2JWorking on: Part /home/nous/.distrrtgen/177755.part,500000,md5,mixalpha-numeric-space,1,7,0,10000
Current chain speed: 56
Percent completed: 85%
[H[2JWorking on: Part /home/nous/.distrrtgen/177755.part,500000,md5,mixalpha-numeric-space,1,7,0,10000
Current chain speed: 55
Percent completed: 85%
[H[2JWorking on: Part /home/nous/.distrrtgen/177755.part,500000,md5,mixalpha-numeric-space,1,7,0,10000
Current chain speed: 55
Percent completed: 85%
[H[2JWorking on: Part /home/nous/.distrrtgen/177755.part,500000,md5,mixalpha-numeric-space,1,7,0,10000
Current chain speed: 56
Percent completed: 85%
[H[2JWorking on: Part /home/nous/.distrrtgen/177755.part,500000,md5,mixalpha-numeric-space,1,7,0,10000
Current chain speed: 56
Percent completed: 85%
[H[2JWorking on: Part /home/nous/.distrrtgen/177755.part,500000,md5,mixalpha-numeric-space,1,7,0,10000
Current chain speed: 55
Percent completed: 85%
[H[2JWorking on: Part /home/nous/.distrrtgen/177755.part,500000,md5,mixalpha-numeric-space,1,7,0,10000
Current chain speed: 55
Percent completed: 85%
[H[2JWorking on: Part /home/nous/.distrrtgen/177755.part,500000,md5,mixalpha-numeric-space,1,7,0,10000
Current chain speed: 56
Percent completed: 85%
[H[2JWorking on: Part /home/nous/.distrrtgen/177755.part,500000,md5,mixalpha-numeric-space,1,7,0,10000
Current chain speed: 56
Percent completed: 85%
[H[2JWorking on: Part /home/nous/.distrrtgen/177755.part,500000,md5,mixalpha-numeric-space,1,7,0,10000
Current chain speed: 55
Percent completed: 86%
[H[2JWorking on: Part /home/nous/.distrrtgen/177755.part,500000,md5,mixalpha-numeric-space,1,7,0,10000
Current chain speed: 55
Percent completed: 86%
[H[2JWorking on: Part /home/nous/.distrrtgen/177755.part,500000,md5,mixalpha-numeric-space,1,7,0,10000
Current chain speed: 55
Percent completed: 86%
[H[2JWorking on: Part /home/nous/.distrrtgen/177755.part,500000,md5,mixalpha-numeric-space,1,7,0,10000
Current chain speed: 56
Percent completed: 86%
[H[2JWorking on: Part /home/nous/.distrrtgen/177755.part,500000,md5,mixalpha-numeric-space,1,7,0,10000
Current chain speed: 55
Percent completed: 86%
[H[2JWorking on: Part /home/nous/.distrrtgen/177755.part,500000,md5,mixalpha-numeric-space,1,7,0,10000
Current chain speed: 56
Percent completed: 86%
[H[2JWorking on: Part /home/nous/.distrrtgen/177755.part,500000,md5,mixalpha-numeric-space,1,7,0,10000
Current chain speed: 56
Percent completed: 86%
[H[2JWorking on: Part /home/nous/.distrrtgen/177755.part,500000,md5,mixalpha-numeric-space,1,7,0,10000
Current chain speed: 56
Percent completed: 86%
[H[2JWorking on: Part /home/nous/.distrrtgen/177755.part,500000,md5,mixalpha-numeric-space,1,7,0,10000
Current chain speed: 56
Percent completed: 86%
[H[2JWorking on: Part /home/nous/.distrrtgen/177755.part,500000,md5,mixalpha-numeric-space,1,7,0,10000
Current chain speed: 56
Percent completed: 87%
[H[2JWorking on: Part /home/nous/.distrrtgen/177755.part,500000,md5,mixalpha-numeric-space,1,7,0,10000
Current chain speed: 56
Percent completed: 87%
[H[2JWorking on: Part /home/nous/.distrrtgen/177755.part,500000,md5,mixalpha-numeric-space,1,7,0,10000
Current chain speed: 55
Percent completed: 87%
[H[2JWorking on: Part /home/nous/.distrrtgen/177755.part,500000,md5,mixalpha-numeric-space,1,7,0,10000
Current chain speed: 56
Percent completed: 87%
[H[2JWorking on: Part /home/nous/.distrrtgen/177755.part,500000,md5,mixalpha-numeric-space,1,7,0,10000
Current chain speed: 56
Percent completed: 87%
[H[2JWorking on: Part /home/nous/.distrrtgen/177755.part,500000,md5,mixalpha-numeric-space,1,7,0,10000
Current chain speed: 56
Percent completed: 87%
[H[2JWorking on: Part /home/nous/.distrrtgen/177755.part,500000,md5,mixalpha-numeric-space,1,7,0,10000
Current chain speed: 56
Percent completed: 87%
[H[2JWorking on: Part /home/nous/.distrrtgen/177755.part,500000,md5,mixalpha-numeric-space,1,7,0,10000
Current chain speed: 56
Percent completed: 87%
[H[2JWorking on: Part /home/nous/.distrrtgen/177755.part,500000,md5,mixalpha-numeric-space,1,7,0,10000
Current chain speed: 55
Percent completed: 87%
[H[2JWorking on: Part /home/nous/.distrrtgen/177755.part,500000,md5,mixalpha-numeric-space,1,7,0,10000
Current chain speed: 56
Percent completed: 88%
[H[2JWorking on: Part /home/nous/.distrrtgen/177755.part,500000,md5,mixalpha-numeric-space,1,7,0,10000
Current chain speed: 56
Percent completed: 88%
[H[2JWorking on: Part /home/nous/.distrrtgen/177755.part,500000,md5,mixalpha-numeric-space,1,7,0,10000
Current chain speed: 56
Percent completed: 88%
[H[2JWorking on: Part /home/nous/.distrrtgen/177755.part,500000,md5,mixalpha-numeric-space,1,7,0,10000
Current chain speed: 56
Percent completed: 88%
[H[2JWorking on: Part /home/nous/.distrrtgen/177755.part,500000,md5,mixalpha-numeric-space,1,7,0,10000
Current chain speed: 56
Percent completed: 88%
[H[2JWorking on: Part /home/nous/.distrrtgen/177755.part,500000,md5,mixalpha-numeric-space,1,7,0,10000
Current chain speed: 56
Percent completed: 88%
[H[2JWorking on: Part /home/nous/.distrrtgen/177755.part,500000,md5,mixalpha-numeric-space,1,7,0,10000
Current chain speed: 55
Percent completed: 88%
[H[2JWorking on: Part /home/nous/.distrrtgen/177755.part,500000,md5,mixalpha-numeric-space,1,7,0,10000
Current chain speed: 56
Percent completed: 88%
[H[2JWorking on: Part /home/nous/.distrrtgen/177755.part,500000,md5,mixalpha-numeric-space,1,7,0,10000
Current chain speed: 56
Percent completed: 88%
[H[2JWorking on: Part /home/nous/.distrrtgen/177755.part,500000,md5,mixalpha-numeric-space,1,7,0,10000
Current chain speed: 56
Percent completed: 89%
[H[2JWorking on: Part /home/nous/.distrrtgen/177755.part,500000,md5,mixalpha-numeric-space,1,7,0,10000
Current chain speed: 56
Percent completed: 89%
[H[2JWorking on: Part /home/nous/.distrrtgen/177755.part,500000,md5,mixalpha-numeric-space,1,7,0,10000
Current chain speed: 55
Percent completed: 89%
[H[2JWorking on: Part /home/nous/.distrrtgen/177755.part,500000,md5,mixalpha-numeric-space,1,7,0,10000
Current chain speed: 56
Percent completed: 89%
[H[2JWorking on: Part /home/nous/.distrrtgen/177755.part,500000,md5,mixalpha-numeric-space,1,7,0,10000
Current chain speed: 55
Percent completed: 89%
[H[2JWorking on: Part /home/nous/.distrrtgen/177755.part,500000,md5,mixalpha-numeric-space,1,7,0,10000
Current chain speed: 56
Percent completed: 89%
[H[2JWorking on: Part /home/nous/.distrrtgen/177755.part,500000,md5,mixalpha-numeric-space,1,7,0,10000
Current chain speed: 56
Percent completed: 89%
[H[2JWorking on: Part /home/nous/.distrrtgen/177755.part,500000,md5,mixalpha-numeric-space,1,7,0,10000
Current chain speed: 55
Percent completed: 89%
[H[2JWorking on: Part /home/nous/.distrrtgen/177755.part,500000,md5,mixalpha-numeric-space,1,7,0,10000
Current chain speed: 55
Percent completed: 89%
[H[2JWorking on: Part /home/nous/.distrrtgen/177755.part,500000,md5,mixalpha-numeric-space,1,7,0,10000
Current chain speed: 55
Percent completed: 90%
[H[2JWorking on: Part /home/nous/.distrrtgen/177755.part,500000,md5,mixalpha-numeric-space,1,7,0,10000
Current chain speed: 56
Percent completed: 90%
[H[2JWorking on: Part /home/nous/.distrrtgen/177755.part,500000,md5,mixalpha-numeric-space,1,7,0,10000
Current chain speed: 56
Percent completed: 90%
[H[2JWorking on: Part /home/nous/.distrrtgen/177755.part,500000,md5,mixalpha-numeric-space,1,7,0,10000
Current chain speed: 55
Percent completed: 90%
[H[2JWorking on: Part /home/nous/.distrrtgen/177755.part,500000,md5,mixalpha-numeric-space,1,7,0,10000
Current chain speed: 55
Percent completed: 90%
[H[2JWorking on: Part /home/nous/.distrrtgen/177755.part,500000,md5,mixalpha-numeric-space,1,7,0,10000
Current chain speed: 55
Percent completed: 90%
[H[2JWorking on: Part /home/nous/.distrrtgen/177755.part,500000,md5,mixalpha-numeric-space,1,7,0,10000
Current chain speed: 56
Percent completed: 90%
[H[2JWorking on: Part /home/nous/.distrrtgen/177755.part,500000,md5,mixalpha-numeric-space,1,7,0,10000
Current chain speed: 55
Percent completed: 90%
[H[2JWorking on: Part /home/nous/.distrrtgen/177755.part,500000,md5,mixalpha-numeric-space,1,7,0,10000
Current chain speed: 55
Percent completed: 90%
[H[2JWorking on: Part /home/nous/.distrrtgen/177755.part,500000,md5,mixalpha-numeric-space,1,7,0,10000
Current chain speed: 56
Percent completed: 91%
[H[2JWorking on: Part /home/nous/.distrrtgen/177755.part,500000,md5,mixalpha-numeric-space,1,7,0,10000
Current chain speed: 56
Percent completed: 91%
[H[2JWorking on: Part /home/nous/.distrrtgen/177755.part,500000,md5,mixalpha-numeric-space,1,7,0,10000
Current chain speed: 56
Percent completed: 91%
[H[2JWorking on: Part /home/nous/.distrrtgen/177755.part,500000,md5,mixalpha-numeric-space,1,7,0,10000
Current chain speed: 56
Percent completed: 91%
[H[2JWorking on: Part /home/nous/.distrrtgen/177755.part,500000,md5,mixalpha-numeric-space,1,7,0,10000
Current chain speed: 56
Percent completed: 91%
[H[2JWorking on: Part /home/nous/.distrrtgen/177755.part,500000,md5,mixalpha-numeric-space,1,7,0,10000
Current chain speed: 56
Percent completed: 91%
[H[2JWorking on: Part /home/nous/.distrrtgen/177755.part,500000,md5,mixalpha-numeric-space,1,7,0,10000
Current chain speed: 56
Percent completed: 91%
[H[2JWorking on: Part /home/nous/.distrrtgen/177755.part,500000,md5,mixalpha-numeric-space,1,7,0,10000
Current chain speed: 56
Percent completed: 91%
[H[2JWorking on: Part /home/nous/.distrrtgen/177755.part,500000,md5,mixalpha-numeric-space,1,7,0,10000
Current chain speed: 56
Percent completed: 91%
[H[2JWorking on: Part /home/nous/.distrrtgen/177755.part,500000,md5,mixalpha-numeric-space,1,7,0,10000
Current chain speed: 56
Percent completed: 92%
[H[2JWorking on: Part /home/nous/.distrrtgen/177755.part,500000,md5,mixalpha-numeric-space,1,7,0,10000
Current chain speed: 55
Percent completed: 92%
[H[2JWorking on: Part /home/nous/.distrrtgen/177755.part,500000,md5,mixalpha-numeric-space,1,7,0,10000
Current chain speed: 56
Percent completed: 92%
[H[2JWorking on: Part /home/nous/.distrrtgen/177755.part,500000,md5,mixalpha-numeric-space,1,7,0,10000
Current chain speed: 56
Percent completed: 92%
[H[2JWorking on: Part /home/nous/.distrrtgen/177755.part,500000,md5,mixalpha-numeric-space,1,7,0,10000
Current chain speed: 55
Percent completed: 92%
[H[2JWorking on: Part /home/nous/.distrrtgen/177755.part,500000,md5,mixalpha-numeric-space,1,7,0,10000
Current chain speed: 55
Percent completed: 92%
[H[2JWorking on: Part /home/nous/.distrrtgen/177755.part,500000,md5,mixalpha-numeric-space,1,7,0,10000
Current chain speed: 56
Percent completed: 92%
[H[2JWorking on: Part /home/nous/.distrrtgen/177755.part,500000,md5,mixalpha-numeric-space,1,7,0,10000
Current chain speed: 55
Percent completed: 92%
[H[2JWorking on: Part /home/nous/.distrrtgen/177755.part,500000,md5,mixalpha-numeric-space,1,7,0,10000
Current chain speed: 56
Percent completed: 92%
[H[2JWorking on: Part /home/nous/.distrrtgen/177755.part,500000,md5,mixalpha-numeric-space,1,7,0,10000
Current chain speed: 56
Percent completed: 93%
[H[2JWorking on: Part /home/nous/.distrrtgen/177755.part,500000,md5,mixalpha-numeric-space,1,7,0,10000
Current chain speed: 55
Percent completed: 93%
[H[2JWorking on: Part /home/nous/.distrrtgen/177755.part,500000,md5,mixalpha-numeric-space,1,7,0,10000
Current chain speed: 56
Percent completed: 93%
[H[2JWorking on: Part /home/nous/.distrrtgen/177755.part,500000,md5,mixalpha-numeric-space,1,7,0,10000
Current chain speed: 55
Percent completed: 93%
[H[2JWorking on: Part /home/nous/.distrrtgen/177755.part,500000,md5,mixalpha-numeric-space,1,7,0,10000
Current chain speed: 56
Percent completed: 93%
[H[2JWorking on: Part /home/nous/.distrrtgen/177755.part,500000,md5,mixalpha-numeric-space,1,7,0,10000
Current chain speed: 55
Percent completed: 93%
[H[2JWorking on: Part /home/nous/.distrrtgen/177755.part,500000,md5,mixalpha-numeric-space,1,7,0,10000
Current chain speed: 55
Percent completed: 93%
[H[2JWorking on: Part /home/nous/.distrrtgen/177755.part,500000,md5,mixalpha-numeric-space,1,7,0,10000
Current chain speed: 56
Percent completed: 93%
[H[2JWorking on: Part /home/nous/.distrrtgen/177755.part,500000,md5,mixalpha-numeric-space,1,7,0,10000
Current chain speed: 56
Percent completed: 93%
[H[2JWorking on: Part /home/nous/.distrrtgen/177755.part,500000,md5,mixalpha-numeric-space,1,7,0,10000
Current chain speed: 56
Percent completed: 94%
[H[2JWorking on: Part /home/nous/.distrrtgen/177755.part,500000,md5,mixalpha-numeric-space,1,7,0,10000
Current chain speed: 56
Percent completed: 94%
[H[2JWorking on: Part /home/nous/.distrrtgen/177755.part,500000,md5,mixalpha-numeric-space,1,7,0,10000
Current chain speed: 55
Percent completed: 94%
[H[2JWorking on: Part /home/nous/.distrrtgen/177755.part,500000,md5,mixalpha-numeric-space,1,7,0,10000
Current chain speed: 55
Percent completed: 94%
[H[2JWorking on: Part /home/nous/.distrrtgen/177755.part,500000,md5,mixalpha-numeric-space,1,7,0,10000
Current chain speed: 55
Percent completed: 94%
[H[2JWorking on: Part /home/nous/.distrrtgen/177755.part,500000,md5,mixalpha-numeric-space,1,7,0,10000
Current chain speed: 55
Percent completed: 94%
[H[2JWorking on: Part /home/nous/.distrrtgen/177755.part,500000,md5,mixalpha-numeric-space,1,7,0,10000
Current chain speed: 56
Percent completed: 94%
[H[2JWorking on: Part /home/nous/.distrrtgen/177755.part,500000,md5,mixalpha-numeric-space,1,7,0,10000
Current chain speed: 56
Percent completed: 94%
[H[2JWorking on: Part /home/nous/.distrrtgen/177755.part,500000,md5,mixalpha-numeric-space,1,7,0,10000
Current chain speed: 56
Percent completed: 94%
[H[2JWorking on: Part /home/nous/.distrrtgen/177755.part,500000,md5,mixalpha-numeric-space,1,7,0,10000
Current chain speed: 56
Percent completed: 95%
[H[2JWorking on: Part /home/nous/.distrrtgen/177755.part,500000,md5,mixalpha-numeric-space,1,7,0,10000
Current chain speed: 56
Percent completed: 95%
[H[2JWorking on: Part /home/nous/.distrrtgen/177755.part,500000,md5,mixalpha-numeric-space,1,7,0,10000
Current chain speed: 55
Percent completed: 95%
[H[2JWorking on: Part /home/nous/.distrrtgen/177755.part,500000,md5,mixalpha-numeric-space,1,7,0,10000
Current chain speed: 56
Percent completed: 95%
[H[2JWorking on: Part /home/nous/.distrrtgen/177755.part,500000,md5,mixalpha-numeric-space,1,7,0,10000
Current chain speed: 56
Percent completed: 95%
[H[2JWorking on: Part /home/nous/.distrrtgen/177755.part,500000,md5,mixalpha-numeric-space,1,7,0,10000
Current chain speed: 55
Percent completed: 95%
[H[2JWorking on: Part /home/nous/.distrrtgen/177755.part,500000,md5,mixalpha-numeric-space,1,7,0,10000
Current chain speed: 56
Percent completed: 95%
[H[2JWorking on: Part /home/nous/.distrrtgen/177755.part,500000,md5,mixalpha-numeric-space,1,7,0,10000
Current chain speed: 55
Percent completed: 95%
[H[2JWorking on: Part /home/nous/.distrrtgen/177755.part,500000,md5,mixalpha-numeric-space,1,7,0,10000
Current chain speed: 56
Percent completed: 96%
[H[2JWorking on: Part /home/nous/.distrrtgen/177755.part,500000,md5,mixalpha-numeric-space,1,7,0,10000
Current chain speed: 56
Percent completed: 96%
[H[2JWorking on: Part /home/nous/.distrrtgen/177755.part,500000,md5,mixalpha-numeric-space,1,7,0,10000
Current chain speed: 56
Percent completed: 96%
[H[2JWorking on: Part /home/nous/.distrrtgen/177755.part,500000,md5,mixalpha-numeric-space,1,7,0,10000
Current chain speed: 55
Percent completed: 96%
[H[2JWorking on: Part /home/nous/.distrrtgen/177755.part,500000,md5,mixalpha-numeric-space,1,7,0,10000
Current chain speed: 56
Percent completed: 96%
[H[2JWorking on: Part /home/nous/.distrrtgen/177755.part,500000,md5,mixalpha-numeric-space,1,7,0,10000
Current chain speed: 55
Percent completed: 96%
[H[2JWorking on: Part /home/nous/.distrrtgen/177755.part,500000,md5,mixalpha-numeric-space,1,7,0,10000
Current chain speed: 56
Percent completed: 96%
[H[2JWorking on: Part /home/nous/.distrrtgen/177755.part,500000,md5,mixalpha-numeric-space,1,7,0,10000
Current chain speed: 56
Percent completed: 96%
[H[2JWorking on: Part /home/nous/.distrrtgen/177755.part,500000,md5,mixalpha-numeric-space,1,7,0,10000
Current chain speed: 56
Percent completed: 96%
[H[2JWorking on: Part /home/nous/.distrrtgen/177755.part,500000,md5,mixalpha-numeric-space,1,7,0,10000
Current chain speed: 56
Percent completed: 96%
[H[2JWorking on: Part /home/nous/.distrrtgen/177755.part,500000,md5,mixalpha-numeric-space,1,7,0,10000
Current chain speed: 55
Percent completed: 97%
[H[2JWorking on: Part /home/nous/.distrrtgen/177755.part,500000,md5,mixalpha-numeric-space,1,7,0,10000
Current chain speed: 56
Percent completed: 97%
[H[2JWorking on: Part /home/nous/.distrrtgen/177755.part,500000,md5,mixalpha-numeric-space,1,7,0,10000
Current chain speed: 55
Percent completed: 97%
[H[2JWorking on: Part /home/nous/.distrrtgen/177755.part,500000,md5,mixalpha-numeric-space,1,7,0,10000
Current chain speed: 56
Percent completed: 97%
[H[2JWorking on: Part /home/nous/.distrrtgen/177755.part,500000,md5,mixalpha-numeric-space,1,7,0,10000
Current chain speed: 56
Percent completed: 97%
[H[2JWorking on: Part /home/nous/.distrrtgen/177755.part,500000,md5,mixalpha-numeric-space,1,7,0,10000
Current chain speed: 55
Percent completed: 97%
[H[2JWorking on: Part /home/nous/.distrrtgen/177755.part,500000,md5,mixalpha-numeric-space,1,7,0,10000
Current chain speed: 56
Percent completed: 97%
[H[2JWorking on: Part /home/nous/.distrrtgen/177755.part,500000,md5,mixalpha-numeric-space,1,7,0,10000
Current chain speed: 56
Percent completed: 97%
[H[2JWorking on: Part /home/nous/.distrrtgen/177755.part,500000,md5,mixalpha-numeric-space,1,7,0,10000
Current chain speed: 56
Percent completed: 98%
[H[2JWorking on: Part /home/nous/.distrrtgen/177755.part,500000,md5,mixalpha-numeric-space,1,7,0,10000
Current chain speed: 55
Percent completed: 98%
[H[2JWorking on: Part /home/nous/.distrrtgen/177755.part,500000,md5,mixalpha-numeric-space,1,7,0,10000
Current chain speed: 55
Percent completed: 98%
[H[2JWorking on: Part /home/nous/.distrrtgen/177755.part,500000,md5,mixalpha-numeric-space,1,7,0,10000
Current chain speed: 55
Percent completed: 98%
[H[2JWorking on: Part /home/nous/.distrrtgen/177755.part,500000,md5,mixalpha-numeric-space,1,7,0,10000
Current chain speed: 55
Percent completed: 98%
[H[2JWorking on: Part /home/nous/.distrrtgen/177755.part,500000,md5,mixalpha-numeric-space,1,7,0,10000
Current chain speed: 55
Percent completed: 98%
[H[2JWorking on: Part /home/nous/.distrrtgen/177755.part,500000,md5,mixalpha-numeric-space,1,7,0,10000
Current chain speed: 55
Percent completed: 98%
[H[2JWorking on: Part /home/nous/.distrrtgen/177755.part,500000,md5,mixalpha-numeric-space,1,7,0,10000
Current chain speed: 55
Percent completed: 98%
[H[2JWorking on: Part /home/nous/.distrrtgen/177755.part,500000,md5,mixalpha-numeric-space,1,7,0,10000
Current chain speed: 55
Percent completed: 98%
[H[2JWorking on: Part /home/nous/.distrrtgen/177755.part,500000,md5,mixalpha-numeric-space,1,7,0,10000
Current chain speed: 55
Percent completed: 99%
[H[2JWorking on: Part /home/nous/.distrrtgen/177755.part,500000,md5,mixalpha-numeric-space,1,7,0,10000
Current chain speed: 56
Percent completed: 99%
[H[2JWorking on: Part /home/nous/.distrrtgen/177755.part,500000,md5,mixalpha-numeric-space,1,7,0,10000
Current chain speed: 55
Percent completed: 99%
[H[2JWorking on: Part /home/nous/.distrrtgen/177755.part,500000,md5,mixalpha-numeric-space,1,7,0,10000
Current chain speed: 56
Percent completed: 99%
[H[2JWorking on: Part /home/nous/.distrrtgen/177755.part,500000,md5,mixalpha-numeric-space,1,7,0,10000
Current chain speed: 55
Percent completed: 99%
[H[2JWorking on: Part /home/nous/.distrrtgen/177755.part,500000,md5,mixalpha-numeric-space,1,7,0,10000
Current chain speed: 55
Percent completed: 99%
[H[2JWorking on: Part /home/nous/.distrrtgen/177755.part,500000,md5,mixalpha-numeric-space,1,7,0,10000
Current chain speed: 56
Percent completed: 99%
[H[2JWorking on: Part /home/nous/.distrrtgen/177755.part,500000,md5,mixalpha-numeric-space,1,7,0,10000
Current chain speed: 55
Percent completed: 99%
[H[2JWorking on: Part /home/nous/.distrrtgen/177755.part,500000,md5,mixalpha-numeric-space,1,7,0,10000
Current chain speed: 55
Percent completed: 99%
[H[2JWorking on: Part /home/nous/.distrrtgen/177755.part,500000,md5,mixalpha-numeric-space,1,7,0,10000
Current chain speed: 56
Percent completed: 1e+02%
[H[2JWorking on: Part /home/nous/.distrrtgen/177755.part,500000,md5,mixalpha-numeric-space,1,7,0,10000
Current chain speed: 56
Percent completed: 1e+02%
[H[2JWorking on: Part /home/nous/.distrrtgen/177755.part,500000,md5,mixalpha-numeric-space,1,7,0,10000
Current chain speed: 55
Percent completed: 1e+02%
[H[2JWorking on: Part /home/nous/.distrrtgen/177755.part,500000,md5,mixalpha-numeric-space,1,7,0,10000
Current chain speed: 55
Percent completed: 1e+02%
[H[2JWorking on: Part /home/nous/.distrrtgen/177755.part,500000,md5,mixalpha-numeric-space,1,7,0,10000
Current chain speed: 56
Percent completed: 1e+02%
Calculations of part 177755 completed. Sending data...
Uploading part : 177755.part
Data delivered!
Connecting to server...OK
Performing logon...OK
Requesting work... 
 
Received PartID n° : 178155
Loading WorkUnit Details
work received !
Starting multithreaded rainbowtable generator...
[H[2Jhash routine: md5
hash length: 16
plain charset: abcdefghijklmnopqrstuvwxyzABCDEFGHIJKLMNOPQRSTUVWXYZ0123456789 
plain charset in hex: 61 62 63 64 65 66 67 68 69 6a 6b 6c 6d 6e 6f 70 71 72 73 74 75 76 77 78 79 7a 41 42 43 44 45 46 47 48 49 4a 4b 4c 4d 4e 4f 50 51 52 53 54 55 56 57 58 59 5a 30 31 32 33 34 35 36 37 38 39 20 
plain length range: 1 - 7
plain charset name: mixalpha-numeric-space
plain space total: 4002512584959
rainbow table index: 0
reduce offset: 0

Working on: Part /home/nous/.distrrtgen/178155.part,500000,md5,mixalpha-numeric-space,1,7,0,10000
Current chain speed: 51
Percent completed: 0.1%
[H[2JWorking on: Part /home/nous/.distrrtgen/178155.part,500000,md5,mixalpha-numeric-space,1,7,0,10000
Current chain speed: 55
Percent completed: 0.2%
[H[2JWorking on: Part /home/nous/.distrrtgen/178155.part,500000,md5,mixalpha-numeric-space,1,7,0,10000
Current chain speed: 55
Percent completed: 0.32%
[H[2JWorking on: Part /home/nous/.distrrtgen/178155.part,500000,md5,mixalpha-numeric-space,1,7,0,10000
Current chain speed: 55
Percent completed: 0.42%
[H[2JWorking on: Part /home/nous/.distrrtgen/178155.part,500000,md5,mixalpha-numeric-space,1,7,0,10000
Current chain speed: 56
Percent completed: 0.54%
[H[2JWorking on: Part /home/nous/.distrrtgen/178155.part,500000,md5,mixalpha-numeric-space,1,7,0,10000
Current chain speed: 55
Percent completed: 0.64%
[H[2JWorking on: Part /home/nous/.distrrtgen/178155.part,500000,md5,mixalpha-numeric-space,1,7,0,10000
Current chain speed: 56
Percent completed: 0.76%
[H[2JWorking on: Part /home/nous/.distrrtgen/178155.part,500000,md5,mixalpha-numeric-space,1,7,0,10000
Current chain speed: 55
Percent completed: 0.88%
[H[2JWorking on: Part /home/nous/.distrrtgen/178155.part,500000,md5,mixalpha-numeric-space,1,7,0,10000
Current chain speed: 56
Percent completed: 0.98%
[H[2JWorking on: Part /home/nous/.distrrtgen/178155.part,500000,md5,mixalpha-numeric-space,1,7,0,10000
Current chain speed: 55
Percent completed: 1.1%
[H[2JWorking on: Part /home/nous/.distrrtgen/178155.part,500000,md5,mixalpha-numeric-space,1,7,0,10000
Current chain speed: 55
Percent completed: 1.2%
[H[2JWorking on: Part /home/nous/.distrrtgen/178155.part,500000,md5,mixalpha-numeric-space,1,7,0,10000
Current chain speed: 55
Percent completed: 1.3%
[H[2JWorking on: Part /home/nous/.distrrtgen/178155.part,500000,md5,mixalpha-numeric-space,1,7,0,10000
Current chain speed: 55
Percent completed: 1.4%
[H[2JWorking on: Part /home/nous/.distrrtgen/178155.part,500000,md5,mixalpha-numeric-space,1,7,0,10000
Current chain speed: 55
Percent completed: 1.5%
[H[2JWorking on: Part /home/nous/.distrrtgen/178155.part,500000,md5,mixalpha-numeric-space,1,7,0,10000
Current chain speed: 56
Percent completed: 1.7%
[H[2JWorking on: Part /home/nous/.distrrtgen/178155.part,500000,md5,mixalpha-numeric-space,1,7,0,10000
Current chain speed: 56
Percent completed: 1.8%
[H[2JWorking on: Part /home/nous/.distrrtgen/178155.part,500000,md5,mixalpha-numeric-space,1,7,0,10000
Current chain speed: 56
Percent completed: 1.9%
[H[2JWorking on: Part /home/nous/.distrrtgen/178155.part,500000,md5,mixalpha-numeric-space,1,7,0,10000
Current chain speed: 56
Percent completed: 2%
[H[2JWorking on: Part /home/nous/.distrrtgen/178155.part,500000,md5,mixalpha-numeric-space,1,7,0,10000
Current chain speed: 56
Percent completed: 2.1%
[H[2JWorking on: Part /home/nous/.distrrtgen/178155.part,500000,md5,mixalpha-numeric-space,1,7,0,10000
Current chain speed: 55
Percent completed: 2.2%
[H[2JWorking on: Part /home/nous/.distrrtgen/178155.part,500000,md5,mixalpha-numeric-space,1,7,0,10000
Current chain speed: 55
Percent completed: 2.3%
[H[2JWorking on: Part /home/nous/.distrrtgen/178155.part,500000,md5,mixalpha-numeric-space,1,7,0,10000
Current chain speed: 56
Percent completed: 2.4%
[H[2JWorking on: Part /home/nous/.distrrtgen/178155.part,500000,md5,mixalpha-numeric-space,1,7,0,10000
Current chain speed: 56
Percent completed: 2.6%
[H[2JWorking on: Part /home/nous/.distrrtgen/178155.part,500000,md5,mixalpha-numeric-space,1,7,0,10000
Current chain speed: 55
Percent completed: 2.7%
[H[2JWorking on: Part /home/nous/.distrrtgen/178155.part,500000,md5,mixalpha-numeric-space,1,7,0,10000
Current chain speed: 55
Percent completed: 2.8%
[H[2JWorking on: Part /home/nous/.distrrtgen/178155.part,500000,md5,mixalpha-numeric-space,1,7,0,10000
Current chain speed: 55
Percent completed: 2.9%
[H[2JWorking on: Part /home/nous/.distrrtgen/178155.part,500000,md5,mixalpha-numeric-space,1,7,0,10000
Current chain speed: 55
Percent completed: 3%
[H[2JWorking on: Part /home/nous/.distrrtgen/178155.part,500000,md5,mixalpha-numeric-space,1,7,0,10000
Current chain speed: 55
Percent completed: 3.1%
[H[2JWorking on: Part /home/nous/.distrrtgen/178155.part,500000,md5,mixalpha-numeric-space,1,7,0,10000
Current chain speed: 56
Percent completed: 3.2%
[H[2JWorking on: Part /home/nous/.distrrtgen/178155.part,500000,md5,mixalpha-numeric-space,1,7,0,10000
Current chain speed: 56
Percent completed: 3.3%
[H[2JWorking on: Part /home/nous/.distrrtgen/178155.part,500000,md5,mixalpha-numeric-space,1,7,0,10000
Current chain speed: 55
Percent completed: 3.4%
[H[2JWorking on: Part /home/nous/.distrrtgen/178155.part,500000,md5,mixalpha-numeric-space,1,7,0,10000
Current chain speed: 55
Percent completed: 3.6%
[H[2JWorking on: Part /home/nous/.distrrtgen/178155.part,500000,md5,mixalpha-numeric-space,1,7,0,10000
Current chain speed: 55
Percent completed: 3.7%
[H[2JWorking on: Part /home/nous/.distrrtgen/178155.part,500000,md5,mixalpha-numeric-space,1,7,0,10000
Current chain speed: 55
Percent completed: 3.8%
[H[2JWorking on: Part /home/nous/.distrrtgen/178155.part,500000,md5,mixalpha-numeric-space,1,7,0,10000
Current chain speed: 56
Percent completed: 3.9%
[H[2JWorking on: Part /home/nous/.distrrtgen/178155.part,500000,md5,mixalpha-numeric-space,1,7,0,10000
Current chain speed: 55
Percent completed: 4%
[H[2JWorking on: Part /home/nous/.distrrtgen/178155.part,500000,md5,mixalpha-numeric-space,1,7,0,10000
Current chain speed: 55
Percent completed: 4.1%
[H[2JWorking on: Part /home/nous/.distrrtgen/178155.part,500000,md5,mixalpha-numeric-space,1,7,0,10000
Current chain speed: 56
Percent completed: 4.2%
[H[2JWorking on: Part /home/nous/.distrrtgen/178155.part,500000,md5,mixalpha-numeric-space,1,7,0,10000
Current chain speed: 55
Percent completed: 4.3%
[H[2JWorking on: Part /home/nous/.distrrtgen/178155.part,500000,md5,mixalpha-numeric-space,1,7,0,10000
Current chain speed: 56
Percent completed: 4.5%
[H[2JWorking on: Part /home/nous/.distrrtgen/178155.part,500000,md5,mixalpha-numeric-space,1,7,0,10000
Current chain speed: 55
Percent completed: 4.6%
[H[2JWorking on: Part /home/nous/.distrrtgen/178155.part,500000,md5,mixalpha-numeric-space,1,7,0,10000
Current chain speed: 56
Percent completed: 4.7%
[H[2JWorking on: Part /home/nous/.distrrtgen/178155.part,500000,md5,mixalpha-numeric-space,1,7,0,10000
Current chain speed: 55
Percent completed: 4.8%
[H[2JWorking on: Part /home/nous/.distrrtgen/178155.part,500000,md5,mixalpha-numeric-space,1,7,0,10000
Current chain speed: 56
Percent completed: 4.9%
[H[2JWorking on: Part /home/nous/.distrrtgen/178155.part,500000,md5,mixalpha-numeric-space,1,7,0,10000
Current chain speed: 55
Percent completed: 5%
[H[2JWorking on: Part /home/nous/.distrrtgen/178155.part,500000,md5,mixalpha-numeric-space,1,7,0,10000
Current chain speed: 55
Percent completed: 5.1%
[H[2JWorking on: Part /home/nous/.distrrtgen/178155.part,500000,md5,mixalpha-numeric-space,1,7,0,10000
Current chain speed: 55
Percent completed: 5.2%
[H[2JWorking on: Part /home/nous/.distrrtgen/178155.part,500000,md5,mixalpha-numeric-space,1,7,0,10000
Current chain speed: 55
Percent completed: 5.3%
[H[2JWorking on: Part /home/nous/.distrrtgen/178155.part,500000,md5,mixalpha-numeric-space,1,7,0,10000
Current chain speed: 56
Percent completed: 5.5%
[H[2JWorking on: Part /home/nous/.distrrtgen/178155.part,500000,md5,mixalpha-numeric-space,1,7,0,10000
Current chain speed: 56
Percent completed: 5.6%
[H[2JWorking on: Part /home/nous/.distrrtgen/178155.part,500000,md5,mixalpha-numeric-space,1,7,0,10000
Current chain speed: 55
Percent completed: 5.7%
[H[2JWorking on: Part /home/nous/.distrrtgen/178155.part,500000,md5,mixalpha-numeric-space,1,7,0,10000
Current chain speed: 55
Percent completed: 5.8%
[H[2JWorking on: Part /home/nous/.distrrtgen/178155.part,500000,md5,mixalpha-numeric-space,1,7,0,10000
Current chain speed: 56
Percent completed: 5.9%
[H[2JWorking on: Part /home/nous/.distrrtgen/178155.part,500000,md5,mixalpha-numeric-space,1,7,0,10000
Current chain speed: 55
Percent completed: 6%
[H[2JWorking on: Part /home/nous/.distrrtgen/178155.part,500000,md5,mixalpha-numeric-space,1,7,0,10000
Current chain speed: 56
Percent completed: 6.1%
[H[2JWorking on: Part /home/nous/.distrrtgen/178155.part,500000,md5,mixalpha-numeric-space,1,7,0,10000
Current chain speed: 56
Percent completed: 6.2%
[H[2JWorking on: Part /home/nous/.distrrtgen/178155.part,500000,md5,mixalpha-numeric-space,1,7,0,10000
Current chain speed: 55
Percent completed: 6.4%
[H[2JWorking on: Part /home/nous/.distrrtgen/178155.part,500000,md5,mixalpha-numeric-space,1,7,0,10000
Current chain speed: 55
Percent completed: 6.5%
[H[2JWorking on: Part /home/nous/.distrrtgen/178155.part,500000,md5,mixalpha-numeric-space,1,7,0,10000
Current chain speed: 56
Percent completed: 6.6%
[H[2JWorking on: Part /home/nous/.distrrtgen/178155.part,500000,md5,mixalpha-numeric-space,1,7,0,10000
Current chain speed: 56
Percent completed: 6.7%
[H[2JWorking on: Part /home/nous/.distrrtgen/178155.part,500000,md5,mixalpha-numeric-space,1,7,0,10000
Current chain speed: 55
Percent completed: 6.8%
[H[2JWorking on: Part /home/nous/.distrrtgen/178155.part,500000,md5,mixalpha-numeric-space,1,7,0,10000
Current chain speed: 55
Percent completed: 6.9%
[H[2JWorking on: Part /home/nous/.distrrtgen/178155.part,500000,md5,mixalpha-numeric-space,1,7,0,10000
Current chain speed: 55
Percent completed: 7%
[H[2JWorking on: Part /home/nous/.distrrtgen/178155.part,500000,md5,mixalpha-numeric-space,1,7,0,10000
Current chain speed: 55
Percent completed: 7.1%
[H[2JWorking on: Part /home/nous/.distrrtgen/178155.part,500000,md5,mixalpha-numeric-space,1,7,0,10000
Current chain speed: 56
Percent completed: 7.2%
[H[2JWorking on: Part /home/nous/.distrrtgen/178155.part,500000,md5,mixalpha-numeric-space,1,7,0,10000
Current chain speed: 55
Percent completed: 7.4%
[H[2JWorking on: Part /home/nous/.distrrtgen/178155.part,500000,md5,mixalpha-numeric-space,1,7,0,10000
Current chain speed: 56
Percent completed: 7.5%
[H[2JWorking on: Part /home/nous/.distrrtgen/178155.part,500000,md5,mixalpha-numeric-space,1,7,0,10000
Current chain speed: 55
Percent completed: 7.6%
[H[2JWorking on: Part /home/nous/.distrrtgen/178155.part,500000,md5,mixalpha-numeric-space,1,7,0,10000
Current chain speed: 55
Percent completed: 7.7%
[H[2JWorking on: Part /home/nous/.distrrtgen/178155.part,500000,md5,mixalpha-numeric-space,1,7,0,10000
Current chain speed: 56
Percent completed: 7.8%
[H[2JWorking on: Part /home/nous/.distrrtgen/178155.part,500000,md5,mixalpha-numeric-space,1,7,0,10000
Current chain speed: 56
Percent completed: 7.9%
[H[2JWorking on: Part /home/nous/.distrrtgen/178155.part,500000,md5,mixalpha-numeric-space,1,7,0,10000
Current chain speed: 55
Percent completed: 8%
[H[2JWorking on: Part /home/nous/.distrrtgen/178155.part,500000,md5,mixalpha-numeric-space,1,7,0,10000
Current chain speed: 55
Percent completed: 8.1%
[H[2JWorking on: Part /home/nous/.distrrtgen/178155.part,500000,md5,mixalpha-numeric-space,1,7,0,10000
Current chain speed: 56
Percent completed: 8.3%
[H[2JWorking on: Part /home/nous/.distrrtgen/178155.part,500000,md5,mixalpha-numeric-space,1,7,0,10000
Current chain speed: 55
Percent completed: 8.4%
[H[2JWorking on: Part /home/nous/.distrrtgen/178155.part,500000,md5,mixalpha-numeric-space,1,7,0,10000
Current chain speed: 55
Percent completed: 8.5%
[H[2JWorking on: Part /home/nous/.distrrtgen/178155.part,500000,md5,mixalpha-numeric-space,1,7,0,10000
Current chain speed: 55
Percent completed: 8.6%
[H[2JWorking on: Part /home/nous/.distrrtgen/178155.part,500000,md5,mixalpha-numeric-space,1,7,0,10000
Current chain speed: 55
Percent completed: 8.7%
[H[2JWorking on: Part /home/nous/.distrrtgen/178155.part,500000,md5,mixalpha-numeric-space,1,7,0,10000
Current chain speed: 55
Percent completed: 8.8%
[H[2JWorking on: Part /home/nous/.distrrtgen/178155.part,500000,md5,mixalpha-numeric-space,1,7,0,10000
Current chain speed: 55
Percent completed: 8.9%
[H[2JWorking on: Part /home/nous/.distrrtgen/178155.part,500000,md5,mixalpha-numeric-space,1,7,0,10000
Current chain speed: 55
Percent completed: 9%
[H[2JWorking on: Part /home/nous/.distrrtgen/178155.part,500000,md5,mixalpha-numeric-space,1,7,0,10000
Current chain speed: 56
Percent completed: 9.1%
[H[2JWorking on: Part /home/nous/.distrrtgen/178155.part,500000,md5,mixalpha-numeric-space,1,7,0,10000
Current chain speed: 55
Percent completed: 9.3%
[H[2JWorking on: Part /home/nous/.distrrtgen/178155.part,500000,md5,mixalpha-numeric-space,1,7,0,10000
Current chain speed: 55
Percent completed: 9.4%
[H[2JWorking on: Part /home/nous/.distrrtgen/178155.part,500000,md5,mixalpha-numeric-space,1,7,0,10000
Current chain speed: 55
Percent completed: 9.5%
[H[2JWorking on: Part /home/nous/.distrrtgen/178155.part,500000,md5,mixalpha-numeric-space,1,7,0,10000
Current chain speed: 56
Percent completed: 9.6%
[H[2JWorking on: Part /home/nous/.distrrtgen/178155.part,500000,md5,mixalpha-numeric-space,1,7,0,10000
Current chain speed: 55
Percent completed: 9.7%
[H[2JWorking on: Part /home/nous/.distrrtgen/178155.part,500000,md5,mixalpha-numeric-space,1,7,0,10000
Current chain speed: 56
Percent completed: 9.8%
[H[2JWorking on: Part /home/nous/.distrrtgen/178155.part,500000,md5,mixalpha-numeric-space,1,7,0,10000
Current chain speed: 56
Percent completed: 9.9%
[H[2JWorking on: Part /home/nous/.distrrtgen/178155.part,500000,md5,mixalpha-numeric-space,1,7,0,10000
Current chain speed: 56
Percent completed: 10%
[H[2JWorking on: Part /home/nous/.distrrtgen/178155.part,500000,md5,mixalpha-numeric-space,1,7,0,10000
Current chain speed: 56
Percent completed: 10%
[H[2JWorking on: Part /home/nous/.distrrtgen/178155.part,500000,md5,mixalpha-numeric-space,1,7,0,10000
Current chain speed: 56
Percent completed: 10%
[H[2JWorking on: Part /home/nous/.distrrtgen/178155.part,500000,md5,mixalpha-numeric-space,1,7,0,10000
Current chain speed: 56
Percent completed: 10%
[H[2JWorking on: Part /home/nous/.distrrtgen/178155.part,500000,md5,mixalpha-numeric-space,1,7,0,10000
Current chain speed: 55
Percent completed: 10%
[H[2JWorking on: Part /home/nous/.distrrtgen/178155.part,500000,md5,mixalpha-numeric-space,1,7,0,10000
Current chain speed: 56
Percent completed: 11%
[H[2JWorking on: Part /home/nous/.distrrtgen/178155.part,500000,md5,mixalpha-numeric-space,1,7,0,10000
Current chain speed: 56
Percent completed: 11%
[H[2JWorking on: Part /home/nous/.distrrtgen/178155.part,500000,md5,mixalpha-numeric-space,1,7,0,10000
Current chain speed: 56
Percent completed: 11%
[H[2JWorking on: Part /home/nous/.distrrtgen/178155.part,500000,md5,mixalpha-numeric-space,1,7,0,10000
Current chain speed: 56
Percent completed: 11%
[H[2JWorking on: Part /home/nous/.distrrtgen/178155.part,500000,md5,mixalpha-numeric-space,1,7,0,10000
Current chain speed: 55
Percent completed: 11%
[H[2JWorking on: Part /home/nous/.distrrtgen/178155.part,500000,md5,mixalpha-numeric-space,1,7,0,10000
Current chain speed: 56
Percent completed: 11%
[H[2JWorking on: Part /home/nous/.distrrtgen/178155.part,500000,md5,mixalpha-numeric-space,1,7,0,10000
Current chain speed: 56
Percent completed: 11%
[H[2JWorking on: Part /home/nous/.distrrtgen/178155.part,500000,md5,mixalpha-numeric-space,1,7,0,10000
Current chain speed: 56
Percent completed: 11%
[H[2JWorking on: Part /home/nous/.distrrtgen/178155.part,500000,md5,mixalpha-numeric-space,1,7,0,10000
Current chain speed: 56
Percent completed: 12%
[H[2JWorking on: Part /home/nous/.distrrtgen/178155.part,500000,md5,mixalpha-numeric-space,1,7,0,10000
Current chain speed: 55
Percent completed: 12%
[H[2JWorking on: Part /home/nous/.distrrtgen/178155.part,500000,md5,mixalpha-numeric-space,1,7,0,10000
Current chain speed: 55
Percent completed: 12%
[H[2JWorking on: Part /home/nous/.distrrtgen/178155.part,500000,md5,mixalpha-numeric-space,1,7,0,10000
Current chain speed: 56
Percent completed: 12%
[H[2JWorking on: Part /home/nous/.distrrtgen/178155.part,500000,md5,mixalpha-numeric-space,1,7,0,10000
Current chain speed: 55
Percent completed: 12%
[H[2JWorking on: Part /home/nous/.distrrtgen/178155.part,500000,md5,mixalpha-numeric-space,1,7,0,10000
Current chain speed: 55
Percent completed: 12%
[H[2JWorking on: Part /home/nous/.distrrtgen/178155.part,500000,md5,mixalpha-numeric-space,1,7,0,10000
Current chain speed: 56
Percent completed: 12%
[H[2JWorking on: Part /home/nous/.distrrtgen/178155.part,500000,md5,mixalpha-numeric-space,1,7,0,10000
Current chain speed: 55
Percent completed: 12%
[H[2JWorking on: Part /home/nous/.distrrtgen/178155.part,500000,md5,mixalpha-numeric-space,1,7,0,10000
Current chain speed: 56
Percent completed: 12%
[H[2JWorking on: Part /home/nous/.distrrtgen/178155.part,500000,md5,mixalpha-numeric-space,1,7,0,10000
Current chain speed: 55
Percent completed: 12%
[H[2JWorking on: Part /home/nous/.distrrtgen/178155.part,500000,md5,mixalpha-numeric-space,1,7,0,10000
Current chain speed: 55
Percent completed: 13%
[H[2JWorking on: Part /home/nous/.distrrtgen/178155.part,500000,md5,mixalpha-numeric-space,1,7,0,10000
Current chain speed: 55
Percent completed: 13%
[H[2JWorking on: Part /home/nous/.distrrtgen/178155.part,500000,md5,mixalpha-numeric-space,1,7,0,10000
Current chain speed: 55
Percent completed: 13%
[H[2JWorking on: Part /home/nous/.distrrtgen/178155.part,500000,md5,mixalpha-numeric-space,1,7,0,10000
Current chain speed: 56
Percent completed: 13%
[H[2JWorking on: Part /home/nous/.distrrtgen/178155.part,500000,md5,mixalpha-numeric-space,1,7,0,10000
Current chain speed: 56
Percent completed: 13%
[H[2JWorking on: Part /home/nous/.distrrtgen/178155.part,500000,md5,mixalpha-numeric-space,1,7,0,10000
Current chain speed: 56
Percent completed: 13%
[H[2JWorking on: Part /home/nous/.distrrtgen/178155.part,500000,md5,mixalpha-numeric-space,1,7,0,10000
Current chain speed: 56
Percent completed: 13%
[H[2JWorking on: Part /home/nous/.distrrtgen/178155.part,500000,md5,mixalpha-numeric-space,1,7,0,10000
Current chain speed: 55
Percent completed: 13%
[H[2JWorking on: Part /home/nous/.distrrtgen/178155.part,500000,md5,mixalpha-numeric-space,1,7,0,10000
Current chain speed: 55
Percent completed: 14%
[H[2JWorking on: Part /home/nous/.distrrtgen/178155.part,500000,md5,mixalpha-numeric-space,1,7,0,10000
Current chain speed: 55
Percent completed: 14%
[H[2JWorking on: Part /home/nous/.distrrtgen/178155.part,500000,md5,mixalpha-numeric-space,1,7,0,10000
Current chain speed: 56
Percent completed: 14%
[H[2JWorking on: Part /home/nous/.distrrtgen/178155.part,500000,md5,mixalpha-numeric-space,1,7,0,10000
Current chain speed: 55
Percent completed: 14%
[H[2JWorking on: Part /home/nous/.distrrtgen/178155.part,500000,md5,mixalpha-numeric-space,1,7,0,10000
Current chain speed: 55
Percent completed: 14%
[H[2JWorking on: Part /home/nous/.distrrtgen/178155.part,500000,md5,mixalpha-numeric-space,1,7,0,10000
Current chain speed: 55
Percent completed: 14%
[H[2JWorking on: Part /home/nous/.distrrtgen/178155.part,500000,md5,mixalpha-numeric-space,1,7,0,10000
Current chain speed: 55
Percent completed: 14%
[H[2JWorking on: Part /home/nous/.distrrtgen/178155.part,500000,md5,mixalpha-numeric-space,1,7,0,10000
Current chain speed: 56
Percent completed: 14%
[H[2JWorking on: Part /home/nous/.distrrtgen/178155.part,500000,md5,mixalpha-numeric-space,1,7,0,10000
Current chain speed: 55
Percent completed: 14%
[H[2JWorking on: Part /home/nous/.distrrtgen/178155.part,500000,md5,mixalpha-numeric-space,1,7,0,10000
Current chain speed: 55
Percent completed: 15%
[H[2JWorking on: Part /home/nous/.distrrtgen/178155.part,500000,md5,mixalpha-numeric-space,1,7,0,10000
Current chain speed: 56
Percent completed: 15%
[H[2JWorking on: Part /home/nous/.distrrtgen/178155.part,500000,md5,mixalpha-numeric-space,1,7,0,10000
Current chain speed: 56
Percent completed: 15%
[H[2JWorking on: Part /home/nous/.distrrtgen/178155.part,500000,md5,mixalpha-numeric-space,1,7,0,10000
Current chain speed: 55
Percent completed: 15%
[H[2JWorking on: Part /home/nous/.distrrtgen/178155.part,500000,md5,mixalpha-numeric-space,1,7,0,10000
Current chain speed: 56
Percent completed: 15%
[H[2JWorking on: Part /home/nous/.distrrtgen/178155.part,500000,md5,mixalpha-numeric-space,1,7,0,10000
Current chain speed: 56
Percent completed: 15%
[H[2JWorking on: Part /home/nous/.distrrtgen/178155.part,500000,md5,mixalpha-numeric-space,1,7,0,10000
Current chain speed: 56
Percent completed: 15%
[H[2JWorking on: Part /home/nous/.distrrtgen/178155.part,500000,md5,mixalpha-numeric-space,1,7,0,10000
Current chain speed: 55
Percent completed: 15%
[H[2JWorking on: Part /home/nous/.distrrtgen/178155.part,500000,md5,mixalpha-numeric-space,1,7,0,10000
Current chain speed: 56
Percent completed: 15%
[H[2JWorking on: Part /home/nous/.distrrtgen/178155.part,500000,md5,mixalpha-numeric-space,1,7,0,10000
Current chain speed: 55
Percent completed: 16%
[H[2JWorking on: Part /home/nous/.distrrtgen/178155.part,500000,md5,mixalpha-numeric-space,1,7,0,10000
Current chain speed: 55
Percent completed: 16%
[H[2JWorking on: Part /home/nous/.distrrtgen/178155.part,500000,md5,mixalpha-numeric-space,1,7,0,10000
Current chain speed: 56
Percent completed: 16%
[H[2JWorking on: Part /home/nous/.distrrtgen/178155.part,500000,md5,mixalpha-numeric-space,1,7,0,10000
Current chain speed: 55
Percent completed: 16%
[H[2JWorking on: Part /home/nous/.distrrtgen/178155.part,500000,md5,mixalpha-numeric-space,1,7,0,10000
Current chain speed: 55
Percent completed: 16%
[H[2JWorking on: Part /home/nous/.distrrtgen/178155.part,500000,md5,mixalpha-numeric-space,1,7,0,10000
Current chain speed: 53
Percent completed: 16%
[H[2JWorking on: Part /home/nous/.distrrtgen/178155.part,500000,md5,mixalpha-numeric-space,1,7,0,10000
Current chain speed: 50
Percent completed: 16%
[H[2JWorking on: Part /home/nous/.distrrtgen/178155.part,500000,md5,mixalpha-numeric-space,1,7,0,10000
Current chain speed: 22
Percent completed: 16%
[H[2JWorking on: Part /home/nous/.distrrtgen/178155.part,500000,md5,mixalpha-numeric-space,1,7,0,10000
Current chain speed: 32
Percent completed: 16%
[H[2JWorking on: Part /home/nous/.distrrtgen/178155.part,500000,md5,mixalpha-numeric-space,1,7,0,10000
Current chain speed: 15
Percent completed: 16%
[H[2JWorking on: Part /home/nous/.distrrtgen/178155.part,500000,md5,mixalpha-numeric-space,1,7,0,10000
Current chain speed: 34
Percent completed: 16%
[H[2JWorking on: Part /home/nous/.distrrtgen/178155.part,500000,md5,mixalpha-numeric-space,1,7,0,10000
Current chain speed: 35
Percent completed: 16%
[H[2JWorking on: Part /home/nous/.distrrtgen/178155.part,500000,md5,mixalpha-numeric-space,1,7,0,10000
Current chain speed: 49
Percent completed: 17%
[H[2JWorking on: Part /home/nous/.distrrtgen/178155.part,500000,md5,mixalpha-numeric-space,1,7,0,10000
Current chain speed: 20
Percent completed: 17%
[H[2JWorking on: Part /home/nous/.distrrtgen/178155.part,500000,md5,mixalpha-numeric-space,1,7,0,10000
Current chain speed: 37
Percent completed: 17%
[H[2JWorking on: Part /home/nous/.distrrtgen/178155.part,500000,md5,mixalpha-numeric-space,1,7,0,10000
Current chain speed: 50
Percent completed: 17%
[H[2JWorking on: Part /home/nous/.distrrtgen/178155.part,500000,md5,mixalpha-numeric-space,1,7,0,10000
Current chain speed: 51
Percent completed: 17%
[H[2JWorking on: Part /home/nous/.distrrtgen/178155.part,500000,md5,mixalpha-numeric-space,1,7,0,10000
Current chain speed: 50
Percent completed: 17%
[H[2JWorking on: Part /home/nous/.distrrtgen/178155.part,500000,md5,mixalpha-numeric-space,1,7,0,10000
Current chain speed: 30
Percent completed: 17%
[H[2JWorking on: Part /home/nous/.distrrtgen/178155.part,500000,md5,mixalpha-numeric-space,1,7,0,10000
Current chain speed: 40
Percent completed: 17%
[H[2JWorking on: Part /home/nous/.distrrtgen/178155.part,500000,md5,mixalpha-numeric-space,1,7,0,10000
Current chain speed: 48
Percent completed: 17%
[H[2JWorking on: Part /home/nous/.distrrtgen/178155.part,500000,md5,mixalpha-numeric-space,1,7,0,10000
Current chain speed: 55
Percent completed: 17%
[H[2JWorking on: Part /home/nous/.distrrtgen/178155.part,500000,md5,mixalpha-numeric-space,1,7,0,10000
Current chain speed: 55
Percent completed: 17%
[H[2JWorking on: Part /home/nous/.distrrtgen/178155.part,500000,md5,mixalpha-numeric-space,1,7,0,10000
Current chain speed: 51
Percent completed: 18%
[H[2JWorking on: Part /home/nous/.distrrtgen/178155.part,500000,md5,mixalpha-numeric-space,1,7,0,10000
Current chain speed: 53
Percent completed: 18%
[H[2JWorking on: Part /home/nous/.distrrtgen/178155.part,500000,md5,mixalpha-numeric-space,1,7,0,10000
Current chain speed: 54
Percent completed: 18%
[H[2JWorking on: Part /home/nous/.distrrtgen/178155.part,500000,md5,mixalpha-numeric-space,1,7,0,10000
Current chain speed: 53
Percent completed: 18%
[H[2JWorking on: Part /home/nous/.distrrtgen/178155.part,500000,md5,mixalpha-numeric-space,1,7,0,10000
Current chain speed: 56
Percent completed: 18%
[H[2JWorking on: Part /home/nous/.distrrtgen/178155.part,500000,md5,mixalpha-numeric-space,1,7,0,10000
Current chain speed: 44
Percent completed: 18%
[H[2JWorking on: Part /home/nous/.distrrtgen/178155.part,500000,md5,mixalpha-numeric-space,1,7,0,10000
Current chain speed: 20
Percent completed: 18%
[H[2JWorking on: Part /home/nous/.distrrtgen/178155.part,500000,md5,mixalpha-numeric-space,1,7,0,10000
Current chain speed: 42
Percent completed: 18%
[H[2JWorking on: Part /home/nous/.distrrtgen/178155.part,500000,md5,mixalpha-numeric-space,1,7,0,10000
Current chain speed: 51
Percent completed: 18%
[H[2JWorking on: Part /home/nous/.distrrtgen/178155.part,500000,md5,mixalpha-numeric-space,1,7,0,10000
Current chain speed: 44
Percent completed: 18%
[H[2JWorking on: Part /home/nous/.distrrtgen/178155.part,500000,md5,mixalpha-numeric-space,1,7,0,10000
Current chain speed: 48
Percent completed: 18%
[H[2JWorking on: Part /home/nous/.distrrtgen/178155.part,500000,md5,mixalpha-numeric-space,1,7,0,10000
Current chain speed: 35
Percent completed: 19%
[H[2JWorking on: Part /home/nous/.distrrtgen/178155.part,500000,md5,mixalpha-numeric-space,1,7,0,10000
Current chain speed: 20
Percent completed: 19%
[H[2JWorking on: Part /home/nous/.distrrtgen/178155.part,500000,md5,mixalpha-numeric-space,1,7,0,10000
Current chain speed: 24
Percent completed: 19%
[H[2JWorking on: Part /home/nous/.distrrtgen/178155.part,500000,md5,mixalpha-numeric-space,1,7,0,10000
Current chain speed: 53
Percent completed: 19%
[H[2JWorking on: Part /home/nous/.distrrtgen/178155.part,500000,md5,mixalpha-numeric-space,1,7,0,10000
Current chain speed: 44
Percent completed: 19%
[H[2JWorking on: Part /home/nous/.distrrtgen/178155.part,500000,md5,mixalpha-numeric-space,1,7,0,10000
Current chain speed: 28
Percent completed: 19%
[H[2JWorking on: Part /home/nous/.distrrtgen/178155.part,500000,md5,mixalpha-numeric-space,1,7,0,10000
Current chain speed: 44
Percent completed: 19%
[H[2JWorking on: Part /home/nous/.distrrtgen/178155.part,500000,md5,mixalpha-numeric-space,1,7,0,10000
Current chain speed: 54
Percent completed: 19%
[H[2JWorking on: Part /home/nous/.distrrtgen/178155.part,500000,md5,mixalpha-numeric-space,1,7,0,10000
Current chain speed: 45
Percent completed: 19%
[H[2JWorking on: Part /home/nous/.distrrtgen/178155.part,500000,md5,mixalpha-numeric-space,1,7,0,10000
Current chain speed: 15
Percent completed: 19%
[H[2JWorking on: Part /home/nous/.distrrtgen/178155.part,500000,md5,mixalpha-numeric-space,1,7,0,10000
Current chain speed: 28
Percent completed: 19%
[H[2JWorking on: Part /home/nous/.distrrtgen/178155.part,500000,md5,mixalpha-numeric-space,1,7,0,10000
Current chain speed: 46
Percent completed: 19%
[H[2JWorking on: Part /home/nous/.distrrtgen/178155.part,500000,md5,mixalpha-numeric-space,1,7,0,10000
Current chain speed: 38
Percent completed: 19%
[H[2JWorking on: Part /home/nous/.distrrtgen/178155.part,500000,md5,mixalpha-numeric-space,1,7,0,10000
Current chain speed: 38
Percent completed: 20%
[H[2JWorking on: Part /home/nous/.distrrtgen/178155.part,500000,md5,mixalpha-numeric-space,1,7,0,10000
Current chain speed: 27
Percent completed: 20%
[H[2JWorking on: Part /home/nous/.distrrtgen/178155.part,500000,md5,mixalpha-numeric-space,1,7,0,10000
Current chain speed: 55
Percent completed: 20%
[H[2JWorking on: Part /home/nous/.distrrtgen/178155.part,500000,md5,mixalpha-numeric-space,1,7,0,10000
Current chain speed: 53
Percent completed: 20%
[H[2JWorking on: Part /home/nous/.distrrtgen/178155.part,500000,md5,mixalpha-numeric-space,1,7,0,10000
Current chain speed: 45
Percent completed: 20%
[H[2JWorking on: Part /home/nous/.distrrtgen/178155.part,500000,md5,mixalpha-numeric-space,1,7,0,10000
Current chain speed: 55
Percent completed: 20%
[H[2JWorking on: Part /home/nous/.distrrtgen/178155.part,500000,md5,mixalpha-numeric-space,1,7,0,10000
Current chain speed: 56
Percent completed: 20%
[H[2JWorking on: Part /home/nous/.distrrtgen/178155.part,500000,md5,mixalpha-numeric-space,1,7,0,10000
Current chain speed: 53
Percent completed: 20%
[H[2JWorking on: Part /home/nous/.distrrtgen/178155.part,500000,md5,mixalpha-numeric-space,1,7,0,10000
Current chain speed: 57
Percent completed: 20%
[H[2JWorking on: Part /home/nous/.distrrtgen/178155.part,500000,md5,mixalpha-numeric-space,1,7,0,10000
Current chain speed: 57
Percent completed: 20%
[H[2JWorking on: Part /home/nous/.distrrtgen/178155.part,500000,md5,mixalpha-numeric-space,1,7,0,10000
Current chain speed: 57
Percent completed: 21%
[H[2JWorking on: Part /home/nous/.distrrtgen/178155.part,500000,md5,mixalpha-numeric-space,1,7,0,10000
Current chain speed: 57
Percent completed: 21%
[H[2JWorking on: Part /home/nous/.distrrtgen/178155.part,500000,md5,mixalpha-numeric-space,1,7,0,10000
Current chain speed: 57
Percent completed: 21%
[H[2JWorking on: Part /home/nous/.distrrtgen/178155.part,500000,md5,mixalpha-numeric-space,1,7,0,10000
Current chain speed: 57
Percent completed: 21%
[H[2JWorking on: Part /home/nous/.distrrtgen/178155.part,500000,md5,mixalpha-numeric-space,1,7,0,10000
Current chain speed: 57
Percent completed: 21%
[H[2JWorking on: Part /home/nous/.distrrtgen/178155.part,500000,md5,mixalpha-numeric-space,1,7,0,10000
Current chain speed: 57
Percent completed: 21%
[H[2JWorking on: Part /home/nous/.distrrtgen/178155.part,500000,md5,mixalpha-numeric-space,1,7,0,10000
Current chain speed: 57
Percent completed: 21%
[H[2JWorking on: Part /home/nous/.distrrtgen/178155.part,500000,md5,mixalpha-numeric-space,1,7,0,10000
Current chain speed: 57
Percent completed: 21%
[H[2JWorking on: Part /home/nous/.distrrtgen/178155.part,500000,md5,mixalpha-numeric-space,1,7,0,10000
Current chain speed: 56
Percent completed: 21%
[H[2JWorking on: Part /home/nous/.distrrtgen/178155.part,500000,md5,mixalpha-numeric-space,1,7,0,10000
Current chain speed: 57
Percent completed: 22%
[H[2JWorking on: Part /home/nous/.distrrtgen/178155.part,500000,md5,mixalpha-numeric-space,1,7,0,10000
Current chain speed: 57
Percent completed: 22%
[H[2JWorking on: Part /home/nous/.distrrtgen/178155.part,500000,md5,mixalpha-numeric-space,1,7,0,10000
Current chain speed: 57
Percent completed: 22%
[H[2JWorking on: Part /home/nous/.distrrtgen/178155.part,500000,md5,mixalpha-numeric-space,1,7,0,10000
Current chain speed: 57
Percent completed: 22%
[H[2JWorking on: Part /home/nous/.distrrtgen/178155.part,500000,md5,mixalpha-numeric-space,1,7,0,10000
Current chain speed: 57
Percent completed: 22%
[H[2JWorking on: Part /home/nous/.distrrtgen/178155.part,500000,md5,mixalpha-numeric-space,1,7,0,10000
Current chain speed: 57
Percent completed: 22%
[H[2JWorking on: Part /home/nous/.distrrtgen/178155.part,500000,md5,mixalpha-numeric-space,1,7,0,10000
Current chain speed: 57
Percent completed: 22%
[H[2JWorking on: Part /home/nous/.distrrtgen/178155.part,500000,md5,mixalpha-numeric-space,1,7,0,10000
Current chain speed: 57
Percent completed: 22%
[H[2JWorking on: Part /home/nous/.distrrtgen/178155.part,500000,md5,mixalpha-numeric-space,1,7,0,10000
Current chain speed: 57
Percent completed: 23%
[H[2JWorking on: Part /home/nous/.distrrtgen/178155.part,500000,md5,mixalpha-numeric-space,1,7,0,10000
Current chain speed: 57
Percent completed: 23%
[H[2JWorking on: Part /home/nous/.distrrtgen/178155.part,500000,md5,mixalpha-numeric-space,1,7,0,10000
Current chain speed: 56
Percent completed: 23%
[H[2JWorking on: Part /home/nous/.distrrtgen/178155.part,500000,md5,mixalpha-numeric-space,1,7,0,10000
Current chain speed: 57
Percent completed: 23%
[H[2JWorking on: Part /home/nous/.distrrtgen/178155.part,500000,md5,mixalpha-numeric-space,1,7,0,10000
Current chain speed: 57
Percent completed: 23%
[H[2JWorking on: Part /home/nous/.distrrtgen/178155.part,500000,md5,mixalpha-numeric-space,1,7,0,10000
Current chain speed: 57
Percent completed: 23%
[H[2JWorking on: Part /home/nous/.distrrtgen/178155.part,500000,md5,mixalpha-numeric-space,1,7,0,10000
Current chain speed: 57
Percent completed: 23%
[H[2JWorking on: Part /home/nous/.distrrtgen/178155.part,500000,md5,mixalpha-numeric-space,1,7,0,10000
Current chain speed: 57
Percent completed: 23%
[H[2JWorking on: Part /home/nous/.distrrtgen/178155.part,500000,md5,mixalpha-numeric-space,1,7,0,10000
Current chain speed: 57
Percent completed: 23%
[H[2JWorking on: Part /home/nous/.distrrtgen/178155.part,500000,md5,mixalpha-numeric-space,1,7,0,10000
Current chain speed: 57
Percent completed: 24%
[H[2JWorking on: Part /home/nous/.distrrtgen/178155.part,500000,md5,mixalpha-numeric-space,1,7,0,10000
Current chain speed: 57
Percent completed: 24%
[H[2JWorking on: Part /home/nous/.distrrtgen/178155.part,500000,md5,mixalpha-numeric-space,1,7,0,10000
Current chain speed: 57
Percent completed: 24%
[H[2JWorking on: Part /home/nous/.distrrtgen/178155.part,500000,md5,mixalpha-numeric-space,1,7,0,10000
Current chain speed: 56
Percent completed: 24%
[H[2JWorking on: Part /home/nous/.distrrtgen/178155.part,500000,md5,mixalpha-numeric-space,1,7,0,10000
Current chain speed: 57
Percent completed: 24%
[H[2JWorking on: Part /home/nous/.distrrtgen/178155.part,500000,md5,mixalpha-numeric-space,1,7,0,10000
Current chain speed: 57
Percent completed: 24%
[H[2JWorking on: Part /home/nous/.distrrtgen/178155.part,500000,md5,mixalpha-numeric-space,1,7,0,10000
Current chain speed: 57
Percent completed: 24%
[H[2JWorking on: Part /home/nous/.distrrtgen/178155.part,500000,md5,mixalpha-numeric-space,1,7,0,10000
Current chain speed: 57
Percent completed: 24%
[H[2JWorking on: Part /home/nous/.distrrtgen/178155.part,500000,md5,mixalpha-numeric-space,1,7,0,10000
Current chain speed: 57
Percent completed: 24%
[H[2JWorking on: Part /home/nous/.distrrtgen/178155.part,500000,md5,mixalpha-numeric-space,1,7,0,10000
Current chain speed: 57
Percent completed: 25%
[H[2JWorking on: Part /home/nous/.distrrtgen/178155.part,500000,md5,mixalpha-numeric-space,1,7,0,10000
Current chain speed: 57
Percent completed: 25%
[H[2JWorking on: Part /home/nous/.distrrtgen/178155.part,500000,md5,mixalpha-numeric-space,1,7,0,10000
Current chain speed: 57
Percent completed: 25%
[H[2JWorking on: Part /home/nous/.distrrtgen/178155.part,500000,md5,mixalpha-numeric-space,1,7,0,10000
Current chain speed: 57
Percent completed: 25%
[H[2JWorking on: Part /home/nous/.distrrtgen/178155.part,500000,md5,mixalpha-numeric-space,1,7,0,10000
Current chain speed: 57
Percent completed: 25%
[H[2JWorking on: Part /home/nous/.distrrtgen/178155.part,500000,md5,mixalpha-numeric-space,1,7,0,10000
Current chain speed: 56
Percent completed: 25%
[H[2JWorking on: Part /home/nous/.distrrtgen/178155.part,500000,md5,mixalpha-numeric-space,1,7,0,10000
Current chain speed: 57
Percent completed: 25%
[H[2JWorking on: Part /home/nous/.distrrtgen/178155.part,500000,md5,mixalpha-numeric-space,1,7,0,10000
Current chain speed: 57
Percent completed: 25%
[H[2JWorking on: Part /home/nous/.distrrtgen/178155.part,500000,md5,mixalpha-numeric-space,1,7,0,10000
Current chain speed: 57
Percent completed: 26%
[H[2JWorking on: Part /home/nous/.distrrtgen/178155.part,500000,md5,mixalpha-numeric-space,1,7,0,10000
Current chain speed: 57
Percent completed: 26%
[H[2JWorking on: Part /home/nous/.distrrtgen/178155.part,500000,md5,mixalpha-numeric-space,1,7,0,10000
Current chain speed: 57
Percent completed: 26%
[H[2JWorking on: Part /home/nous/.distrrtgen/178155.part,500000,md5,mixalpha-numeric-space,1,7,0,10000
Current chain speed: 57
Percent completed: 26%
[H[2JWorking on: Part /home/nous/.distrrtgen/178155.part,500000,md5,mixalpha-numeric-space,1,7,0,10000
Current chain speed: 57
Percent completed: 26%
[H[2JWorking on: Part /home/nous/.distrrtgen/178155.part,500000,md5,mixalpha-numeric-space,1,7,0,10000
Current chain speed: 57
Percent completed: 26%
[H[2JWorking on: Part /home/nous/.distrrtgen/178155.part,500000,md5,mixalpha-numeric-space,1,7,0,10000
Current chain speed: 57
Percent completed: 26%
[H[2JWorking on: Part /home/nous/.distrrtgen/178155.part,500000,md5,mixalpha-numeric-space,1,7,0,10000
Current chain speed: 57
Percent completed: 26%
[H[2JWorking on: Part /home/nous/.distrrtgen/178155.part,500000,md5,mixalpha-numeric-space,1,7,0,10000
Current chain speed: 56
Percent completed: 26%
[H[2JWorking on: Part /home/nous/.distrrtgen/178155.part,500000,md5,mixalpha-numeric-space,1,7,0,10000
Current chain speed: 57
Percent completed: 27%
[H[2JWorking on: Part /home/nous/.distrrtgen/178155.part,500000,md5,mixalpha-numeric-space,1,7,0,10000
Current chain speed: 57
Percent completed: 27%
[H[2JWorking on: Part /home/nous/.distrrtgen/178155.part,500000,md5,mixalpha-numeric-space,1,7,0,10000
Current chain speed: 57
Percent completed: 27%
[H[2JWorking on: Part /home/nous/.distrrtgen/178155.part,500000,md5,mixalpha-numeric-space,1,7,0,10000
Current chain speed: 57
Percent completed: 27%
[H[2JWorking on: Part /home/nous/.distrrtgen/178155.part,500000,md5,mixalpha-numeric-space,1,7,0,10000
Current chain speed: 57
Percent completed: 27%
[H[2JWorking on: Part /home/nous/.distrrtgen/178155.part,500000,md5,mixalpha-numeric-space,1,7,0,10000
Current chain speed: 57
Percent completed: 27%
[H[2JWorking on: Part /home/nous/.distrrtgen/178155.part,500000,md5,mixalpha-numeric-space,1,7,0,10000
Current chain speed: 57
Percent completed: 27%
[H[2JWorking on: Part /home/nous/.distrrtgen/178155.part,500000,md5,mixalpha-numeric-space,1,7,0,10000
Current chain speed: 57
Percent completed: 27%
[H[2JWorking on: Part /home/nous/.distrrtgen/178155.part,500000,md5,mixalpha-numeric-space,1,7,0,10000
Current chain speed: 57
Percent completed: 27%
[H[2JWorking on: Part /home/nous/.distrrtgen/178155.part,500000,md5,mixalpha-numeric-space,1,7,0,10000
Current chain speed: 57
Percent completed: 28%
[H[2JWorking on: Part /home/nous/.distrrtgen/178155.part,500000,md5,mixalpha-numeric-space,1,7,0,10000
Current chain speed: 54
Percent completed: 28%
[H[2JWorking on: Part /home/nous/.distrrtgen/178155.part,500000,md5,mixalpha-numeric-space,1,7,0,10000
Current chain speed: 57
Percent completed: 28%
[H[2JWorking on: Part /home/nous/.distrrtgen/178155.part,500000,md5,mixalpha-numeric-space,1,7,0,10000
Current chain speed: 57
Percent completed: 28%
[H[2JWorking on: Part /home/nous/.distrrtgen/178155.part,500000,md5,mixalpha-numeric-space,1,7,0,10000
Current chain speed: 57
Percent completed: 28%
[H[2JWorking on: Part /home/nous/.distrrtgen/178155.part,500000,md5,mixalpha-numeric-space,1,7,0,10000
Current chain speed: 57
Percent completed: 28%
[H[2JWorking on: Part /home/nous/.distrrtgen/178155.part,500000,md5,mixalpha-numeric-space,1,7,0,10000
Current chain speed: 57
Percent completed: 28%
[H[2JWorking on: Part /home/nous/.distrrtgen/178155.part,500000,md5,mixalpha-numeric-space,1,7,0,10000
Current chain speed: 57
Percent completed: 28%
[H[2JWorking on: Part /home/nous/.distrrtgen/178155.part,500000,md5,mixalpha-numeric-space,1,7,0,10000
Current chain speed: 57
Percent completed: 28%
[H[2JWorking on: Part /home/nous/.distrrtgen/178155.part,500000,md5,mixalpha-numeric-space,1,7,0,10000
Current chain speed: 57
Percent completed: 29%
[H[2JWorking on: Part /home/nous/.distrrtgen/178155.part,500000,md5,mixalpha-numeric-space,1,7,0,10000
Current chain speed: 57
Percent completed: 29%
[H[2JWorking on: Part /home/nous/.distrrtgen/178155.part,500000,md5,mixalpha-numeric-space,1,7,0,10000
Current chain speed: 57
Percent completed: 29%
[H[2JWorking on: Part /home/nous/.distrrtgen/178155.part,500000,md5,mixalpha-numeric-space,1,7,0,10000
Current chain speed: 56
Percent completed: 29%
[H[2JWorking on: Part /home/nous/.distrrtgen/178155.part,500000,md5,mixalpha-numeric-space,1,7,0,10000
Current chain speed: 57
Percent completed: 29%
[H[2JWorking on: Part /home/nous/.distrrtgen/178155.part,500000,md5,mixalpha-numeric-space,1,7,0,10000
Current chain speed: 57
Percent completed: 29%
[H[2JWorking on: Part /home/nous/.distrrtgen/178155.part,500000,md5,mixalpha-numeric-space,1,7,0,10000
Current chain speed: 57
Percent completed: 29%
[H[2JWorking on: Part /home/nous/.distrrtgen/178155.part,500000,md5,mixalpha-numeric-space,1,7,0,10000
Current chain speed: 57
Percent completed: 29%
[H[2JWorking on: Part /home/nous/.distrrtgen/178155.part,500000,md5,mixalpha-numeric-space,1,7,0,10000
Current chain speed: 57
Percent completed: 30%
[H[2JWorking on: Part /home/nous/.distrrtgen/178155.part,500000,md5,mixalpha-numeric-space,1,7,0,10000
Current chain speed: 57
Percent completed: 30%
[H[2JWorking on: Part /home/nous/.distrrtgen/178155.part,500000,md5,mixalpha-numeric-space,1,7,0,10000
Current chain speed: 57
Percent completed: 30%
[H[2JWorking on: Part /home/nous/.distrrtgen/178155.part,500000,md5,mixalpha-numeric-space,1,7,0,10000
Current chain speed: 57
Percent completed: 30%
[H[2JWorking on: Part /home/nous/.distrrtgen/178155.part,500000,md5,mixalpha-numeric-space,1,7,0,10000
Current chain speed: 57
Percent completed: 30%
[H[2JWorking on: Part /home/nous/.distrrtgen/178155.part,500000,md5,mixalpha-numeric-space,1,7,0,10000
Current chain speed: 57
Percent completed: 30%
[H[2JWorking on: Part /home/nous/.distrrtgen/178155.part,500000,md5,mixalpha-numeric-space,1,7,0,10000
Current chain speed: 56
Percent completed: 30%
[H[2JWorking on: Part /home/nous/.distrrtgen/178155.part,500000,md5,mixalpha-numeric-space,1,7,0,10000
Current chain speed: 57
Percent completed: 30%
[H[2JWorking on: Part /home/nous/.distrrtgen/178155.part,500000,md5,mixalpha-numeric-space,1,7,0,10000
Current chain speed: 57
Percent completed: 30%
[H[2JWorking on: Part /home/nous/.distrrtgen/178155.part,500000,md5,mixalpha-numeric-space,1,7,0,10000
Current chain speed: 57
Percent completed: 31%
[H[2JWorking on: Part /home/nous/.distrrtgen/178155.part,500000,md5,mixalpha-numeric-space,1,7,0,10000
Current chain speed: 57
Percent completed: 31%
[H[2JWorking on: Part /home/nous/.distrrtgen/178155.part,500000,md5,mixalpha-numeric-space,1,7,0,10000
Current chain speed: 57
Percent completed: 31%
[H[2JWorking on: Part /home/nous/.distrrtgen/178155.part,500000,md5,mixalpha-numeric-space,1,7,0,10000
Current chain speed: 57
Percent completed: 31%
[H[2JWorking on: Part /home/nous/.distrrtgen/178155.part,500000,md5,mixalpha-numeric-space,1,7,0,10000
Current chain speed: 57
Percent completed: 31%
[H[2JWorking on: Part /home/nous/.distrrtgen/178155.part,500000,md5,mixalpha-numeric-space,1,7,0,10000
Current chain speed: 57
Percent completed: 31%
[H[2JWorking on: Part /home/nous/.distrrtgen/178155.part,500000,md5,mixalpha-numeric-space,1,7,0,10000
Current chain speed: 57
Percent completed: 31%
[H[2JWorking on: Part /home/nous/.distrrtgen/178155.part,500000,md5,mixalpha-numeric-space,1,7,0,10000
Current chain speed: 57
Percent completed: 31%
[H[2JWorking on: Part /home/nous/.distrrtgen/178155.part,500000,md5,mixalpha-numeric-space,1,7,0,10000
Current chain speed: 56
Percent completed: 31%
[H[2JWorking on: Part /home/nous/.distrrtgen/178155.part,500000,md5,mixalpha-numeric-space,1,7,0,10000
Current chain speed: 57
Percent completed: 32%
[H[2JWorking on: Part /home/nous/.distrrtgen/178155.part,500000,md5,mixalpha-numeric-space,1,7,0,10000
Current chain speed: 57
Percent completed: 32%
[H[2JWorking on: Part /home/nous/.distrrtgen/178155.part,500000,md5,mixalpha-numeric-space,1,7,0,10000
Current chain speed: 57
Percent completed: 32%
[H[2JWorking on: Part /home/nous/.distrrtgen/178155.part,500000,md5,mixalpha-numeric-space,1,7,0,10000
Current chain speed: 57
Percent completed: 32%
[H[2JWorking on: Part /home/nous/.distrrtgen/178155.part,500000,md5,mixalpha-numeric-space,1,7,0,10000
Current chain speed: 57
Percent completed: 32%
[H[2JWorking on: Part /home/nous/.distrrtgen/178155.part,500000,md5,mixalpha-numeric-space,1,7,0,10000
Current chain speed: 57
Percent completed: 32%
[H[2JWorking on: Part /home/nous/.distrrtgen/178155.part,500000,md5,mixalpha-numeric-space,1,7,0,10000
Current chain speed: 57
Percent completed: 32%
[H[2JWorking on: Part /home/nous/.distrrtgen/178155.part,500000,md5,mixalpha-numeric-space,1,7,0,10000
Current chain speed: 57
Percent completed: 32%
[H[2JWorking on: Part /home/nous/.distrrtgen/178155.part,500000,md5,mixalpha-numeric-space,1,7,0,10000
Current chain speed: 57
Percent completed: 33%
[H[2JWorking on: Part /home/nous/.distrrtgen/178155.part,500000,md5,mixalpha-numeric-space,1,7,0,10000
Current chain speed: 57
Percent completed: 33%
[H[2JWorking on: Part /home/nous/.distrrtgen/178155.part,500000,md5,mixalpha-numeric-space,1,7,0,10000
Current chain speed: 56
Percent completed: 33%
[H[2JWorking on: Part /home/nous/.distrrtgen/178155.part,500000,md5,mixalpha-numeric-space,1,7,0,10000
Current chain speed: 57
Percent completed: 33%
[H[2JWorking on: Part /home/nous/.distrrtgen/178155.part,500000,md5,mixalpha-numeric-space,1,7,0,10000
Current chain speed: 57
Percent completed: 33%
[H[2JWorking on: Part /home/nous/.distrrtgen/178155.part,500000,md5,mixalpha-numeric-space,1,7,0,10000
Current chain speed: 57
Percent completed: 33%
[H[2JWorking on: Part /home/nous/.distrrtgen/178155.part,500000,md5,mixalpha-numeric-space,1,7,0,10000
Current chain speed: 57
Percent completed: 33%
[H[2JWorking on: Part /home/nous/.distrrtgen/178155.part,500000,md5,mixalpha-numeric-space,1,7,0,10000
Current chain speed: 57
Percent completed: 33%
[H[2JWorking on: Part /home/nous/.distrrtgen/178155.part,500000,md5,mixalpha-numeric-space,1,7,0,10000
Current chain speed: 57
Percent completed: 33%
[H[2JWorking on: Part /home/nous/.distrrtgen/178155.part,500000,md5,mixalpha-numeric-space,1,7,0,10000
Current chain speed: 57
Percent completed: 34%
[H[2JWorking on: Part /home/nous/.distrrtgen/178155.part,500000,md5,mixalpha-numeric-space,1,7,0,10000
Current chain speed: 57
Percent completed: 34%
[H[2JWorking on: Part /home/nous/.distrrtgen/178155.part,500000,md5,mixalpha-numeric-space,1,7,0,10000
Current chain speed: 57
Percent completed: 34%
[H[2JWorking on: Part /home/nous/.distrrtgen/178155.part,500000,md5,mixalpha-numeric-space,1,7,0,10000
Current chain speed: 57
Percent completed: 34%
[H[2JWorking on: Part /home/nous/.distrrtgen/178155.part,500000,md5,mixalpha-numeric-space,1,7,0,10000
Current chain speed: 55
Percent completed: 34%
[H[2JWorking on: Part /home/nous/.distrrtgen/178155.part,500000,md5,mixalpha-numeric-space,1,7,0,10000
Current chain speed: 57
Percent completed: 34%
[H[2JWorking on: Part /home/nous/.distrrtgen/178155.part,500000,md5,mixalpha-numeric-space,1,7,0,10000
Current chain speed: 57
Percent completed: 34%
[H[2JWorking on: Part /home/nous/.distrrtgen/178155.part,500000,md5,mixalpha-numeric-space,1,7,0,10000
Current chain speed: 57
Percent completed: 34%
[H[2JWorking on: Part /home/nous/.distrrtgen/178155.part,500000,md5,mixalpha-numeric-space,1,7,0,10000
Current chain speed: 57
Percent completed: 34%
[H[2JWorking on: Part /home/nous/.distrrtgen/178155.part,500000,md5,mixalpha-numeric-space,1,7,0,10000
Current chain speed: 57
Percent completed: 35%
[H[2JWorking on: Part /home/nous/.distrrtgen/178155.part,500000,md5,mixalpha-numeric-space,1,7,0,10000
Current chain speed: 57
Percent completed: 35%
[H[2JWorking on: Part /home/nous/.distrrtgen/178155.part,500000,md5,mixalpha-numeric-space,1,7,0,10000
Current chain speed: 57
Percent completed: 35%
[H[2JWorking on: Part /home/nous/.distrrtgen/178155.part,500000,md5,mixalpha-numeric-space,1,7,0,10000
Current chain speed: 57
Percent completed: 35%
[H[2JWorking on: Part /home/nous/.distrrtgen/178155.part,500000,md5,mixalpha-numeric-space,1,7,0,10000
Current chain speed: 57
Percent completed: 35%
[H[2JWorking on: Part /home/nous/.distrrtgen/178155.part,500000,md5,mixalpha-numeric-space,1,7,0,10000
Current chain speed: 57
Percent completed: 35%
[H[2JWorking on: Part /home/nous/.distrrtgen/178155.part,500000,md5,mixalpha-numeric-space,1,7,0,10000
Current chain speed: 56
Percent completed: 35%
[H[2JWorking on: Part /home/nous/.distrrtgen/178155.part,500000,md5,mixalpha-numeric-space,1,7,0,10000
Current chain speed: 57
Percent completed: 35%
[H[2JWorking on: Part /home/nous/.distrrtgen/178155.part,500000,md5,mixalpha-numeric-space,1,7,0,10000
Current chain speed: 57
Percent completed: 36%
[H[2JWorking on: Part /home/nous/.distrrtgen/178155.part,500000,md5,mixalpha-numeric-space,1,7,0,10000
Current chain speed: 57
Percent completed: 36%
[H[2JWorking on: Part /home/nous/.distrrtgen/178155.part,500000,md5,mixalpha-numeric-space,1,7,0,10000
Current chain speed: 57
Percent completed: 36%
[H[2JWorking on: Part /home/nous/.distrrtgen/178155.part,500000,md5,mixalpha-numeric-space,1,7,0,10000
Current chain speed: 57
Percent completed: 36%
[H[2JWorking on: Part /home/nous/.distrrtgen/178155.part,500000,md5,mixalpha-numeric-space,1,7,0,10000
Current chain speed: 57
Percent completed: 36%
[H[2JWorking on: Part /home/nous/.distrrtgen/178155.part,500000,md5,mixalpha-numeric-space,1,7,0,10000
Current chain speed: 57
Percent completed: 36%
[H[2JWorking on: Part /home/nous/.distrrtgen/178155.part,500000,md5,mixalpha-numeric-space,1,7,0,10000
Current chain speed: 57
Percent completed: 36%
[H[2JWorking on: Part /home/nous/.distrrtgen/178155.part,500000,md5,mixalpha-numeric-space,1,7,0,10000
Current chain speed: 57
Percent completed: 36%
[H[2JWorking on: Part /home/nous/.distrrtgen/178155.part,500000,md5,mixalpha-numeric-space,1,7,0,10000
Current chain speed: 57
Percent completed: 36%
[H[2JWorking on: Part /home/nous/.distrrtgen/178155.part,500000,md5,mixalpha-numeric-space,1,7,0,10000
Current chain speed: 56
Percent completed: 37%
[H[2JWorking on: Part /home/nous/.distrrtgen/178155.part,500000,md5,mixalpha-numeric-space,1,7,0,10000
Current chain speed: 57
Percent completed: 37%
[H[2JWorking on: Part /home/nous/.distrrtgen/178155.part,500000,md5,mixalpha-numeric-space,1,7,0,10000
Current chain speed: 57
Percent completed: 37%
[H[2JWorking on: Part /home/nous/.distrrtgen/178155.part,500000,md5,mixalpha-numeric-space,1,7,0,10000
Current chain speed: 57
Percent completed: 37%
[H[2JWorking on: Part /home/nous/.distrrtgen/178155.part,500000,md5,mixalpha-numeric-space,1,7,0,10000
Current chain speed: 57
Percent completed: 37%
[H[2JWorking on: Part /home/nous/.distrrtgen/178155.part,500000,md5,mixalpha-numeric-space,1,7,0,10000
Current chain speed: 57
Percent completed: 37%
[H[2JWorking on: Part /home/nous/.distrrtgen/178155.part,500000,md5,mixalpha-numeric-space,1,7,0,10000
Current chain speed: 57
Percent completed: 37%
[H[2JWorking on: Part /home/nous/.distrrtgen/178155.part,500000,md5,mixalpha-numeric-space,1,7,0,10000
Current chain speed: 57
Percent completed: 37%
[H[2JWorking on: Part /home/nous/.distrrtgen/178155.part,500000,md5,mixalpha-numeric-space,1,7,0,10000
Current chain speed: 57
Percent completed: 37%
[H[2JWorking on: Part /home/nous/.distrrtgen/178155.part,500000,md5,mixalpha-numeric-space,1,7,0,10000
Current chain speed: 57
Percent completed: 38%
[H[2JWorking on: Part /home/nous/.distrrtgen/178155.part,500000,md5,mixalpha-numeric-space,1,7,0,10000
Current chain speed: 56
Percent completed: 38%
[H[2JWorking on: Part /home/nous/.distrrtgen/178155.part,500000,md5,mixalpha-numeric-space,1,7,0,10000
Current chain speed: 57
Percent completed: 38%
[H[2JWorking on: Part /home/nous/.distrrtgen/178155.part,500000,md5,mixalpha-numeric-space,1,7,0,10000
Current chain speed: 57
Percent completed: 38%
[H[2JWorking on: Part /home/nous/.distrrtgen/178155.part,500000,md5,mixalpha-numeric-space,1,7,0,10000
Current chain speed: 57
Percent completed: 38%
[H[2JWorking on: Part /home/nous/.distrrtgen/178155.part,500000,md5,mixalpha-numeric-space,1,7,0,10000
Current chain speed: 57
Percent completed: 38%
[H[2JWorking on: Part /home/nous/.distrrtgen/178155.part,500000,md5,mixalpha-numeric-space,1,7,0,10000
Current chain speed: 57
Percent completed: 38%
[H[2JWorking on: Part /home/nous/.distrrtgen/178155.part,500000,md5,mixalpha-numeric-space,1,7,0,10000
Current chain speed: 57
Percent completed: 38%
[H[2JWorking on: Part /home/nous/.distrrtgen/178155.part,500000,md5,mixalpha-numeric-space,1,7,0,10000
Current chain speed: 57
Percent completed: 38%
[H[2JWorking on: Part /home/nous/.distrrtgen/178155.part,500000,md5,mixalpha-numeric-space,1,7,0,10000
Current chain speed: 57
Percent completed: 39%
[H[2JWorking on: Part /home/nous/.distrrtgen/178155.part,500000,md5,mixalpha-numeric-space,1,7,0,10000
Current chain speed: 57
Percent completed: 39%
[H[2JWorking on: Part /home/nous/.distrrtgen/178155.part,500000,md5,mixalpha-numeric-space,1,7,0,10000
Current chain speed: 57
Percent completed: 39%
[H[2JWorking on: Part /home/nous/.distrrtgen/178155.part,500000,md5,mixalpha-numeric-space,1,7,0,10000
Current chain speed: 56
Percent completed: 39%
[H[2JWorking on: Part /home/nous/.distrrtgen/178155.part,500000,md5,mixalpha-numeric-space,1,7,0,10000
Current chain speed: 57
Percent completed: 39%
[H[2JWorking on: Part /home/nous/.distrrtgen/178155.part,500000,md5,mixalpha-numeric-space,1,7,0,10000
Current chain speed: 57
Percent completed: 39%
[H[2JWorking on: Part /home/nous/.distrrtgen/178155.part,500000,md5,mixalpha-numeric-space,1,7,0,10000
Current chain speed: 57
Percent completed: 39%
[H[2JWorking on: Part /home/nous/.distrrtgen/178155.part,500000,md5,mixalpha-numeric-space,1,7,0,10000
Current chain speed: 57
Percent completed: 39%
[H[2JWorking on: Part /home/nous/.distrrtgen/178155.part,500000,md5,mixalpha-numeric-space,1,7,0,10000
Current chain speed: 57
Percent completed: 40%
[H[2JWorking on: Part /home/nous/.distrrtgen/178155.part,500000,md5,mixalpha-numeric-space,1,7,0,10000
Current chain speed: 57
Percent completed: 40%
[H[2JWorking on: Part /home/nous/.distrrtgen/178155.part,500000,md5,mixalpha-numeric-space,1,7,0,10000
Current chain speed: 57
Percent completed: 40%
[H[2JWorking on: Part /home/nous/.distrrtgen/178155.part,500000,md5,mixalpha-numeric-space,1,7,0,10000
Current chain speed: 57
Percent completed: 40%
[H[2JWorking on: Part /home/nous/.distrrtgen/178155.part,500000,md5,mixalpha-numeric-space,1,7,0,10000
Current chain speed: 57
Percent completed: 40%
[H[2JWorking on: Part /home/nous/.distrrtgen/178155.part,500000,md5,mixalpha-numeric-space,1,7,0,10000
Current chain speed: 57
Percent completed: 40%
[H[2JWorking on: Part /home/nous/.distrrtgen/178155.part,500000,md5,mixalpha-numeric-space,1,7,0,10000
Current chain speed: 56
Percent completed: 40%
[H[2JWorking on: Part /home/nous/.distrrtgen/178155.part,500000,md5,mixalpha-numeric-space,1,7,0,10000
Current chain speed: 57
Percent completed: 40%
[H[2JWorking on: Part /home/nous/.distrrtgen/178155.part,500000,md5,mixalpha-numeric-space,1,7,0,10000
Current chain speed: 57
Percent completed: 40%
[H[2JWorking on: Part /home/nous/.distrrtgen/178155.part,500000,md5,mixalpha-numeric-space,1,7,0,10000
Current chain speed: 57
Percent completed: 41%
[H[2JWorking on: Part /home/nous/.distrrtgen/178155.part,500000,md5,mixalpha-numeric-space,1,7,0,10000
Current chain speed: 57
Percent completed: 41%
[H[2JWorking on: Part /home/nous/.distrrtgen/178155.part,500000,md5,mixalpha-numeric-space,1,7,0,10000
Current chain speed: 57
Percent completed: 41%
[H[2JWorking on: Part /home/nous/.distrrtgen/178155.part,500000,md5,mixalpha-numeric-space,1,7,0,10000
Current chain speed: 57
Percent completed: 41%
[H[2JWorking on: Part /home/nous/.distrrtgen/178155.part,500000,md5,mixalpha-numeric-space,1,7,0,10000
Current chain speed: 57
Percent completed: 41%
[H[2JWorking on: Part /home/nous/.distrrtgen/178155.part,500000,md5,mixalpha-numeric-space,1,7,0,10000
Current chain speed: 57
Percent completed: 41%
[H[2JWorking on: Part /home/nous/.distrrtgen/178155.part,500000,md5,mixalpha-numeric-space,1,7,0,10000
Current chain speed: 57
Percent completed: 41%
[H[2JWorking on: Part /home/nous/.distrrtgen/178155.part,500000,md5,mixalpha-numeric-space,1,7,0,10000
Current chain speed: 57
Percent completed: 41%
[H[2JWorking on: Part /home/nous/.distrrtgen/178155.part,500000,md5,mixalpha-numeric-space,1,7,0,10000
Current chain speed: 56
Percent completed: 41%
[H[2JWorking on: Part /home/nous/.distrrtgen/178155.part,500000,md5,mixalpha-numeric-space,1,7,0,10000
Current chain speed: 57
Percent completed: 42%
[H[2JWorking on: Part /home/nous/.distrrtgen/178155.part,500000,md5,mixalpha-numeric-space,1,7,0,10000
Current chain speed: 57
Percent completed: 42%
[H[2JWorking on: Part /home/nous/.distrrtgen/178155.part,500000,md5,mixalpha-numeric-space,1,7,0,10000
Current chain speed: 57
Percent completed: 42%
[H[2JWorking on: Part /home/nous/.distrrtgen/178155.part,500000,md5,mixalpha-numeric-space,1,7,0,10000
Current chain speed: 57
Percent completed: 42%
[H[2JWorking on: Part /home/nous/.distrrtgen/178155.part,500000,md5,mixalpha-numeric-space,1,7,0,10000
Current chain speed: 57
Percent completed: 42%
[H[2JWorking on: Part /home/nous/.distrrtgen/178155.part,500000,md5,mixalpha-numeric-space,1,7,0,10000
Current chain speed: 57
Percent completed: 42%
[H[2JWorking on: Part /home/nous/.distrrtgen/178155.part,500000,md5,mixalpha-numeric-space,1,7,0,10000
Current chain speed: 57
Percent completed: 42%
[H[2JWorking on: Part /home/nous/.distrrtgen/178155.part,500000,md5,mixalpha-numeric-space,1,7,0,10000
Current chain speed: 57
Percent completed: 42%
[H[2JWorking on: Part /home/nous/.distrrtgen/178155.part,500000,md5,mixalpha-numeric-space,1,7,0,10000
Current chain speed: 57
Percent completed: 43%
[H[2JWorking on: Part /home/nous/.distrrtgen/178155.part,500000,md5,mixalpha-numeric-space,1,7,0,10000
Current chain speed: 57
Percent completed: 43%
[H[2JWorking on: Part /home/nous/.distrrtgen/178155.part,500000,md5,mixalpha-numeric-space,1,7,0,10000
Current chain speed: 56
Percent completed: 43%
[H[2JWorking on: Part /home/nous/.distrrtgen/178155.part,500000,md5,mixalpha-numeric-space,1,7,0,10000
Current chain speed: 57
Percent completed: 43%
[H[2JWorking on: Part /home/nous/.distrrtgen/178155.part,500000,md5,mixalpha-numeric-space,1,7,0,10000
Current chain speed: 57
Percent completed: 43%
[H[2JWorking on: Part /home/nous/.distrrtgen/178155.part,500000,md5,mixalpha-numeric-space,1,7,0,10000
Current chain speed: 57
Percent completed: 43%
[H[2JWorking on: Part /home/nous/.distrrtgen/178155.part,500000,md5,mixalpha-numeric-space,1,7,0,10000
Current chain speed: 57
Percent completed: 43%
[H[2JWorking on: Part /home/nous/.distrrtgen/178155.part,500000,md5,mixalpha-numeric-space,1,7,0,10000
Current chain speed: 57
Percent completed: 43%
[H[2JWorking on: Part /home/nous/.distrrtgen/178155.part,500000,md5,mixalpha-numeric-space,1,7,0,10000
Current chain speed: 57
Percent completed: 43%
[H[2JWorking on: Part /home/nous/.distrrtgen/178155.part,500000,md5,mixalpha-numeric-space,1,7,0,10000
Current chain speed: 57
Percent completed: 44%
[H[2JWorking on: Part /home/nous/.distrrtgen/178155.part,500000,md5,mixalpha-numeric-space,1,7,0,10000
Current chain speed: 57
Percent completed: 44%
[H[2JWorking on: Part /home/nous/.distrrtgen/178155.part,500000,md5,mixalpha-numeric-space,1,7,0,10000
Current chain speed: 57
Percent completed: 44%
[H[2JWorking on: Part /home/nous/.distrrtgen/178155.part,500000,md5,mixalpha-numeric-space,1,7,0,10000
Current chain speed: 57
Percent completed: 44%
[H[2JWorking on: Part /home/nous/.distrrtgen/178155.part,500000,md5,mixalpha-numeric-space,1,7,0,10000
Current chain speed: 56
Percent completed: 44%
[H[2JWorking on: Part /home/nous/.distrrtgen/178155.part,500000,md5,mixalpha-numeric-space,1,7,0,10000
Current chain speed: 57
Percent completed: 44%
[H[2JWorking on: Part /home/nous/.distrrtgen/178155.part,500000,md5,mixalpha-numeric-space,1,7,0,10000
Current chain speed: 57
Percent completed: 44%
[H[2JWorking on: Part /home/nous/.distrrtgen/178155.part,500000,md5,mixalpha-numeric-space,1,7,0,10000
Current chain speed: 57
Percent completed: 44%
[H[2JWorking on: Part /home/nous/.distrrtgen/178155.part,500000,md5,mixalpha-numeric-space,1,7,0,10000
Current chain speed: 57
Percent completed: 44%
[H[2JWorking on: Part /home/nous/.distrrtgen/178155.part,500000,md5,mixalpha-numeric-space,1,7,0,10000
Current chain speed: 57
Percent completed: 45%
[H[2JWorking on: Part /home/nous/.distrrtgen/178155.part,500000,md5,mixalpha-numeric-space,1,7,0,10000
Current chain speed: 57
Percent completed: 45%
[H[2JWorking on: Part /home/nous/.distrrtgen/178155.part,500000,md5,mixalpha-numeric-space,1,7,0,10000
Current chain speed: 57
Percent completed: 45%
[H[2JWorking on: Part /home/nous/.distrrtgen/178155.part,500000,md5,mixalpha-numeric-space,1,7,0,10000
Current chain speed: 57
Percent completed: 45%
[H[2JWorking on: Part /home/nous/.distrrtgen/178155.part,500000,md5,mixalpha-numeric-space,1,7,0,10000
Current chain speed: 57
Percent completed: 45%
[H[2JWorking on: Part /home/nous/.distrrtgen/178155.part,500000,md5,mixalpha-numeric-space,1,7,0,10000
Current chain speed: 57
Percent completed: 45%
[H[2JWorking on: Part /home/nous/.distrrtgen/178155.part,500000,md5,mixalpha-numeric-space,1,7,0,10000
Current chain speed: 56
Percent completed: 45%
[H[2JWorking on: Part /home/nous/.distrrtgen/178155.part,500000,md5,mixalpha-numeric-space,1,7,0,10000
Current chain speed: 57
Percent completed: 45%
[H[2JWorking on: Part /home/nous/.distrrtgen/178155.part,500000,md5,mixalpha-numeric-space,1,7,0,10000
Current chain speed: 57
Percent completed: 46%
[H[2JWorking on: Part /home/nous/.distrrtgen/178155.part,500000,md5,mixalpha-numeric-space,1,7,0,10000
Current chain speed: 57
Percent completed: 46%
[H[2JWorking on: Part /home/nous/.distrrtgen/178155.part,500000,md5,mixalpha-numeric-space,1,7,0,10000
Current chain speed: 57
Percent completed: 46%
[H[2JWorking on: Part /home/nous/.distrrtgen/178155.part,500000,md5,mixalpha-numeric-space,1,7,0,10000
Current chain speed: 57
Percent completed: 46%
[H[2JWorking on: Part /home/nous/.distrrtgen/178155.part,500000,md5,mixalpha-numeric-space,1,7,0,10000
Current chain speed: 57
Percent completed: 46%
[H[2JWorking on: Part /home/nous/.distrrtgen/178155.part,500000,md5,mixalpha-numeric-space,1,7,0,10000
Current chain speed: 57
Percent completed: 46%
[H[2JWorking on: Part /home/nous/.distrrtgen/178155.part,500000,md5,mixalpha-numeric-space,1,7,0,10000
Current chain speed: 57
Percent completed: 46%
[H[2JWorking on: Part /home/nous/.distrrtgen/178155.part,500000,md5,mixalpha-numeric-space,1,7,0,10000
Current chain speed: 57
Percent completed: 46%
[H[2JWorking on: Part /home/nous/.distrrtgen/178155.part,500000,md5,mixalpha-numeric-space,1,7,0,10000
Current chain speed: 57
Percent completed: 46%
[H[2JWorking on: Part /home/nous/.distrrtgen/178155.part,500000,md5,mixalpha-numeric-space,1,7,0,10000
Current chain speed: 55
Percent completed: 47%
[H[2JWorking on: Part /home/nous/.distrrtgen/178155.part,500000,md5,mixalpha-numeric-space,1,7,0,10000
Current chain speed: 57
Percent completed: 47%
[H[2JWorking on: Part /home/nous/.distrrtgen/178155.part,500000,md5,mixalpha-numeric-space,1,7,0,10000
Current chain speed: 57
Percent completed: 47%
[H[2JWorking on: Part /home/nous/.distrrtgen/178155.part,500000,md5,mixalpha-numeric-space,1,7,0,10000
Current chain speed: 57
Percent completed: 47%
[H[2JWorking on: Part /home/nous/.distrrtgen/178155.part,500000,md5,mixalpha-numeric-space,1,7,0,10000
Current chain speed: 57
Percent completed: 47%
[H[2JWorking on: Part /home/nous/.distrrtgen/178155.part,500000,md5,mixalpha-numeric-space,1,7,0,10000
Current chain speed: 57
Percent completed: 47%
[H[2JWorking on: Part /home/nous/.distrrtgen/178155.part,500000,md5,mixalpha-numeric-space,1,7,0,10000
Current chain speed: 57
Percent completed: 47%
[H[2JWorking on: Part /home/nous/.distrrtgen/178155.part,500000,md5,mixalpha-numeric-space,1,7,0,10000
Current chain speed: 57
Percent completed: 47%
[H[2JWorking on: Part /home/nous/.distrrtgen/178155.part,500000,md5,mixalpha-numeric-space,1,7,0,10000
Current chain speed: 57
Percent completed: 47%
[H[2JWorking on: Part /home/nous/.distrrtgen/178155.part,500000,md5,mixalpha-numeric-space,1,7,0,10000
Current chain speed: 57
Percent completed: 48%
[H[2JWorking on: Part /home/nous/.distrrtgen/178155.part,500000,md5,mixalpha-numeric-space,1,7,0,10000
Current chain speed: 57
Percent completed: 48%
[H[2JWorking on: Part /home/nous/.distrrtgen/178155.part,500000,md5,mixalpha-numeric-space,1,7,0,10000
Current chain speed: 56
Percent completed: 48%
[H[2JWorking on: Part /home/nous/.distrrtgen/178155.part,500000,md5,mixalpha-numeric-space,1,7,0,10000
Current chain speed: 57
Percent completed: 48%
[H[2JWorking on: Part /home/nous/.distrrtgen/178155.part,500000,md5,mixalpha-numeric-space,1,7,0,10000
Current chain speed: 57
Percent completed: 48%
[H[2JWorking on: Part /home/nous/.distrrtgen/178155.part,500000,md5,mixalpha-numeric-space,1,7,0,10000
Current chain speed: 57
Percent completed: 48%
[H[2JWorking on: Part /home/nous/.distrrtgen/178155.part,500000,md5,mixalpha-numeric-space,1,7,0,10000
Current chain speed: 57
Percent completed: 48%
[H[2JWorking on: Part /home/nous/.distrrtgen/178155.part,500000,md5,mixalpha-numeric-space,1,7,0,10000
Current chain speed: 57
Percent completed: 48%
[H[2JWorking on: Part /home/nous/.distrrtgen/178155.part,500000,md5,mixalpha-numeric-space,1,7,0,10000
Current chain speed: 57
Percent completed: 48%
[H[2JWorking on: Part /home/nous/.distrrtgen/178155.part,500000,md5,mixalpha-numeric-space,1,7,0,10000
Current chain speed: 57
Percent completed: 49%
[H[2JWorking on: Part /home/nous/.distrrtgen/178155.part,500000,md5,mixalpha-numeric-space,1,7,0,10000
Current chain speed: 57
Percent completed: 49%
[H[2JWorking on: Part /home/nous/.distrrtgen/178155.part,500000,md5,mixalpha-numeric-space,1,7,0,10000
Current chain speed: 57
Percent completed: 49%
[H[2JWorking on: Part /home/nous/.distrrtgen/178155.part,500000,md5,mixalpha-numeric-space,1,7,0,10000
Current chain speed: 57
Percent completed: 49%
[H[2JWorking on: Part /home/nous/.distrrtgen/178155.part,500000,md5,mixalpha-numeric-space,1,7,0,10000
Current chain speed: 56
Percent completed: 49%
[H[2JWorking on: Part /home/nous/.distrrtgen/178155.part,500000,md5,mixalpha-numeric-space,1,7,0,10000
Current chain speed: 57
Percent completed: 49%
[H[2JWorking on: Part /home/nous/.distrrtgen/178155.part,500000,md5,mixalpha-numeric-space,1,7,0,10000
Current chain speed: 57
Percent completed: 49%
[H[2JWorking on: Part /home/nous/.distrrtgen/178155.part,500000,md5,mixalpha-numeric-space,1,7,0,10000
Current chain speed: 57
Percent completed: 49%
[H[2JWorking on: Part /home/nous/.distrrtgen/178155.part,500000,md5,mixalpha-numeric-space,1,7,0,10000
Current chain speed: 57
Percent completed: 50%
[H[2JWorking on: Part /home/nous/.distrrtgen/178155.part,500000,md5,mixalpha-numeric-space,1,7,0,10000
Current chain speed: 57
Percent completed: 50%
[H[2JWorking on: Part /home/nous/.distrrtgen/178155.part,500000,md5,mixalpha-numeric-space,1,7,0,10000
Current chain speed: 57
Percent completed: 50%
[H[2JWorking on: Part /home/nous/.distrrtgen/178155.part,500000,md5,mixalpha-numeric-space,1,7,0,10000
Current chain speed: 57
Percent completed: 50%
[H[2JWorking on: Part /home/nous/.distrrtgen/178155.part,500000,md5,mixalpha-numeric-space,1,7,0,10000
Current chain speed: 57
Percent completed: 50%
[H[2JWorking on: Part /home/nous/.distrrtgen/178155.part,500000,md5,mixalpha-numeric-space,1,7,0,10000
Current chain speed: 57
Percent completed: 50%
[H[2JWorking on: Part /home/nous/.distrrtgen/178155.part,500000,md5,mixalpha-numeric-space,1,7,0,10000
Current chain speed: 57
Percent completed: 50%
[H[2JWorking on: Part /home/nous/.distrrtgen/178155.part,500000,md5,mixalpha-numeric-space,1,7,0,10000
Current chain speed: 56
Percent completed: 50%
[H[2JWorking on: Part /home/nous/.distrrtgen/178155.part,500000,md5,mixalpha-numeric-space,1,7,0,10000
Current chain speed: 57
Percent completed: 50%
[H[2JWorking on: Part /home/nous/.distrrtgen/178155.part,500000,md5,mixalpha-numeric-space,1,7,0,10000
Current chain speed: 57
Percent completed: 51%
[H[2JWorking on: Part /home/nous/.distrrtgen/178155.part,500000,md5,mixalpha-numeric-space,1,7,0,10000
Current chain speed: 57
Percent completed: 51%
[H[2JWorking on: Part /home/nous/.distrrtgen/178155.part,500000,md5,mixalpha-numeric-space,1,7,0,10000
Current chain speed: 57
Percent completed: 51%
[H[2JWorking on: Part /home/nous/.distrrtgen/178155.part,500000,md5,mixalpha-numeric-space,1,7,0,10000
Current chain speed: 57
Percent completed: 51%
[H[2JWorking on: Part /home/nous/.distrrtgen/178155.part,500000,md5,mixalpha-numeric-space,1,7,0,10000
Current chain speed: 57
Percent completed: 51%
[H[2JWorking on: Part /home/nous/.distrrtgen/178155.part,500000,md5,mixalpha-numeric-space,1,7,0,10000
Current chain speed: 57
Percent completed: 51%
[H[2JWorking on: Part /home/nous/.distrrtgen/178155.part,500000,md5,mixalpha-numeric-space,1,7,0,10000
Current chain speed: 57
Percent completed: 51%
[H[2JWorking on: Part /home/nous/.distrrtgen/178155.part,500000,md5,mixalpha-numeric-space,1,7,0,10000
Current chain speed: 57
Percent completed: 51%
[H[2JWorking on: Part /home/nous/.distrrtgen/178155.part,500000,md5,mixalpha-numeric-space,1,7,0,10000
Current chain speed: 56
Percent completed: 51%
[H[2JWorking on: Part /home/nous/.distrrtgen/178155.part,500000,md5,mixalpha-numeric-space,1,7,0,10000
Current chain speed: 57
Percent completed: 52%
[H[2JWorking on: Part /home/nous/.distrrtgen/178155.part,500000,md5,mixalpha-numeric-space,1,7,0,10000
Current chain speed: 57
Percent completed: 52%
[H[2JWorking on: Part /home/nous/.distrrtgen/178155.part,500000,md5,mixalpha-numeric-space,1,7,0,10000
Current chain speed: 57
Percent completed: 52%
[H[2JWorking on: Part /home/nous/.distrrtgen/178155.part,500000,md5,mixalpha-numeric-space,1,7,0,10000
Current chain speed: 57
Percent completed: 52%
[H[2JWorking on: Part /home/nous/.distrrtgen/178155.part,500000,md5,mixalpha-numeric-space,1,7,0,10000
Current chain speed: 57
Percent completed: 52%
[H[2JWorking on: Part /home/nous/.distrrtgen/178155.part,500000,md5,mixalpha-numeric-space,1,7,0,10000
Current chain speed: 57
Percent completed: 52%
[H[2JWorking on: Part /home/nous/.distrrtgen/178155.part,500000,md5,mixalpha-numeric-space,1,7,0,10000
Current chain speed: 57
Percent completed: 52%
[H[2JWorking on: Part /home/nous/.distrrtgen/178155.part,500000,md5,mixalpha-numeric-space,1,7,0,10000
Current chain speed: 57
Percent completed: 52%
[H[2JWorking on: Part /home/nous/.distrrtgen/178155.part,500000,md5,mixalpha-numeric-space,1,7,0,10000
Current chain speed: 57
Percent completed: 53%
[H[2JWorking on: Part /home/nous/.distrrtgen/178155.part,500000,md5,mixalpha-numeric-space,1,7,0,10000
Current chain speed: 57
Percent completed: 53%
[H[2JWorking on: Part /home/nous/.distrrtgen/178155.part,500000,md5,mixalpha-numeric-space,1,7,0,10000
Current chain speed: 56
Percent completed: 53%
[H[2JWorking on: Part /home/nous/.distrrtgen/178155.part,500000,md5,mixalpha-numeric-space,1,7,0,10000
Current chain speed: 57
Percent completed: 53%
[H[2JWorking on: Part /home/nous/.distrrtgen/178155.part,500000,md5,mixalpha-numeric-space,1,7,0,10000
Current chain speed: 57
Percent completed: 53%
[H[2JWorking on: Part /home/nous/.distrrtgen/178155.part,500000,md5,mixalpha-numeric-space,1,7,0,10000
Current chain speed: 57
Percent completed: 53%
[H[2JWorking on: Part /home/nous/.distrrtgen/178155.part,500000,md5,mixalpha-numeric-space,1,7,0,10000
Current chain speed: 57
Percent completed: 53%
[H[2JWorking on: Part /home/nous/.distrrtgen/178155.part,500000,md5,mixalpha-numeric-space,1,7,0,10000
Current chain speed: 57
Percent completed: 53%
[H[2JWorking on: Part /home/nous/.distrrtgen/178155.part,500000,md5,mixalpha-numeric-space,1,7,0,10000
Current chain speed: 57
Percent completed: 53%
[H[2JWorking on: Part /home/nous/.distrrtgen/178155.part,500000,md5,mixalpha-numeric-space,1,7,0,10000
Current chain speed: 57
Percent completed: 54%
[H[2JWorking on: Part /home/nous/.distrrtgen/178155.part,500000,md5,mixalpha-numeric-space,1,7,0,10000
Current chain speed: 57
Percent completed: 54%
[H[2JWorking on: Part /home/nous/.distrrtgen/178155.part,500000,md5,mixalpha-numeric-space,1,7,0,10000
Current chain speed: 57
Percent completed: 54%
[H[2JWorking on: Part /home/nous/.distrrtgen/178155.part,500000,md5,mixalpha-numeric-space,1,7,0,10000
Current chain speed: 57
Percent completed: 54%
[H[2JWorking on: Part /home/nous/.distrrtgen/178155.part,500000,md5,mixalpha-numeric-space,1,7,0,10000
Current chain speed: 56
Percent completed: 54%
[H[2JWorking on: Part /home/nous/.distrrtgen/178155.part,500000,md5,mixalpha-numeric-space,1,7,0,10000
Current chain speed: 57
Percent completed: 54%
[H[2JWorking on: Part /home/nous/.distrrtgen/178155.part,500000,md5,mixalpha-numeric-space,1,7,0,10000
Current chain speed: 57
Percent completed: 54%
[H[2JWorking on: Part /home/nous/.distrrtgen/178155.part,500000,md5,mixalpha-numeric-space,1,7,0,10000
Current chain speed: 57
Percent completed: 54%
[H[2JWorking on: Part /home/nous/.distrrtgen/178155.part,500000,md5,mixalpha-numeric-space,1,7,0,10000
Current chain speed: 57
Percent completed: 54%
[H[2JWorking on: Part /home/nous/.distrrtgen/178155.part,500000,md5,mixalpha-numeric-space,1,7,0,10000
Current chain speed: 57
Percent completed: 55%
[H[2JWorking on: Part /home/nous/.distrrtgen/178155.part,500000,md5,mixalpha-numeric-space,1,7,0,10000
Current chain speed: 57
Percent completed: 55%
[H[2JWorking on: Part /home/nous/.distrrtgen/178155.part,500000,md5,mixalpha-numeric-space,1,7,0,10000
Current chain speed: 57
Percent completed: 55%
[H[2JWorking on: Part /home/nous/.distrrtgen/178155.part,500000,md5,mixalpha-numeric-space,1,7,0,10000
Current chain speed: 57
Percent completed: 55%
[H[2JWorking on: Part /home/nous/.distrrtgen/178155.part,500000,md5,mixalpha-numeric-space,1,7,0,10000
Current chain speed: 57
Percent completed: 55%
[H[2JWorking on: Part /home/nous/.distrrtgen/178155.part,500000,md5,mixalpha-numeric-space,1,7,0,10000
Current chain speed: 57
Percent completed: 55%
[H[2JWorking on: Part /home/nous/.distrrtgen/178155.part,500000,md5,mixalpha-numeric-space,1,7,0,10000
Current chain speed: 56
Percent completed: 55%
[H[2JWorking on: Part /home/nous/.distrrtgen/178155.part,500000,md5,mixalpha-numeric-space,1,7,0,10000
Current chain speed: 57
Percent completed: 55%
[H[2JWorking on: Part /home/nous/.distrrtgen/178155.part,500000,md5,mixalpha-numeric-space,1,7,0,10000
Current chain speed: 57
Percent completed: 56%
[H[2JWorking on: Part /home/nous/.distrrtgen/178155.part,500000,md5,mixalpha-numeric-space,1,7,0,10000
Current chain speed: 57
Percent completed: 56%
[H[2JWorking on: Part /home/nous/.distrrtgen/178155.part,500000,md5,mixalpha-numeric-space,1,7,0,10000
Current chain speed: 57
Percent completed: 56%
[H[2JWorking on: Part /home/nous/.distrrtgen/178155.part,500000,md5,mixalpha-numeric-space,1,7,0,10000
Current chain speed: 57
Percent completed: 56%
[H[2JWorking on: Part /home/nous/.distrrtgen/178155.part,500000,md5,mixalpha-numeric-space,1,7,0,10000
Current chain speed: 57
Percent completed: 56%
[H[2JWorking on: Part /home/nous/.distrrtgen/178155.part,500000,md5,mixalpha-numeric-space,1,7,0,10000
Current chain speed: 57
Percent completed: 56%
[H[2JWorking on: Part /home/nous/.distrrtgen/178155.part,500000,md5,mixalpha-numeric-space,1,7,0,10000
Current chain speed: 57
Percent completed: 56%
[H[2JWorking on: Part /home/nous/.distrrtgen/178155.part,500000,md5,mixalpha-numeric-space,1,7,0,10000
Current chain speed: 57
Percent completed: 56%
[H[2JWorking on: Part /home/nous/.distrrtgen/178155.part,500000,md5,mixalpha-numeric-space,1,7,0,10000
Current chain speed: 57
Percent completed: 56%
[H[2JWorking on: Part /home/nous/.distrrtgen/178155.part,500000,md5,mixalpha-numeric-space,1,7,0,10000
Current chain speed: 56
Percent completed: 57%
[H[2JWorking on: Part /home/nous/.distrrtgen/178155.part,500000,md5,mixalpha-numeric-space,1,7,0,10000
Current chain speed: 57
Percent completed: 57%
[H[2JWorking on: Part /home/nous/.distrrtgen/178155.part,500000,md5,mixalpha-numeric-space,1,7,0,10000
Current chain speed: 57
Percent completed: 57%
[H[2JWorking on: Part /home/nous/.distrrtgen/178155.part,500000,md5,mixalpha-numeric-space,1,7,0,10000
Current chain speed: 57
Percent completed: 57%
[H[2JWorking on: Part /home/nous/.distrrtgen/178155.part,500000,md5,mixalpha-numeric-space,1,7,0,10000
Current chain speed: 57
Percent completed: 57%
[H[2JWorking on: Part /home/nous/.distrrtgen/178155.part,500000,md5,mixalpha-numeric-space,1,7,0,10000
Current chain speed: 57
Percent completed: 57%
[H[2JWorking on: Part /home/nous/.distrrtgen/178155.part,500000,md5,mixalpha-numeric-space,1,7,0,10000
Current chain speed: 57
Percent completed: 57%
[H[2JWorking on: Part /home/nous/.distrrtgen/178155.part,500000,md5,mixalpha-numeric-space,1,7,0,10000
Current chain speed: 57
Percent completed: 57%
[H[2JWorking on: Part /home/nous/.distrrtgen/178155.part,500000,md5,mixalpha-numeric-space,1,7,0,10000
Current chain speed: 57
Percent completed: 57%
[H[2JWorking on: Part /home/nous/.distrrtgen/178155.part,500000,md5,mixalpha-numeric-space,1,7,0,10000
Current chain speed: 57
Percent completed: 58%
[H[2JWorking on: Part /home/nous/.distrrtgen/178155.part,500000,md5,mixalpha-numeric-space,1,7,0,10000
Current chain speed: 57
Percent completed: 58%
[H[2JWorking on: Part /home/nous/.distrrtgen/178155.part,500000,md5,mixalpha-numeric-space,1,7,0,10000
Current chain speed: 54
Percent completed: 58%
[H[2JWorking on: Part /home/nous/.distrrtgen/178155.part,500000,md5,mixalpha-numeric-space,1,7,0,10000
Current chain speed: 57
Percent completed: 58%
[H[2JWorking on: Part /home/nous/.distrrtgen/178155.part,500000,md5,mixalpha-numeric-space,1,7,0,10000
Current chain speed: 57
Percent completed: 58%
[H[2JWorking on: Part /home/nous/.distrrtgen/178155.part,500000,md5,mixalpha-numeric-space,1,7,0,10000
Current chain speed: 57
Percent completed: 58%
[H[2JWorking on: Part /home/nous/.distrrtgen/178155.part,500000,md5,mixalpha-numeric-space,1,7,0,10000
Current chain speed: 57
Percent completed: 58%
[H[2JWorking on: Part /home/nous/.distrrtgen/178155.part,500000,md5,mixalpha-numeric-space,1,7,0,10000
Current chain speed: 57
Percent completed: 58%
[H[2JWorking on: Part /home/nous/.distrrtgen/178155.part,500000,md5,mixalpha-numeric-space,1,7,0,10000
Current chain speed: 57
Percent completed: 58%
[H[2JWorking on: Part /home/nous/.distrrtgen/178155.part,500000,md5,mixalpha-numeric-space,1,7,0,10000
Current chain speed: 57
Percent completed: 59%
[H[2JWorking on: Part /home/nous/.distrrtgen/178155.part,500000,md5,mixalpha-numeric-space,1,7,0,10000
Current chain speed: 57
Percent completed: 59%
[H[2JWorking on: Part /home/nous/.distrrtgen/178155.part,500000,md5,mixalpha-numeric-space,1,7,0,10000
Current chain speed: 57
Percent completed: 59%
[H[2JWorking on: Part /home/nous/.distrrtgen/178155.part,500000,md5,mixalpha-numeric-space,1,7,0,10000
Current chain speed: 57
Percent completed: 59%
[H[2JWorking on: Part /home/nous/.distrrtgen/178155.part,500000,md5,mixalpha-numeric-space,1,7,0,10000
Current chain speed: 56
Percent completed: 59%
[H[2JWorking on: Part /home/nous/.distrrtgen/178155.part,500000,md5,mixalpha-numeric-space,1,7,0,10000
Current chain speed: 57
Percent completed: 59%
[H[2JWorking on: Part /home/nous/.distrrtgen/178155.part,500000,md5,mixalpha-numeric-space,1,7,0,10000
Current chain speed: 57
Percent completed: 59%
[H[2JWorking on: Part /home/nous/.distrrtgen/178155.part,500000,md5,mixalpha-numeric-space,1,7,0,10000
Current chain speed: 57
Percent completed: 59%
[H[2JWorking on: Part /home/nous/.distrrtgen/178155.part,500000,md5,mixalpha-numeric-space,1,7,0,10000
Current chain speed: 57
Percent completed: 60%
[H[2JWorking on: Part /home/nous/.distrrtgen/178155.part,500000,md5,mixalpha-numeric-space,1,7,0,10000
Current chain speed: 57
Percent completed: 60%
[H[2JWorking on: Part /home/nous/.distrrtgen/178155.part,500000,md5,mixalpha-numeric-space,1,7,0,10000
Current chain speed: 57
Percent completed: 60%
[H[2JWorking on: Part /home/nous/.distrrtgen/178155.part,500000,md5,mixalpha-numeric-space,1,7,0,10000
Current chain speed: 57
Percent completed: 60%
[H[2JWorking on: Part /home/nous/.distrrtgen/178155.part,500000,md5,mixalpha-numeric-space,1,7,0,10000
Current chain speed: 57
Percent completed: 60%
[H[2JWorking on: Part /home/nous/.distrrtgen/178155.part,500000,md5,mixalpha-numeric-space,1,7,0,10000
Current chain speed: 57
Percent completed: 60%
[H[2JWorking on: Part /home/nous/.distrrtgen/178155.part,500000,md5,mixalpha-numeric-space,1,7,0,10000
Current chain speed: 57
Percent completed: 60%
[H[2JWorking on: Part /home/nous/.distrrtgen/178155.part,500000,md5,mixalpha-numeric-space,1,7,0,10000
Current chain speed: 56
Percent completed: 60%
[H[2JWorking on: Part /home/nous/.distrrtgen/178155.part,500000,md5,mixalpha-numeric-space,1,7,0,10000
Current chain speed: 57
Percent completed: 60%
[H[2JWorking on: Part /home/nous/.distrrtgen/178155.part,500000,md5,mixalpha-numeric-space,1,7,0,10000
Current chain speed: 57
Percent completed: 61%
[H[2JWorking on: Part /home/nous/.distrrtgen/178155.part,500000,md5,mixalpha-numeric-space,1,7,0,10000
Current chain speed: 57
Percent completed: 61%
[H[2JWorking on: Part /home/nous/.distrrtgen/178155.part,500000,md5,mixalpha-numeric-space,1,7,0,10000
Current chain speed: 57
Percent completed: 61%
[H[2JWorking on: Part /home/nous/.distrrtgen/178155.part,500000,md5,mixalpha-numeric-space,1,7,0,10000
Current chain speed: 57
Percent completed: 61%
[H[2JWorking on: Part /home/nous/.distrrtgen/178155.part,500000,md5,mixalpha-numeric-space,1,7,0,10000
Current chain speed: 57
Percent completed: 61%
[H[2JWorking on: Part /home/nous/.distrrtgen/178155.part,500000,md5,mixalpha-numeric-space,1,7,0,10000
Current chain speed: 57
Percent completed: 61%
[H[2JWorking on: Part /home/nous/.distrrtgen/178155.part,500000,md5,mixalpha-numeric-space,1,7,0,10000
Current chain speed: 57
Percent completed: 61%
[H[2JWorking on: Part /home/nous/.distrrtgen/178155.part,500000,md5,mixalpha-numeric-space,1,7,0,10000
Current chain speed: 57
Percent completed: 61%
[H[2JWorking on: Part /home/nous/.distrrtgen/178155.part,500000,md5,mixalpha-numeric-space,1,7,0,10000
Current chain speed: 57
Percent completed: 61%
[H[2JWorking on: Part /home/nous/.distrrtgen/178155.part,500000,md5,mixalpha-numeric-space,1,7,0,10000
Current chain speed: 56
Percent completed: 62%
[H[2JWorking on: Part /home/nous/.distrrtgen/178155.part,500000,md5,mixalpha-numeric-space,1,7,0,10000
Current chain speed: 57
Percent completed: 62%
[H[2JWorking on: Part /home/nous/.distrrtgen/178155.part,500000,md5,mixalpha-numeric-space,1,7,0,10000
Current chain speed: 57
Percent completed: 62%
[H[2JWorking on: Part /home/nous/.distrrtgen/178155.part,500000,md5,mixalpha-numeric-space,1,7,0,10000
Current chain speed: 57
Percent completed: 62%
[H[2JWorking on: Part /home/nous/.distrrtgen/178155.part,500000,md5,mixalpha-numeric-space,1,7,0,10000
Current chain speed: 57
Percent completed: 62%
[H[2JWorking on: Part /home/nous/.distrrtgen/178155.part,500000,md5,mixalpha-numeric-space,1,7,0,10000
Current chain speed: 57
Percent completed: 62%
[H[2JWorking on: Part /home/nous/.distrrtgen/178155.part,500000,md5,mixalpha-numeric-space,1,7,0,10000
Current chain speed: 57
Percent completed: 62%
[H[2JWorking on: Part /home/nous/.distrrtgen/178155.part,500000,md5,mixalpha-numeric-space,1,7,0,10000
Current chain speed: 57
Percent completed: 62%
[H[2JWorking on: Part /home/nous/.distrrtgen/178155.part,500000,md5,mixalpha-numeric-space,1,7,0,10000
Current chain speed: 57
Percent completed: 63%
[H[2JWorking on: Part /home/nous/.distrrtgen/178155.part,500000,md5,mixalpha-numeric-space,1,7,0,10000
Current chain speed: 57
Percent completed: 63%
[H[2JWorking on: Part /home/nous/.distrrtgen/178155.part,500000,md5,mixalpha-numeric-space,1,7,0,10000
Current chain speed: 57
Percent completed: 63%
[H[2JWorking on: Part /home/nous/.distrrtgen/178155.part,500000,md5,mixalpha-numeric-space,1,7,0,10000
Current chain speed: 56
Percent completed: 63%
[H[2JWorking on: Part /home/nous/.distrrtgen/178155.part,500000,md5,mixalpha-numeric-space,1,7,0,10000
Current chain speed: 57
Percent completed: 63%
[H[2JWorking on: Part /home/nous/.distrrtgen/178155.part,500000,md5,mixalpha-numeric-space,1,7,0,10000
Current chain speed: 57
Percent completed: 63%
[H[2JWorking on: Part /home/nous/.distrrtgen/178155.part,500000,md5,mixalpha-numeric-space,1,7,0,10000
Current chain speed: 57
Percent completed: 63%
[H[2JWorking on: Part /home/nous/.distrrtgen/178155.part,500000,md5,mixalpha-numeric-space,1,7,0,10000
Current chain speed: 57
Percent completed: 63%
[H[2JWorking on: Part /home/nous/.distrrtgen/178155.part,500000,md5,mixalpha-numeric-space,1,7,0,10000
Current chain speed: 57
Percent completed: 63%
[H[2JWorking on: Part /home/nous/.distrrtgen/178155.part,500000,md5,mixalpha-numeric-space,1,7,0,10000
Current chain speed: 57
Percent completed: 64%
[H[2JWorking on: Part /home/nous/.distrrtgen/178155.part,500000,md5,mixalpha-numeric-space,1,7,0,10000
Current chain speed: 57
Percent completed: 64%
[H[2JWorking on: Part /home/nous/.distrrtgen/178155.part,500000,md5,mixalpha-numeric-space,1,7,0,10000
Current chain speed: 57
Percent completed: 64%
[H[2JWorking on: Part /home/nous/.distrrtgen/178155.part,500000,md5,mixalpha-numeric-space,1,7,0,10000
Current chain speed: 57
Percent completed: 64%
[H[2JWorking on: Part /home/nous/.distrrtgen/178155.part,500000,md5,mixalpha-numeric-space,1,7,0,10000
Current chain speed: 57
Percent completed: 64%
[H[2JWorking on: Part /home/nous/.distrrtgen/178155.part,500000,md5,mixalpha-numeric-space,1,7,0,10000
Current chain speed: 56
Percent completed: 64%
[H[2JWorking on: Part /home/nous/.distrrtgen/178155.part,500000,md5,mixalpha-numeric-space,1,7,0,10000
Current chain speed: 57
Percent completed: 64%
[H[2JWorking on: Part /home/nous/.distrrtgen/178155.part,500000,md5,mixalpha-numeric-space,1,7,0,10000
Current chain speed: 57
Percent completed: 64%
[H[2JWorking on: Part /home/nous/.distrrtgen/178155.part,500000,md5,mixalpha-numeric-space,1,7,0,10000
Current chain speed: 57
Percent completed: 64%
[H[2JWorking on: Part /home/nous/.distrrtgen/178155.part,500000,md5,mixalpha-numeric-space,1,7,0,10000
Current chain speed: 57
Percent completed: 65%
[H[2JWorking on: Part /home/nous/.distrrtgen/178155.part,500000,md5,mixalpha-numeric-space,1,7,0,10000
Current chain speed: 57
Percent completed: 65%
[H[2JWorking on: Part /home/nous/.distrrtgen/178155.part,500000,md5,mixalpha-numeric-space,1,7,0,10000
Current chain speed: 57
Percent completed: 65%
[H[2JWorking on: Part /home/nous/.distrrtgen/178155.part,500000,md5,mixalpha-numeric-space,1,7,0,10000
Current chain speed: 57
Percent completed: 65%
[H[2JWorking on: Part /home/nous/.distrrtgen/178155.part,500000,md5,mixalpha-numeric-space,1,7,0,10000
Current chain speed: 57
Percent completed: 65%
[H[2JWorking on: Part /home/nous/.distrrtgen/178155.part,500000,md5,mixalpha-numeric-space,1,7,0,10000
Current chain speed: 57
Percent completed: 65%
[H[2JWorking on: Part /home/nous/.distrrtgen/178155.part,500000,md5,mixalpha-numeric-space,1,7,0,10000
Current chain speed: 56
Percent completed: 65%
[H[2JWorking on: Part /home/nous/.distrrtgen/178155.part,500000,md5,mixalpha-numeric-space,1,7,0,10000
Current chain speed: 57
Percent completed: 65%
[H[2JWorking on: Part /home/nous/.distrrtgen/178155.part,500000,md5,mixalpha-numeric-space,1,7,0,10000
Current chain speed: 56
Percent completed: 66%
[H[2JWorking on: Part /home/nous/.distrrtgen/178155.part,500000,md5,mixalpha-numeric-space,1,7,0,10000
Current chain speed: 57
Percent completed: 66%
[H[2JWorking on: Part /home/nous/.distrrtgen/178155.part,500000,md5,mixalpha-numeric-space,1,7,0,10000
Current chain speed: 57
Percent completed: 66%
[H[2JWorking on: Part /home/nous/.distrrtgen/178155.part,500000,md5,mixalpha-numeric-space,1,7,0,10000
Current chain speed: 57
Percent completed: 66%
[H[2JWorking on: Part /home/nous/.distrrtgen/178155.part,500000,md5,mixalpha-numeric-space,1,7,0,10000
Current chain speed: 57
Percent completed: 66%
[H[2JWorking on: Part /home/nous/.distrrtgen/178155.part,500000,md5,mixalpha-numeric-space,1,7,0,10000
Current chain speed: 57
Percent completed: 66%
[H[2JWorking on: Part /home/nous/.distrrtgen/178155.part,500000,md5,mixalpha-numeric-space,1,7,0,10000
Current chain speed: 57
Percent completed: 66%
[H[2JWorking on: Part /home/nous/.distrrtgen/178155.part,500000,md5,mixalpha-numeric-space,1,7,0,10000
Current chain speed: 57
Percent completed: 66%
[H[2JWorking on: Part /home/nous/.distrrtgen/178155.part,500000,md5,mixalpha-numeric-space,1,7,0,10000
Current chain speed: 57
Percent completed: 66%
[H[2JWorking on: Part /home/nous/.distrrtgen/178155.part,500000,md5,mixalpha-numeric-space,1,7,0,10000
Current chain speed: 56
Percent completed: 67%
[H[2JWorking on: Part /home/nous/.distrrtgen/178155.part,500000,md5,mixalpha-numeric-space,1,7,0,10000
Current chain speed: 57
Percent completed: 67%
[H[2JWorking on: Part /home/nous/.distrrtgen/178155.part,500000,md5,mixalpha-numeric-space,1,7,0,10000
Current chain speed: 57
Percent completed: 67%
[H[2JWorking on: Part /home/nous/.distrrtgen/178155.part,500000,md5,mixalpha-numeric-space,1,7,0,10000
Current chain speed: 57
Percent completed: 67%
[H[2JWorking on: Part /home/nous/.distrrtgen/178155.part,500000,md5,mixalpha-numeric-space,1,7,0,10000
Current chain speed: 57
Percent completed: 67%
[H[2JWorking on: Part /home/nous/.distrrtgen/178155.part,500000,md5,mixalpha-numeric-space,1,7,0,10000
Current chain speed: 57
Percent completed: 67%
[H[2JWorking on: Part /home/nous/.distrrtgen/178155.part,500000,md5,mixalpha-numeric-space,1,7,0,10000
Current chain speed: 57
Percent completed: 67%
[H[2JWorking on: Part /home/nous/.distrrtgen/178155.part,500000,md5,mixalpha-numeric-space,1,7,0,10000
Current chain speed: 57
Percent completed: 67%
[H[2JWorking on: Part /home/nous/.distrrtgen/178155.part,500000,md5,mixalpha-numeric-space,1,7,0,10000
Current chain speed: 57
Percent completed: 67%
[H[2JWorking on: Part /home/nous/.distrrtgen/178155.part,500000,md5,mixalpha-numeric-space,1,7,0,10000
Current chain speed: 57
Percent completed: 68%
[H[2JWorking on: Part /home/nous/.distrrtgen/178155.part,500000,md5,mixalpha-numeric-space,1,7,0,10000
Current chain speed: 57
Percent completed: 68%
[H[2JWorking on: Part /home/nous/.distrrtgen/178155.part,500000,md5,mixalpha-numeric-space,1,7,0,10000
Current chain speed: 56
Percent completed: 68%
[H[2JWorking on: Part /home/nous/.distrrtgen/178155.part,500000,md5,mixalpha-numeric-space,1,7,0,10000
Current chain speed: 57
Percent completed: 68%
[H[2JWorking on: Part /home/nous/.distrrtgen/178155.part,500000,md5,mixalpha-numeric-space,1,7,0,10000
Current chain speed: 57
Percent completed: 68%
[H[2JWorking on: Part /home/nous/.distrrtgen/178155.part,500000,md5,mixalpha-numeric-space,1,7,0,10000
Current chain speed: 57
Percent completed: 68%
[H[2JWorking on: Part /home/nous/.distrrtgen/178155.part,500000,md5,mixalpha-numeric-space,1,7,0,10000
Current chain speed: 57
Percent completed: 68%
[H[2JWorking on: Part /home/nous/.distrrtgen/178155.part,500000,md5,mixalpha-numeric-space,1,7,0,10000
Current chain speed: 57
Percent completed: 68%
[H[2JWorking on: Part /home/nous/.distrrtgen/178155.part,500000,md5,mixalpha-numeric-space,1,7,0,10000
Current chain speed: 57
Percent completed: 68%
[H[2JWorking on: Part /home/nous/.distrrtgen/178155.part,500000,md5,mixalpha-numeric-space,1,7,0,10000
Current chain speed: 57
Percent completed: 69%
[H[2JWorking on: Part /home/nous/.distrrtgen/178155.part,500000,md5,mixalpha-numeric-space,1,7,0,10000
Current chain speed: 57
Percent completed: 69%
[H[2JWorking on: Part /home/nous/.distrrtgen/178155.part,500000,md5,mixalpha-numeric-space,1,7,0,10000
Current chain speed: 57
Percent completed: 69%
[H[2JWorking on: Part /home/nous/.distrrtgen/178155.part,500000,md5,mixalpha-numeric-space,1,7,0,10000
Current chain speed: 57
Percent completed: 69%
[H[2JWorking on: Part /home/nous/.distrrtgen/178155.part,500000,md5,mixalpha-numeric-space,1,7,0,10000
Current chain speed: 56
Percent completed: 69%
[H[2JWorking on: Part /home/nous/.distrrtgen/178155.part,500000,md5,mixalpha-numeric-space,1,7,0,10000
Current chain speed: 57
Percent completed: 69%
[H[2JWorking on: Part /home/nous/.distrrtgen/178155.part,500000,md5,mixalpha-numeric-space,1,7,0,10000
Current chain speed: 57
Percent completed: 69%
[H[2JWorking on: Part /home/nous/.distrrtgen/178155.part,500000,md5,mixalpha-numeric-space,1,7,0,10000
Current chain speed: 57
Percent completed: 69%
[H[2JWorking on: Part /home/nous/.distrrtgen/178155.part,500000,md5,mixalpha-numeric-space,1,7,0,10000
Current chain speed: 57
Percent completed: 70%
[H[2JWorking on: Part /home/nous/.distrrtgen/178155.part,500000,md5,mixalpha-numeric-space,1,7,0,10000
Current chain speed: 57
Percent completed: 70%
[H[2JWorking on: Part /home/nous/.distrrtgen/178155.part,500000,md5,mixalpha-numeric-space,1,7,0,10000
Current chain speed: 57
Percent completed: 70%
[H[2JWorking on: Part /home/nous/.distrrtgen/178155.part,500000,md5,mixalpha-numeric-space,1,7,0,10000
Current chain speed: 57
Percent completed: 70%
[H[2JWorking on: Part /home/nous/.distrrtgen/178155.part,500000,md5,mixalpha-numeric-space,1,7,0,10000
Current chain speed: 57
Percent completed: 70%
[H[2JWorking on: Part /home/nous/.distrrtgen/178155.part,500000,md5,mixalpha-numeric-space,1,7,0,10000
Current chain speed: 57
Percent completed: 70%
[H[2JWorking on: Part /home/nous/.distrrtgen/178155.part,500000,md5,mixalpha-numeric-space,1,7,0,10000
Current chain speed: 57
Percent completed: 70%
[H[2JWorking on: Part /home/nous/.distrrtgen/178155.part,500000,md5,mixalpha-numeric-space,1,7,0,10000
Current chain speed: 56
Percent completed: 70%
[H[2JWorking on: Part /home/nous/.distrrtgen/178155.part,500000,md5,mixalpha-numeric-space,1,7,0,10000
Current chain speed: 57
Percent completed: 70%
[H[2JWorking on: Part /home/nous/.distrrtgen/178155.part,500000,md5,mixalpha-numeric-space,1,7,0,10000
Current chain speed: 57
Percent completed: 71%
[H[2JWorking on: Part /home/nous/.distrrtgen/178155.part,500000,md5,mixalpha-numeric-space,1,7,0,10000
Current chain speed: 57
Percent completed: 71%
[H[2JWorking on: Part /home/nous/.distrrtgen/178155.part,500000,md5,mixalpha-numeric-space,1,7,0,10000
Current chain speed: 57
Percent completed: 71%
[H[2JWorking on: Part /home/nous/.distrrtgen/178155.part,500000,md5,mixalpha-numeric-space,1,7,0,10000
Current chain speed: 57
Percent completed: 71%
[H[2JWorking on: Part /home/nous/.distrrtgen/178155.part,500000,md5,mixalpha-numeric-space,1,7,0,10000
Current chain speed: 57
Percent completed: 71%
[H[2JWorking on: Part /home/nous/.distrrtgen/178155.part,500000,md5,mixalpha-numeric-space,1,7,0,10000
Current chain speed: 57
Percent completed: 71%
[H[2JWorking on: Part /home/nous/.distrrtgen/178155.part,500000,md5,mixalpha-numeric-space,1,7,0,10000
Current chain speed: 57
Percent completed: 71%
[H[2JWorking on: Part /home/nous/.distrrtgen/178155.part,500000,md5,mixalpha-numeric-space,1,7,0,10000
Current chain speed: 57
Percent completed: 71%
[H[2JWorking on: Part /home/nous/.distrrtgen/178155.part,500000,md5,mixalpha-numeric-space,1,7,0,10000
Current chain speed: 57
Percent completed: 71%
[H[2JWorking on: Part /home/nous/.distrrtgen/178155.part,500000,md5,mixalpha-numeric-space,1,7,0,10000
Current chain speed: 56
Percent completed: 72%
[H[2JWorking on: Part /home/nous/.distrrtgen/178155.part,500000,md5,mixalpha-numeric-space,1,7,0,10000
Current chain speed: 57
Percent completed: 72%
[H[2JWorking on: Part /home/nous/.distrrtgen/178155.part,500000,md5,mixalpha-numeric-space,1,7,0,10000
Current chain speed: 57
Percent completed: 72%
[H[2JWorking on: Part /home/nous/.distrrtgen/178155.part,500000,md5,mixalpha-numeric-space,1,7,0,10000
Current chain speed: 57
Percent completed: 72%
[H[2JWorking on: Part /home/nous/.distrrtgen/178155.part,500000,md5,mixalpha-numeric-space,1,7,0,10000
Current chain speed: 57
Percent completed: 72%
[H[2JWorking on: Part /home/nous/.distrrtgen/178155.part,500000,md5,mixalpha-numeric-space,1,7,0,10000
Current chain speed: 57
Percent completed: 72%
[H[2JWorking on: Part /home/nous/.distrrtgen/178155.part,500000,md5,mixalpha-numeric-space,1,7,0,10000
Current chain speed: 57
Percent completed: 72%
[H[2JWorking on: Part /home/nous/.distrrtgen/178155.part,500000,md5,mixalpha-numeric-space,1,7,0,10000
Current chain speed: 57
Percent completed: 72%
[H[2JWorking on: Part /home/nous/.distrrtgen/178155.part,500000,md5,mixalpha-numeric-space,1,7,0,10000
Current chain speed: 57
Percent completed: 73%
[H[2JWorking on: Part /home/nous/.distrrtgen/178155.part,500000,md5,mixalpha-numeric-space,1,7,0,10000
Current chain speed: 57
Percent completed: 73%
[H[2JWorking on: Part /home/nous/.distrrtgen/178155.part,500000,md5,mixalpha-numeric-space,1,7,0,10000
Current chain speed: 57
Percent completed: 73%
[H[2JWorking on: Part /home/nous/.distrrtgen/178155.part,500000,md5,mixalpha-numeric-space,1,7,0,10000
Current chain speed: 56
Percent completed: 73%
[H[2JWorking on: Part /home/nous/.distrrtgen/178155.part,500000,md5,mixalpha-numeric-space,1,7,0,10000
Current chain speed: 57
Percent completed: 73%
[H[2JWorking on: Part /home/nous/.distrrtgen/178155.part,500000,md5,mixalpha-numeric-space,1,7,0,10000
Current chain speed: 57
Percent completed: 73%
[H[2JWorking on: Part /home/nous/.distrrtgen/178155.part,500000,md5,mixalpha-numeric-space,1,7,0,10000
Current chain speed: 57
Percent completed: 73%
[H[2JWorking on: Part /home/nous/.distrrtgen/178155.part,500000,md5,mixalpha-numeric-space,1,7,0,10000
Current chain speed: 57
Percent completed: 73%
[H[2JWorking on: Part /home/nous/.distrrtgen/178155.part,500000,md5,mixalpha-numeric-space,1,7,0,10000
Current chain speed: 57
Percent completed: 73%
[H[2JWorking on: Part /home/nous/.distrrtgen/178155.part,500000,md5,mixalpha-numeric-space,1,7,0,10000
Current chain speed: 57
Percent completed: 74%
[H[2JWorking on: Part /home/nous/.distrrtgen/178155.part,500000,md5,mixalpha-numeric-space,1,7,0,10000
Current chain speed: 57
Percent completed: 74%
[H[2JWorking on: Part /home/nous/.distrrtgen/178155.part,500000,md5,mixalpha-numeric-space,1,7,0,10000
Current chain speed: 57
Percent completed: 74%
[H[2JWorking on: Part /home/nous/.distrrtgen/178155.part,500000,md5,mixalpha-numeric-space,1,7,0,10000
Current chain speed: 57
Percent completed: 74%
[H[2JWorking on: Part /home/nous/.distrrtgen/178155.part,500000,md5,mixalpha-numeric-space,1,7,0,10000
Current chain speed: 57
Percent completed: 74%
[H[2JWorking on: Part /home/nous/.distrrtgen/178155.part,500000,md5,mixalpha-numeric-space,1,7,0,10000
Current chain speed: 56
Percent completed: 74%
[H[2JWorking on: Part /home/nous/.distrrtgen/178155.part,500000,md5,mixalpha-numeric-space,1,7,0,10000
Current chain speed: 57
Percent completed: 74%
[H[2JWorking on: Part /home/nous/.distrrtgen/178155.part,500000,md5,mixalpha-numeric-space,1,7,0,10000
Current chain speed: 57
Percent completed: 74%
[H[2JWorking on: Part /home/nous/.distrrtgen/178155.part,500000,md5,mixalpha-numeric-space,1,7,0,10000
Current chain speed: 57
Percent completed: 74%
[H[2JWorking on: Part /home/nous/.distrrtgen/178155.part,500000,md5,mixalpha-numeric-space,1,7,0,10000
Current chain speed: 57
Percent completed: 75%
[H[2JWorking on: Part /home/nous/.distrrtgen/178155.part,500000,md5,mixalpha-numeric-space,1,7,0,10000
Current chain speed: 57
Percent completed: 75%
[H[2JWorking on: Part /home/nous/.distrrtgen/178155.part,500000,md5,mixalpha-numeric-space,1,7,0,10000
Current chain speed: 57
Percent completed: 75%
[H[2JWorking on: Part /home/nous/.distrrtgen/178155.part,500000,md5,mixalpha-numeric-space,1,7,0,10000
Current chain speed: 57
Percent completed: 75%
[H[2JWorking on: Part /home/nous/.distrrtgen/178155.part,500000,md5,mixalpha-numeric-space,1,7,0,10000
Current chain speed: 57
Percent completed: 75%
[H[2JWorking on: Part /home/nous/.distrrtgen/178155.part,500000,md5,mixalpha-numeric-space,1,7,0,10000
Current chain speed: 57
Percent completed: 75%
[H[2JWorking on: Part /home/nous/.distrrtgen/178155.part,500000,md5,mixalpha-numeric-space,1,7,0,10000
Current chain speed: 57
Percent completed: 75%
[H[2JWorking on: Part /home/nous/.distrrtgen/178155.part,500000,md5,mixalpha-numeric-space,1,7,0,10000
Current chain speed: 56
Percent completed: 75%
[H[2JWorking on: Part /home/nous/.distrrtgen/178155.part,500000,md5,mixalpha-numeric-space,1,7,0,10000
Current chain speed: 57
Percent completed: 76%
[H[2JWorking on: Part /home/nous/.distrrtgen/178155.part,500000,md5,mixalpha-numeric-space,1,7,0,10000
Current chain speed: 57
Percent completed: 76%
[H[2JWorking on: Part /home/nous/.distrrtgen/178155.part,500000,md5,mixalpha-numeric-space,1,7,0,10000
Current chain speed: 57
Percent completed: 76%
[H[2JWorking on: Part /home/nous/.distrrtgen/178155.part,500000,md5,mixalpha-numeric-space,1,7,0,10000
Current chain speed: 57
Percent completed: 76%
[H[2JWorking on: Part /home/nous/.distrrtgen/178155.part,500000,md5,mixalpha-numeric-space,1,7,0,10000
Current chain speed: 57
Percent completed: 76%
[H[2JWorking on: Part /home/nous/.distrrtgen/178155.part,500000,md5,mixalpha-numeric-space,1,7,0,10000
Current chain speed: 57
Percent completed: 76%
[H[2JWorking on: Part /home/nous/.distrrtgen/178155.part,500000,md5,mixalpha-numeric-space,1,7,0,10000
Current chain speed: 57
Percent completed: 76%
[H[2JWorking on: Part /home/nous/.distrrtgen/178155.part,500000,md5,mixalpha-numeric-space,1,7,0,10000
Current chain speed: 57
Percent completed: 76%
[H[2JWorking on: Part /home/nous/.distrrtgen/178155.part,500000,md5,mixalpha-numeric-space,1,7,0,10000
Current chain speed: 57
Percent completed: 76%
[H[2JWorking on: Part /home/nous/.distrrtgen/178155.part,500000,md5,mixalpha-numeric-space,1,7,0,10000
Current chain speed: 57
Percent completed: 77%
[H[2JWorking on: Part /home/nous/.distrrtgen/178155.part,500000,md5,mixalpha-numeric-space,1,7,0,10000
Current chain speed: 56
Percent completed: 77%
[H[2JWorking on: Part /home/nous/.distrrtgen/178155.part,500000,md5,mixalpha-numeric-space,1,7,0,10000
Current chain speed: 57
Percent completed: 77%
[H[2JWorking on: Part /home/nous/.distrrtgen/178155.part,500000,md5,mixalpha-numeric-space,1,7,0,10000
Current chain speed: 57
Percent completed: 77%
[H[2JWorking on: Part /home/nous/.distrrtgen/178155.part,500000,md5,mixalpha-numeric-space,1,7,0,10000
Current chain speed: 57
Percent completed: 77%
[H[2JWorking on: Part /home/nous/.distrrtgen/178155.part,500000,md5,mixalpha-numeric-space,1,7,0,10000
Current chain speed: 57
Percent completed: 77%
[H[2JWorking on: Part /home/nous/.distrrtgen/178155.part,500000,md5,mixalpha-numeric-space,1,7,0,10000
Current chain speed: 57
Percent completed: 77%
[H[2JWorking on: Part /home/nous/.distrrtgen/178155.part,500000,md5,mixalpha-numeric-space,1,7,0,10000
Current chain speed: 57
Percent completed: 77%
[H[2JWorking on: Part /home/nous/.distrrtgen/178155.part,500000,md5,mixalpha-numeric-space,1,7,0,10000
Current chain speed: 57
Percent completed: 77%
[H[2JWorking on: Part /home/nous/.distrrtgen/178155.part,500000,md5,mixalpha-numeric-space,1,7,0,10000
Current chain speed: 57
Percent completed: 78%
[H[2JWorking on: Part /home/nous/.distrrtgen/178155.part,500000,md5,mixalpha-numeric-space,1,7,0,10000
Current chain speed: 57
Percent completed: 78%
[H[2JWorking on: Part /home/nous/.distrrtgen/178155.part,500000,md5,mixalpha-numeric-space,1,7,0,10000
Current chain speed: 57
Percent completed: 78%
[H[2JWorking on: Part /home/nous/.distrrtgen/178155.part,500000,md5,mixalpha-numeric-space,1,7,0,10000
Current chain speed: 56
Percent completed: 78%
[H[2JWorking on: Part /home/nous/.distrrtgen/178155.part,500000,md5,mixalpha-numeric-space,1,7,0,10000
Current chain speed: 57
Percent completed: 78%
[H[2JWorking on: Part /home/nous/.distrrtgen/178155.part,500000,md5,mixalpha-numeric-space,1,7,0,10000
Current chain speed: 57
Percent completed: 78%
[H[2JWorking on: Part /home/nous/.distrrtgen/178155.part,500000,md5,mixalpha-numeric-space,1,7,0,10000
Current chain speed: 57
Percent completed: 78%
[H[2JWorking on: Part /home/nous/.distrrtgen/178155.part,500000,md5,mixalpha-numeric-space,1,7,0,10000
Current chain speed: 57
Percent completed: 78%
[H[2JWorking on: Part /home/nous/.distrrtgen/178155.part,500000,md5,mixalpha-numeric-space,1,7,0,10000
Current chain speed: 57
Percent completed: 78%
[H[2JWorking on: Part /home/nous/.distrrtgen/178155.part,500000,md5,mixalpha-numeric-space,1,7,0,10000
Current chain speed: 57
Percent completed: 79%
[H[2JWorking on: Part /home/nous/.distrrtgen/178155.part,500000,md5,mixalpha-numeric-space,1,7,0,10000
Current chain speed: 57
Percent completed: 79%
[H[2JWorking on: Part /home/nous/.distrrtgen/178155.part,500000,md5,mixalpha-numeric-space,1,7,0,10000
Current chain speed: 57
Percent completed: 79%
[H[2JWorking on: Part /home/nous/.distrrtgen/178155.part,500000,md5,mixalpha-numeric-space,1,7,0,10000
Current chain speed: 57
Percent completed: 79%
[H[2JWorking on: Part /home/nous/.distrrtgen/178155.part,500000,md5,mixalpha-numeric-space,1,7,0,10000
Current chain speed: 57
Percent completed: 79%
[H[2JWorking on: Part /home/nous/.distrrtgen/178155.part,500000,md5,mixalpha-numeric-space,1,7,0,10000
Current chain speed: 56
Percent completed: 79%
[H[2JWorking on: Part /home/nous/.distrrtgen/178155.part,500000,md5,mixalpha-numeric-space,1,7,0,10000
Current chain speed: 57
Percent completed: 79%
[H[2JWorking on: Part /home/nous/.distrrtgen/178155.part,500000,md5,mixalpha-numeric-space,1,7,0,10000
Current chain speed: 57
Percent completed: 79%
[H[2JWorking on: Part /home/nous/.distrrtgen/178155.part,500000,md5,mixalpha-numeric-space,1,7,0,10000
Current chain speed: 57
Percent completed: 80%
[H[2JWorking on: Part /home/nous/.distrrtgen/178155.part,500000,md5,mixalpha-numeric-space,1,7,0,10000
Current chain speed: 57
Percent completed: 80%
[H[2JWorking on: Part /home/nous/.distrrtgen/178155.part,500000,md5,mixalpha-numeric-space,1,7,0,10000
Current chain speed: 57
Percent completed: 80%
[H[2JWorking on: Part /home/nous/.distrrtgen/178155.part,500000,md5,mixalpha-numeric-space,1,7,0,10000
Current chain speed: 57
Percent completed: 80%
[H[2JWorking on: Part /home/nous/.distrrtgen/178155.part,500000,md5,mixalpha-numeric-space,1,7,0,10000
Current chain speed: 57
Percent completed: 80%
[H[2JWorking on: Part /home/nous/.distrrtgen/178155.part,500000,md5,mixalpha-numeric-space,1,7,0,10000
Current chain speed: 57
Percent completed: 80%
[H[2JWorking on: Part /home/nous/.distrrtgen/178155.part,500000,md5,mixalpha-numeric-space,1,7,0,10000
Current chain speed: 57
Percent completed: 80%
[H[2JWorking on: Part /home/nous/.distrrtgen/178155.part,500000,md5,mixalpha-numeric-space,1,7,0,10000
Current chain speed: 56
Percent completed: 80%
[H[2JWorking on: Part /home/nous/.distrrtgen/178155.part,500000,md5,mixalpha-numeric-space,1,7,0,10000
Current chain speed: 57
Percent completed: 80%
[H[2JWorking on: Part /home/nous/.distrrtgen/178155.part,500000,md5,mixalpha-numeric-space,1,7,0,10000
Current chain speed: 57
Percent completed: 81%
[H[2JWorking on: Part /home/nous/.distrrtgen/178155.part,500000,md5,mixalpha-numeric-space,1,7,0,10000
Current chain speed: 57
Percent completed: 81%
[H[2JWorking on: Part /home/nous/.distrrtgen/178155.part,500000,md5,mixalpha-numeric-space,1,7,0,10000
Current chain speed: 57
Percent completed: 81%
[H[2JWorking on: Part /home/nous/.distrrtgen/178155.part,500000,md5,mixalpha-numeric-space,1,7,0,10000
Current chain speed: 57
Percent completed: 81%
[H[2JWorking on: Part /home/nous/.distrrtgen/178155.part,500000,md5,mixalpha-numeric-space,1,7,0,10000
Current chain speed: 57
Percent completed: 81%
[H[2JWorking on: Part /home/nous/.distrrtgen/178155.part,500000,md5,mixalpha-numeric-space,1,7,0,10000
Current chain speed: 57
Percent completed: 81%
[H[2JWorking on: Part /home/nous/.distrrtgen/178155.part,500000,md5,mixalpha-numeric-space,1,7,0,10000
Current chain speed: 57
Percent completed: 81%
[H[2JWorking on: Part /home/nous/.distrrtgen/178155.part,500000,md5,mixalpha-numeric-space,1,7,0,10000
Current chain speed: 57
Percent completed: 81%
[H[2JWorking on: Part /home/nous/.distrrtgen/178155.part,500000,md5,mixalpha-numeric-space,1,7,0,10000
Current chain speed: 57
Percent completed: 81%
[H[2JWorking on: Part /home/nous/.distrrtgen/178155.part,500000,md5,mixalpha-numeric-space,1,7,0,10000
Current chain speed: 56
Percent completed: 82%
[H[2JWorking on: Part /home/nous/.distrrtgen/178155.part,500000,md5,mixalpha-numeric-space,1,7,0,10000
Current chain speed: 57
Percent completed: 82%
[H[2JWorking on: Part /home/nous/.distrrtgen/178155.part,500000,md5,mixalpha-numeric-space,1,7,0,10000
Current chain speed: 57
Percent completed: 82%
[H[2JWorking on: Part /home/nous/.distrrtgen/178155.part,500000,md5,mixalpha-numeric-space,1,7,0,10000
Current chain speed: 57
Percent completed: 82%
[H[2JWorking on: Part /home/nous/.distrrtgen/178155.part,500000,md5,mixalpha-numeric-space,1,7,0,10000
Current chain speed: 57
Percent completed: 82%
[H[2JWorking on: Part /home/nous/.distrrtgen/178155.part,500000,md5,mixalpha-numeric-space,1,7,0,10000
Current chain speed: 57
Percent completed: 82%
[H[2JWorking on: Part /home/nous/.distrrtgen/178155.part,500000,md5,mixalpha-numeric-space,1,7,0,10000
Current chain speed: 57
Percent completed: 82%
[H[2JWorking on: Part /home/nous/.distrrtgen/178155.part,500000,md5,mixalpha-numeric-space,1,7,0,10000
Current chain speed: 57
Percent completed: 82%
[H[2JWorking on: Part /home/nous/.distrrtgen/178155.part,500000,md5,mixalpha-numeric-space,1,7,0,10000
Current chain speed: 57
Percent completed: 83%
[H[2JWorking on: Part /home/nous/.distrrtgen/178155.part,500000,md5,mixalpha-numeric-space,1,7,0,10000
Current chain speed: 57
Percent completed: 83%
[H[2JWorking on: Part /home/nous/.distrrtgen/178155.part,500000,md5,mixalpha-numeric-space,1,7,0,10000
Current chain speed: 57
Percent completed: 83%
[H[2JWorking on: Part /home/nous/.distrrtgen/178155.part,500000,md5,mixalpha-numeric-space,1,7,0,10000
Current chain speed: 56
Percent completed: 83%
[H[2JWorking on: Part /home/nous/.distrrtgen/178155.part,500000,md5,mixalpha-numeric-space,1,7,0,10000
Current chain speed: 57
Percent completed: 83%
[H[2JWorking on: Part /home/nous/.distrrtgen/178155.part,500000,md5,mixalpha-numeric-space,1,7,0,10000
Current chain speed: 57
Percent completed: 83%
[H[2JWorking on: Part /home/nous/.distrrtgen/178155.part,500000,md5,mixalpha-numeric-space,1,7,0,10000
Current chain speed: 57
Percent completed: 83%
[H[2JWorking on: Part /home/nous/.distrrtgen/178155.part,500000,md5,mixalpha-numeric-space,1,7,0,10000
Current chain speed: 57
Percent completed: 83%
[H[2JWorking on: Part /home/nous/.distrrtgen/178155.part,500000,md5,mixalpha-numeric-space,1,7,0,10000
Current chain speed: 57
Percent completed: 83%
[H[2JWorking on: Part /home/nous/.distrrtgen/178155.part,500000,md5,mixalpha-numeric-space,1,7,0,10000
Current chain speed: 57
Percent completed: 84%
[H[2JWorking on: Part /home/nous/.distrrtgen/178155.part,500000,md5,mixalpha-numeric-space,1,7,0,10000
Current chain speed: 57
Percent completed: 84%
[H[2JWorking on: Part /home/nous/.distrrtgen/178155.part,500000,md5,mixalpha-numeric-space,1,7,0,10000
Current chain speed: 57
Percent completed: 84%
[H[2JWorking on: Part /home/nous/.distrrtgen/178155.part,500000,md5,mixalpha-numeric-space,1,7,0,10000
Current chain speed: 57
Percent completed: 84%
[H[2JWorking on: Part /home/nous/.distrrtgen/178155.part,500000,md5,mixalpha-numeric-space,1,7,0,10000
Current chain speed: 57
Percent completed: 84%
[H[2JWorking on: Part /home/nous/.distrrtgen/178155.part,500000,md5,mixalpha-numeric-space,1,7,0,10000
Current chain speed: 55
Percent completed: 84%
[H[2JWorking on: Part /home/nous/.distrrtgen/178155.part,500000,md5,mixalpha-numeric-space,1,7,0,10000
Current chain speed: 57
Percent completed: 84%
[H[2JWorking on: Part /home/nous/.distrrtgen/178155.part,500000,md5,mixalpha-numeric-space,1,7,0,10000
Current chain speed: 57
Percent completed: 84%
[H[2JWorking on: Part /home/nous/.distrrtgen/178155.part,500000,md5,mixalpha-numeric-space,1,7,0,10000
Current chain speed: 57
Percent completed: 84%
[H[2JWorking on: Part /home/nous/.distrrtgen/178155.part,500000,md5,mixalpha-numeric-space,1,7,0,10000
Current chain speed: 57
Percent completed: 85%
[H[2JWorking on: Part /home/nous/.distrrtgen/178155.part,500000,md5,mixalpha-numeric-space,1,7,0,10000
Current chain speed: 57
Percent completed: 85%
[H[2JWorking on: Part /home/nous/.distrrtgen/178155.part,500000,md5,mixalpha-numeric-space,1,7,0,10000
Current chain speed: 57
Percent completed: 85%
[H[2JWorking on: Part /home/nous/.distrrtgen/178155.part,500000,md5,mixalpha-numeric-space,1,7,0,10000
Current chain speed: 57
Percent completed: 85%
[H[2JWorking on: Part /home/nous/.distrrtgen/178155.part,500000,md5,mixalpha-numeric-space,1,7,0,10000
Current chain speed: 57
Percent completed: 85%
[H[2JWorking on: Part /home/nous/.distrrtgen/178155.part,500000,md5,mixalpha-numeric-space,1,7,0,10000
Current chain speed: 57
Percent completed: 85%
[H[2JWorking on: Part /home/nous/.distrrtgen/178155.part,500000,md5,mixalpha-numeric-space,1,7,0,10000
Current chain speed: 57
Percent completed: 85%
[H[2JWorking on: Part /home/nous/.distrrtgen/178155.part,500000,md5,mixalpha-numeric-space,1,7,0,10000
Current chain speed: 56
Percent completed: 85%
[H[2JWorking on: Part /home/nous/.distrrtgen/178155.part,500000,md5,mixalpha-numeric-space,1,7,0,10000
Current chain speed: 57
Percent completed: 86%
[H[2JWorking on: Part /home/nous/.distrrtgen/178155.part,500000,md5,mixalpha-numeric-space,1,7,0,10000
Current chain speed: 57
Percent completed: 86%
[H[2JWorking on: Part /home/nous/.distrrtgen/178155.part,500000,md5,mixalpha-numeric-space,1,7,0,10000
Current chain speed: 57
Percent completed: 86%
[H[2JWorking on: Part /home/nous/.distrrtgen/178155.part,500000,md5,mixalpha-numeric-space,1,7,0,10000
Current chain speed: 57
Percent completed: 86%
[H[2JWorking on: Part /home/nous/.distrrtgen/178155.part,500000,md5,mixalpha-numeric-space,1,7,0,10000
Current chain speed: 57
Percent completed: 86%
[H[2JWorking on: Part /home/nous/.distrrtgen/178155.part,500000,md5,mixalpha-numeric-space,1,7,0,10000
Current chain speed: 57
Percent completed: 86%
[H[2JWorking on: Part /home/nous/.distrrtgen/178155.part,500000,md5,mixalpha-numeric-space,1,7,0,10000
Current chain speed: 57
Percent completed: 86%
[H[2JWorking on: Part /home/nous/.distrrtgen/178155.part,500000,md5,mixalpha-numeric-space,1,7,0,10000
Current chain speed: 57
Percent completed: 86%
[H[2JWorking on: Part /home/nous/.distrrtgen/178155.part,500000,md5,mixalpha-numeric-space,1,7,0,10000
Current chain speed: 57
Percent completed: 86%
[H[2JWorking on: Part /home/nous/.distrrtgen/178155.part,500000,md5,mixalpha-numeric-space,1,7,0,10000
Current chain speed: 57
Percent completed: 87%
[H[2JWorking on: Part /home/nous/.distrrtgen/178155.part,500000,md5,mixalpha-numeric-space,1,7,0,10000
Current chain speed: 56
Percent completed: 87%
[H[2JWorking on: Part /home/nous/.distrrtgen/178155.part,500000,md5,mixalpha-numeric-space,1,7,0,10000
Current chain speed: 57
Percent completed: 87%
[H[2JWorking on: Part /home/nous/.distrrtgen/178155.part,500000,md5,mixalpha-numeric-space,1,7,0,10000
Current chain speed: 57
Percent completed: 87%
[H[2JWorking on: Part /home/nous/.distrrtgen/178155.part,500000,md5,mixalpha-numeric-space,1,7,0,10000
Current chain speed: 57
Percent completed: 87%
[H[2JWorking on: Part /home/nous/.distrrtgen/178155.part,500000,md5,mixalpha-numeric-space,1,7,0,10000
Current chain speed: 57
Percent completed: 87%
[H[2JWorking on: Part /home/nous/.distrrtgen/178155.part,500000,md5,mixalpha-numeric-space,1,7,0,10000
Current chain speed: 57
Percent completed: 87%
[H[2JWorking on: Part /home/nous/.distrrtgen/178155.part,500000,md5,mixalpha-numeric-space,1,7,0,10000
Current chain speed: 57
Percent completed: 87%
[H[2JWorking on: Part /home/nous/.distrrtgen/178155.part,500000,md5,mixalpha-numeric-space,1,7,0,10000
Current chain speed: 57
Percent completed: 87%
[H[2JWorking on: Part /home/nous/.distrrtgen/178155.part,500000,md5,mixalpha-numeric-space,1,7,0,10000
Current chain speed: 57
Percent completed: 88%
[H[2JWorking on: Part /home/nous/.distrrtgen/178155.part,500000,md5,mixalpha-numeric-space,1,7,0,10000
Current chain speed: 57
Percent completed: 88%
[H[2JWorking on: Part /home/nous/.distrrtgen/178155.part,500000,md5,mixalpha-numeric-space,1,7,0,10000
Current chain speed: 57
Percent completed: 88%
[H[2JWorking on: Part /home/nous/.distrrtgen/178155.part,500000,md5,mixalpha-numeric-space,1,7,0,10000
Current chain speed: 56
Percent completed: 88%
[H[2JWorking on: Part /home/nous/.distrrtgen/178155.part,500000,md5,mixalpha-numeric-space,1,7,0,10000
Current chain speed: 57
Percent completed: 88%
[H[2JWorking on: Part /home/nous/.distrrtgen/178155.part,500000,md5,mixalpha-numeric-space,1,7,0,10000
Current chain speed: 57
Percent completed: 88%
[H[2JWorking on: Part /home/nous/.distrrtgen/178155.part,500000,md5,mixalpha-numeric-space,1,7,0,10000
Current chain speed: 57
Percent completed: 88%
[H[2JWorking on: Part /home/nous/.distrrtgen/178155.part,500000,md5,mixalpha-numeric-space,1,7,0,10000
Current chain speed: 57
Percent completed: 88%
[H[2JWorking on: Part /home/nous/.distrrtgen/178155.part,500000,md5,mixalpha-numeric-space,1,7,0,10000
Current chain speed: 57
Percent completed: 88%
[H[2JWorking on: Part /home/nous/.distrrtgen/178155.part,500000,md5,mixalpha-numeric-space,1,7,0,10000
Current chain speed: 57
Percent completed: 89%
[H[2JWorking on: Part /home/nous/.distrrtgen/178155.part,500000,md5,mixalpha-numeric-space,1,7,0,10000
Current chain speed: 57
Percent completed: 89%
[H[2JWorking on: Part /home/nous/.distrrtgen/178155.part,500000,md5,mixalpha-numeric-space,1,7,0,10000
Current chain speed: 57
Percent completed: 89%
[H[2JWorking on: Part /home/nous/.distrrtgen/178155.part,500000,md5,mixalpha-numeric-space,1,7,0,10000
Current chain speed: 57
Percent completed: 89%
[H[2JWorking on: Part /home/nous/.distrrtgen/178155.part,500000,md5,mixalpha-numeric-space,1,7,0,10000
Current chain speed: 57
Percent completed: 89%
[H[2JWorking on: Part /home/nous/.distrrtgen/178155.part,500000,md5,mixalpha-numeric-space,1,7,0,10000
Current chain speed: 56
Percent completed: 89%
[H[2JWorking on: Part /home/nous/.distrrtgen/178155.part,500000,md5,mixalpha-numeric-space,1,7,0,10000
Current chain speed: 57
Percent completed: 89%
[H[2JWorking on: Part /home/nous/.distrrtgen/178155.part,500000,md5,mixalpha-numeric-space,1,7,0,10000
Current chain speed: 57
Percent completed: 89%
[H[2JWorking on: Part /home/nous/.distrrtgen/178155.part,500000,md5,mixalpha-numeric-space,1,7,0,10000
Current chain speed: 57
Percent completed: 90%
[H[2JWorking on: Part /home/nous/.distrrtgen/178155.part,500000,md5,mixalpha-numeric-space,1,7,0,10000
Current chain speed: 57
Percent completed: 90%
[H[2JWorking on: Part /home/nous/.distrrtgen/178155.part,500000,md5,mixalpha-numeric-space,1,7,0,10000
Current chain speed: 57
Percent completed: 90%
[H[2JWorking on: Part /home/nous/.distrrtgen/178155.part,500000,md5,mixalpha-numeric-space,1,7,0,10000
Current chain speed: 57
Percent completed: 90%
[H[2JWorking on: Part /home/nous/.distrrtgen/178155.part,500000,md5,mixalpha-numeric-space,1,7,0,10000
Current chain speed: 57
Percent completed: 90%
[H[2JWorking on: Part /home/nous/.distrrtgen/178155.part,500000,md5,mixalpha-numeric-space,1,7,0,10000
Current chain speed: 57
Percent completed: 90%
[H[2JWorking on: Part /home/nous/.distrrtgen/178155.part,500000,md5,mixalpha-numeric-space,1,7,0,10000
Current chain speed: 57
Percent completed: 90%
[H[2JWorking on: Part /home/nous/.distrrtgen/178155.part,500000,md5,mixalpha-numeric-space,1,7,0,10000
Current chain speed: 57
Percent completed: 90%
[H[2JWorking on: Part /home/nous/.distrrtgen/178155.part,500000,md5,mixalpha-numeric-space,1,7,0,10000
Current chain speed: 56
Percent completed: 90%
[H[2JWorking on: Part /home/nous/.distrrtgen/178155.part,500000,md5,mixalpha-numeric-space,1,7,0,10000
Current chain speed: 57
Percent completed: 91%
[H[2JWorking on: Part /home/nous/.distrrtgen/178155.part,500000,md5,mixalpha-numeric-space,1,7,0,10000
Current chain speed: 57
Percent completed: 91%
[H[2JWorking on: Part /home/nous/.distrrtgen/178155.part,500000,md5,mixalpha-numeric-space,1,7,0,10000
Current chain speed: 57
Percent completed: 91%
[H[2JWorking on: Part /home/nous/.distrrtgen/178155.part,500000,md5,mixalpha-numeric-space,1,7,0,10000
Current chain speed: 57
Percent completed: 91%
[H[2JWorking on: Part /home/nous/.distrrtgen/178155.part,500000,md5,mixalpha-numeric-space,1,7,0,10000
Current chain speed: 57
Percent completed: 91%
[H[2JWorking on: Part /home/nous/.distrrtgen/178155.part,500000,md5,mixalpha-numeric-space,1,7,0,10000
Current chain speed: 57
Percent completed: 91%
[H[2JWorking on: Part /home/nous/.distrrtgen/178155.part,500000,md5,mixalpha-numeric-space,1,7,0,10000
Current chain speed: 57
Percent completed: 91%
[H[2JWorking on: Part /home/nous/.distrrtgen/178155.part,500000,md5,mixalpha-numeric-space,1,7,0,10000
Current chain speed: 57
Percent completed: 91%
[H[2JWorking on: Part /home/nous/.distrrtgen/178155.part,500000,md5,mixalpha-numeric-space,1,7,0,10000
Current chain speed: 57
Percent completed: 92%
[H[2JWorking on: Part /home/nous/.distrrtgen/178155.part,500000,md5,mixalpha-numeric-space,1,7,0,10000
Current chain speed: 57
Percent completed: 92%
[H[2JWorking on: Part /home/nous/.distrrtgen/178155.part,500000,md5,mixalpha-numeric-space,1,7,0,10000
Current chain speed: 55
Percent completed: 92%
[H[2JWorking on: Part /home/nous/.distrrtgen/178155.part,500000,md5,mixalpha-numeric-space,1,7,0,10000
Current chain speed: 57
Percent completed: 92%
[H[2JWorking on: Part /home/nous/.distrrtgen/178155.part,500000,md5,mixalpha-numeric-space,1,7,0,10000
Current chain speed: 57
Percent completed: 92%
[H[2JWorking on: Part /home/nous/.distrrtgen/178155.part,500000,md5,mixalpha-numeric-space,1,7,0,10000
Current chain speed: 57
Percent completed: 92%
[H[2JWorking on: Part /home/nous/.distrrtgen/178155.part,500000,md5,mixalpha-numeric-space,1,7,0,10000
Current chain speed: 57
Percent completed: 92%
[H[2JWorking on: Part /home/nous/.distrrtgen/178155.part,500000,md5,mixalpha-numeric-space,1,7,0,10000
Current chain speed: 57
Percent completed: 92%
[H[2JWorking on: Part /home/nous/.distrrtgen/178155.part,500000,md5,mixalpha-numeric-space,1,7,0,10000
Current chain speed: 57
Percent completed: 92%
[H[2JWorking on: Part /home/nous/.distrrtgen/178155.part,500000,md5,mixalpha-numeric-space,1,7,0,10000
Current chain speed: 57
Percent completed: 93%
[H[2JWorking on: Part /home/nous/.distrrtgen/178155.part,500000,md5,mixalpha-numeric-space,1,7,0,10000
Current chain speed: 57
Percent completed: 93%
[H[2JWorking on: Part /home/nous/.distrrtgen/178155.part,500000,md5,mixalpha-numeric-space,1,7,0,10000
Current chain speed: 57
Percent completed: 93%
[H[2JWorking on: Part /home/nous/.distrrtgen/178155.part,500000,md5,mixalpha-numeric-space,1,7,0,10000
Current chain speed: 57
Percent completed: 93%
[H[2JWorking on: Part /home/nous/.distrrtgen/178155.part,500000,md5,mixalpha-numeric-space,1,7,0,10000
Current chain speed: 56
Percent completed: 93%
[H[2JWorking on: Part /home/nous/.distrrtgen/178155.part,500000,md5,mixalpha-numeric-space,1,7,0,10000
Current chain speed: 57
Percent completed: 93%
[H[2JWorking on: Part /home/nous/.distrrtgen/178155.part,500000,md5,mixalpha-numeric-space,1,7,0,10000
Current chain speed: 57
Percent completed: 93%
[H[2JWorking on: Part /home/nous/.distrrtgen/178155.part,500000,md5,mixalpha-numeric-space,1,7,0,10000
Current chain speed: 57
Percent completed: 93%
[H[2JWorking on: Part /home/nous/.distrrtgen/178155.part,500000,md5,mixalpha-numeric-space,1,7,0,10000
Current chain speed: 57
Percent completed: 93%
[H[2JWorking on: Part /home/nous/.distrrtgen/178155.part,500000,md5,mixalpha-numeric-space,1,7,0,10000
Current chain speed: 57
Percent completed: 94%
[H[2JWorking on: Part /home/nous/.distrrtgen/178155.part,500000,md5,mixalpha-numeric-space,1,7,0,10000
Current chain speed: 57
Percent completed: 94%
[H[2JWorking on: Part /home/nous/.distrrtgen/178155.part,500000,md5,mixalpha-numeric-space,1,7,0,10000
Current chain speed: 57
Percent completed: 94%
[H[2JWorking on: Part /home/nous/.distrrtgen/178155.part,500000,md5,mixalpha-numeric-space,1,7,0,10000
Current chain speed: 57
Percent completed: 94%
[H[2JWorking on: Part /home/nous/.distrrtgen/178155.part,500000,md5,mixalpha-numeric-space,1,7,0,10000
Current chain speed: 57
Percent completed: 94%
[H[2JWorking on: Part /home/nous/.distrrtgen/178155.part,500000,md5,mixalpha-numeric-space,1,7,0,10000
Current chain speed: 56
Percent completed: 94%
[H[2JWorking on: Part /home/nous/.distrrtgen/178155.part,500000,md5,mixalpha-numeric-space,1,7,0,10000
Current chain speed: 57
Percent completed: 94%
[H[2JWorking on: Part /home/nous/.distrrtgen/178155.part,500000,md5,mixalpha-numeric-space,1,7,0,10000
Current chain speed: 57
Percent completed: 94%
[H[2JWorking on: Part /home/nous/.distrrtgen/178155.part,500000,md5,mixalpha-numeric-space,1,7,0,10000
Current chain speed: 57
Percent completed: 94%
[H[2JWorking on: Part /home/nous/.distrrtgen/178155.part,500000,md5,mixalpha-numeric-space,1,7,0,10000
Current chain speed: 57
Percent completed: 95%
[H[2JWorking on: Part /home/nous/.distrrtgen/178155.part,500000,md5,mixalpha-numeric-space,1,7,0,10000
Current chain speed: 57
Percent completed: 95%
[H[2JWorking on: Part /home/nous/.distrrtgen/178155.part,500000,md5,mixalpha-numeric-space,1,7,0,10000
Current chain speed: 57
Percent completed: 95%
[H[2JWorking on: Part /home/nous/.distrrtgen/178155.part,500000,md5,mixalpha-numeric-space,1,7,0,10000
Current chain speed: 57
Percent completed: 95%
[H[2JWorking on: Part /home/nous/.distrrtgen/178155.part,500000,md5,mixalpha-numeric-space,1,7,0,10000
Current chain speed: 57
Percent completed: 95%
[H[2JWorking on: Part /home/nous/.distrrtgen/178155.part,500000,md5,mixalpha-numeric-space,1,7,0,10000
Current chain speed: 57
Percent completed: 95%
[H[2JWorking on: Part /home/nous/.distrrtgen/178155.part,500000,md5,mixalpha-numeric-space,1,7,0,10000
Current chain speed: 57
Percent completed: 95%
[H[2JWorking on: Part /home/nous/.distrrtgen/178155.part,500000,md5,mixalpha-numeric-space,1,7,0,10000
Current chain speed: 56
Percent completed: 95%
[H[2JWorking on: Part /home/nous/.distrrtgen/178155.part,500000,md5,mixalpha-numeric-space,1,7,0,10000
Current chain speed: 57
Percent completed: 96%
[H[2JWorking on: Part /home/nous/.distrrtgen/178155.part,500000,md5,mixalpha-numeric-space,1,7,0,10000
Current chain speed: 57
Percent completed: 96%
[H[2JWorking on: Part /home/nous/.distrrtgen/178155.part,500000,md5,mixalpha-numeric-space,1,7,0,10000
Current chain speed: 57
Percent completed: 96%
[H[2JWorking on: Part /home/nous/.distrrtgen/178155.part,500000,md5,mixalpha-numeric-space,1,7,0,10000
Current chain speed: 57
Percent completed: 96%
[H[2JWorking on: Part /home/nous/.distrrtgen/178155.part,500000,md5,mixalpha-numeric-space,1,7,0,10000
Current chain speed: 57
Percent completed: 96%
[H[2JWorking on: Part /home/nous/.distrrtgen/178155.part,500000,md5,mixalpha-numeric-space,1,7,0,10000
Current chain speed: 57
Percent completed: 96%
[H[2JWorking on: Part /home/nous/.distrrtgen/178155.part,500000,md5,mixalpha-numeric-space,1,7,0,10000
Current chain speed: 57
Percent completed: 96%
[H[2JWorking on: Part /home/nous/.distrrtgen/178155.part,500000,md5,mixalpha-numeric-space,1,7,0,10000
Current chain speed: 57
Percent completed: 96%
[H[2JWorking on: Part /home/nous/.distrrtgen/178155.part,500000,md5,mixalpha-numeric-space,1,7,0,10000
Current chain speed: 57
Percent completed: 96%
[H[2JWorking on: Part /home/nous/.distrrtgen/178155.part,500000,md5,mixalpha-numeric-space,1,7,0,10000
Current chain speed: 57
Percent completed: 97%
[H[2JWorking on: Part /home/nous/.distrrtgen/178155.part,500000,md5,mixalpha-numeric-space,1,7,0,10000
Current chain speed: 56
Percent completed: 97%
[H[2JWorking on: Part /home/nous/.distrrtgen/178155.part,500000,md5,mixalpha-numeric-space,1,7,0,10000
Current chain speed: 57
Percent completed: 97%
[H[2JWorking on: Part /home/nous/.distrrtgen/178155.part,500000,md5,mixalpha-numeric-space,1,7,0,10000
Current chain speed: 57
Percent completed: 97%
[H[2JWorking on: Part /home/nous/.distrrtgen/178155.part,500000,md5,mixalpha-numeric-space,1,7,0,10000
Current chain speed: 57
Percent completed: 97%
[H[2JWorking on: Part /home/nous/.distrrtgen/178155.part,500000,md5,mixalpha-numeric-space,1,7,0,10000
Current chain speed: 57
Percent completed: 97%
[H[2JWorking on: Part /home/nous/.distrrtgen/178155.part,500000,md5,mixalpha-numeric-space,1,7,0,10000
Current chain speed: 57
Percent completed: 97%
[H[2JWorking on: Part /home/nous/.distrrtgen/178155.part,500000,md5,mixalpha-numeric-space,1,7,0,10000
Current chain speed: 57
Percent completed: 97%
[H[2JWorking on: Part /home/nous/.distrrtgen/178155.part,500000,md5,mixalpha-numeric-space,1,7,0,10000
Current chain speed: 57
Percent completed: 97%
[H[2JWorking on: Part /home/nous/.distrrtgen/178155.part,500000,md5,mixalpha-numeric-space,1,7,0,10000
Current chain speed: 57
Percent completed: 98%
[H[2JWorking on: Part /home/nous/.distrrtgen/178155.part,500000,md5,mixalpha-numeric-space,1,7,0,10000
Current chain speed: 57
Percent completed: 98%
[H[2JWorking on: Part /home/nous/.distrrtgen/178155.part,500000,md5,mixalpha-numeric-space,1,7,0,10000
Current chain speed: 57
Percent completed: 98%
[H[2JWorking on: Part /home/nous/.distrrtgen/178155.part,500000,md5,mixalpha-numeric-space,1,7,0,10000
Current chain speed: 56
Percent completed: 98%
[H[2JWorking on: Part /home/nous/.distrrtgen/178155.part,500000,md5,mixalpha-numeric-space,1,7,0,10000
Current chain speed: 57
Percent completed: 98%
[H[2JWorking on: Part /home/nous/.distrrtgen/178155.part,500000,md5,mixalpha-numeric-space,1,7,0,10000
Current chain speed: 57
Percent completed: 98%
[H[2JWorking on: Part /home/nous/.distrrtgen/178155.part,500000,md5,mixalpha-numeric-space,1,7,0,10000
Current chain speed: 57
Percent completed: 98%
[H[2JWorking on: Part /home/nous/.distrrtgen/178155.part,500000,md5,mixalpha-numeric-space,1,7,0,10000
Current chain speed: 57
Percent completed: 98%
[H[2JWorking on: Part /home/nous/.distrrtgen/178155.part,500000,md5,mixalpha-numeric-space,1,7,0,10000
Current chain speed: 57
Percent completed: 98%
[H[2JWorking on: Part /home/nous/.distrrtgen/178155.part,500000,md5,mixalpha-numeric-space,1,7,0,10000
Current chain speed: 57
Percent completed: 99%
[H[2JWorking on: Part /home/nous/.distrrtgen/178155.part,500000,md5,mixalpha-numeric-space,1,7,0,10000
Current chain speed: 57
Percent completed: 99%
[H[2JWorking on: Part /home/nous/.distrrtgen/178155.part,500000,md5,mixalpha-numeric-space,1,7,0,10000
Current chain speed: 57
Percent completed: 99%
[H[2JWorking on: Part /home/nous/.distrrtgen/178155.part,500000,md5,mixalpha-numeric-space,1,7,0,10000
Current chain speed: 57
Percent completed: 99%
[H[2JWorking on: Part /home/nous/.distrrtgen/178155.part,500000,md5,mixalpha-numeric-space,1,7,0,10000
Current chain speed: 57
Percent completed: 99%
[H[2JWorking on: Part /home/nous/.distrrtgen/178155.part,500000,md5,mixalpha-numeric-space,1,7,0,10000
Current chain speed: 56
Percent completed: 99%
[H[2JWorking on: Part /home/nous/.distrrtgen/178155.part,500000,md5,mixalpha-numeric-space,1,7,0,10000
Current chain speed: 57
Percent completed: 99%
[H[2JWorking on: Part /home/nous/.distrrtgen/178155.part,500000,md5,mixalpha-numeric-space,1,7,0,10000
Current chain speed: 57
Percent completed: 99%
[H[2JWorking on: Part /home/nous/.distrrtgen/178155.part,500000,md5,mixalpha-numeric-space,1,7,0,10000
Current chain speed: 57
Percent completed: 1e+02%
[H[2JWorking on: Part /home/nous/.distrrtgen/178155.part,500000,md5,mixalpha-numeric-space,1,7,0,10000
Current chain speed: 57
Percent completed: 1e+02%
[H[2JWorking on: Part /home/nous/.distrrtgen/178155.part,500000,md5,mixalpha-numeric-space,1,7,0,10000
Current chain speed: 57
Percent completed: 1e+02%
[H[2JWorking on: Part /home/nous/.distrrtgen/178155.part,500000,md5,mixalpha-numeric-space,1,7,0,10000
Current chain speed: 57
Percent completed: 1e+02%
Calculations of part 178155 completed. Sending data...
Uploading part : 178155.part
Data delivered!
Connecting to server...OK
Performing logon...OK
Requesting work... 
 
Received PartID n° : 178523
Loading WorkUnit Details
work received !
Starting multithreaded rainbowtable generator...
[H[2Jhash routine: md5
hash length: 16
plain charset: abcdefghijklmnopqrstuvwxyzABCDEFGHIJKLMNOPQRSTUVWXYZ0123456789 
plain charset in hex: 61 62 63 64 65 66 67 68 69 6a 6b 6c 6d 6e 6f 70 71 72 73 74 75 76 77 78 79 7a 41 42 43 44 45 46 47 48 49 4a 4b 4c 4d 4e 4f 50 51 52 53 54 55 56 57 58 59 5a 30 31 32 33 34 35 36 37 38 39 20 
plain length range: 1 - 7
plain charset name: mixalpha-numeric-space
plain space total: 4002512584959
rainbow table index: 0
reduce offset: 0

Working on: Part /home/nous/.distrrtgen/178523.part,500000,md5,mixalpha-numeric-space,1,7,0,10000
Current chain speed: 52
Percent completed: 0.1%
[H[2JWorking on: Part /home/nous/.distrrtgen/178523.part,500000,md5,mixalpha-numeric-space,1,7,0,10000
Current chain speed: 53
Percent completed: 0.2%
[H[2JWorking on: Part /home/nous/.distrrtgen/178523.part,500000,md5,mixalpha-numeric-space,1,7,0,10000
Current chain speed: 57
Percent completed: 0.32%
[H[2JWorking on: Part /home/nous/.distrrtgen/178523.part,500000,md5,mixalpha-numeric-space,1,7,0,10000
Current chain speed: 57
Percent completed: 0.44%
[H[2JWorking on: Part /home/nous/.distrrtgen/178523.part,500000,md5,mixalpha-numeric-space,1,7,0,10000
Current chain speed: 57
Percent completed: 0.54%
[H[2JWorking on: Part /home/nous/.distrrtgen/178523.part,500000,md5,mixalpha-numeric-space,1,7,0,10000
Current chain speed: 57
Percent completed: 0.66%
[H[2JWorking on: Part /home/nous/.distrrtgen/178523.part,500000,md5,mixalpha-numeric-space,1,7,0,10000
Current chain speed: 57
Percent completed: 0.78%
[H[2JWorking on: Part /home/nous/.distrrtgen/178523.part,500000,md5,mixalpha-numeric-space,1,7,0,10000
Current chain speed: 57
Percent completed: 0.9%
[H[2JWorking on: Part /home/nous/.distrrtgen/178523.part,500000,md5,mixalpha-numeric-space,1,7,0,10000
Current chain speed: 57
Percent completed: 1%
[H[2JWorking on: Part /home/nous/.distrrtgen/178523.part,500000,md5,mixalpha-numeric-space,1,7,0,10000
Current chain speed: 57
Percent completed: 1.1%
[H[2JWorking on: Part /home/nous/.distrrtgen/178523.part,500000,md5,mixalpha-numeric-space,1,7,0,10000
Current chain speed: 57
Percent completed: 1.2%
[H[2JWorking on: Part /home/nous/.distrrtgen/178523.part,500000,md5,mixalpha-numeric-space,1,7,0,10000
Current chain speed: 57
Percent completed: 1.4%
[H[2JWorking on: Part /home/nous/.distrrtgen/178523.part,500000,md5,mixalpha-numeric-space,1,7,0,10000
Current chain speed: 56
Percent completed: 1.5%
[H[2JWorking on: Part /home/nous/.distrrtgen/178523.part,500000,md5,mixalpha-numeric-space,1,7,0,10000
Current chain speed: 57
Percent completed: 1.6%
[H[2JWorking on: Part /home/nous/.distrrtgen/178523.part,500000,md5,mixalpha-numeric-space,1,7,0,10000
Current chain speed: 57
Percent completed: 1.7%
[H[2JWorking on: Part /home/nous/.distrrtgen/178523.part,500000,md5,mixalpha-numeric-space,1,7,0,10000
Current chain speed: 57
Percent completed: 1.8%
[H[2JWorking on: Part /home/nous/.distrrtgen/178523.part,500000,md5,mixalpha-numeric-space,1,7,0,10000
Current chain speed: 57
Percent completed: 1.9%
[H[2JWorking on: Part /home/nous/.distrrtgen/178523.part,500000,md5,mixalpha-numeric-space,1,7,0,10000
Current chain speed: 57
Percent completed: 2%
[H[2JWorking on: Part /home/nous/.distrrtgen/178523.part,500000,md5,mixalpha-numeric-space,1,7,0,10000
Current chain speed: 57
Percent completed: 2.2%
[H[2JWorking on: Part /home/nous/.distrrtgen/178523.part,500000,md5,mixalpha-numeric-space,1,7,0,10000
Current chain speed: 57
Percent completed: 2.3%
[H[2JWorking on: Part /home/nous/.distrrtgen/178523.part,500000,md5,mixalpha-numeric-space,1,7,0,10000
Current chain speed: 57
Percent completed: 2.4%
[H[2JWorking on: Part /home/nous/.distrrtgen/178523.part,500000,md5,mixalpha-numeric-space,1,7,0,10000
Current chain speed: 57
Percent completed: 2.5%
[H[2JWorking on: Part /home/nous/.distrrtgen/178523.part,500000,md5,mixalpha-numeric-space,1,7,0,10000
Current chain speed: 57
Percent completed: 2.6%
[H[2JWorking on: Part /home/nous/.distrrtgen/178523.part,500000,md5,mixalpha-numeric-space,1,7,0,10000
Current chain speed: 56
Percent completed: 2.7%
[H[2JWorking on: Part /home/nous/.distrrtgen/178523.part,500000,md5,mixalpha-numeric-space,1,7,0,10000
Current chain speed: 57
Percent completed: 2.8%
[H[2JWorking on: Part /home/nous/.distrrtgen/178523.part,500000,md5,mixalpha-numeric-space,1,7,0,10000
Current chain speed: 57
Percent completed: 3%
[H[2JWorking on: Part /home/nous/.distrrtgen/178523.part,500000,md5,mixalpha-numeric-space,1,7,0,10000
Current chain speed: 57
Percent completed: 3.1%
[H[2JWorking on: Part /home/nous/.distrrtgen/178523.part,500000,md5,mixalpha-numeric-space,1,7,0,10000
Current chain speed: 57
Percent completed: 3.2%
[H[2JWorking on: Part /home/nous/.distrrtgen/178523.part,500000,md5,mixalpha-numeric-space,1,7,0,10000
Current chain speed: 57
Percent completed: 3.3%
[H[2JWorking on: Part /home/nous/.distrrtgen/178523.part,500000,md5,mixalpha-numeric-space,1,7,0,10000
Current chain speed: 57
Percent completed: 3.4%
[H[2JWorking on: Part /home/nous/.distrrtgen/178523.part,500000,md5,mixalpha-numeric-space,1,7,0,10000
Current chain speed: 57
Percent completed: 3.5%
[H[2JWorking on: Part /home/nous/.distrrtgen/178523.part,500000,md5,mixalpha-numeric-space,1,7,0,10000
Current chain speed: 57
Percent completed: 3.7%
[H[2JWorking on: Part /home/nous/.distrrtgen/178523.part,500000,md5,mixalpha-numeric-space,1,7,0,10000
Current chain speed: 57
Percent completed: 3.8%
[H[2JWorking on: Part /home/nous/.distrrtgen/178523.part,500000,md5,mixalpha-numeric-space,1,7,0,10000
Current chain speed: 57
Percent completed: 3.9%
[H[2JWorking on: Part /home/nous/.distrrtgen/178523.part,500000,md5,mixalpha-numeric-space,1,7,0,10000
Current chain speed: 56
Percent completed: 4%
[H[2JWorking on: Part /home/nous/.distrrtgen/178523.part,500000,md5,mixalpha-numeric-space,1,7,0,10000
Current chain speed: 57
Percent completed: 4.1%
[H[2JWorking on: Part /home/nous/.distrrtgen/178523.part,500000,md5,mixalpha-numeric-space,1,7,0,10000
Current chain speed: 57
Percent completed: 4.2%
[H[2JWorking on: Part /home/nous/.distrrtgen/178523.part,500000,md5,mixalpha-numeric-space,1,7,0,10000
Current chain speed: 57
Percent completed: 4.3%
[H[2JWorking on: Part /home/nous/.distrrtgen/178523.part,500000,md5,mixalpha-numeric-space,1,7,0,10000
Current chain speed: 57
Percent completed: 4.5%
[H[2JWorking on: Part /home/nous/.distrrtgen/178523.part,500000,md5,mixalpha-numeric-space,1,7,0,10000
Current chain speed: 57
Percent completed: 4.6%
[H[2JWorking on: Part /home/nous/.distrrtgen/178523.part,500000,md5,mixalpha-numeric-space,1,7,0,10000
Current chain speed: 57
Percent completed: 4.7%
[H[2JWorking on: Part /home/nous/.distrrtgen/178523.part,500000,md5,mixalpha-numeric-space,1,7,0,10000
Current chain speed: 57
Percent completed: 4.8%
[H[2JWorking on: Part /home/nous/.distrrtgen/178523.part,500000,md5,mixalpha-numeric-space,1,7,0,10000
Current chain speed: 57
Percent completed: 4.9%
[H[2JWorking on: Part /home/nous/.distrrtgen/178523.part,500000,md5,mixalpha-numeric-space,1,7,0,10000
Current chain speed: 57
Percent completed: 5%
[H[2JWorking on: Part /home/nous/.distrrtgen/178523.part,500000,md5,mixalpha-numeric-space,1,7,0,10000
Current chain speed: 57
Percent completed: 5.1%
[H[2JWorking on: Part /home/nous/.distrrtgen/178523.part,500000,md5,mixalpha-numeric-space,1,7,0,10000
Current chain speed: 56
Percent completed: 5.3%
[H[2JWorking on: Part /home/nous/.distrrtgen/178523.part,500000,md5,mixalpha-numeric-space,1,7,0,10000
Current chain speed: 57
Percent completed: 5.4%
[H[2JWorking on: Part /home/nous/.distrrtgen/178523.part,500000,md5,mixalpha-numeric-space,1,7,0,10000
Current chain speed: 57
Percent completed: 5.5%
[H[2JWorking on: Part /home/nous/.distrrtgen/178523.part,500000,md5,mixalpha-numeric-space,1,7,0,10000
Current chain speed: 57
Percent completed: 5.6%
[H[2JWorking on: Part /home/nous/.distrrtgen/178523.part,500000,md5,mixalpha-numeric-space,1,7,0,10000
Current chain speed: 57
Percent completed: 5.7%
[H[2JWorking on: Part /home/nous/.distrrtgen/178523.part,500000,md5,mixalpha-numeric-space,1,7,0,10000
Current chain speed: 57
Percent completed: 5.8%
[H[2JWorking on: Part /home/nous/.distrrtgen/178523.part,500000,md5,mixalpha-numeric-space,1,7,0,10000
Current chain speed: 57
Percent completed: 5.9%
[H[2JWorking on: Part /home/nous/.distrrtgen/178523.part,500000,md5,mixalpha-numeric-space,1,7,0,10000
Current chain speed: 57
Percent completed: 6.1%
[H[2JWorking on: Part /home/nous/.distrrtgen/178523.part,500000,md5,mixalpha-numeric-space,1,7,0,10000
Current chain speed: 57
Percent completed: 6.2%
[H[2JWorking on: Part /home/nous/.distrrtgen/178523.part,500000,md5,mixalpha-numeric-space,1,7,0,10000
Current chain speed: 57
Percent completed: 6.3%
[H[2JWorking on: Part /home/nous/.distrrtgen/178523.part,500000,md5,mixalpha-numeric-space,1,7,0,10000
Current chain speed: 57
Percent completed: 6.4%
[H[2JWorking on: Part /home/nous/.distrrtgen/178523.part,500000,md5,mixalpha-numeric-space,1,7,0,10000
Current chain speed: 56
Percent completed: 6.5%
[H[2JWorking on: Part /home/nous/.distrrtgen/178523.part,500000,md5,mixalpha-numeric-space,1,7,0,10000
Current chain speed: 57
Percent completed: 6.6%
[H[2JWorking on: Part /home/nous/.distrrtgen/178523.part,500000,md5,mixalpha-numeric-space,1,7,0,10000
Current chain speed: 57
Percent completed: 6.8%
[H[2JWorking on: Part /home/nous/.distrrtgen/178523.part,500000,md5,mixalpha-numeric-space,1,7,0,10000
Current chain speed: 57
Percent completed: 6.9%
[H[2JWorking on: Part /home/nous/.distrrtgen/178523.part,500000,md5,mixalpha-numeric-space,1,7,0,10000
Current chain speed: 57
Percent completed: 7%
[H[2JWorking on: Part /home/nous/.distrrtgen/178523.part,500000,md5,mixalpha-numeric-space,1,7,0,10000
Current chain speed: 57
Percent completed: 7.1%
[H[2JWorking on: Part /home/nous/.distrrtgen/178523.part,500000,md5,mixalpha-numeric-space,1,7,0,10000
Current chain speed: 57
Percent completed: 7.2%
[H[2JWorking on: Part /home/nous/.distrrtgen/178523.part,500000,md5,mixalpha-numeric-space,1,7,0,10000
Current chain speed: 57
Percent completed: 7.3%
[H[2JWorking on: Part /home/nous/.distrrtgen/178523.part,500000,md5,mixalpha-numeric-space,1,7,0,10000
Current chain speed: 57
Percent completed: 7.4%
[H[2JWorking on: Part /home/nous/.distrrtgen/178523.part,500000,md5,mixalpha-numeric-space,1,7,0,10000
Current chain speed: 57
Percent completed: 7.6%
[H[2JWorking on: Part /home/nous/.distrrtgen/178523.part,500000,md5,mixalpha-numeric-space,1,7,0,10000
Current chain speed: 57
Percent completed: 7.7%
[H[2JWorking on: Part /home/nous/.distrrtgen/178523.part,500000,md5,mixalpha-numeric-space,1,7,0,10000
Current chain speed: 56
Percent completed: 7.8%
[H[2JWorking on: Part /home/nous/.distrrtgen/178523.part,500000,md5,mixalpha-numeric-space,1,7,0,10000
Current chain speed: 57
Percent completed: 7.9%
[H[2JWorking on: Part /home/nous/.distrrtgen/178523.part,500000,md5,mixalpha-numeric-space,1,7,0,10000
Current chain speed: 57
Percent completed: 8%
[H[2JWorking on: Part /home/nous/.distrrtgen/178523.part,500000,md5,mixalpha-numeric-space,1,7,0,10000
Current chain speed: 57
Percent completed: 8.1%
[H[2JWorking on: Part /home/nous/.distrrtgen/178523.part,500000,md5,mixalpha-numeric-space,1,7,0,10000
Current chain speed: 57
Percent completed: 8.2%
[H[2JWorking on: Part /home/nous/.distrrtgen/178523.part,500000,md5,mixalpha-numeric-space,1,7,0,10000
Current chain speed: 57
Percent completed: 8.4%
[H[2JWorking on: Part /home/nous/.distrrtgen/178523.part,500000,md5,mixalpha-numeric-space,1,7,0,10000
Current chain speed: 57
Percent completed: 8.5%
[H[2JWorking on: Part /home/nous/.distrrtgen/178523.part,500000,md5,mixalpha-numeric-space,1,7,0,10000
Current chain speed: 57
Percent completed: 8.6%
[H[2JWorking on: Part /home/nous/.distrrtgen/178523.part,500000,md5,mixalpha-numeric-space,1,7,0,10000
Current chain speed: 57
Percent completed: 8.7%
[H[2JWorking on: Part /home/nous/.distrrtgen/178523.part,500000,md5,mixalpha-numeric-space,1,7,0,10000
Current chain speed: 57
Percent completed: 8.8%
[H[2JWorking on: Part /home/nous/.distrrtgen/178523.part,500000,md5,mixalpha-numeric-space,1,7,0,10000
Current chain speed: 57
Percent completed: 8.9%
[H[2JWorking on: Part /home/nous/.distrrtgen/178523.part,500000,md5,mixalpha-numeric-space,1,7,0,10000
Current chain speed: 56
Percent completed: 9.1%
[H[2JWorking on: Part /home/nous/.distrrtgen/178523.part,500000,md5,mixalpha-numeric-space,1,7,0,10000
Current chain speed: 57
Percent completed: 9.2%
[H[2JWorking on: Part /home/nous/.distrrtgen/178523.part,500000,md5,mixalpha-numeric-space,1,7,0,10000
Current chain speed: 57
Percent completed: 9.3%
[H[2JWorking on: Part /home/nous/.distrrtgen/178523.part,500000,md5,mixalpha-numeric-space,1,7,0,10000
Current chain speed: 57
Percent completed: 9.4%
[H[2JWorking on: Part /home/nous/.distrrtgen/178523.part,500000,md5,mixalpha-numeric-space,1,7,0,10000
Current chain speed: 57
Percent completed: 9.5%
[H[2JWorking on: Part /home/nous/.distrrtgen/178523.part,500000,md5,mixalpha-numeric-space,1,7,0,10000
Current chain speed: 57
Percent completed: 9.6%
[H[2JWorking on: Part /home/nous/.distrrtgen/178523.part,500000,md5,mixalpha-numeric-space,1,7,0,10000
Current chain speed: 57
Percent completed: 9.7%
[H[2JWorking on: Part /home/nous/.distrrtgen/178523.part,500000,md5,mixalpha-numeric-space,1,7,0,10000
Current chain speed: 57
Percent completed: 9.9%
[H[2JWorking on: Part /home/nous/.distrrtgen/178523.part,500000,md5,mixalpha-numeric-space,1,7,0,10000
Current chain speed: 57
Percent completed: 10%
[H[2JWorking on: Part /home/nous/.distrrtgen/178523.part,500000,md5,mixalpha-numeric-space,1,7,0,10000
Current chain speed: 57
Percent completed: 10%
[H[2JWorking on: Part /home/nous/.distrrtgen/178523.part,500000,md5,mixalpha-numeric-space,1,7,0,10000
Current chain speed: 56
Percent completed: 10%
[H[2JWorking on: Part /home/nous/.distrrtgen/178523.part,500000,md5,mixalpha-numeric-space,1,7,0,10000
Current chain speed: 56
Percent completed: 10%
[H[2JWorking on: Part /home/nous/.distrrtgen/178523.part,500000,md5,mixalpha-numeric-space,1,7,0,10000
Current chain speed: 57
Percent completed: 10%
[H[2JWorking on: Part /home/nous/.distrrtgen/178523.part,500000,md5,mixalpha-numeric-space,1,7,0,10000
Current chain speed: 57
Percent completed: 11%
[H[2JWorking on: Part /home/nous/.distrrtgen/178523.part,500000,md5,mixalpha-numeric-space,1,7,0,10000
Current chain speed: 57
Percent completed: 11%
[H[2JWorking on: Part /home/nous/.distrrtgen/178523.part,500000,md5,mixalpha-numeric-space,1,7,0,10000
Current chain speed: 57
Percent completed: 11%
[H[2JWorking on: Part /home/nous/.distrrtgen/178523.part,500000,md5,mixalpha-numeric-space,1,7,0,10000
Current chain speed: 57
Percent completed: 11%
[H[2JWorking on: Part /home/nous/.distrrtgen/178523.part,500000,md5,mixalpha-numeric-space,1,7,0,10000
Current chain speed: 57
Percent completed: 11%
[H[2JWorking on: Part /home/nous/.distrrtgen/178523.part,500000,md5,mixalpha-numeric-space,1,7,0,10000
Current chain speed: 57
Percent completed: 11%
[H[2JWorking on: Part /home/nous/.distrrtgen/178523.part,500000,md5,mixalpha-numeric-space,1,7,0,10000
Current chain speed: 57
Percent completed: 11%
[H[2JWorking on: Part /home/nous/.distrrtgen/178523.part,500000,md5,mixalpha-numeric-space,1,7,0,10000
Current chain speed: 57
Percent completed: 11%
[H[2JWorking on: Part /home/nous/.distrrtgen/178523.part,500000,md5,mixalpha-numeric-space,1,7,0,10000
Current chain speed: 56
Percent completed: 11%
[H[2JWorking on: Part /home/nous/.distrrtgen/178523.part,500000,md5,mixalpha-numeric-space,1,7,0,10000
Current chain speed: 57
Percent completed: 12%
[H[2JWorking on: Part /home/nous/.distrrtgen/178523.part,500000,md5,mixalpha-numeric-space,1,7,0,10000
Current chain speed: 57
Percent completed: 12%
[H[2JWorking on: Part /home/nous/.distrrtgen/178523.part,500000,md5,mixalpha-numeric-space,1,7,0,10000
Current chain speed: 57
Percent completed: 12%
[H[2JWorking on: Part /home/nous/.distrrtgen/178523.part,500000,md5,mixalpha-numeric-space,1,7,0,10000
Current chain speed: 57
Percent completed: 12%
[H[2JWorking on: Part /home/nous/.distrrtgen/178523.part,500000,md5,mixalpha-numeric-space,1,7,0,10000
Current chain speed: 57
Percent completed: 12%
[H[2JWorking on: Part /home/nous/.distrrtgen/178523.part,500000,md5,mixalpha-numeric-space,1,7,0,10000
Current chain speed: 57
Percent completed: 12%
[H[2JWorking on: Part /home/nous/.distrrtgen/178523.part,500000,md5,mixalpha-numeric-space,1,7,0,10000
Current chain speed: 57
Percent completed: 12%
[H[2JWorking on: Part /home/nous/.distrrtgen/178523.part,500000,md5,mixalpha-numeric-space,1,7,0,10000
Current chain speed: 57
Percent completed: 12%
[H[2JWorking on: Part /home/nous/.distrrtgen/178523.part,500000,md5,mixalpha-numeric-space,1,7,0,10000
Current chain speed: 57
Percent completed: 12%
[H[2JWorking on: Part /home/nous/.distrrtgen/178523.part,500000,md5,mixalpha-numeric-space,1,7,0,10000
Current chain speed: 57
Percent completed: 13%
[H[2JWorking on: Part /home/nous/.distrrtgen/178523.part,500000,md5,mixalpha-numeric-space,1,7,0,10000
Current chain speed: 56
Percent completed: 13%
[H[2JWorking on: Part /home/nous/.distrrtgen/178523.part,500000,md5,mixalpha-numeric-space,1,7,0,10000
Current chain speed: 57
Percent completed: 13%
[H[2JWorking on: Part /home/nous/.distrrtgen/178523.part,500000,md5,mixalpha-numeric-space,1,7,0,10000
Current chain speed: 57
Percent completed: 13%
[H[2JWorking on: Part /home/nous/.distrrtgen/178523.part,500000,md5,mixalpha-numeric-space,1,7,0,10000
Current chain speed: 57
Percent completed: 13%
[H[2JWorking on: Part /home/nous/.distrrtgen/178523.part,500000,md5,mixalpha-numeric-space,1,7,0,10000
Current chain speed: 57
Percent completed: 13%
[H[2JWorking on: Part /home/nous/.distrrtgen/178523.part,500000,md5,mixalpha-numeric-space,1,7,0,10000
Current chain speed: 57
Percent completed: 13%
[H[2JWorking on: Part /home/nous/.distrrtgen/178523.part,500000,md5,mixalpha-numeric-space,1,7,0,10000
Current chain speed: 57
Percent completed: 13%
[H[2JWorking on: Part /home/nous/.distrrtgen/178523.part,500000,md5,mixalpha-numeric-space,1,7,0,10000
Current chain speed: 57
Percent completed: 14%
[H[2JWorking on: Part /home/nous/.distrrtgen/178523.part,500000,md5,mixalpha-numeric-space,1,7,0,10000
Current chain speed: 57
Percent completed: 14%
[H[2JWorking on: Part /home/nous/.distrrtgen/178523.part,500000,md5,mixalpha-numeric-space,1,7,0,10000
Current chain speed: 57
Percent completed: 14%
[H[2JWorking on: Part /home/nous/.distrrtgen/178523.part,500000,md5,mixalpha-numeric-space,1,7,0,10000
Current chain speed: 57
Percent completed: 14%
[H[2JWorking on: Part /home/nous/.distrrtgen/178523.part,500000,md5,mixalpha-numeric-space,1,7,0,10000
Current chain speed: 56
Percent completed: 14%
[H[2JWorking on: Part /home/nous/.distrrtgen/178523.part,500000,md5,mixalpha-numeric-space,1,7,0,10000
Current chain speed: 57
Percent completed: 14%
[H[2JWorking on: Part /home/nous/.distrrtgen/178523.part,500000,md5,mixalpha-numeric-space,1,7,0,10000
Current chain speed: 57
Percent completed: 14%
[H[2JWorking on: Part /home/nous/.distrrtgen/178523.part,500000,md5,mixalpha-numeric-space,1,7,0,10000
Current chain speed: 57
Percent completed: 14%
[H[2JWorking on: Part /home/nous/.distrrtgen/178523.part,500000,md5,mixalpha-numeric-space,1,7,0,10000
Current chain speed: 57
Percent completed: 14%
[H[2JWorking on: Part /home/nous/.distrrtgen/178523.part,500000,md5,mixalpha-numeric-space,1,7,0,10000
Current chain speed: 57
Percent completed: 15%
[H[2JWorking on: Part /home/nous/.distrrtgen/178523.part,500000,md5,mixalpha-numeric-space,1,7,0,10000
Current chain speed: 57
Percent completed: 15%
[H[2JWorking on: Part /home/nous/.distrrtgen/178523.part,500000,md5,mixalpha-numeric-space,1,7,0,10000
Current chain speed: 57
Percent completed: 15%
[H[2JWorking on: Part /home/nous/.distrrtgen/178523.part,500000,md5,mixalpha-numeric-space,1,7,0,10000
Current chain speed: 57
Percent completed: 15%
[H[2JWorking on: Part /home/nous/.distrrtgen/178523.part,500000,md5,mixalpha-numeric-space,1,7,0,10000
Current chain speed: 57
Percent completed: 15%
[H[2JWorking on: Part /home/nous/.distrrtgen/178523.part,500000,md5,mixalpha-numeric-space,1,7,0,10000
Current chain speed: 57
Percent completed: 15%
[H[2JWorking on: Part /home/nous/.distrrtgen/178523.part,500000,md5,mixalpha-numeric-space,1,7,0,10000
Current chain speed: 56
Percent completed: 15%
[H[2JWorking on: Part /home/nous/.distrrtgen/178523.part,500000,md5,mixalpha-numeric-space,1,7,0,10000
Current chain speed: 57
Percent completed: 15%
[H[2JWorking on: Part /home/nous/.distrrtgen/178523.part,500000,md5,mixalpha-numeric-space,1,7,0,10000
Current chain speed: 57
Percent completed: 15%
[H[2JWorking on: Part /home/nous/.distrrtgen/178523.part,500000,md5,mixalpha-numeric-space,1,7,0,10000
Current chain speed: 57
Percent completed: 16%
[H[2JWorking on: Part /home/nous/.distrrtgen/178523.part,500000,md5,mixalpha-numeric-space,1,7,0,10000
Current chain speed: 57
Percent completed: 16%
[H[2JWorking on: Part /home/nous/.distrrtgen/178523.part,500000,md5,mixalpha-numeric-space,1,7,0,10000
Current chain speed: 57
Percent completed: 16%
[H[2JWorking on: Part /home/nous/.distrrtgen/178523.part,500000,md5,mixalpha-numeric-space,1,7,0,10000
Current chain speed: 57
Percent completed: 16%
[H[2JWorking on: Part /home/nous/.distrrtgen/178523.part,500000,md5,mixalpha-numeric-space,1,7,0,10000
Current chain speed: 57
Percent completed: 16%
[H[2JWorking on: Part /home/nous/.distrrtgen/178523.part,500000,md5,mixalpha-numeric-space,1,7,0,10000
Current chain speed: 57
Percent completed: 16%
[H[2JWorking on: Part /home/nous/.distrrtgen/178523.part,500000,md5,mixalpha-numeric-space,1,7,0,10000
Current chain speed: 57
Percent completed: 16%
[H[2JWorking on: Part /home/nous/.distrrtgen/178523.part,500000,md5,mixalpha-numeric-space,1,7,0,10000
Current chain speed: 57
Percent completed: 16%
[H[2JWorking on: Part /home/nous/.distrrtgen/178523.part,500000,md5,mixalpha-numeric-space,1,7,0,10000
Current chain speed: 56
Percent completed: 17%
[H[2JWorking on: Part /home/nous/.distrrtgen/178523.part,500000,md5,mixalpha-numeric-space,1,7,0,10000
Current chain speed: 57
Percent completed: 17%
[H[2JWorking on: Part /home/nous/.distrrtgen/178523.part,500000,md5,mixalpha-numeric-space,1,7,0,10000
Current chain speed: 57
Percent completed: 17%
[H[2JWorking on: Part /home/nous/.distrrtgen/178523.part,500000,md5,mixalpha-numeric-space,1,7,0,10000
Current chain speed: 57
Percent completed: 17%
[H[2JWorking on: Part /home/nous/.distrrtgen/178523.part,500000,md5,mixalpha-numeric-space,1,7,0,10000
Current chain speed: 57
Percent completed: 17%
[H[2JWorking on: Part /home/nous/.distrrtgen/178523.part,500000,md5,mixalpha-numeric-space,1,7,0,10000
Current chain speed: 57
Percent completed: 17%
[H[2JWorking on: Part /home/nous/.distrrtgen/178523.part,500000,md5,mixalpha-numeric-space,1,7,0,10000
Current chain speed: 57
Percent completed: 17%
[H[2JWorking on: Part /home/nous/.distrrtgen/178523.part,500000,md5,mixalpha-numeric-space,1,7,0,10000
Current chain speed: 57
Percent completed: 17%
[H[2JWorking on: Part /home/nous/.distrrtgen/178523.part,500000,md5,mixalpha-numeric-space,1,7,0,10000
Current chain speed: 57
Percent completed: 17%
[H[2JWorking on: Part /home/nous/.distrrtgen/178523.part,500000,md5,mixalpha-numeric-space,1,7,0,10000
Current chain speed: 57
Percent completed: 18%
[H[2JWorking on: Part /home/nous/.distrrtgen/178523.part,500000,md5,mixalpha-numeric-space,1,7,0,10000
Current chain speed: 57
Percent completed: 18%
[H[2JWorking on: Part /home/nous/.distrrtgen/178523.part,500000,md5,mixalpha-numeric-space,1,7,0,10000
Current chain speed: 56
Percent completed: 18%
[H[2JWorking on: Part /home/nous/.distrrtgen/178523.part,500000,md5,mixalpha-numeric-space,1,7,0,10000
Current chain speed: 57
Percent completed: 18%
[H[2JWorking on: Part /home/nous/.distrrtgen/178523.part,500000,md5,mixalpha-numeric-space,1,7,0,10000
Current chain speed: 57
Percent completed: 18%
[H[2JWorking on: Part /home/nous/.distrrtgen/178523.part,500000,md5,mixalpha-numeric-space,1,7,0,10000
Current chain speed: 57
Percent completed: 18%
[H[2JWorking on: Part /home/nous/.distrrtgen/178523.part,500000,md5,mixalpha-numeric-space,1,7,0,10000
Current chain speed: 57
Percent completed: 18%
[H[2JWorking on: Part /home/nous/.distrrtgen/178523.part,500000,md5,mixalpha-numeric-space,1,7,0,10000
Current chain speed: 57
Percent completed: 18%
[H[2JWorking on: Part /home/nous/.distrrtgen/178523.part,500000,md5,mixalpha-numeric-space,1,7,0,10000
Current chain speed: 57
Percent completed: 18%
[H[2JWorking on: Part /home/nous/.distrrtgen/178523.part,500000,md5,mixalpha-numeric-space,1,7,0,10000
Current chain speed: 57
Percent completed: 19%
[H[2JWorking on: Part /home/nous/.distrrtgen/178523.part,500000,md5,mixalpha-numeric-space,1,7,0,10000
Current chain speed: 57
Percent completed: 19%
[H[2JWorking on: Part /home/nous/.distrrtgen/178523.part,500000,md5,mixalpha-numeric-space,1,7,0,10000
Current chain speed: 57
Percent completed: 19%
[H[2JWorking on: Part /home/nous/.distrrtgen/178523.part,500000,md5,mixalpha-numeric-space,1,7,0,10000
Current chain speed: 57
Percent completed: 19%
[H[2JWorking on: Part /home/nous/.distrrtgen/178523.part,500000,md5,mixalpha-numeric-space,1,7,0,10000
Current chain speed: 56
Percent completed: 19%
[H[2JWorking on: Part /home/nous/.distrrtgen/178523.part,500000,md5,mixalpha-numeric-space,1,7,0,10000
Current chain speed: 57
Percent completed: 19%
[H[2JWorking on: Part /home/nous/.distrrtgen/178523.part,500000,md5,mixalpha-numeric-space,1,7,0,10000
Current chain speed: 57
Percent completed: 19%
[H[2JWorking on: Part /home/nous/.distrrtgen/178523.part,500000,md5,mixalpha-numeric-space,1,7,0,10000
Current chain speed: 57
Percent completed: 19%
[H[2JWorking on: Part /home/nous/.distrrtgen/178523.part,500000,md5,mixalpha-numeric-space,1,7,0,10000
Current chain speed: 57
Percent completed: 20%
[H[2JWorking on: Part /home/nous/.distrrtgen/178523.part,500000,md5,mixalpha-numeric-space,1,7,0,10000
Current chain speed: 57
Percent completed: 20%
[H[2JWorking on: Part /home/nous/.distrrtgen/178523.part,500000,md5,mixalpha-numeric-space,1,7,0,10000
Current chain speed: 57
Percent completed: 20%
[H[2JWorking on: Part /home/nous/.distrrtgen/178523.part,500000,md5,mixalpha-numeric-space,1,7,0,10000
Current chain speed: 57
Percent completed: 20%
[H[2JWorking on: Part /home/nous/.distrrtgen/178523.part,500000,md5,mixalpha-numeric-space,1,7,0,10000
Current chain speed: 57
Percent completed: 20%
[H[2JWorking on: Part /home/nous/.distrrtgen/178523.part,500000,md5,mixalpha-numeric-space,1,7,0,10000
Current chain speed: 57
Percent completed: 20%
[H[2JWorking on: Part /home/nous/.distrrtgen/178523.part,500000,md5,mixalpha-numeric-space,1,7,0,10000
Current chain speed: 57
Percent completed: 20%
[H[2JWorking on: Part /home/nous/.distrrtgen/178523.part,500000,md5,mixalpha-numeric-space,1,7,0,10000
Current chain speed: 56
Percent completed: 20%
[H[2JWorking on: Part /home/nous/.distrrtgen/178523.part,500000,md5,mixalpha-numeric-space,1,7,0,10000
Current chain speed: 57
Percent completed: 20%
[H[2JWorking on: Part /home/nous/.distrrtgen/178523.part,500000,md5,mixalpha-numeric-space,1,7,0,10000
Current chain speed: 57
Percent completed: 21%
[H[2JWorking on: Part /home/nous/.distrrtgen/178523.part,500000,md5,mixalpha-numeric-space,1,7,0,10000
Current chain speed: 57
Percent completed: 21%
[H[2JWorking on: Part /home/nous/.distrrtgen/178523.part,500000,md5,mixalpha-numeric-space,1,7,0,10000
Current chain speed: 57
Percent completed: 21%
[H[2JWorking on: Part /home/nous/.distrrtgen/178523.part,500000,md5,mixalpha-numeric-space,1,7,0,10000
Current chain speed: 57
Percent completed: 21%
[H[2JWorking on: Part /home/nous/.distrrtgen/178523.part,500000,md5,mixalpha-numeric-space,1,7,0,10000
Current chain speed: 57
Percent completed: 21%
[H[2JWorking on: Part /home/nous/.distrrtgen/178523.part,500000,md5,mixalpha-numeric-space,1,7,0,10000
Current chain speed: 57
Percent completed: 21%
[H[2JWorking on: Part /home/nous/.distrrtgen/178523.part,500000,md5,mixalpha-numeric-space,1,7,0,10000
Current chain speed: 57
Percent completed: 21%
[H[2JWorking on: Part /home/nous/.distrrtgen/178523.part,500000,md5,mixalpha-numeric-space,1,7,0,10000
Current chain speed: 57
Percent completed: 21%
[H[2JWorking on: Part /home/nous/.distrrtgen/178523.part,500000,md5,mixalpha-numeric-space,1,7,0,10000
Current chain speed: 57
Percent completed: 21%
[H[2JWorking on: Part /home/nous/.distrrtgen/178523.part,500000,md5,mixalpha-numeric-space,1,7,0,10000
Current chain speed: 56
Percent completed: 22%
[H[2JWorking on: Part /home/nous/.distrrtgen/178523.part,500000,md5,mixalpha-numeric-space,1,7,0,10000
Current chain speed: 57
Percent completed: 22%
[H[2JWorking on: Part /home/nous/.distrrtgen/178523.part,500000,md5,mixalpha-numeric-space,1,7,0,10000
Current chain speed: 57
Percent completed: 22%
[H[2JWorking on: Part /home/nous/.distrrtgen/178523.part,500000,md5,mixalpha-numeric-space,1,7,0,10000
Current chain speed: 57
Percent completed: 22%
[H[2JWorking on: Part /home/nous/.distrrtgen/178523.part,500000,md5,mixalpha-numeric-space,1,7,0,10000
Current chain speed: 57
Percent completed: 22%
[H[2JWorking on: Part /home/nous/.distrrtgen/178523.part,500000,md5,mixalpha-numeric-space,1,7,0,10000
Current chain speed: 57
Percent completed: 22%
[H[2JWorking on: Part /home/nous/.distrrtgen/178523.part,500000,md5,mixalpha-numeric-space,1,7,0,10000
Current chain speed: 57
Percent completed: 22%
[H[2JWorking on: Part /home/nous/.distrrtgen/178523.part,500000,md5,mixalpha-numeric-space,1,7,0,10000
Current chain speed: 57
Percent completed: 22%
[H[2JWorking on: Part /home/nous/.distrrtgen/178523.part,500000,md5,mixalpha-numeric-space,1,7,0,10000
Current chain speed: 57
Percent completed: 22%
[H[2JWorking on: Part /home/nous/.distrrtgen/178523.part,500000,md5,mixalpha-numeric-space,1,7,0,10000
Current chain speed: 57
Percent completed: 23%
[H[2JWorking on: Part /home/nous/.distrrtgen/178523.part,500000,md5,mixalpha-numeric-space,1,7,0,10000
Current chain speed: 57
Percent completed: 23%
[H[2JWorking on: Part /home/nous/.distrrtgen/178523.part,500000,md5,mixalpha-numeric-space,1,7,0,10000
Current chain speed: 53
Percent completed: 23%
[H[2JWorking on: Part /home/nous/.distrrtgen/178523.part,500000,md5,mixalpha-numeric-space,1,7,0,10000
Current chain speed: 57
Percent completed: 23%
[H[2JWorking on: Part /home/nous/.distrrtgen/178523.part,500000,md5,mixalpha-numeric-space,1,7,0,10000
Current chain speed: 57
Percent completed: 23%
[H[2JWorking on: Part /home/nous/.distrrtgen/178523.part,500000,md5,mixalpha-numeric-space,1,7,0,10000
Current chain speed: 57
Percent completed: 23%
[H[2JWorking on: Part /home/nous/.distrrtgen/178523.part,500000,md5,mixalpha-numeric-space,1,7,0,10000
Current chain speed: 57
Percent completed: 23%
[H[2JWorking on: Part /home/nous/.distrrtgen/178523.part,500000,md5,mixalpha-numeric-space,1,7,0,10000
Current chain speed: 57
Percent completed: 23%
[H[2JWorking on: Part /home/nous/.distrrtgen/178523.part,500000,md5,mixalpha-numeric-space,1,7,0,10000
Current chain speed: 57
Percent completed: 24%
[H[2JWorking on: Part /home/nous/.distrrtgen/178523.part,500000,md5,mixalpha-numeric-space,1,7,0,10000
Current chain speed: 57
Percent completed: 24%
[H[2JWorking on: Part /home/nous/.distrrtgen/178523.part,500000,md5,mixalpha-numeric-space,1,7,0,10000
Current chain speed: 57
Percent completed: 24%
[H[2JWorking on: Part /home/nous/.distrrtgen/178523.part,500000,md5,mixalpha-numeric-space,1,7,0,10000
Current chain speed: 57
Percent completed: 24%
[H[2JWorking on: Part /home/nous/.distrrtgen/178523.part,500000,md5,mixalpha-numeric-space,1,7,0,10000
Current chain speed: 54
Percent completed: 24%
[H[2JWorking on: Part /home/nous/.distrrtgen/178523.part,500000,md5,mixalpha-numeric-space,1,7,0,10000
Current chain speed: 56
Percent completed: 24%
[H[2JWorking on: Part /home/nous/.distrrtgen/178523.part,500000,md5,mixalpha-numeric-space,1,7,0,10000
Current chain speed: 57
Percent completed: 24%
[H[2JWorking on: Part /home/nous/.distrrtgen/178523.part,500000,md5,mixalpha-numeric-space,1,7,0,10000
Current chain speed: 57
Percent completed: 24%
[H[2JWorking on: Part /home/nous/.distrrtgen/178523.part,500000,md5,mixalpha-numeric-space,1,7,0,10000
Current chain speed: 57
Percent completed: 24%
[H[2JWorking on: Part /home/nous/.distrrtgen/178523.part,500000,md5,mixalpha-numeric-space,1,7,0,10000
Current chain speed: 57
Percent completed: 25%
[H[2JWorking on: Part /home/nous/.distrrtgen/178523.part,500000,md5,mixalpha-numeric-space,1,7,0,10000
Current chain speed: 57
Percent completed: 25%
[H[2JWorking on: Part /home/nous/.distrrtgen/178523.part,500000,md5,mixalpha-numeric-space,1,7,0,10000
Current chain speed: 57
Percent completed: 25%
[H[2JWorking on: Part /home/nous/.distrrtgen/178523.part,500000,md5,mixalpha-numeric-space,1,7,0,10000
Current chain speed: 57
Percent completed: 25%
[H[2JWorking on: Part /home/nous/.distrrtgen/178523.part,500000,md5,mixalpha-numeric-space,1,7,0,10000
Current chain speed: 57
Percent completed: 25%
[H[2JWorking on: Part /home/nous/.distrrtgen/178523.part,500000,md5,mixalpha-numeric-space,1,7,0,10000
Current chain speed: 57
Percent completed: 25%
[H[2JWorking on: Part /home/nous/.distrrtgen/178523.part,500000,md5,mixalpha-numeric-space,1,7,0,10000
Current chain speed: 56
Percent completed: 25%
[H[2JWorking on: Part /home/nous/.distrrtgen/178523.part,500000,md5,mixalpha-numeric-space,1,7,0,10000
Current chain speed: 57
Percent completed: 25%
[H[2JWorking on: Part /home/nous/.distrrtgen/178523.part,500000,md5,mixalpha-numeric-space,1,7,0,10000
Current chain speed: 57
Percent completed: 25%
[H[2JWorking on: Part /home/nous/.distrrtgen/178523.part,500000,md5,mixalpha-numeric-space,1,7,0,10000
Current chain speed: 57
Percent completed: 26%
[H[2JWorking on: Part /home/nous/.distrrtgen/178523.part,500000,md5,mixalpha-numeric-space,1,7,0,10000
Current chain speed: 57
Percent completed: 26%
[H[2JWorking on: Part /home/nous/.distrrtgen/178523.part,500000,md5,mixalpha-numeric-space,1,7,0,10000
Current chain speed: 57
Percent completed: 26%
[H[2JWorking on: Part /home/nous/.distrrtgen/178523.part,500000,md5,mixalpha-numeric-space,1,7,0,10000
Current chain speed: 57
Percent completed: 26%
[H[2JWorking on: Part /home/nous/.distrrtgen/178523.part,500000,md5,mixalpha-numeric-space,1,7,0,10000
Current chain speed: 57
Percent completed: 26%
[H[2JWorking on: Part /home/nous/.distrrtgen/178523.part,500000,md5,mixalpha-numeric-space,1,7,0,10000
Current chain speed: 57
Percent completed: 26%
[H[2JWorking on: Part /home/nous/.distrrtgen/178523.part,500000,md5,mixalpha-numeric-space,1,7,0,10000
Current chain speed: 57
Percent completed: 26%
[H[2JWorking on: Part /home/nous/.distrrtgen/178523.part,500000,md5,mixalpha-numeric-space,1,7,0,10000
Current chain speed: 57
Percent completed: 26%
[H[2JWorking on: Part /home/nous/.distrrtgen/178523.part,500000,md5,mixalpha-numeric-space,1,7,0,10000
Current chain speed: 56
Percent completed: 27%
[H[2JWorking on: Part /home/nous/.distrrtgen/178523.part,500000,md5,mixalpha-numeric-space,1,7,0,10000
Current chain speed: 57
Percent completed: 27%
[H[2JWorking on: Part /home/nous/.distrrtgen/178523.part,500000,md5,mixalpha-numeric-space,1,7,0,10000
Current chain speed: 57
Percent completed: 27%
[H[2JWorking on: Part /home/nous/.distrrtgen/178523.part,500000,md5,mixalpha-numeric-space,1,7,0,10000
Current chain speed: 57
Percent completed: 27%
[H[2JWorking on: Part /home/nous/.distrrtgen/178523.part,500000,md5,mixalpha-numeric-space,1,7,0,10000
Current chain speed: 57
Percent completed: 27%
[H[2JWorking on: Part /home/nous/.distrrtgen/178523.part,500000,md5,mixalpha-numeric-space,1,7,0,10000
Current chain speed: 57
Percent completed: 27%
[H[2JWorking on: Part /home/nous/.distrrtgen/178523.part,500000,md5,mixalpha-numeric-space,1,7,0,10000
Current chain speed: 57
Percent completed: 27%
[H[2JWorking on: Part /home/nous/.distrrtgen/178523.part,500000,md5,mixalpha-numeric-space,1,7,0,10000
Current chain speed: 57
Percent completed: 27%
[H[2JWorking on: Part /home/nous/.distrrtgen/178523.part,500000,md5,mixalpha-numeric-space,1,7,0,10000
Current chain speed: 57
Percent completed: 27%
[H[2JWorking on: Part /home/nous/.distrrtgen/178523.part,500000,md5,mixalpha-numeric-space,1,7,0,10000
Current chain speed: 57
Percent completed: 28%
[H[2JWorking on: Part /home/nous/.distrrtgen/178523.part,500000,md5,mixalpha-numeric-space,1,7,0,10000
Current chain speed: 57
Percent completed: 28%
[H[2JWorking on: Part /home/nous/.distrrtgen/178523.part,500000,md5,mixalpha-numeric-space,1,7,0,10000
Current chain speed: 56
Percent completed: 28%
[H[2JWorking on: Part /home/nous/.distrrtgen/178523.part,500000,md5,mixalpha-numeric-space,1,7,0,10000
Current chain speed: 57
Percent completed: 28%
[H[2JWorking on: Part /home/nous/.distrrtgen/178523.part,500000,md5,mixalpha-numeric-space,1,7,0,10000
Current chain speed: 57
Percent completed: 28%
[H[2JWorking on: Part /home/nous/.distrrtgen/178523.part,500000,md5,mixalpha-numeric-space,1,7,0,10000
Current chain speed: 57
Percent completed: 28%
[H[2JWorking on: Part /home/nous/.distrrtgen/178523.part,500000,md5,mixalpha-numeric-space,1,7,0,10000
Current chain speed: 57
Percent completed: 28%
[H[2JWorking on: Part /home/nous/.distrrtgen/178523.part,500000,md5,mixalpha-numeric-space,1,7,0,10000
Current chain speed: 57
Percent completed: 28%
[H[2JWorking on: Part /home/nous/.distrrtgen/178523.part,500000,md5,mixalpha-numeric-space,1,7,0,10000
Current chain speed: 57
Percent completed: 28%
[H[2JWorking on: Part /home/nous/.distrrtgen/178523.part,500000,md5,mixalpha-numeric-space,1,7,0,10000
Current chain speed: 57
Percent completed: 29%
[H[2JWorking on: Part /home/nous/.distrrtgen/178523.part,500000,md5,mixalpha-numeric-space,1,7,0,10000
Current chain speed: 57
Percent completed: 29%
[H[2JWorking on: Part /home/nous/.distrrtgen/178523.part,500000,md5,mixalpha-numeric-space,1,7,0,10000
Current chain speed: 57
Percent completed: 29%
[H[2JWorking on: Part /home/nous/.distrrtgen/178523.part,500000,md5,mixalpha-numeric-space,1,7,0,10000
Current chain speed: 57
Percent completed: 29%
[H[2JWorking on: Part /home/nous/.distrrtgen/178523.part,500000,md5,mixalpha-numeric-space,1,7,0,10000
Current chain speed: 56
Percent completed: 29%
[H[2JWorking on: Part /home/nous/.distrrtgen/178523.part,500000,md5,mixalpha-numeric-space,1,7,0,10000
Current chain speed: 57
Percent completed: 29%
[H[2JWorking on: Part /home/nous/.distrrtgen/178523.part,500000,md5,mixalpha-numeric-space,1,7,0,10000
Current chain speed: 57
Percent completed: 29%
[H[2JWorking on: Part /home/nous/.distrrtgen/178523.part,500000,md5,mixalpha-numeric-space,1,7,0,10000
Current chain speed: 57
Percent completed: 29%
[H[2JWorking on: Part /home/nous/.distrrtgen/178523.part,500000,md5,mixalpha-numeric-space,1,7,0,10000
Current chain speed: 57
Percent completed: 30%
[H[2JWorking on: Part /home/nous/.distrrtgen/178523.part,500000,md5,mixalpha-numeric-space,1,7,0,10000
Current chain speed: 57
Percent completed: 30%
[H[2JWorking on: Part /home/nous/.distrrtgen/178523.part,500000,md5,mixalpha-numeric-space,1,7,0,10000
Current chain speed: 57
Percent completed: 30%
[H[2JWorking on: Part /home/nous/.distrrtgen/178523.part,500000,md5,mixalpha-numeric-space,1,7,0,10000
Current chain speed: 57
Percent completed: 30%
[H[2JWorking on: Part /home/nous/.distrrtgen/178523.part,500000,md5,mixalpha-numeric-space,1,7,0,10000
Current chain speed: 57
Percent completed: 30%
[H[2JWorking on: Part /home/nous/.distrrtgen/178523.part,500000,md5,mixalpha-numeric-space,1,7,0,10000
Current chain speed: 57
Percent completed: 30%
[H[2JWorking on: Part /home/nous/.distrrtgen/178523.part,500000,md5,mixalpha-numeric-space,1,7,0,10000
Current chain speed: 57
Percent completed: 30%
[H[2JWorking on: Part /home/nous/.distrrtgen/178523.part,500000,md5,mixalpha-numeric-space,1,7,0,10000
Current chain speed: 55
Percent completed: 30%
[H[2JWorking on: Part /home/nous/.distrrtgen/178523.part,500000,md5,mixalpha-numeric-space,1,7,0,10000
Current chain speed: 57
Percent completed: 30%
[H[2JWorking on: Part /home/nous/.distrrtgen/178523.part,500000,md5,mixalpha-numeric-space,1,7,0,10000
Current chain speed: 57
Percent completed: 31%
[H[2JWorking on: Part /home/nous/.distrrtgen/178523.part,500000,md5,mixalpha-numeric-space,1,7,0,10000
Current chain speed: 57
Percent completed: 31%
[H[2JWorking on: Part /home/nous/.distrrtgen/178523.part,500000,md5,mixalpha-numeric-space,1,7,0,10000
Current chain speed: 55
Percent completed: 31%
[H[2JWorking on: Part /home/nous/.distrrtgen/178523.part,500000,md5,mixalpha-numeric-space,1,7,0,10000
Current chain speed: 57
Percent completed: 31%
[H[2JWorking on: Part /home/nous/.distrrtgen/178523.part,500000,md5,mixalpha-numeric-space,1,7,0,10000
Current chain speed: 57
Percent completed: 31%
[H[2JWorking on: Part /home/nous/.distrrtgen/178523.part,500000,md5,mixalpha-numeric-space,1,7,0,10000
Current chain speed: 57
Percent completed: 31%
[H[2JWorking on: Part /home/nous/.distrrtgen/178523.part,500000,md5,mixalpha-numeric-space,1,7,0,10000
Current chain speed: 57
Percent completed: 31%
[H[2JWorking on: Part /home/nous/.distrrtgen/178523.part,500000,md5,mixalpha-numeric-space,1,7,0,10000
Current chain speed: 57
Percent completed: 31%
[H[2JWorking on: Part /home/nous/.distrrtgen/178523.part,500000,md5,mixalpha-numeric-space,1,7,0,10000
Current chain speed: 57
Percent completed: 31%
[H[2JWorking on: Part /home/nous/.distrrtgen/178523.part,500000,md5,mixalpha-numeric-space,1,7,0,10000
Current chain speed: 56
Percent completed: 32%
[H[2JWorking on: Part /home/nous/.distrrtgen/178523.part,500000,md5,mixalpha-numeric-space,1,7,0,10000
Current chain speed: 57
Percent completed: 32%
[H[2JWorking on: Part /home/nous/.distrrtgen/178523.part,500000,md5,mixalpha-numeric-space,1,7,0,10000
Current chain speed: 57
Percent completed: 32%
[H[2JWorking on: Part /home/nous/.distrrtgen/178523.part,500000,md5,mixalpha-numeric-space,1,7,0,10000
Current chain speed: 57
Percent completed: 32%
[H[2JWorking on: Part /home/nous/.distrrtgen/178523.part,500000,md5,mixalpha-numeric-space,1,7,0,10000
Current chain speed: 57
Percent completed: 32%
[H[2JWorking on: Part /home/nous/.distrrtgen/178523.part,500000,md5,mixalpha-numeric-space,1,7,0,10000
Current chain speed: 57
Percent completed: 32%
[H[2JWorking on: Part /home/nous/.distrrtgen/178523.part,500000,md5,mixalpha-numeric-space,1,7,0,10000
Current chain speed: 57
Percent completed: 32%
[H[2JWorking on: Part /home/nous/.distrrtgen/178523.part,500000,md5,mixalpha-numeric-space,1,7,0,10000
Current chain speed: 57
Percent completed: 32%
[H[2JWorking on: Part /home/nous/.distrrtgen/178523.part,500000,md5,mixalpha-numeric-space,1,7,0,10000
Current chain speed: 57
Percent completed: 32%
[H[2JWorking on: Part /home/nous/.distrrtgen/178523.part,500000,md5,mixalpha-numeric-space,1,7,0,10000
Current chain speed: 57
Percent completed: 33%
[H[2JWorking on: Part /home/nous/.distrrtgen/178523.part,500000,md5,mixalpha-numeric-space,1,7,0,10000
Current chain speed: 57
Percent completed: 33%
[H[2JWorking on: Part /home/nous/.distrrtgen/178523.part,500000,md5,mixalpha-numeric-space,1,7,0,10000
Current chain speed: 56
Percent completed: 33%
[H[2JWorking on: Part /home/nous/.distrrtgen/178523.part,500000,md5,mixalpha-numeric-space,1,7,0,10000
Current chain speed: 57
Percent completed: 33%
[H[2JWorking on: Part /home/nous/.distrrtgen/178523.part,500000,md5,mixalpha-numeric-space,1,7,0,10000
Current chain speed: 57
Percent completed: 33%
[H[2JWorking on: Part /home/nous/.distrrtgen/178523.part,500000,md5,mixalpha-numeric-space,1,7,0,10000
Current chain speed: 57
Percent completed: 33%
[H[2JWorking on: Part /home/nous/.distrrtgen/178523.part,500000,md5,mixalpha-numeric-space,1,7,0,10000
Current chain speed: 57
Percent completed: 33%
[H[2JWorking on: Part /home/nous/.distrrtgen/178523.part,500000,md5,mixalpha-numeric-space,1,7,0,10000
Current chain speed: 57
Percent completed: 33%
[H[2JWorking on: Part /home/nous/.distrrtgen/178523.part,500000,md5,mixalpha-numeric-space,1,7,0,10000
Current chain speed: 57
Percent completed: 34%
[H[2JWorking on: Part /home/nous/.distrrtgen/178523.part,500000,md5,mixalpha-numeric-space,1,7,0,10000
Current chain speed: 57
Percent completed: 34%
[H[2JWorking on: Part /home/nous/.distrrtgen/178523.part,500000,md5,mixalpha-numeric-space,1,7,0,10000
Current chain speed: 57
Percent completed: 34%
[H[2JWorking on: Part /home/nous/.distrrtgen/178523.part,500000,md5,mixalpha-numeric-space,1,7,0,10000
Current chain speed: 57
Percent completed: 34%
[H[2JWorking on: Part /home/nous/.distrrtgen/178523.part,500000,md5,mixalpha-numeric-space,1,7,0,10000
Current chain speed: 57
Percent completed: 34%
[H[2JWorking on: Part /home/nous/.distrrtgen/178523.part,500000,md5,mixalpha-numeric-space,1,7,0,10000
Current chain speed: 56
Percent completed: 34%
[H[2JWorking on: Part /home/nous/.distrrtgen/178523.part,500000,md5,mixalpha-numeric-space,1,7,0,10000
Current chain speed: 57
Percent completed: 34%
[H[2JWorking on: Part /home/nous/.distrrtgen/178523.part,500000,md5,mixalpha-numeric-space,1,7,0,10000
Current chain speed: 57
Percent completed: 34%
[H[2JWorking on: Part /home/nous/.distrrtgen/178523.part,500000,md5,mixalpha-numeric-space,1,7,0,10000
Current chain speed: 57
Percent completed: 34%
[H[2JWorking on: Part /home/nous/.distrrtgen/178523.part,500000,md5,mixalpha-numeric-space,1,7,0,10000
Current chain speed: 57
Percent completed: 35%
[H[2JWorking on: Part /home/nous/.distrrtgen/178523.part,500000,md5,mixalpha-numeric-space,1,7,0,10000
Current chain speed: 57
Percent completed: 35%
[H[2JWorking on: Part /home/nous/.distrrtgen/178523.part,500000,md5,mixalpha-numeric-space,1,7,0,10000
Current chain speed: 57
Percent completed: 35%
[H[2JWorking on: Part /home/nous/.distrrtgen/178523.part,500000,md5,mixalpha-numeric-space,1,7,0,10000
Current chain speed: 57
Percent completed: 35%
[H[2JWorking on: Part /home/nous/.distrrtgen/178523.part,500000,md5,mixalpha-numeric-space,1,7,0,10000
Current chain speed: 57
Percent completed: 35%
[H[2JWorking on: Part /home/nous/.distrrtgen/178523.part,500000,md5,mixalpha-numeric-space,1,7,0,10000
Current chain speed: 57
Percent completed: 35%
[H[2JWorking on: Part /home/nous/.distrrtgen/178523.part,500000,md5,mixalpha-numeric-space,1,7,0,10000
Current chain speed: 57
Percent completed: 35%
[H[2JWorking on: Part /home/nous/.distrrtgen/178523.part,500000,md5,mixalpha-numeric-space,1,7,0,10000
Current chain speed: 56
Percent completed: 35%
[H[2JWorking on: Part /home/nous/.distrrtgen/178523.part,500000,md5,mixalpha-numeric-space,1,7,0,10000
Current chain speed: 57
Percent completed: 35%
[H[2JWorking on: Part /home/nous/.distrrtgen/178523.part,500000,md5,mixalpha-numeric-space,1,7,0,10000
Current chain speed: 57
Percent completed: 36%
[H[2JWorking on: Part /home/nous/.distrrtgen/178523.part,500000,md5,mixalpha-numeric-space,1,7,0,10000
Current chain speed: 57
Percent completed: 36%
[H[2JWorking on: Part /home/nous/.distrrtgen/178523.part,500000,md5,mixalpha-numeric-space,1,7,0,10000
Current chain speed: 57
Percent completed: 36%
[H[2JWorking on: Part /home/nous/.distrrtgen/178523.part,500000,md5,mixalpha-numeric-space,1,7,0,10000
Current chain speed: 57
Percent completed: 36%
[H[2JWorking on: Part /home/nous/.distrrtgen/178523.part,500000,md5,mixalpha-numeric-space,1,7,0,10000
Current chain speed: 57
Percent completed: 36%
[H[2JWorking on: Part /home/nous/.distrrtgen/178523.part,500000,md5,mixalpha-numeric-space,1,7,0,10000
Current chain speed: 57
Percent completed: 36%
[H[2JWorking on: Part /home/nous/.distrrtgen/178523.part,500000,md5,mixalpha-numeric-space,1,7,0,10000
Current chain speed: 57
Percent completed: 36%
[H[2JWorking on: Part /home/nous/.distrrtgen/178523.part,500000,md5,mixalpha-numeric-space,1,7,0,10000
Current chain speed: 57
Percent completed: 36%
[H[2JWorking on: Part /home/nous/.distrrtgen/178523.part,500000,md5,mixalpha-numeric-space,1,7,0,10000
Current chain speed: 57
Percent completed: 36%
[H[2JWorking on: Part /home/nous/.distrrtgen/178523.part,500000,md5,mixalpha-numeric-space,1,7,0,10000
Current chain speed: 56
Percent completed: 37%
[H[2JWorking on: Part /home/nous/.distrrtgen/178523.part,500000,md5,mixalpha-numeric-space,1,7,0,10000
Current chain speed: 57
Percent completed: 37%
[H[2JWorking on: Part /home/nous/.distrrtgen/178523.part,500000,md5,mixalpha-numeric-space,1,7,0,10000
Current chain speed: 57
Percent completed: 37%
[H[2JWorking on: Part /home/nous/.distrrtgen/178523.part,500000,md5,mixalpha-numeric-space,1,7,0,10000
Current chain speed: 57
Percent completed: 37%
[H[2JWorking on: Part /home/nous/.distrrtgen/178523.part,500000,md5,mixalpha-numeric-space,1,7,0,10000
Current chain speed: 57
Percent completed: 37%
[H[2JWorking on: Part /home/nous/.distrrtgen/178523.part,500000,md5,mixalpha-numeric-space,1,7,0,10000
Current chain speed: 57
Percent completed: 37%
[H[2JWorking on: Part /home/nous/.distrrtgen/178523.part,500000,md5,mixalpha-numeric-space,1,7,0,10000
Current chain speed: 57
Percent completed: 37%
[H[2JWorking on: Part /home/nous/.distrrtgen/178523.part,500000,md5,mixalpha-numeric-space,1,7,0,10000
Current chain speed: 57
Percent completed: 37%
[H[2JWorking on: Part /home/nous/.distrrtgen/178523.part,500000,md5,mixalpha-numeric-space,1,7,0,10000
Current chain speed: 57
Percent completed: 38%
[H[2JWorking on: Part /home/nous/.distrrtgen/178523.part,500000,md5,mixalpha-numeric-space,1,7,0,10000
Current chain speed: 57
Percent completed: 38%
[H[2JWorking on: Part /home/nous/.distrrtgen/178523.part,500000,md5,mixalpha-numeric-space,1,7,0,10000
Current chain speed: 56
Percent completed: 38%
[H[2JWorking on: Part /home/nous/.distrrtgen/178523.part,500000,md5,mixalpha-numeric-space,1,7,0,10000
Current chain speed: 57
Percent completed: 38%
[H[2JWorking on: Part /home/nous/.distrrtgen/178523.part,500000,md5,mixalpha-numeric-space,1,7,0,10000
Current chain speed: 57
Percent completed: 38%
[H[2JWorking on: Part /home/nous/.distrrtgen/178523.part,500000,md5,mixalpha-numeric-space,1,7,0,10000
Current chain speed: 57
Percent completed: 38%
[H[2JWorking on: Part /home/nous/.distrrtgen/178523.part,500000,md5,mixalpha-numeric-space,1,7,0,10000
Current chain speed: 57
Percent completed: 38%
[H[2JWorking on: Part /home/nous/.distrrtgen/178523.part,500000,md5,mixalpha-numeric-space,1,7,0,10000
Current chain speed: 57
Percent completed: 38%
[H[2JWorking on: Part /home/nous/.distrrtgen/178523.part,500000,md5,mixalpha-numeric-space,1,7,0,10000
Current chain speed: 57
Percent completed: 38%
[H[2JWorking on: Part /home/nous/.distrrtgen/178523.part,500000,md5,mixalpha-numeric-space,1,7,0,10000
Current chain speed: 57
Percent completed: 39%
[H[2JWorking on: Part /home/nous/.distrrtgen/178523.part,500000,md5,mixalpha-numeric-space,1,7,0,10000
Current chain speed: 57
Percent completed: 39%
[H[2JWorking on: Part /home/nous/.distrrtgen/178523.part,500000,md5,mixalpha-numeric-space,1,7,0,10000
Current chain speed: 57
Percent completed: 39%
[H[2JWorking on: Part /home/nous/.distrrtgen/178523.part,500000,md5,mixalpha-numeric-space,1,7,0,10000
Current chain speed: 57
Percent completed: 39%
[H[2JWorking on: Part /home/nous/.distrrtgen/178523.part,500000,md5,mixalpha-numeric-space,1,7,0,10000
Current chain speed: 56
Percent completed: 39%
[H[2JWorking on: Part /home/nous/.distrrtgen/178523.part,500000,md5,mixalpha-numeric-space,1,7,0,10000
Current chain speed: 57
Percent completed: 39%
[H[2JWorking on: Part /home/nous/.distrrtgen/178523.part,500000,md5,mixalpha-numeric-space,1,7,0,10000
Current chain speed: 57
Percent completed: 39%
[H[2JWorking on: Part /home/nous/.distrrtgen/178523.part,500000,md5,mixalpha-numeric-space,1,7,0,10000
Current chain speed: 57
Percent completed: 39%
[H[2JWorking on: Part /home/nous/.distrrtgen/178523.part,500000,md5,mixalpha-numeric-space,1,7,0,10000
Current chain speed: 57
Percent completed: 40%
[H[2JWorking on: Part /home/nous/.distrrtgen/178523.part,500000,md5,mixalpha-numeric-space,1,7,0,10000
Current chain speed: 57
Percent completed: 40%
[H[2JWorking on: Part /home/nous/.distrrtgen/178523.part,500000,md5,mixalpha-numeric-space,1,7,0,10000
Current chain speed: 57
Percent completed: 40%
[H[2JWorking on: Part /home/nous/.distrrtgen/178523.part,500000,md5,mixalpha-numeric-space,1,7,0,10000
Current chain speed: 57
Percent completed: 40%
[H[2JWorking on: Part /home/nous/.distrrtgen/178523.part,500000,md5,mixalpha-numeric-space,1,7,0,10000
Current chain speed: 57
Percent completed: 40%
[H[2JWorking on: Part /home/nous/.distrrtgen/178523.part,500000,md5,mixalpha-numeric-space,1,7,0,10000
Current chain speed: 57
Percent completed: 40%
[H[2JWorking on: Part /home/nous/.distrrtgen/178523.part,500000,md5,mixalpha-numeric-space,1,7,0,10000
Current chain speed: 57
Percent completed: 40%
[H[2JWorking on: Part /home/nous/.distrrtgen/178523.part,500000,md5,mixalpha-numeric-space,1,7,0,10000
Current chain speed: 56
Percent completed: 40%
[H[2JWorking on: Part /home/nous/.distrrtgen/178523.part,500000,md5,mixalpha-numeric-space,1,7,0,10000
Current chain speed: 57
Percent completed: 40%
[H[2JWorking on: Part /home/nous/.distrrtgen/178523.part,500000,md5,mixalpha-numeric-space,1,7,0,10000
Current chain speed: 57
Percent completed: 41%
[H[2JWorking on: Part /home/nous/.distrrtgen/178523.part,500000,md5,mixalpha-numeric-space,1,7,0,10000
Current chain speed: 57
Percent completed: 41%
[H[2JWorking on: Part /home/nous/.distrrtgen/178523.part,500000,md5,mixalpha-numeric-space,1,7,0,10000
Current chain speed: 57
Percent completed: 41%
[H[2JWorking on: Part /home/nous/.distrrtgen/178523.part,500000,md5,mixalpha-numeric-space,1,7,0,10000
Current chain speed: 57
Percent completed: 41%
[H[2JWorking on: Part /home/nous/.distrrtgen/178523.part,500000,md5,mixalpha-numeric-space,1,7,0,10000
Current chain speed: 57
Percent completed: 41%
[H[2JWorking on: Part /home/nous/.distrrtgen/178523.part,500000,md5,mixalpha-numeric-space,1,7,0,10000
Current chain speed: 57
Percent completed: 41%
[H[2JWorking on: Part /home/nous/.distrrtgen/178523.part,500000,md5,mixalpha-numeric-space,1,7,0,10000
Current chain speed: 57
Percent completed: 41%
[H[2JWorking on: Part /home/nous/.distrrtgen/178523.part,500000,md5,mixalpha-numeric-space,1,7,0,10000
Current chain speed: 57
Percent completed: 41%
[H[2JWorking on: Part /home/nous/.distrrtgen/178523.part,500000,md5,mixalpha-numeric-space,1,7,0,10000
Current chain speed: 57
Percent completed: 41%
[H[2JWorking on: Part /home/nous/.distrrtgen/178523.part,500000,md5,mixalpha-numeric-space,1,7,0,10000
Current chain speed: 56
Percent completed: 42%
[H[2JWorking on: Part /home/nous/.distrrtgen/178523.part,500000,md5,mixalpha-numeric-space,1,7,0,10000
Current chain speed: 57
Percent completed: 42%
[H[2JWorking on: Part /home/nous/.distrrtgen/178523.part,500000,md5,mixalpha-numeric-space,1,7,0,10000
Current chain speed: 57
Percent completed: 42%
[H[2JWorking on: Part /home/nous/.distrrtgen/178523.part,500000,md5,mixalpha-numeric-space,1,7,0,10000
Current chain speed: 57
Percent completed: 42%
[H[2JWorking on: Part /home/nous/.distrrtgen/178523.part,500000,md5,mixalpha-numeric-space,1,7,0,10000
Current chain speed: 57
Percent completed: 42%
[H[2JWorking on: Part /home/nous/.distrrtgen/178523.part,500000,md5,mixalpha-numeric-space,1,7,0,10000
Current chain speed: 57
Percent completed: 42%
[H[2JWorking on: Part /home/nous/.distrrtgen/178523.part,500000,md5,mixalpha-numeric-space,1,7,0,10000
Current chain speed: 57
Percent completed: 42%
[H[2JWorking on: Part /home/nous/.distrrtgen/178523.part,500000,md5,mixalpha-numeric-space,1,7,0,10000
Current chain speed: 57
Percent completed: 42%
[H[2JWorking on: Part /home/nous/.distrrtgen/178523.part,500000,md5,mixalpha-numeric-space,1,7,0,10000
Current chain speed: 57
Percent completed: 42%
[H[2JWorking on: Part /home/nous/.distrrtgen/178523.part,500000,md5,mixalpha-numeric-space,1,7,0,10000
Current chain speed: 57
Percent completed: 43%
[H[2JWorking on: Part /home/nous/.distrrtgen/178523.part,500000,md5,mixalpha-numeric-space,1,7,0,10000
Current chain speed: 57
Percent completed: 43%
[H[2JWorking on: Part /home/nous/.distrrtgen/178523.part,500000,md5,mixalpha-numeric-space,1,7,0,10000
Current chain speed: 56
Percent completed: 43%
[H[2JWorking on: Part /home/nous/.distrrtgen/178523.part,500000,md5,mixalpha-numeric-space,1,7,0,10000
Current chain speed: 57
Percent completed: 43%
[H[2JWorking on: Part /home/nous/.distrrtgen/178523.part,500000,md5,mixalpha-numeric-space,1,7,0,10000
Current chain speed: 57
Percent completed: 43%
[H[2JWorking on: Part /home/nous/.distrrtgen/178523.part,500000,md5,mixalpha-numeric-space,1,7,0,10000
Current chain speed: 57
Percent completed: 43%
[H[2JWorking on: Part /home/nous/.distrrtgen/178523.part,500000,md5,mixalpha-numeric-space,1,7,0,10000
Current chain speed: 57
Percent completed: 43%
[H[2JWorking on: Part /home/nous/.distrrtgen/178523.part,500000,md5,mixalpha-numeric-space,1,7,0,10000
Current chain speed: 57
Percent completed: 43%
[H[2JWorking on: Part /home/nous/.distrrtgen/178523.part,500000,md5,mixalpha-numeric-space,1,7,0,10000
Current chain speed: 57
Percent completed: 44%
[H[2JWorking on: Part /home/nous/.distrrtgen/178523.part,500000,md5,mixalpha-numeric-space,1,7,0,10000
Current chain speed: 57
Percent completed: 44%
[H[2JWorking on: Part /home/nous/.distrrtgen/178523.part,500000,md5,mixalpha-numeric-space,1,7,0,10000
Current chain speed: 57
Percent completed: 44%
[H[2JWorking on: Part /home/nous/.distrrtgen/178523.part,500000,md5,mixalpha-numeric-space,1,7,0,10000
Current chain speed: 57
Percent completed: 44%
[H[2JWorking on: Part /home/nous/.distrrtgen/178523.part,500000,md5,mixalpha-numeric-space,1,7,0,10000
Current chain speed: 57
Percent completed: 44%
[H[2JWorking on: Part /home/nous/.distrrtgen/178523.part,500000,md5,mixalpha-numeric-space,1,7,0,10000
Current chain speed: 56
Percent completed: 44%
[H[2JWorking on: Part /home/nous/.distrrtgen/178523.part,500000,md5,mixalpha-numeric-space,1,7,0,10000
Current chain speed: 57
Percent completed: 44%
[H[2JWorking on: Part /home/nous/.distrrtgen/178523.part,500000,md5,mixalpha-numeric-space,1,7,0,10000
Current chain speed: 57
Percent completed: 44%
[H[2JWorking on: Part /home/nous/.distrrtgen/178523.part,500000,md5,mixalpha-numeric-space,1,7,0,10000
Current chain speed: 57
Percent completed: 44%
[H[2JWorking on: Part /home/nous/.distrrtgen/178523.part,500000,md5,mixalpha-numeric-space,1,7,0,10000
Current chain speed: 57
Percent completed: 45%
[H[2JWorking on: Part /home/nous/.distrrtgen/178523.part,500000,md5,mixalpha-numeric-space,1,7,0,10000
Current chain speed: 57
Percent completed: 45%
[H[2JWorking on: Part /home/nous/.distrrtgen/178523.part,500000,md5,mixalpha-numeric-space,1,7,0,10000
Current chain speed: 57
Percent completed: 45%
[H[2JWorking on: Part /home/nous/.distrrtgen/178523.part,500000,md5,mixalpha-numeric-space,1,7,0,10000
Current chain speed: 57
Percent completed: 45%
[H[2JWorking on: Part /home/nous/.distrrtgen/178523.part,500000,md5,mixalpha-numeric-space,1,7,0,10000
Current chain speed: 57
Percent completed: 45%
[H[2JWorking on: Part /home/nous/.distrrtgen/178523.part,500000,md5,mixalpha-numeric-space,1,7,0,10000
Current chain speed: 57
Percent completed: 45%
[H[2JWorking on: Part /home/nous/.distrrtgen/178523.part,500000,md5,mixalpha-numeric-space,1,7,0,10000
Current chain speed: 57
Percent completed: 45%
[H[2JWorking on: Part /home/nous/.distrrtgen/178523.part,500000,md5,mixalpha-numeric-space,1,7,0,10000
Current chain speed: 56
Percent completed: 45%
[H[2JWorking on: Part /home/nous/.distrrtgen/178523.part,500000,md5,mixalpha-numeric-space,1,7,0,10000
Current chain speed: 57
Percent completed: 45%
[H[2JWorking on: Part /home/nous/.distrrtgen/178523.part,500000,md5,mixalpha-numeric-space,1,7,0,10000
Current chain speed: 57
Percent completed: 46%
[H[2JWorking on: Part /home/nous/.distrrtgen/178523.part,500000,md5,mixalpha-numeric-space,1,7,0,10000
Current chain speed: 57
Percent completed: 46%
[H[2JWorking on: Part /home/nous/.distrrtgen/178523.part,500000,md5,mixalpha-numeric-space,1,7,0,10000
Current chain speed: 57
Percent completed: 46%
[H[2JWorking on: Part /home/nous/.distrrtgen/178523.part,500000,md5,mixalpha-numeric-space,1,7,0,10000
Current chain speed: 57
Percent completed: 46%
[H[2JWorking on: Part /home/nous/.distrrtgen/178523.part,500000,md5,mixalpha-numeric-space,1,7,0,10000
Current chain speed: 57
Percent completed: 46%
[H[2JWorking on: Part /home/nous/.distrrtgen/178523.part,500000,md5,mixalpha-numeric-space,1,7,0,10000
Current chain speed: 57
Percent completed: 46%
[H[2JWorking on: Part /home/nous/.distrrtgen/178523.part,500000,md5,mixalpha-numeric-space,1,7,0,10000
Current chain speed: 57
Percent completed: 46%
[H[2JWorking on: Part /home/nous/.distrrtgen/178523.part,500000,md5,mixalpha-numeric-space,1,7,0,10000
Current chain speed: 57
Percent completed: 46%
[H[2JWorking on: Part /home/nous/.distrrtgen/178523.part,500000,md5,mixalpha-numeric-space,1,7,0,10000
Current chain speed: 57
Percent completed: 46%
[H[2JWorking on: Part /home/nous/.distrrtgen/178523.part,500000,md5,mixalpha-numeric-space,1,7,0,10000
Current chain speed: 56
Percent completed: 47%
[H[2JWorking on: Part /home/nous/.distrrtgen/178523.part,500000,md5,mixalpha-numeric-space,1,7,0,10000
Current chain speed: 57
Percent completed: 47%
[H[2JWorking on: Part /home/nous/.distrrtgen/178523.part,500000,md5,mixalpha-numeric-space,1,7,0,10000
Current chain speed: 57
Percent completed: 47%
[H[2JWorking on: Part /home/nous/.distrrtgen/178523.part,500000,md5,mixalpha-numeric-space,1,7,0,10000
Current chain speed: 57
Percent completed: 47%
[H[2JWorking on: Part /home/nous/.distrrtgen/178523.part,500000,md5,mixalpha-numeric-space,1,7,0,10000
Current chain speed: 57
Percent completed: 47%
[H[2JWorking on: Part /home/nous/.distrrtgen/178523.part,500000,md5,mixalpha-numeric-space,1,7,0,10000
Current chain speed: 57
Percent completed: 47%
[H[2JWorking on: Part /home/nous/.distrrtgen/178523.part,500000,md5,mixalpha-numeric-space,1,7,0,10000
Current chain speed: 57
Percent completed: 47%
[H[2JWorking on: Part /home/nous/.distrrtgen/178523.part,500000,md5,mixalpha-numeric-space,1,7,0,10000
Current chain speed: 57
Percent completed: 47%
[H[2JWorking on: Part /home/nous/.distrrtgen/178523.part,500000,md5,mixalpha-numeric-space,1,7,0,10000
Current chain speed: 57
Percent completed: 48%
[H[2JWorking on: Part /home/nous/.distrrtgen/178523.part,500000,md5,mixalpha-numeric-space,1,7,0,10000
Current chain speed: 57
Percent completed: 48%
[H[2JWorking on: Part /home/nous/.distrrtgen/178523.part,500000,md5,mixalpha-numeric-space,1,7,0,10000
Current chain speed: 57
Percent completed: 48%
[H[2JWorking on: Part /home/nous/.distrrtgen/178523.part,500000,md5,mixalpha-numeric-space,1,7,0,10000
Current chain speed: 56
Percent completed: 48%
[H[2JWorking on: Part /home/nous/.distrrtgen/178523.part,500000,md5,mixalpha-numeric-space,1,7,0,10000
Current chain speed: 57
Percent completed: 48%
[H[2JWorking on: Part /home/nous/.distrrtgen/178523.part,500000,md5,mixalpha-numeric-space,1,7,0,10000
Current chain speed: 57
Percent completed: 48%
[H[2JWorking on: Part /home/nous/.distrrtgen/178523.part,500000,md5,mixalpha-numeric-space,1,7,0,10000
Current chain speed: 57
Percent completed: 48%
[H[2JWorking on: Part /home/nous/.distrrtgen/178523.part,500000,md5,mixalpha-numeric-space,1,7,0,10000
Current chain speed: 57
Percent completed: 48%
[H[2JWorking on: Part /home/nous/.distrrtgen/178523.part,500000,md5,mixalpha-numeric-space,1,7,0,10000
Current chain speed: 57
Percent completed: 48%
[H[2JWorking on: Part /home/nous/.distrrtgen/178523.part,500000,md5,mixalpha-numeric-space,1,7,0,10000
Current chain speed: 57
Percent completed: 49%
[H[2JWorking on: Part /home/nous/.distrrtgen/178523.part,500000,md5,mixalpha-numeric-space,1,7,0,10000
Current chain speed: 57
Percent completed: 49%
[H[2JWorking on: Part /home/nous/.distrrtgen/178523.part,500000,md5,mixalpha-numeric-space,1,7,0,10000
Current chain speed: 57
Percent completed: 49%
[H[2JWorking on: Part /home/nous/.distrrtgen/178523.part,500000,md5,mixalpha-numeric-space,1,7,0,10000
Current chain speed: 57
Percent completed: 49%
[H[2JWorking on: Part /home/nous/.distrrtgen/178523.part,500000,md5,mixalpha-numeric-space,1,7,0,10000
Current chain speed: 57
Percent completed: 49%
[H[2JWorking on: Part /home/nous/.distrrtgen/178523.part,500000,md5,mixalpha-numeric-space,1,7,0,10000
Current chain speed: 56
Percent completed: 49%
[H[2JWorking on: Part /home/nous/.distrrtgen/178523.part,500000,md5,mixalpha-numeric-space,1,7,0,10000
Current chain speed: 57
Percent completed: 49%
[H[2JWorking on: Part /home/nous/.distrrtgen/178523.part,500000,md5,mixalpha-numeric-space,1,7,0,10000
Current chain speed: 57
Percent completed: 49%
[H[2JWorking on: Part /home/nous/.distrrtgen/178523.part,500000,md5,mixalpha-numeric-space,1,7,0,10000
Current chain speed: 57
Percent completed: 50%
[H[2JWorking on: Part /home/nous/.distrrtgen/178523.part,500000,md5,mixalpha-numeric-space,1,7,0,10000
Current chain speed: 57
Percent completed: 50%
[H[2JWorking on: Part /home/nous/.distrrtgen/178523.part,500000,md5,mixalpha-numeric-space,1,7,0,10000
Current chain speed: 57
Percent completed: 50%
[H[2JWorking on: Part /home/nous/.distrrtgen/178523.part,500000,md5,mixalpha-numeric-space,1,7,0,10000
Current chain speed: 57
Percent completed: 50%
[H[2JWorking on: Part /home/nous/.distrrtgen/178523.part,500000,md5,mixalpha-numeric-space,1,7,0,10000
Current chain speed: 57
Percent completed: 50%
[H[2JWorking on: Part /home/nous/.distrrtgen/178523.part,500000,md5,mixalpha-numeric-space,1,7,0,10000
Current chain speed: 57
Percent completed: 50%
[H[2JWorking on: Part /home/nous/.distrrtgen/178523.part,500000,md5,mixalpha-numeric-space,1,7,0,10000
Current chain speed: 57
Percent completed: 50%
[H[2JWorking on: Part /home/nous/.distrrtgen/178523.part,500000,md5,mixalpha-numeric-space,1,7,0,10000
Current chain speed: 57
Percent completed: 50%
[H[2JWorking on: Part /home/nous/.distrrtgen/178523.part,500000,md5,mixalpha-numeric-space,1,7,0,10000
Current chain speed: 56
Percent completed: 50%
[H[2JWorking on: Part /home/nous/.distrrtgen/178523.part,500000,md5,mixalpha-numeric-space,1,7,0,10000
Current chain speed: 57
Percent completed: 51%
[H[2JWorking on: Part /home/nous/.distrrtgen/178523.part,500000,md5,mixalpha-numeric-space,1,7,0,10000
Current chain speed: 57
Percent completed: 51%
[H[2JWorking on: Part /home/nous/.distrrtgen/178523.part,500000,md5,mixalpha-numeric-space,1,7,0,10000
Current chain speed: 57
Percent completed: 51%
[H[2JWorking on: Part /home/nous/.distrrtgen/178523.part,500000,md5,mixalpha-numeric-space,1,7,0,10000
Current chain speed: 57
Percent completed: 51%
[H[2JWorking on: Part /home/nous/.distrrtgen/178523.part,500000,md5,mixalpha-numeric-space,1,7,0,10000
Current chain speed: 57
Percent completed: 51%
[H[2JWorking on: Part /home/nous/.distrrtgen/178523.part,500000,md5,mixalpha-numeric-space,1,7,0,10000
Current chain speed: 57
Percent completed: 51%
[H[2JWorking on: Part /home/nous/.distrrtgen/178523.part,500000,md5,mixalpha-numeric-space,1,7,0,10000
Current chain speed: 57
Percent completed: 51%
[H[2JWorking on: Part /home/nous/.distrrtgen/178523.part,500000,md5,mixalpha-numeric-space,1,7,0,10000
Current chain speed: 57
Percent completed: 51%
[H[2JWorking on: Part /home/nous/.distrrtgen/178523.part,500000,md5,mixalpha-numeric-space,1,7,0,10000
Current chain speed: 57
Percent completed: 51%
[H[2JWorking on: Part /home/nous/.distrrtgen/178523.part,500000,md5,mixalpha-numeric-space,1,7,0,10000
Current chain speed: 56
Percent completed: 52%
[H[2JWorking on: Part /home/nous/.distrrtgen/178523.part,500000,md5,mixalpha-numeric-space,1,7,0,10000
Current chain speed: 56
Percent completed: 52%
[H[2JWorking on: Part /home/nous/.distrrtgen/178523.part,500000,md5,mixalpha-numeric-space,1,7,0,10000
Current chain speed: 57
Percent completed: 52%
[H[2JWorking on: Part /home/nous/.distrrtgen/178523.part,500000,md5,mixalpha-numeric-space,1,7,0,10000
Current chain speed: 57
Percent completed: 52%
[H[2JWorking on: Part /home/nous/.distrrtgen/178523.part,500000,md5,mixalpha-numeric-space,1,7,0,10000
Current chain speed: 57
Percent completed: 52%
[H[2JWorking on: Part /home/nous/.distrrtgen/178523.part,500000,md5,mixalpha-numeric-space,1,7,0,10000
Current chain speed: 57
Percent completed: 52%
[H[2JWorking on: Part /home/nous/.distrrtgen/178523.part,500000,md5,mixalpha-numeric-space,1,7,0,10000
Current chain speed: 57
Percent completed: 52%
[H[2JWorking on: Part /home/nous/.distrrtgen/178523.part,500000,md5,mixalpha-numeric-space,1,7,0,10000
Current chain speed: 57
Percent completed: 52%
[H[2JWorking on: Part /home/nous/.distrrtgen/178523.part,500000,md5,mixalpha-numeric-space,1,7,0,10000
Current chain speed: 57
Percent completed: 52%
[H[2JWorking on: Part /home/nous/.distrrtgen/178523.part,500000,md5,mixalpha-numeric-space,1,7,0,10000
Current chain speed: 57
Percent completed: 53%
[H[2JWorking on: Part /home/nous/.distrrtgen/178523.part,500000,md5,mixalpha-numeric-space,1,7,0,10000
Current chain speed: 57
Percent completed: 53%
[H[2JWorking on: Part /home/nous/.distrrtgen/178523.part,500000,md5,mixalpha-numeric-space,1,7,0,10000
Current chain speed: 56
Percent completed: 53%
[H[2JWorking on: Part /home/nous/.distrrtgen/178523.part,500000,md5,mixalpha-numeric-space,1,7,0,10000
Current chain speed: 57
Percent completed: 53%
[H[2JWorking on: Part /home/nous/.distrrtgen/178523.part,500000,md5,mixalpha-numeric-space,1,7,0,10000
Current chain speed: 57
Percent completed: 53%
[H[2JWorking on: Part /home/nous/.distrrtgen/178523.part,500000,md5,mixalpha-numeric-space,1,7,0,10000
Current chain speed: 57
Percent completed: 53%
[H[2JWorking on: Part /home/nous/.distrrtgen/178523.part,500000,md5,mixalpha-numeric-space,1,7,0,10000
Current chain speed: 57
Percent completed: 53%
[H[2JWorking on: Part /home/nous/.distrrtgen/178523.part,500000,md5,mixalpha-numeric-space,1,7,0,10000
Current chain speed: 57
Percent completed: 53%
[H[2JWorking on: Part /home/nous/.distrrtgen/178523.part,500000,md5,mixalpha-numeric-space,1,7,0,10000
Current chain speed: 57
Percent completed: 54%
[H[2JWorking on: Part /home/nous/.distrrtgen/178523.part,500000,md5,mixalpha-numeric-space,1,7,0,10000
Current chain speed: 57
Percent completed: 54%
[H[2JWorking on: Part /home/nous/.distrrtgen/178523.part,500000,md5,mixalpha-numeric-space,1,7,0,10000
Current chain speed: 57
Percent completed: 54%
[H[2JWorking on: Part /home/nous/.distrrtgen/178523.part,500000,md5,mixalpha-numeric-space,1,7,0,10000
Current chain speed: 57
Percent completed: 54%
[H[2JWorking on: Part /home/nous/.distrrtgen/178523.part,500000,md5,mixalpha-numeric-space,1,7,0,10000
Current chain speed: 57
Percent completed: 54%
[H[2JWorking on: Part /home/nous/.distrrtgen/178523.part,500000,md5,mixalpha-numeric-space,1,7,0,10000
Current chain speed: 56
Percent completed: 54%
[H[2JWorking on: Part /home/nous/.distrrtgen/178523.part,500000,md5,mixalpha-numeric-space,1,7,0,10000
Current chain speed: 57
Percent completed: 54%
[H[2JWorking on: Part /home/nous/.distrrtgen/178523.part,500000,md5,mixalpha-numeric-space,1,7,0,10000
Current chain speed: 57
Percent completed: 54%
[H[2JWorking on: Part /home/nous/.distrrtgen/178523.part,500000,md5,mixalpha-numeric-space,1,7,0,10000
Current chain speed: 57
Percent completed: 54%
[H[2JWorking on: Part /home/nous/.distrrtgen/178523.part,500000,md5,mixalpha-numeric-space,1,7,0,10000
Current chain speed: 57
Percent completed: 55%
[H[2JWorking on: Part /home/nous/.distrrtgen/178523.part,500000,md5,mixalpha-numeric-space,1,7,0,10000
Current chain speed: 57
Percent completed: 55%
[H[2JWorking on: Part /home/nous/.distrrtgen/178523.part,500000,md5,mixalpha-numeric-space,1,7,0,10000
Current chain speed: 57
Percent completed: 55%
[H[2JWorking on: Part /home/nous/.distrrtgen/178523.part,500000,md5,mixalpha-numeric-space,1,7,0,10000
Current chain speed: 57
Percent completed: 55%
[H[2JWorking on: Part /home/nous/.distrrtgen/178523.part,500000,md5,mixalpha-numeric-space,1,7,0,10000
Current chain speed: 57
Percent completed: 55%
[H[2JWorking on: Part /home/nous/.distrrtgen/178523.part,500000,md5,mixalpha-numeric-space,1,7,0,10000
Current chain speed: 57
Percent completed: 55%
[H[2JWorking on: Part /home/nous/.distrrtgen/178523.part,500000,md5,mixalpha-numeric-space,1,7,0,10000
Current chain speed: 57
Percent completed: 55%
[H[2JWorking on: Part /home/nous/.distrrtgen/178523.part,500000,md5,mixalpha-numeric-space,1,7,0,10000
Current chain speed: 56
Percent completed: 55%
[H[2JWorking on: Part /home/nous/.distrrtgen/178523.part,500000,md5,mixalpha-numeric-space,1,7,0,10000
Current chain speed: 57
Percent completed: 55%
[H[2JWorking on: Part /home/nous/.distrrtgen/178523.part,500000,md5,mixalpha-numeric-space,1,7,0,10000
Current chain speed: 57
Percent completed: 56%
[H[2JWorking on: Part /home/nous/.distrrtgen/178523.part,500000,md5,mixalpha-numeric-space,1,7,0,10000
Current chain speed: 57
Percent completed: 56%
[H[2JWorking on: Part /home/nous/.distrrtgen/178523.part,500000,md5,mixalpha-numeric-space,1,7,0,10000
Current chain speed: 57
Percent completed: 56%
[H[2JWorking on: Part /home/nous/.distrrtgen/178523.part,500000,md5,mixalpha-numeric-space,1,7,0,10000
Current chain speed: 57
Percent completed: 56%
[H[2JWorking on: Part /home/nous/.distrrtgen/178523.part,500000,md5,mixalpha-numeric-space,1,7,0,10000
Current chain speed: 57
Percent completed: 56%
[H[2JWorking on: Part /home/nous/.distrrtgen/178523.part,500000,md5,mixalpha-numeric-space,1,7,0,10000
Current chain speed: 57
Percent completed: 56%
[H[2JWorking on: Part /home/nous/.distrrtgen/178523.part,500000,md5,mixalpha-numeric-space,1,7,0,10000
Current chain speed: 57
Percent completed: 56%
[H[2JWorking on: Part /home/nous/.distrrtgen/178523.part,500000,md5,mixalpha-numeric-space,1,7,0,10000
Current chain speed: 57
Percent completed: 56%
[H[2JWorking on: Part /home/nous/.distrrtgen/178523.part,500000,md5,mixalpha-numeric-space,1,7,0,10000
Current chain speed: 57
Percent completed: 56%
[H[2JWorking on: Part /home/nous/.distrrtgen/178523.part,500000,md5,mixalpha-numeric-space,1,7,0,10000
Current chain speed: 56
Percent completed: 57%
[H[2JWorking on: Part /home/nous/.distrrtgen/178523.part,500000,md5,mixalpha-numeric-space,1,7,0,10000
Current chain speed: 57
Percent completed: 57%
[H[2JWorking on: Part /home/nous/.distrrtgen/178523.part,500000,md5,mixalpha-numeric-space,1,7,0,10000
Current chain speed: 57
Percent completed: 57%
[H[2JWorking on: Part /home/nous/.distrrtgen/178523.part,500000,md5,mixalpha-numeric-space,1,7,0,10000
Current chain speed: 57
Percent completed: 57%
[H[2JWorking on: Part /home/nous/.distrrtgen/178523.part,500000,md5,mixalpha-numeric-space,1,7,0,10000
Current chain speed: 57
Percent completed: 57%
[H[2JWorking on: Part /home/nous/.distrrtgen/178523.part,500000,md5,mixalpha-numeric-space,1,7,0,10000
Current chain speed: 57
Percent completed: 57%
[H[2JWorking on: Part /home/nous/.distrrtgen/178523.part,500000,md5,mixalpha-numeric-space,1,7,0,10000
Current chain speed: 57
Percent completed: 57%
[H[2JWorking on: Part /home/nous/.distrrtgen/178523.part,500000,md5,mixalpha-numeric-space,1,7,0,10000
Current chain speed: 57
Percent completed: 57%
[H[2JWorking on: Part /home/nous/.distrrtgen/178523.part,500000,md5,mixalpha-numeric-space,1,7,0,10000
Current chain speed: 57
Percent completed: 58%
[H[2JWorking on: Part /home/nous/.distrrtgen/178523.part,500000,md5,mixalpha-numeric-space,1,7,0,10000
Current chain speed: 57
Percent completed: 58%
[H[2JWorking on: Part /home/nous/.distrrtgen/178523.part,500000,md5,mixalpha-numeric-space,1,7,0,10000
Current chain speed: 57
Percent completed: 58%
[H[2JWorking on: Part /home/nous/.distrrtgen/178523.part,500000,md5,mixalpha-numeric-space,1,7,0,10000
Current chain speed: 56
Percent completed: 58%
[H[2JWorking on: Part /home/nous/.distrrtgen/178523.part,500000,md5,mixalpha-numeric-space,1,7,0,10000
Current chain speed: 57
Percent completed: 58%
[H[2JWorking on: Part /home/nous/.distrrtgen/178523.part,500000,md5,mixalpha-numeric-space,1,7,0,10000
Current chain speed: 57
Percent completed: 58%
[H[2JWorking on: Part /home/nous/.distrrtgen/178523.part,500000,md5,mixalpha-numeric-space,1,7,0,10000
Current chain speed: 57
Percent completed: 58%
[H[2JWorking on: Part /home/nous/.distrrtgen/178523.part,500000,md5,mixalpha-numeric-space,1,7,0,10000
Current chain speed: 57
Percent completed: 58%
[H[2JWorking on: Part /home/nous/.distrrtgen/178523.part,500000,md5,mixalpha-numeric-space,1,7,0,10000
Current chain speed: 57
Percent completed: 58%
[H[2JWorking on: Part /home/nous/.distrrtgen/178523.part,500000,md5,mixalpha-numeric-space,1,7,0,10000
Current chain speed: 57
Percent completed: 59%
[H[2JWorking on: Part /home/nous/.distrrtgen/178523.part,500000,md5,mixalpha-numeric-space,1,7,0,10000
Current chain speed: 57
Percent completed: 59%
[H[2JWorking on: Part /home/nous/.distrrtgen/178523.part,500000,md5,mixalpha-numeric-space,1,7,0,10000
Current chain speed: 57
Percent completed: 59%
[H[2JWorking on: Part /home/nous/.distrrtgen/178523.part,500000,md5,mixalpha-numeric-space,1,7,0,10000
Current chain speed: 57
Percent completed: 59%
[H[2JWorking on: Part /home/nous/.distrrtgen/178523.part,500000,md5,mixalpha-numeric-space,1,7,0,10000
Current chain speed: 57
Percent completed: 59%
[H[2JWorking on: Part /home/nous/.distrrtgen/178523.part,500000,md5,mixalpha-numeric-space,1,7,0,10000
Current chain speed: 56
Percent completed: 59%
[H[2JWorking on: Part /home/nous/.distrrtgen/178523.part,500000,md5,mixalpha-numeric-space,1,7,0,10000
Current chain speed: 57
Percent completed: 59%
[H[2JWorking on: Part /home/nous/.distrrtgen/178523.part,500000,md5,mixalpha-numeric-space,1,7,0,10000
Current chain speed: 57
Percent completed: 59%
[H[2JWorking on: Part /home/nous/.distrrtgen/178523.part,500000,md5,mixalpha-numeric-space,1,7,0,10000
Current chain speed: 57
Percent completed: 60%
[H[2JWorking on: Part /home/nous/.distrrtgen/178523.part,500000,md5,mixalpha-numeric-space,1,7,0,10000
Current chain speed: 57
Percent completed: 60%
[H[2JWorking on: Part /home/nous/.distrrtgen/178523.part,500000,md5,mixalpha-numeric-space,1,7,0,10000
Current chain speed: 57
Percent completed: 60%
[H[2JWorking on: Part /home/nous/.distrrtgen/178523.part,500000,md5,mixalpha-numeric-space,1,7,0,10000
Current chain speed: 57
Percent completed: 60%
[H[2JWorking on: Part /home/nous/.distrrtgen/178523.part,500000,md5,mixalpha-numeric-space,1,7,0,10000
Current chain speed: 57
Percent completed: 60%
[H[2JWorking on: Part /home/nous/.distrrtgen/178523.part,500000,md5,mixalpha-numeric-space,1,7,0,10000
Current chain speed: 57
Percent completed: 60%
[H[2JWorking on: Part /home/nous/.distrrtgen/178523.part,500000,md5,mixalpha-numeric-space,1,7,0,10000
Current chain speed: 57
Percent completed: 60%
[H[2JWorking on: Part /home/nous/.distrrtgen/178523.part,500000,md5,mixalpha-numeric-space,1,7,0,10000
Current chain speed: 57
Percent completed: 60%
[H[2JWorking on: Part /home/nous/.distrrtgen/178523.part,500000,md5,mixalpha-numeric-space,1,7,0,10000
Current chain speed: 53
Percent completed: 60%
[H[2JWorking on: Part /home/nous/.distrrtgen/178523.part,500000,md5,mixalpha-numeric-space,1,7,0,10000
Current chain speed: 57
Percent completed: 61%
[H[2JWorking on: Part /home/nous/.distrrtgen/178523.part,500000,md5,mixalpha-numeric-space,1,7,0,10000
Current chain speed: 57
Percent completed: 61%
[H[2JWorking on: Part /home/nous/.distrrtgen/178523.part,500000,md5,mixalpha-numeric-space,1,7,0,10000
Current chain speed: 57
Percent completed: 61%
[H[2JWorking on: Part /home/nous/.distrrtgen/178523.part,500000,md5,mixalpha-numeric-space,1,7,0,10000
Current chain speed: 57
Percent completed: 61%
[H[2JWorking on: Part /home/nous/.distrrtgen/178523.part,500000,md5,mixalpha-numeric-space,1,7,0,10000
Current chain speed: 57
Percent completed: 61%
[H[2JWorking on: Part /home/nous/.distrrtgen/178523.part,500000,md5,mixalpha-numeric-space,1,7,0,10000
Current chain speed: 57
Percent completed: 61%
[H[2JWorking on: Part /home/nous/.distrrtgen/178523.part,500000,md5,mixalpha-numeric-space,1,7,0,10000
Current chain speed: 57
Percent completed: 61%
[H[2JWorking on: Part /home/nous/.distrrtgen/178523.part,500000,md5,mixalpha-numeric-space,1,7,0,10000
Current chain speed: 57
Percent completed: 61%
[H[2JWorking on: Part /home/nous/.distrrtgen/178523.part,500000,md5,mixalpha-numeric-space,1,7,0,10000
Current chain speed: 57
Percent completed: 61%
[H[2JWorking on: Part /home/nous/.distrrtgen/178523.part,500000,md5,mixalpha-numeric-space,1,7,0,10000
Current chain speed: 57
Percent completed: 62%
[H[2JWorking on: Part /home/nous/.distrrtgen/178523.part,500000,md5,mixalpha-numeric-space,1,7,0,10000
Current chain speed: 56
Percent completed: 62%
[H[2JWorking on: Part /home/nous/.distrrtgen/178523.part,500000,md5,mixalpha-numeric-space,1,7,0,10000
Current chain speed: 57
Percent completed: 62%
[H[2JWorking on: Part /home/nous/.distrrtgen/178523.part,500000,md5,mixalpha-numeric-space,1,7,0,10000
Current chain speed: 57
Percent completed: 62%
[H[2JWorking on: Part /home/nous/.distrrtgen/178523.part,500000,md5,mixalpha-numeric-space,1,7,0,10000
Current chain speed: 57
Percent completed: 62%
[H[2JWorking on: Part /home/nous/.distrrtgen/178523.part,500000,md5,mixalpha-numeric-space,1,7,0,10000
Current chain speed: 57
Percent completed: 62%
[H[2JWorking on: Part /home/nous/.distrrtgen/178523.part,500000,md5,mixalpha-numeric-space,1,7,0,10000
Current chain speed: 57
Percent completed: 62%
[H[2JWorking on: Part /home/nous/.distrrtgen/178523.part,500000,md5,mixalpha-numeric-space,1,7,0,10000
Current chain speed: 57
Percent completed: 62%
[H[2JWorking on: Part /home/nous/.distrrtgen/178523.part,500000,md5,mixalpha-numeric-space,1,7,0,10000
Current chain speed: 57
Percent completed: 62%
[H[2JWorking on: Part /home/nous/.distrrtgen/178523.part,500000,md5,mixalpha-numeric-space,1,7,0,10000
Current chain speed: 57
Percent completed: 63%
[H[2JWorking on: Part /home/nous/.distrrtgen/178523.part,500000,md5,mixalpha-numeric-space,1,7,0,10000
Current chain speed: 57
Percent completed: 63%
[H[2JWorking on: Part /home/nous/.distrrtgen/178523.part,500000,md5,mixalpha-numeric-space,1,7,0,10000
Current chain speed: 57
Percent completed: 63%
[H[2JWorking on: Part /home/nous/.distrrtgen/178523.part,500000,md5,mixalpha-numeric-space,1,7,0,10000
Current chain speed: 56
Percent completed: 63%
[H[2JWorking on: Part /home/nous/.distrrtgen/178523.part,500000,md5,mixalpha-numeric-space,1,7,0,10000
Current chain speed: 57
Percent completed: 63%
[H[2JWorking on: Part /home/nous/.distrrtgen/178523.part,500000,md5,mixalpha-numeric-space,1,7,0,10000
Current chain speed: 57
Percent completed: 63%
[H[2JWorking on: Part /home/nous/.distrrtgen/178523.part,500000,md5,mixalpha-numeric-space,1,7,0,10000
Current chain speed: 57
Percent completed: 63%
[H[2JWorking on: Part /home/nous/.distrrtgen/178523.part,500000,md5,mixalpha-numeric-space,1,7,0,10000
Current chain speed: 57
Percent completed: 63%
[H[2JWorking on: Part /home/nous/.distrrtgen/178523.part,500000,md5,mixalpha-numeric-space,1,7,0,10000
Current chain speed: 57
Percent completed: 64%
[H[2JWorking on: Part /home/nous/.distrrtgen/178523.part,500000,md5,mixalpha-numeric-space,1,7,0,10000
Current chain speed: 57
Percent completed: 64%
[H[2JWorking on: Part /home/nous/.distrrtgen/178523.part,500000,md5,mixalpha-numeric-space,1,7,0,10000
Current chain speed: 57
Percent completed: 64%
[H[2JWorking on: Part /home/nous/.distrrtgen/178523.part,500000,md5,mixalpha-numeric-space,1,7,0,10000
Current chain speed: 57
Percent completed: 64%
[H[2JWorking on: Part /home/nous/.distrrtgen/178523.part,500000,md5,mixalpha-numeric-space,1,7,0,10000
Current chain speed: 57
Percent completed: 64%
[H[2JWorking on: Part /home/nous/.distrrtgen/178523.part,500000,md5,mixalpha-numeric-space,1,7,0,10000
Current chain speed: 57
Percent completed: 64%
[H[2JWorking on: Part /home/nous/.distrrtgen/178523.part,500000,md5,mixalpha-numeric-space,1,7,0,10000
Current chain speed: 56
Percent completed: 64%
[H[2JWorking on: Part /home/nous/.distrrtgen/178523.part,500000,md5,mixalpha-numeric-space,1,7,0,10000
Current chain speed: 57
Percent completed: 64%
[H[2JWorking on: Part /home/nous/.distrrtgen/178523.part,500000,md5,mixalpha-numeric-space,1,7,0,10000
Current chain speed: 57
Percent completed: 64%
[H[2JWorking on: Part /home/nous/.distrrtgen/178523.part,500000,md5,mixalpha-numeric-space,1,7,0,10000
Current chain speed: 57
Percent completed: 65%
[H[2JWorking on: Part /home/nous/.distrrtgen/178523.part,500000,md5,mixalpha-numeric-space,1,7,0,10000
Current chain speed: 57
Percent completed: 65%
[H[2JWorking on: Part /home/nous/.distrrtgen/178523.part,500000,md5,mixalpha-numeric-space,1,7,0,10000
Current chain speed: 57
Percent completed: 65%
[H[2JWorking on: Part /home/nous/.distrrtgen/178523.part,500000,md5,mixalpha-numeric-space,1,7,0,10000
Current chain speed: 57
Percent completed: 65%
[H[2JWorking on: Part /home/nous/.distrrtgen/178523.part,500000,md5,mixalpha-numeric-space,1,7,0,10000
Current chain speed: 57
Percent completed: 65%
[H[2JWorking on: Part /home/nous/.distrrtgen/178523.part,500000,md5,mixalpha-numeric-space,1,7,0,10000
Current chain speed: 57
Percent completed: 65%
[H[2JWorking on: Part /home/nous/.distrrtgen/178523.part,500000,md5,mixalpha-numeric-space,1,7,0,10000
Current chain speed: 57
Percent completed: 65%
[H[2JWorking on: Part /home/nous/.distrrtgen/178523.part,500000,md5,mixalpha-numeric-space,1,7,0,10000
Current chain speed: 56
Percent completed: 65%
[H[2JWorking on: Part /home/nous/.distrrtgen/178523.part,500000,md5,mixalpha-numeric-space,1,7,0,10000
Current chain speed: 57
Percent completed: 65%
[H[2JWorking on: Part /home/nous/.distrrtgen/178523.part,500000,md5,mixalpha-numeric-space,1,7,0,10000
Current chain speed: 57
Percent completed: 66%
[H[2JWorking on: Part /home/nous/.distrrtgen/178523.part,500000,md5,mixalpha-numeric-space,1,7,0,10000
Current chain speed: 57
Percent completed: 66%
[H[2JWorking on: Part /home/nous/.distrrtgen/178523.part,500000,md5,mixalpha-numeric-space,1,7,0,10000
Current chain speed: 57
Percent completed: 66%
[H[2JWorking on: Part /home/nous/.distrrtgen/178523.part,500000,md5,mixalpha-numeric-space,1,7,0,10000
Current chain speed: 57
Percent completed: 66%
[H[2JWorking on: Part /home/nous/.distrrtgen/178523.part,500000,md5,mixalpha-numeric-space,1,7,0,10000
Current chain speed: 57
Percent completed: 66%
[H[2JWorking on: Part /home/nous/.distrrtgen/178523.part,500000,md5,mixalpha-numeric-space,1,7,0,10000
Current chain speed: 57
Percent completed: 66%
[H[2JWorking on: Part /home/nous/.distrrtgen/178523.part,500000,md5,mixalpha-numeric-space,1,7,0,10000
Current chain speed: 57
Percent completed: 66%
[H[2JWorking on: Part /home/nous/.distrrtgen/178523.part,500000,md5,mixalpha-numeric-space,1,7,0,10000
Current chain speed: 57
Percent completed: 66%
[H[2JWorking on: Part /home/nous/.distrrtgen/178523.part,500000,md5,mixalpha-numeric-space,1,7,0,10000
Current chain speed: 57
Percent completed: 66%
[H[2JWorking on: Part /home/nous/.distrrtgen/178523.part,500000,md5,mixalpha-numeric-space,1,7,0,10000
Current chain speed: 56
Percent completed: 67%
[H[2JWorking on: Part /home/nous/.distrrtgen/178523.part,500000,md5,mixalpha-numeric-space,1,7,0,10000
Current chain speed: 57
Percent completed: 67%
[H[2JWorking on: Part /home/nous/.distrrtgen/178523.part,500000,md5,mixalpha-numeric-space,1,7,0,10000
Current chain speed: 57
Percent completed: 67%
[H[2JWorking on: Part /home/nous/.distrrtgen/178523.part,500000,md5,mixalpha-numeric-space,1,7,0,10000
Current chain speed: 57
Percent completed: 67%
[H[2JWorking on: Part /home/nous/.distrrtgen/178523.part,500000,md5,mixalpha-numeric-space,1,7,0,10000
Current chain speed: 57
Percent completed: 67%
[H[2JWorking on: Part /home/nous/.distrrtgen/178523.part,500000,md5,mixalpha-numeric-space,1,7,0,10000
Current chain speed: 57
Percent completed: 67%
[H[2JWorking on: Part /home/nous/.distrrtgen/178523.part,500000,md5,mixalpha-numeric-space,1,7,0,10000
Current chain speed: 57
Percent completed: 67%
[H[2JWorking on: Part /home/nous/.distrrtgen/178523.part,500000,md5,mixalpha-numeric-space,1,7,0,10000
Current chain speed: 57
Percent completed: 67%
[H[2JWorking on: Part /home/nous/.distrrtgen/178523.part,500000,md5,mixalpha-numeric-space,1,7,0,10000
Current chain speed: 57
Percent completed: 68%
[H[2JWorking on: Part /home/nous/.distrrtgen/178523.part,500000,md5,mixalpha-numeric-space,1,7,0,10000
Current chain speed: 57
Percent completed: 68%
[H[2JWorking on: Part /home/nous/.distrrtgen/178523.part,500000,md5,mixalpha-numeric-space,1,7,0,10000
Current chain speed: 57
Percent completed: 68%
[H[2JWorking on: Part /home/nous/.distrrtgen/178523.part,500000,md5,mixalpha-numeric-space,1,7,0,10000
Current chain speed: 56
Percent completed: 68%
[H[2JWorking on: Part /home/nous/.distrrtgen/178523.part,500000,md5,mixalpha-numeric-space,1,7,0,10000
Current chain speed: 57
Percent completed: 68%
[H[2JWorking on: Part /home/nous/.distrrtgen/178523.part,500000,md5,mixalpha-numeric-space,1,7,0,10000
Current chain speed: 57
Percent completed: 68%
[H[2JWorking on: Part /home/nous/.distrrtgen/178523.part,500000,md5,mixalpha-numeric-space,1,7,0,10000
Current chain speed: 57
Percent completed: 68%
[H[2JWorking on: Part /home/nous/.distrrtgen/178523.part,500000,md5,mixalpha-numeric-space,1,7,0,10000
Current chain speed: 57
Percent completed: 68%
[H[2JWorking on: Part /home/nous/.distrrtgen/178523.part,500000,md5,mixalpha-numeric-space,1,7,0,10000
Current chain speed: 57
Percent completed: 68%
[H[2JWorking on: Part /home/nous/.distrrtgen/178523.part,500000,md5,mixalpha-numeric-space,1,7,0,10000
Current chain speed: 56
Percent completed: 69%
[H[2JWorking on: Part /home/nous/.distrrtgen/178523.part,500000,md5,mixalpha-numeric-space,1,7,0,10000
Current chain speed: 57
Percent completed: 69%
[H[2JWorking on: Part /home/nous/.distrrtgen/178523.part,500000,md5,mixalpha-numeric-space,1,7,0,10000
Current chain speed: 57
Percent completed: 69%
[H[2JWorking on: Part /home/nous/.distrrtgen/178523.part,500000,md5,mixalpha-numeric-space,1,7,0,10000
Current chain speed: 57
Percent completed: 69%
[H[2JWorking on: Part /home/nous/.distrrtgen/178523.part,500000,md5,mixalpha-numeric-space,1,7,0,10000
Current chain speed: 57
Percent completed: 69%
[H[2JWorking on: Part /home/nous/.distrrtgen/178523.part,500000,md5,mixalpha-numeric-space,1,7,0,10000
Current chain speed: 56
Percent completed: 69%
[H[2JWorking on: Part /home/nous/.distrrtgen/178523.part,500000,md5,mixalpha-numeric-space,1,7,0,10000
Current chain speed: 57
Percent completed: 69%
[H[2JWorking on: Part /home/nous/.distrrtgen/178523.part,500000,md5,mixalpha-numeric-space,1,7,0,10000
Current chain speed: 57
Percent completed: 69%
[H[2JWorking on: Part /home/nous/.distrrtgen/178523.part,500000,md5,mixalpha-numeric-space,1,7,0,10000
Current chain speed: 57
Percent completed: 69%
[H[2JWorking on: Part /home/nous/.distrrtgen/178523.part,500000,md5,mixalpha-numeric-space,1,7,0,10000
Current chain speed: 57
Percent completed: 70%
[H[2JWorking on: Part /home/nous/.distrrtgen/178523.part,500000,md5,mixalpha-numeric-space,1,7,0,10000
Current chain speed: 57
Percent completed: 70%
[H[2JWorking on: Part /home/nous/.distrrtgen/178523.part,500000,md5,mixalpha-numeric-space,1,7,0,10000
Current chain speed: 57
Percent completed: 70%
[H[2JWorking on: Part /home/nous/.distrrtgen/178523.part,500000,md5,mixalpha-numeric-space,1,7,0,10000
Current chain speed: 57
Percent completed: 70%
[H[2JWorking on: Part /home/nous/.distrrtgen/178523.part,500000,md5,mixalpha-numeric-space,1,7,0,10000
Current chain speed: 57
Percent completed: 70%
[H[2JWorking on: Part /home/nous/.distrrtgen/178523.part,500000,md5,mixalpha-numeric-space,1,7,0,10000
Current chain speed: 57
Percent completed: 70%
[H[2JWorking on: Part /home/nous/.distrrtgen/178523.part,500000,md5,mixalpha-numeric-space,1,7,0,10000
Current chain speed: 57
Percent completed: 70%
[H[2JWorking on: Part /home/nous/.distrrtgen/178523.part,500000,md5,mixalpha-numeric-space,1,7,0,10000
Current chain speed: 56
Percent completed: 70%
[H[2JWorking on: Part /home/nous/.distrrtgen/178523.part,500000,md5,mixalpha-numeric-space,1,7,0,10000
Current chain speed: 57
Percent completed: 71%
[H[2JWorking on: Part /home/nous/.distrrtgen/178523.part,500000,md5,mixalpha-numeric-space,1,7,0,10000
Current chain speed: 57
Percent completed: 71%
[H[2JWorking on: Part /home/nous/.distrrtgen/178523.part,500000,md5,mixalpha-numeric-space,1,7,0,10000
Current chain speed: 57
Percent completed: 71%
[H[2JWorking on: Part /home/nous/.distrrtgen/178523.part,500000,md5,mixalpha-numeric-space,1,7,0,10000
Current chain speed: 57
Percent completed: 71%
[H[2JWorking on: Part /home/nous/.distrrtgen/178523.part,500000,md5,mixalpha-numeric-space,1,7,0,10000
Current chain speed: 57
Percent completed: 71%
[H[2JWorking on: Part /home/nous/.distrrtgen/178523.part,500000,md5,mixalpha-numeric-space,1,7,0,10000
Current chain speed: 57
Percent completed: 71%
[H[2JWorking on: Part /home/nous/.distrrtgen/178523.part,500000,md5,mixalpha-numeric-space,1,7,0,10000
Current chain speed: 57
Percent completed: 71%
[H[2JWorking on: Part /home/nous/.distrrtgen/178523.part,500000,md5,mixalpha-numeric-space,1,7,0,10000
Current chain speed: 57
Percent completed: 71%
[H[2JWorking on: Part /home/nous/.distrrtgen/178523.part,500000,md5,mixalpha-numeric-space,1,7,0,10000
Current chain speed: 57
Percent completed: 71%
[H[2JWorking on: Part /home/nous/.distrrtgen/178523.part,500000,md5,mixalpha-numeric-space,1,7,0,10000
Current chain speed: 57
Percent completed: 72%
[H[2JWorking on: Part /home/nous/.distrrtgen/178523.part,500000,md5,mixalpha-numeric-space,1,7,0,10000
Current chain speed: 56
Percent completed: 72%
[H[2JWorking on: Part /home/nous/.distrrtgen/178523.part,500000,md5,mixalpha-numeric-space,1,7,0,10000
Current chain speed: 57
Percent completed: 72%
[H[2JWorking on: Part /home/nous/.distrrtgen/178523.part,500000,md5,mixalpha-numeric-space,1,7,0,10000
Current chain speed: 57
Percent completed: 72%
[H[2JWorking on: Part /home/nous/.distrrtgen/178523.part,500000,md5,mixalpha-numeric-space,1,7,0,10000
Current chain speed: 57
Percent completed: 72%
[H[2JWorking on: Part /home/nous/.distrrtgen/178523.part,500000,md5,mixalpha-numeric-space,1,7,0,10000
Current chain speed: 57
Percent completed: 72%
[H[2JWorking on: Part /home/nous/.distrrtgen/178523.part,500000,md5,mixalpha-numeric-space,1,7,0,10000
Current chain speed: 57
Percent completed: 72%
[H[2JWorking on: Part /home/nous/.distrrtgen/178523.part,500000,md5,mixalpha-numeric-space,1,7,0,10000
Current chain speed: 57
Percent completed: 72%
[H[2JWorking on: Part /home/nous/.distrrtgen/178523.part,500000,md5,mixalpha-numeric-space,1,7,0,10000
Current chain speed: 57
Percent completed: 72%
[H[2JWorking on: Part /home/nous/.distrrtgen/178523.part,500000,md5,mixalpha-numeric-space,1,7,0,10000
Current chain speed: 57
Percent completed: 73%
[H[2JWorking on: Part /home/nous/.distrrtgen/178523.part,500000,md5,mixalpha-numeric-space,1,7,0,10000
Current chain speed: 57
Percent completed: 73%
[H[2JWorking on: Part /home/nous/.distrrtgen/178523.part,500000,md5,mixalpha-numeric-space,1,7,0,10000
Current chain speed: 57
Percent completed: 73%
[H[2JWorking on: Part /home/nous/.distrrtgen/178523.part,500000,md5,mixalpha-numeric-space,1,7,0,10000
Current chain speed: 56
Percent completed: 73%
[H[2JWorking on: Part /home/nous/.distrrtgen/178523.part,500000,md5,mixalpha-numeric-space,1,7,0,10000
Current chain speed: 57
Percent completed: 73%
[H[2JWorking on: Part /home/nous/.distrrtgen/178523.part,500000,md5,mixalpha-numeric-space,1,7,0,10000
Current chain speed: 57
Percent completed: 73%
[H[2JWorking on: Part /home/nous/.distrrtgen/178523.part,500000,md5,mixalpha-numeric-space,1,7,0,10000
Current chain speed: 57
Percent completed: 73%
[H[2JWorking on: Part /home/nous/.distrrtgen/178523.part,500000,md5,mixalpha-numeric-space,1,7,0,10000
Current chain speed: 57
Percent completed: 73%
[H[2JWorking on: Part /home/nous/.distrrtgen/178523.part,500000,md5,mixalpha-numeric-space,1,7,0,10000
Current chain speed: 57
Percent completed: 74%
[H[2JWorking on: Part /home/nous/.distrrtgen/178523.part,500000,md5,mixalpha-numeric-space,1,7,0,10000
Current chain speed: 57
Percent completed: 74%
[H[2JWorking on: Part /home/nous/.distrrtgen/178523.part,500000,md5,mixalpha-numeric-space,1,7,0,10000
Current chain speed: 57
Percent completed: 74%
[H[2JWorking on: Part /home/nous/.distrrtgen/178523.part,500000,md5,mixalpha-numeric-space,1,7,0,10000
Current chain speed: 57
Percent completed: 74%
[H[2JWorking on: Part /home/nous/.distrrtgen/178523.part,500000,md5,mixalpha-numeric-space,1,7,0,10000
Current chain speed: 57
Percent completed: 74%
[H[2JWorking on: Part /home/nous/.distrrtgen/178523.part,500000,md5,mixalpha-numeric-space,1,7,0,10000
Current chain speed: 57
Percent completed: 74%
[H[2JWorking on: Part /home/nous/.distrrtgen/178523.part,500000,md5,mixalpha-numeric-space,1,7,0,10000
Current chain speed: 56
Percent completed: 74%
[H[2JWorking on: Part /home/nous/.distrrtgen/178523.part,500000,md5,mixalpha-numeric-space,1,7,0,10000
Current chain speed: 57
Percent completed: 74%
[H[2JWorking on: Part /home/nous/.distrrtgen/178523.part,500000,md5,mixalpha-numeric-space,1,7,0,10000
Current chain speed: 57
Percent completed: 74%
[H[2JWorking on: Part /home/nous/.distrrtgen/178523.part,500000,md5,mixalpha-numeric-space,1,7,0,10000
Current chain speed: 57
Percent completed: 75%
[H[2JWorking on: Part /home/nous/.distrrtgen/178523.part,500000,md5,mixalpha-numeric-space,1,7,0,10000
Current chain speed: 57
Percent completed: 75%
[H[2JWorking on: Part /home/nous/.distrrtgen/178523.part,500000,md5,mixalpha-numeric-space,1,7,0,10000
Current chain speed: 57
Percent completed: 75%
[H[2JWorking on: Part /home/nous/.distrrtgen/178523.part,500000,md5,mixalpha-numeric-space,1,7,0,10000
Current chain speed: 57
Percent completed: 75%
[H[2JWorking on: Part /home/nous/.distrrtgen/178523.part,500000,md5,mixalpha-numeric-space,1,7,0,10000
Current chain speed: 57
Percent completed: 75%
[H[2JWorking on: Part /home/nous/.distrrtgen/178523.part,500000,md5,mixalpha-numeric-space,1,7,0,10000
Current chain speed: 57
Percent completed: 75%
[H[2JWorking on: Part /home/nous/.distrrtgen/178523.part,500000,md5,mixalpha-numeric-space,1,7,0,10000
Current chain speed: 57
Percent completed: 75%
[H[2JWorking on: Part /home/nous/.distrrtgen/178523.part,500000,md5,mixalpha-numeric-space,1,7,0,10000
Current chain speed: 57
Percent completed: 75%
[H[2JWorking on: Part /home/nous/.distrrtgen/178523.part,500000,md5,mixalpha-numeric-space,1,7,0,10000
Current chain speed: 56
Percent completed: 75%
[H[2JWorking on: Part /home/nous/.distrrtgen/178523.part,500000,md5,mixalpha-numeric-space,1,7,0,10000
Current chain speed: 57
Percent completed: 76%
[H[2JWorking on: Part /home/nous/.distrrtgen/178523.part,500000,md5,mixalpha-numeric-space,1,7,0,10000
Current chain speed: 57
Percent completed: 76%
[H[2JWorking on: Part /home/nous/.distrrtgen/178523.part,500000,md5,mixalpha-numeric-space,1,7,0,10000
Current chain speed: 57
Percent completed: 76%
[H[2JWorking on: Part /home/nous/.distrrtgen/178523.part,500000,md5,mixalpha-numeric-space,1,7,0,10000
Current chain speed: 57
Percent completed: 76%
[H[2JWorking on: Part /home/nous/.distrrtgen/178523.part,500000,md5,mixalpha-numeric-space,1,7,0,10000
Current chain speed: 57
Percent completed: 76%
[H[2JWorking on: Part /home/nous/.distrrtgen/178523.part,500000,md5,mixalpha-numeric-space,1,7,0,10000
Current chain speed: 57
Percent completed: 76%
[H[2JWorking on: Part /home/nous/.distrrtgen/178523.part,500000,md5,mixalpha-numeric-space,1,7,0,10000
Current chain speed: 57
Percent completed: 76%
[H[2JWorking on: Part /home/nous/.distrrtgen/178523.part,500000,md5,mixalpha-numeric-space,1,7,0,10000
Current chain speed: 57
Percent completed: 76%
[H[2JWorking on: Part /home/nous/.distrrtgen/178523.part,500000,md5,mixalpha-numeric-space,1,7,0,10000
Current chain speed: 57
Percent completed: 76%
[H[2JWorking on: Part /home/nous/.distrrtgen/178523.part,500000,md5,mixalpha-numeric-space,1,7,0,10000
Current chain speed: 57
Percent completed: 77%
[H[2JWorking on: Part /home/nous/.distrrtgen/178523.part,500000,md5,mixalpha-numeric-space,1,7,0,10000
Current chain speed: 56
Percent completed: 77%
[H[2JWorking on: Part /home/nous/.distrrtgen/178523.part,500000,md5,mixalpha-numeric-space,1,7,0,10000
Current chain speed: 57
Percent completed: 77%
[H[2JWorking on: Part /home/nous/.distrrtgen/178523.part,500000,md5,mixalpha-numeric-space,1,7,0,10000
Current chain speed: 57
Percent completed: 77%
[H[2JWorking on: Part /home/nous/.distrrtgen/178523.part,500000,md5,mixalpha-numeric-space,1,7,0,10000
Current chain speed: 57
Percent completed: 77%
[H[2JWorking on: Part /home/nous/.distrrtgen/178523.part,500000,md5,mixalpha-numeric-space,1,7,0,10000
Current chain speed: 57
Percent completed: 77%
[H[2JWorking on: Part /home/nous/.distrrtgen/178523.part,500000,md5,mixalpha-numeric-space,1,7,0,10000
Current chain speed: 57
Percent completed: 77%
[H[2JWorking on: Part /home/nous/.distrrtgen/178523.part,500000,md5,mixalpha-numeric-space,1,7,0,10000
Current chain speed: 57
Percent completed: 77%
[H[2JWorking on: Part /home/nous/.distrrtgen/178523.part,500000,md5,mixalpha-numeric-space,1,7,0,10000
Current chain speed: 57
Percent completed: 78%
[H[2JWorking on: Part /home/nous/.distrrtgen/178523.part,500000,md5,mixalpha-numeric-space,1,7,0,10000
Current chain speed: 57
Percent completed: 78%
[H[2JWorking on: Part /home/nous/.distrrtgen/178523.part,500000,md5,mixalpha-numeric-space,1,7,0,10000
Current chain speed: 57
Percent completed: 78%
[H[2JWorking on: Part /home/nous/.distrrtgen/178523.part,500000,md5,mixalpha-numeric-space,1,7,0,10000
Current chain speed: 57
Percent completed: 78%
[H[2JWorking on: Part /home/nous/.distrrtgen/178523.part,500000,md5,mixalpha-numeric-space,1,7,0,10000
Current chain speed: 56
Percent completed: 78%
[H[2JWorking on: Part /home/nous/.distrrtgen/178523.part,500000,md5,mixalpha-numeric-space,1,7,0,10000
Current chain speed: 57
Percent completed: 78%
[H[2JWorking on: Part /home/nous/.distrrtgen/178523.part,500000,md5,mixalpha-numeric-space,1,7,0,10000
Current chain speed: 57
Percent completed: 78%
[H[2JWorking on: Part /home/nous/.distrrtgen/178523.part,500000,md5,mixalpha-numeric-space,1,7,0,10000
Current chain speed: 57
Percent completed: 78%
[H[2JWorking on: Part /home/nous/.distrrtgen/178523.part,500000,md5,mixalpha-numeric-space,1,7,0,10000
Current chain speed: 57
Percent completed: 78%
[H[2JWorking on: Part /home/nous/.distrrtgen/178523.part,500000,md5,mixalpha-numeric-space,1,7,0,10000
Current chain speed: 57
Percent completed: 79%
[H[2JWorking on: Part /home/nous/.distrrtgen/178523.part,500000,md5,mixalpha-numeric-space,1,7,0,10000
Current chain speed: 57
Percent completed: 79%
[H[2JWorking on: Part /home/nous/.distrrtgen/178523.part,500000,md5,mixalpha-numeric-space,1,7,0,10000
Current chain speed: 57
Percent completed: 79%
[H[2JWorking on: Part /home/nous/.distrrtgen/178523.part,500000,md5,mixalpha-numeric-space,1,7,0,10000
Current chain speed: 57
Percent completed: 79%
[H[2JWorking on: Part /home/nous/.distrrtgen/178523.part,500000,md5,mixalpha-numeric-space,1,7,0,10000
Current chain speed: 57
Percent completed: 79%
[H[2JWorking on: Part /home/nous/.distrrtgen/178523.part,500000,md5,mixalpha-numeric-space,1,7,0,10000
Current chain speed: 56
Percent completed: 79%
[H[2JWorking on: Part /home/nous/.distrrtgen/178523.part,500000,md5,mixalpha-numeric-space,1,7,0,10000
Current chain speed: 57
Percent completed: 79%
[H[2JWorking on: Part /home/nous/.distrrtgen/178523.part,500000,md5,mixalpha-numeric-space,1,7,0,10000
Current chain speed: 57
Percent completed: 79%
[H[2JWorking on: Part /home/nous/.distrrtgen/178523.part,500000,md5,mixalpha-numeric-space,1,7,0,10000
Current chain speed: 57
Percent completed: 79%
[H[2JWorking on: Part /home/nous/.distrrtgen/178523.part,500000,md5,mixalpha-numeric-space,1,7,0,10000
Current chain speed: 57
Percent completed: 80%
[H[2JWorking on: Part /home/nous/.distrrtgen/178523.part,500000,md5,mixalpha-numeric-space,1,7,0,10000
Current chain speed: 57
Percent completed: 80%
[H[2JWorking on: Part /home/nous/.distrrtgen/178523.part,500000,md5,mixalpha-numeric-space,1,7,0,10000
Current chain speed: 57
Percent completed: 80%
[H[2JWorking on: Part /home/nous/.distrrtgen/178523.part,500000,md5,mixalpha-numeric-space,1,7,0,10000
Current chain speed: 57
Percent completed: 80%
[H[2JWorking on: Part /home/nous/.distrrtgen/178523.part,500000,md5,mixalpha-numeric-space,1,7,0,10000
Current chain speed: 57
Percent completed: 80%
[H[2JWorking on: Part /home/nous/.distrrtgen/178523.part,500000,md5,mixalpha-numeric-space,1,7,0,10000
Current chain speed: 57
Percent completed: 80%
[H[2JWorking on: Part /home/nous/.distrrtgen/178523.part,500000,md5,mixalpha-numeric-space,1,7,0,10000
Current chain speed: 57
Percent completed: 80%
[H[2JWorking on: Part /home/nous/.distrrtgen/178523.part,500000,md5,mixalpha-numeric-space,1,7,0,10000
Current chain speed: 56
Percent completed: 80%
[H[2JWorking on: Part /home/nous/.distrrtgen/178523.part,500000,md5,mixalpha-numeric-space,1,7,0,10000
Current chain speed: 57
Percent completed: 81%
[H[2JWorking on: Part /home/nous/.distrrtgen/178523.part,500000,md5,mixalpha-numeric-space,1,7,0,10000
Current chain speed: 57
Percent completed: 81%
[H[2JWorking on: Part /home/nous/.distrrtgen/178523.part,500000,md5,mixalpha-numeric-space,1,7,0,10000
Current chain speed: 57
Percent completed: 81%
[H[2JWorking on: Part /home/nous/.distrrtgen/178523.part,500000,md5,mixalpha-numeric-space,1,7,0,10000
Current chain speed: 57
Percent completed: 81%
[H[2JWorking on: Part /home/nous/.distrrtgen/178523.part,500000,md5,mixalpha-numeric-space,1,7,0,10000
Current chain speed: 57
Percent completed: 81%
[H[2JWorking on: Part /home/nous/.distrrtgen/178523.part,500000,md5,mixalpha-numeric-space,1,7,0,10000
Current chain speed: 57
Percent completed: 81%
[H[2JWorking on: Part /home/nous/.distrrtgen/178523.part,500000,md5,mixalpha-numeric-space,1,7,0,10000
Current chain speed: 57
Percent completed: 81%
[H[2JWorking on: Part /home/nous/.distrrtgen/178523.part,500000,md5,mixalpha-numeric-space,1,7,0,10000
Current chain speed: 57
Percent completed: 81%
[H[2JWorking on: Part /home/nous/.distrrtgen/178523.part,500000,md5,mixalpha-numeric-space,1,7,0,10000
Current chain speed: 57
Percent completed: 81%
[H[2JWorking on: Part /home/nous/.distrrtgen/178523.part,500000,md5,mixalpha-numeric-space,1,7,0,10000
Current chain speed: 57
Percent completed: 82%
[H[2JWorking on: Part /home/nous/.distrrtgen/178523.part,500000,md5,mixalpha-numeric-space,1,7,0,10000
Current chain speed: 56
Percent completed: 82%
[H[2JWorking on: Part /home/nous/.distrrtgen/178523.part,500000,md5,mixalpha-numeric-space,1,7,0,10000
Current chain speed: 57
Percent completed: 82%
[H[2JWorking on: Part /home/nous/.distrrtgen/178523.part,500000,md5,mixalpha-numeric-space,1,7,0,10000
Current chain speed: 57
Percent completed: 82%
[H[2JWorking on: Part /home/nous/.distrrtgen/178523.part,500000,md5,mixalpha-numeric-space,1,7,0,10000
Current chain speed: 57
Percent completed: 82%
[H[2JWorking on: Part /home/nous/.distrrtgen/178523.part,500000,md5,mixalpha-numeric-space,1,7,0,10000
Current chain speed: 57
Percent completed: 82%
[H[2JWorking on: Part /home/nous/.distrrtgen/178523.part,500000,md5,mixalpha-numeric-space,1,7,0,10000
Current chain speed: 57
Percent completed: 82%
[H[2JWorking on: Part /home/nous/.distrrtgen/178523.part,500000,md5,mixalpha-numeric-space,1,7,0,10000
Current chain speed: 57
Percent completed: 82%
[H[2JWorking on: Part /home/nous/.distrrtgen/178523.part,500000,md5,mixalpha-numeric-space,1,7,0,10000
Current chain speed: 57
Percent completed: 82%
[H[2JWorking on: Part /home/nous/.distrrtgen/178523.part,500000,md5,mixalpha-numeric-space,1,7,0,10000
Current chain speed: 57
Percent completed: 83%
[H[2JWorking on: Part /home/nous/.distrrtgen/178523.part,500000,md5,mixalpha-numeric-space,1,7,0,10000
Current chain speed: 57
Percent completed: 83%
[H[2JWorking on: Part /home/nous/.distrrtgen/178523.part,500000,md5,mixalpha-numeric-space,1,7,0,10000
Current chain speed: 57
Percent completed: 83%
[H[2JWorking on: Part /home/nous/.distrrtgen/178523.part,500000,md5,mixalpha-numeric-space,1,7,0,10000
Current chain speed: 55
Percent completed: 83%
[H[2JWorking on: Part /home/nous/.distrrtgen/178523.part,500000,md5,mixalpha-numeric-space,1,7,0,10000
Current chain speed: 57
Percent completed: 83%
[H[2JWorking on: Part /home/nous/.distrrtgen/178523.part,500000,md5,mixalpha-numeric-space,1,7,0,10000
Current chain speed: 57
Percent completed: 83%
[H[2JWorking on: Part /home/nous/.distrrtgen/178523.part,500000,md5,mixalpha-numeric-space,1,7,0,10000
Current chain speed: 57
Percent completed: 83%
[H[2JWorking on: Part /home/nous/.distrrtgen/178523.part,500000,md5,mixalpha-numeric-space,1,7,0,10000
Current chain speed: 57
Percent completed: 83%
[H[2JWorking on: Part /home/nous/.distrrtgen/178523.part,500000,md5,mixalpha-numeric-space,1,7,0,10000
Current chain speed: 57
Percent completed: 84%
[H[2JWorking on: Part /home/nous/.distrrtgen/178523.part,500000,md5,mixalpha-numeric-space,1,7,0,10000
Current chain speed: 57
Percent completed: 84%
[H[2JWorking on: Part /home/nous/.distrrtgen/178523.part,500000,md5,mixalpha-numeric-space,1,7,0,10000
Current chain speed: 57
Percent completed: 84%
[H[2JWorking on: Part /home/nous/.distrrtgen/178523.part,500000,md5,mixalpha-numeric-space,1,7,0,10000
Current chain speed: 57
Percent completed: 84%
[H[2JWorking on: Part /home/nous/.distrrtgen/178523.part,500000,md5,mixalpha-numeric-space,1,7,0,10000
Current chain speed: 57
Percent completed: 84%
[H[2JWorking on: Part /home/nous/.distrrtgen/178523.part,500000,md5,mixalpha-numeric-space,1,7,0,10000
Current chain speed: 57
Percent completed: 84%
[H[2JWorking on: Part /home/nous/.distrrtgen/178523.part,500000,md5,mixalpha-numeric-space,1,7,0,10000
Current chain speed: 56
Percent completed: 84%
[H[2JWorking on: Part /home/nous/.distrrtgen/178523.part,500000,md5,mixalpha-numeric-space,1,7,0,10000
Current chain speed: 57
Percent completed: 84%
[H[2JWorking on: Part /home/nous/.distrrtgen/178523.part,500000,md5,mixalpha-numeric-space,1,7,0,10000
Current chain speed: 57
Percent completed: 84%
[H[2JWorking on: Part /home/nous/.distrrtgen/178523.part,500000,md5,mixalpha-numeric-space,1,7,0,10000
Current chain speed: 57
Percent completed: 85%
[H[2JWorking on: Part /home/nous/.distrrtgen/178523.part,500000,md5,mixalpha-numeric-space,1,7,0,10000
Current chain speed: 57
Percent completed: 85%
[H[2JWorking on: Part /home/nous/.distrrtgen/178523.part,500000,md5,mixalpha-numeric-space,1,7,0,10000
Current chain speed: 57
Percent completed: 85%
[H[2JWorking on: Part /home/nous/.distrrtgen/178523.part,500000,md5,mixalpha-numeric-space,1,7,0,10000
Current chain speed: 57
Percent completed: 85%
[H[2JWorking on: Part /home/nous/.distrrtgen/178523.part,500000,md5,mixalpha-numeric-space,1,7,0,10000
Current chain speed: 57
Percent completed: 85%
[H[2JWorking on: Part /home/nous/.distrrtgen/178523.part,500000,md5,mixalpha-numeric-space,1,7,0,10000
Current chain speed: 57
Percent completed: 85%
[H[2JWorking on: Part /home/nous/.distrrtgen/178523.part,500000,md5,mixalpha-numeric-space,1,7,0,10000
Current chain speed: 57
Percent completed: 85%
[H[2JWorking on: Part /home/nous/.distrrtgen/178523.part,500000,md5,mixalpha-numeric-space,1,7,0,10000
Current chain speed: 57
Percent completed: 85%
[H[2JWorking on: Part /home/nous/.distrrtgen/178523.part,500000,md5,mixalpha-numeric-space,1,7,0,10000
Current chain speed: 56
Percent completed: 85%
[H[2JWorking on: Part /home/nous/.distrrtgen/178523.part,500000,md5,mixalpha-numeric-space,1,7,0,10000
Current chain speed: 57
Percent completed: 86%
[H[2JWorking on: Part /home/nous/.distrrtgen/178523.part,500000,md5,mixalpha-numeric-space,1,7,0,10000
Current chain speed: 57
Percent completed: 86%
[H[2JWorking on: Part /home/nous/.distrrtgen/178523.part,500000,md5,mixalpha-numeric-space,1,7,0,10000
Current chain speed: 57
Percent completed: 86%
[H[2JWorking on: Part /home/nous/.distrrtgen/178523.part,500000,md5,mixalpha-numeric-space,1,7,0,10000
Current chain speed: 57
Percent completed: 86%
[H[2JWorking on: Part /home/nous/.distrrtgen/178523.part,500000,md5,mixalpha-numeric-space,1,7,0,10000
Current chain speed: 57
Percent completed: 86%
[H[2JWorking on: Part /home/nous/.distrrtgen/178523.part,500000,md5,mixalpha-numeric-space,1,7,0,10000
Current chain speed: 57
Percent completed: 86%
[H[2JWorking on: Part /home/nous/.distrrtgen/178523.part,500000,md5,mixalpha-numeric-space,1,7,0,10000
Current chain speed: 57
Percent completed: 86%
[H[2JWorking on: Part /home/nous/.distrrtgen/178523.part,500000,md5,mixalpha-numeric-space,1,7,0,10000
Current chain speed: 57
Percent completed: 86%
[H[2JWorking on: Part /home/nous/.distrrtgen/178523.part,500000,md5,mixalpha-numeric-space,1,7,0,10000
Current chain speed: 57
Percent completed: 86%
[H[2JWorking on: Part /home/nous/.distrrtgen/178523.part,500000,md5,mixalpha-numeric-space,1,7,0,10000
Current chain speed: 57
Percent completed: 87%
[H[2JWorking on: Part /home/nous/.distrrtgen/178523.part,500000,md5,mixalpha-numeric-space,1,7,0,10000
Current chain speed: 54
Percent completed: 87%
[H[2JWorking on: Part /home/nous/.distrrtgen/178523.part,500000,md5,mixalpha-numeric-space,1,7,0,10000
Current chain speed: 57
Percent completed: 87%
[H[2JWorking on: Part /home/nous/.distrrtgen/178523.part,500000,md5,mixalpha-numeric-space,1,7,0,10000
Current chain speed: 57
Percent completed: 87%
[H[2JWorking on: Part /home/nous/.distrrtgen/178523.part,500000,md5,mixalpha-numeric-space,1,7,0,10000
Current chain speed: 57
Percent completed: 87%
[H[2JWorking on: Part /home/nous/.distrrtgen/178523.part,500000,md5,mixalpha-numeric-space,1,7,0,10000
Current chain speed: 57
Percent completed: 87%
[H[2JWorking on: Part /home/nous/.distrrtgen/178523.part,500000,md5,mixalpha-numeric-space,1,7,0,10000
Current chain speed: 57
Percent completed: 87%
[H[2JWorking on: Part /home/nous/.distrrtgen/178523.part,500000,md5,mixalpha-numeric-space,1,7,0,10000
Current chain speed: 57
Percent completed: 87%
[H[2JWorking on: Part /home/nous/.distrrtgen/178523.part,500000,md5,mixalpha-numeric-space,1,7,0,10000
Current chain speed: 57
Percent completed: 88%
[H[2JWorking on: Part /home/nous/.distrrtgen/178523.part,500000,md5,mixalpha-numeric-space,1,7,0,10000
Current chain speed: 57
Percent completed: 88%
[H[2JWorking on: Part /home/nous/.distrrtgen/178523.part,500000,md5,mixalpha-numeric-space,1,7,0,10000
Current chain speed: 57
Percent completed: 88%
[H[2JWorking on: Part /home/nous/.distrrtgen/178523.part,500000,md5,mixalpha-numeric-space,1,7,0,10000
Current chain speed: 57
Percent completed: 88%
[H[2JWorking on: Part /home/nous/.distrrtgen/178523.part,500000,md5,mixalpha-numeric-space,1,7,0,10000
Current chain speed: 56
Percent completed: 88%
[H[2JWorking on: Part /home/nous/.distrrtgen/178523.part,500000,md5,mixalpha-numeric-space,1,7,0,10000
Current chain speed: 57
Percent completed: 88%
[H[2JWorking on: Part /home/nous/.distrrtgen/178523.part,500000,md5,mixalpha-numeric-space,1,7,0,10000
Current chain speed: 57
Percent completed: 88%
[H[2JWorking on: Part /home/nous/.distrrtgen/178523.part,500000,md5,mixalpha-numeric-space,1,7,0,10000
Current chain speed: 57
Percent completed: 88%
[H[2JWorking on: Part /home/nous/.distrrtgen/178523.part,500000,md5,mixalpha-numeric-space,1,7,0,10000
Current chain speed: 57
Percent completed: 88%
[H[2JWorking on: Part /home/nous/.distrrtgen/178523.part,500000,md5,mixalpha-numeric-space,1,7,0,10000
Current chain speed: 57
Percent completed: 89%
[H[2JWorking on: Part /home/nous/.distrrtgen/178523.part,500000,md5,mixalpha-numeric-space,1,7,0,10000
Current chain speed: 57
Percent completed: 89%
[H[2JWorking on: Part /home/nous/.distrrtgen/178523.part,500000,md5,mixalpha-numeric-space,1,7,0,10000
Current chain speed: 57
Percent completed: 89%
[H[2JWorking on: Part /home/nous/.distrrtgen/178523.part,500000,md5,mixalpha-numeric-space,1,7,0,10000
Current chain speed: 57
Percent completed: 89%
[H[2JWorking on: Part /home/nous/.distrrtgen/178523.part,500000,md5,mixalpha-numeric-space,1,7,0,10000
Current chain speed: 57
Percent completed: 89%
[H[2JWorking on: Part /home/nous/.distrrtgen/178523.part,500000,md5,mixalpha-numeric-space,1,7,0,10000
Current chain speed: 57
Percent completed: 89%
[H[2JWorking on: Part /home/nous/.distrrtgen/178523.part,500000,md5,mixalpha-numeric-space,1,7,0,10000
Current chain speed: 56
Percent completed: 89%
[H[2JWorking on: Part /home/nous/.distrrtgen/178523.part,500000,md5,mixalpha-numeric-space,1,7,0,10000
Current chain speed: 57
Percent completed: 89%
[H[2JWorking on: Part /home/nous/.distrrtgen/178523.part,500000,md5,mixalpha-numeric-space,1,7,0,10000
Current chain speed: 57
Percent completed: 89%
[H[2JWorking on: Part /home/nous/.distrrtgen/178523.part,500000,md5,mixalpha-numeric-space,1,7,0,10000
Current chain speed: 57
Percent completed: 90%
[H[2JWorking on: Part /home/nous/.distrrtgen/178523.part,500000,md5,mixalpha-numeric-space,1,7,0,10000
Current chain speed: 57
Percent completed: 90%
[H[2JWorking on: Part /home/nous/.distrrtgen/178523.part,500000,md5,mixalpha-numeric-space,1,7,0,10000
Current chain speed: 57
Percent completed: 90%
[H[2JWorking on: Part /home/nous/.distrrtgen/178523.part,500000,md5,mixalpha-numeric-space,1,7,0,10000
Current chain speed: 57
Percent completed: 90%
[H[2JWorking on: Part /home/nous/.distrrtgen/178523.part,500000,md5,mixalpha-numeric-space,1,7,0,10000
Current chain speed: 57
Percent completed: 90%
[H[2JWorking on: Part /home/nous/.distrrtgen/178523.part,500000,md5,mixalpha-numeric-space,1,7,0,10000
Current chain speed: 57
Percent completed: 90%
[H[2JWorking on: Part /home/nous/.distrrtgen/178523.part,500000,md5,mixalpha-numeric-space,1,7,0,10000
Current chain speed: 57
Percent completed: 90%
[H[2JWorking on: Part /home/nous/.distrrtgen/178523.part,500000,md5,mixalpha-numeric-space,1,7,0,10000
Current chain speed: 57
Percent completed: 90%
[H[2JWorking on: Part /home/nous/.distrrtgen/178523.part,500000,md5,mixalpha-numeric-space,1,7,0,10000
Current chain speed: 56
Percent completed: 91%
[H[2JWorking on: Part /home/nous/.distrrtgen/178523.part,500000,md5,mixalpha-numeric-space,1,7,0,10000
Current chain speed: 57
Percent completed: 91%
[H[2JWorking on: Part /home/nous/.distrrtgen/178523.part,500000,md5,mixalpha-numeric-space,1,7,0,10000
Current chain speed: 57
Percent completed: 91%
[H[2JWorking on: Part /home/nous/.distrrtgen/178523.part,500000,md5,mixalpha-numeric-space,1,7,0,10000
Current chain speed: 57
Percent completed: 91%
[H[2JWorking on: Part /home/nous/.distrrtgen/178523.part,500000,md5,mixalpha-numeric-space,1,7,0,10000
Current chain speed: 57
Percent completed: 91%
[H[2JWorking on: Part /home/nous/.distrrtgen/178523.part,500000,md5,mixalpha-numeric-space,1,7,0,10000
Current chain speed: 57
Percent completed: 91%
[H[2JWorking on: Part /home/nous/.distrrtgen/178523.part,500000,md5,mixalpha-numeric-space,1,7,0,10000
Current chain speed: 57
Percent completed: 91%
[H[2JWorking on: Part /home/nous/.distrrtgen/178523.part,500000,md5,mixalpha-numeric-space,1,7,0,10000
Current chain speed: 57
Percent completed: 91%
[H[2JWorking on: Part /home/nous/.distrrtgen/178523.part,500000,md5,mixalpha-numeric-space,1,7,0,10000
Current chain speed: 57
Percent completed: 91%
[H[2JWorking on: Part /home/nous/.distrrtgen/178523.part,500000,md5,mixalpha-numeric-space,1,7,0,10000
Current chain speed: 57
Percent completed: 92%
[H[2JWorking on: Part /home/nous/.distrrtgen/178523.part,500000,md5,mixalpha-numeric-space,1,7,0,10000
Current chain speed: 57
Percent completed: 92%
[H[2JWorking on: Part /home/nous/.distrrtgen/178523.part,500000,md5,mixalpha-numeric-space,1,7,0,10000
Current chain speed: 56
Percent completed: 92%
[H[2JWorking on: Part /home/nous/.distrrtgen/178523.part,500000,md5,mixalpha-numeric-space,1,7,0,10000
Current chain speed: 57
Percent completed: 92%
[H[2JWorking on: Part /home/nous/.distrrtgen/178523.part,500000,md5,mixalpha-numeric-space,1,7,0,10000
Current chain speed: 57
Percent completed: 92%
[H[2JWorking on: Part /home/nous/.distrrtgen/178523.part,500000,md5,mixalpha-numeric-space,1,7,0,10000
Current chain speed: 57
Percent completed: 92%
[H[2JWorking on: Part /home/nous/.distrrtgen/178523.part,500000,md5,mixalpha-numeric-space,1,7,0,10000
Current chain speed: 57
Percent completed: 92%
[H[2JWorking on: Part /home/nous/.distrrtgen/178523.part,500000,md5,mixalpha-numeric-space,1,7,0,10000
Current chain speed: 57
Percent completed: 92%
[H[2JWorking on: Part /home/nous/.distrrtgen/178523.part,500000,md5,mixalpha-numeric-space,1,7,0,10000
Current chain speed: 57
Percent completed: 92%
[H[2JWorking on: Part /home/nous/.distrrtgen/178523.part,500000,md5,mixalpha-numeric-space,1,7,0,10000
Current chain speed: 57
Percent completed: 93%
[H[2JWorking on: Part /home/nous/.distrrtgen/178523.part,500000,md5,mixalpha-numeric-space,1,7,0,10000
Current chain speed: 57
Percent completed: 93%
[H[2JWorking on: Part /home/nous/.distrrtgen/178523.part,500000,md5,mixalpha-numeric-space,1,7,0,10000
Current chain speed: 57
Percent completed: 93%
[H[2JWorking on: Part /home/nous/.distrrtgen/178523.part,500000,md5,mixalpha-numeric-space,1,7,0,10000
Current chain speed: 56
Percent completed: 93%
[H[2JWorking on: Part /home/nous/.distrrtgen/178523.part,500000,md5,mixalpha-numeric-space,1,7,0,10000
Current chain speed: 57
Percent completed: 93%
[H[2JWorking on: Part /home/nous/.distrrtgen/178523.part,500000,md5,mixalpha-numeric-space,1,7,0,10000
Current chain speed: 57
Percent completed: 93%
[H[2JWorking on: Part /home/nous/.distrrtgen/178523.part,500000,md5,mixalpha-numeric-space,1,7,0,10000
Current chain speed: 57
Percent completed: 93%
[H[2JWorking on: Part /home/nous/.distrrtgen/178523.part,500000,md5,mixalpha-numeric-space,1,7,0,10000
Current chain speed: 57
Percent completed: 93%
[H[2JWorking on: Part /home/nous/.distrrtgen/178523.part,500000,md5,mixalpha-numeric-space,1,7,0,10000
Current chain speed: 57
Percent completed: 94%
[H[2JWorking on: Part /home/nous/.distrrtgen/178523.part,500000,md5,mixalpha-numeric-space,1,7,0,10000
Current chain speed: 57
Percent completed: 94%
[H[2JWorking on: Part /home/nous/.distrrtgen/178523.part,500000,md5,mixalpha-numeric-space,1,7,0,10000
Current chain speed: 57
Percent completed: 94%
[H[2JWorking on: Part /home/nous/.distrrtgen/178523.part,500000,md5,mixalpha-numeric-space,1,7,0,10000
Current chain speed: 57
Percent completed: 94%
[H[2JWorking on: Part /home/nous/.distrrtgen/178523.part,500000,md5,mixalpha-numeric-space,1,7,0,10000
Current chain speed: 57
Percent completed: 94%
[H[2JWorking on: Part /home/nous/.distrrtgen/178523.part,500000,md5,mixalpha-numeric-space,1,7,0,10000
Current chain speed: 57
Percent completed: 94%
[H[2JWorking on: Part /home/nous/.distrrtgen/178523.part,500000,md5,mixalpha-numeric-space,1,7,0,10000
Current chain speed: 56
Percent completed: 94%
[H[2JWorking on: Part /home/nous/.distrrtgen/178523.part,500000,md5,mixalpha-numeric-space,1,7,0,10000
Current chain speed: 57
Percent completed: 94%
[H[2JWorking on: Part /home/nous/.distrrtgen/178523.part,500000,md5,mixalpha-numeric-space,1,7,0,10000
Current chain speed: 57
Percent completed: 94%
[H[2JWorking on: Part /home/nous/.distrrtgen/178523.part,500000,md5,mixalpha-numeric-space,1,7,0,10000
Current chain speed: 57
Percent completed: 95%
[H[2JWorking on: Part /home/nous/.distrrtgen/178523.part,500000,md5,mixalpha-numeric-space,1,7,0,10000
Current chain speed: 57
Percent completed: 95%
[H[2JWorking on: Part /home/nous/.distrrtgen/178523.part,500000,md5,mixalpha-numeric-space,1,7,0,10000
Current chain speed: 57
Percent completed: 95%
[H[2JWorking on: Part /home/nous/.distrrtgen/178523.part,500000,md5,mixalpha-numeric-space,1,7,0,10000
Current chain speed: 57
Percent completed: 95%
[H[2JWorking on: Part /home/nous/.distrrtgen/178523.part,500000,md5,mixalpha-numeric-space,1,7,0,10000
Current chain speed: 57
Percent completed: 95%
[H[2JWorking on: Part /home/nous/.distrrtgen/178523.part,500000,md5,mixalpha-numeric-space,1,7,0,10000
Current chain speed: 57
Percent completed: 95%
[H[2JWorking on: Part /home/nous/.distrrtgen/178523.part,500000,md5,mixalpha-numeric-space,1,7,0,10000
Current chain speed: 57
Percent completed: 95%
[H[2JWorking on: Part /home/nous/.distrrtgen/178523.part,500000,md5,mixalpha-numeric-space,1,7,0,10000
Current chain speed: 57
Percent completed: 95%
[H[2JWorking on: Part /home/nous/.distrrtgen/178523.part,500000,md5,mixalpha-numeric-space,1,7,0,10000
Current chain speed: 56
Percent completed: 95%
[H[2JWorking on: Part /home/nous/.distrrtgen/178523.part,500000,md5,mixalpha-numeric-space,1,7,0,10000
Current chain speed: 57
Percent completed: 96%
[H[2JWorking on: Part /home/nous/.distrrtgen/178523.part,500000,md5,mixalpha-numeric-space,1,7,0,10000
Current chain speed: 57
Percent completed: 96%
[H[2JWorking on: Part /home/nous/.distrrtgen/178523.part,500000,md5,mixalpha-numeric-space,1,7,0,10000
Current chain speed: 57
Percent completed: 96%
[H[2JWorking on: Part /home/nous/.distrrtgen/178523.part,500000,md5,mixalpha-numeric-space,1,7,0,10000
Current chain speed: 57
Percent completed: 96%
[H[2JWorking on: Part /home/nous/.distrrtgen/178523.part,500000,md5,mixalpha-numeric-space,1,7,0,10000
Current chain speed: 57
Percent completed: 96%
[H[2JWorking on: Part /home/nous/.distrrtgen/178523.part,500000,md5,mixalpha-numeric-space,1,7,0,10000
Current chain speed: 57
Percent completed: 96%
[H[2JWorking on: Part /home/nous/.distrrtgen/178523.part,500000,md5,mixalpha-numeric-space,1,7,0,10000
Current chain speed: 57
Percent completed: 96%
[H[2JWorking on: Part /home/nous/.distrrtgen/178523.part,500000,md5,mixalpha-numeric-space,1,7,0,10000
Current chain speed: 57
Percent completed: 96%
[H[2JWorking on: Part /home/nous/.distrrtgen/178523.part,500000,md5,mixalpha-numeric-space,1,7,0,10000
Current chain speed: 57
Percent completed: 96%
[H[2JWorking on: Part /home/nous/.distrrtgen/178523.part,500000,md5,mixalpha-numeric-space,1,7,0,10000
Current chain speed: 57
Percent completed: 97%
[H[2JWorking on: Part /home/nous/.distrrtgen/178523.part,500000,md5,mixalpha-numeric-space,1,7,0,10000
Current chain speed: 56
Percent completed: 97%
[H[2JWorking on: Part /home/nous/.distrrtgen/178523.part,500000,md5,mixalpha-numeric-space,1,7,0,10000
Current chain speed: 57
Percent completed: 97%
[H[2JWorking on: Part /home/nous/.distrrtgen/178523.part,500000,md5,mixalpha-numeric-space,1,7,0,10000
Current chain speed: 57
Percent completed: 97%
[H[2JWorking on: Part /home/nous/.distrrtgen/178523.part,500000,md5,mixalpha-numeric-space,1,7,0,10000
Current chain speed: 57
Percent completed: 97%
[H[2JWorking on: Part /home/nous/.distrrtgen/178523.part,500000,md5,mixalpha-numeric-space,1,7,0,10000
Current chain speed: 57
Percent completed: 97%
[H[2JWorking on: Part /home/nous/.distrrtgen/178523.part,500000,md5,mixalpha-numeric-space,1,7,0,10000
Current chain speed: 57
Percent completed: 97%
[H[2JWorking on: Part /home/nous/.distrrtgen/178523.part,500000,md5,mixalpha-numeric-space,1,7,0,10000
Current chain speed: 57
Percent completed: 97%
[H[2JWorking on: Part /home/nous/.distrrtgen/178523.part,500000,md5,mixalpha-numeric-space,1,7,0,10000
Current chain speed: 57
Percent completed: 98%
[H[2JWorking on: Part /home/nous/.distrrtgen/178523.part,500000,md5,mixalpha-numeric-space,1,7,0,10000
Current chain speed: 57
Percent completed: 98%
[H[2JWorking on: Part /home/nous/.distrrtgen/178523.part,500000,md5,mixalpha-numeric-space,1,7,0,10000
Current chain speed: 57
Percent completed: 98%
[H[2JWorking on: Part /home/nous/.distrrtgen/178523.part,500000,md5,mixalpha-numeric-space,1,7,0,10000
Current chain speed: 57
Percent completed: 98%
[H[2JWorking on: Part /home/nous/.distrrtgen/178523.part,500000,md5,mixalpha-numeric-space,1,7,0,10000
Current chain speed: 56
Percent completed: 98%
[H[2JWorking on: Part /home/nous/.distrrtgen/178523.part,500000,md5,mixalpha-numeric-space,1,7,0,10000
Current chain speed: 57
Percent completed: 98%
[H[2JWorking on: Part /home/nous/.distrrtgen/178523.part,500000,md5,mixalpha-numeric-space,1,7,0,10000
Current chain speed: 57
Percent completed: 98%
[H[2JWorking on: Part /home/nous/.distrrtgen/178523.part,500000,md5,mixalpha-numeric-space,1,7,0,10000
Current chain speed: 57
Percent completed: 98%
[H[2JWorking on: Part /home/nous/.distrrtgen/178523.part,500000,md5,mixalpha-numeric-space,1,7,0,10000
Current chain speed: 57
Percent completed: 98%
[H[2JWorking on: Part /home/nous/.distrrtgen/178523.part,500000,md5,mixalpha-numeric-space,1,7,0,10000
Current chain speed: 57
Percent completed: 99%
[H[2JWorking on: Part /home/nous/.distrrtgen/178523.part,500000,md5,mixalpha-numeric-space,1,7,0,10000
Current chain speed: 57
Percent completed: 99%
[H[2JWorking on: Part /home/nous/.distrrtgen/178523.part,500000,md5,mixalpha-numeric-space,1,7,0,10000
Current chain speed: 57
Percent completed: 99%
[H[2JWorking on: Part /home/nous/.distrrtgen/178523.part,500000,md5,mixalpha-numeric-space,1,7,0,10000
Current chain speed: 57
Percent completed: 99%
[H[2JWorking on: Part /home/nous/.distrrtgen/178523.part,500000,md5,mixalpha-numeric-space,1,7,0,10000
Current chain speed: 57
Percent completed: 99%
[H[2JWorking on: Part /home/nous/.distrrtgen/178523.part,500000,md5,mixalpha-numeric-space,1,7,0,10000
Current chain speed: 57
Percent completed: 99%
[H[2JWorking on: Part /home/nous/.distrrtgen/178523.part,500000,md5,mixalpha-numeric-space,1,7,0,10000
Current chain speed: 56
Percent completed: 99%
[H[2JWorking on: Part /home/nous/.distrrtgen/178523.part,500000,md5,mixalpha-numeric-space,1,7,0,10000
Current chain speed: 57
Percent completed: 99%
[H[2JWorking on: Part /home/nous/.distrrtgen/178523.part,500000,md5,mixalpha-numeric-space,1,7,0,10000
Current chain speed: 57
Percent completed: 1e+02%
[H[2JWorking on: Part /home/nous/.distrrtgen/178523.part,500000,md5,mixalpha-numeric-space,1,7,0,10000
Current chain speed: 57
Percent completed: 1e+02%
[H[2JWorking on: Part /home/nous/.distrrtgen/178523.part,500000,md5,mixalpha-numeric-space,1,7,0,10000
Current chain speed: 57
Percent completed: 1e+02%
[H[2JWorking on: Part /home/nous/.distrrtgen/178523.part,500000,md5,mixalpha-numeric-space,1,7,0,10000
Current chain speed: 57
Percent completed: 1e+02%
[H[2JWorking on: Part /home/nous/.distrrtgen/178523.part,500000,md5,mixalpha-numeric-space,1,7,0,10000
Current chain speed: 57
Percent completed: 1e+02%
Calculations of part 178523 completed. Sending data...
Uploading part : 178523.part
Data delivered!
Connecting to server...OK
Performing logon...OK
Requesting work... 
 
Received PartID n° : 178810
Loading WorkUnit Details
work received !
Starting multithreaded rainbowtable generator...
[H[2Jhash routine: md5
hash length: 16
plain charset: abcdefghijklmnopqrstuvwxyzABCDEFGHIJKLMNOPQRSTUVWXYZ0123456789 
plain charset in hex: 61 62 63 64 65 66 67 68 69 6a 6b 6c 6d 6e 6f 70 71 72 73 74 75 76 77 78 79 7a 41 42 43 44 45 46 47 48 49 4a 4b 4c 4d 4e 4f 50 51 52 53 54 55 56 57 58 59 5a 30 31 32 33 34 35 36 37 38 39 20 
plain length range: 1 - 7
plain charset name: mixalpha-numeric-space
plain space total: 4002512584959
rainbow table index: 0
reduce offset: 0

Working on: Part /home/nous/.distrrtgen/178810.part,500000,md5,mixalpha-numeric-space,1,7,0,10000
Current chain speed: 56
Percent completed: 0.1%
[H[2JWorking on: Part /home/nous/.distrrtgen/178810.part,500000,md5,mixalpha-numeric-space,1,7,0,10000
Current chain speed: 56
Percent completed: 0.22%
[H[2JWorking on: Part /home/nous/.distrrtgen/178810.part,500000,md5,mixalpha-numeric-space,1,7,0,10000
Current chain speed: 57
Percent completed: 0.34%
[H[2JWorking on: Part /home/nous/.distrrtgen/178810.part,500000,md5,mixalpha-numeric-space,1,7,0,10000
Current chain speed: 57
Percent completed: 0.44%
[H[2JWorking on: Part /home/nous/.distrrtgen/178810.part,500000,md5,mixalpha-numeric-space,1,7,0,10000
Current chain speed: 57
Percent completed: 0.56%
[H[2JWorking on: Part /home/nous/.distrrtgen/178810.part,500000,md5,mixalpha-numeric-space,1,7,0,10000
Current chain speed: 57
Percent completed: 0.68%
[H[2JWorking on: Part /home/nous/.distrrtgen/178810.part,500000,md5,mixalpha-numeric-space,1,7,0,10000
Current chain speed: 57
Percent completed: 0.8%
[H[2JWorking on: Part /home/nous/.distrrtgen/178810.part,500000,md5,mixalpha-numeric-space,1,7,0,10000
Current chain speed: 57
Percent completed: 0.9%
[H[2JWorking on: Part /home/nous/.distrrtgen/178810.part,500000,md5,mixalpha-numeric-space,1,7,0,10000
Current chain speed: 57
Percent completed: 1%
[H[2JWorking on: Part /home/nous/.distrrtgen/178810.part,500000,md5,mixalpha-numeric-space,1,7,0,10000
Current chain speed: 57
Percent completed: 1.1%
[H[2JWorking on: Part /home/nous/.distrrtgen/178810.part,500000,md5,mixalpha-numeric-space,1,7,0,10000
Current chain speed: 57
Percent completed: 1.3%
[H[2JWorking on: Part /home/nous/.distrrtgen/178810.part,500000,md5,mixalpha-numeric-space,1,7,0,10000
Current chain speed: 58
Percent completed: 1.4%
[H[2JWorking on: Part /home/nous/.distrrtgen/178810.part,500000,md5,mixalpha-numeric-space,1,7,0,10000
Current chain speed: 56
Percent completed: 1.5%
[H[2JWorking on: Part /home/nous/.distrrtgen/178810.part,500000,md5,mixalpha-numeric-space,1,7,0,10000
Current chain speed: 57
Percent completed: 1.6%
[H[2JWorking on: Part /home/nous/.distrrtgen/178810.part,500000,md5,mixalpha-numeric-space,1,7,0,10000
Current chain speed: 57
Percent completed: 1.7%
[H[2JWorking on: Part /home/nous/.distrrtgen/178810.part,500000,md5,mixalpha-numeric-space,1,7,0,10000
Current chain speed: 57
Percent completed: 1.8%
[H[2JWorking on: Part /home/nous/.distrrtgen/178810.part,500000,md5,mixalpha-numeric-space,1,7,0,10000
Current chain speed: 57
Percent completed: 1.9%
[H[2JWorking on: Part /home/nous/.distrrtgen/178810.part,500000,md5,mixalpha-numeric-space,1,7,0,10000
Current chain speed: 57
Percent completed: 2.1%
[H[2JWorking on: Part /home/nous/.distrrtgen/178810.part,500000,md5,mixalpha-numeric-space,1,7,0,10000
Current chain speed: 57
Percent completed: 2.2%
[H[2JWorking on: Part /home/nous/.distrrtgen/178810.part,500000,md5,mixalpha-numeric-space,1,7,0,10000
Current chain speed: 57
Percent completed: 2.3%
[H[2JWorking on: Part /home/nous/.distrrtgen/178810.part,500000,md5,mixalpha-numeric-space,1,7,0,10000
Current chain speed: 57
Percent completed: 2.4%
[H[2JWorking on: Part /home/nous/.distrrtgen/178810.part,500000,md5,mixalpha-numeric-space,1,7,0,10000
Current chain speed: 57
Percent completed: 2.5%
[H[2JWorking on: Part /home/nous/.distrrtgen/178810.part,500000,md5,mixalpha-numeric-space,1,7,0,10000
Current chain speed: 57
Percent completed: 2.6%
[H[2JWorking on: Part /home/nous/.distrrtgen/178810.part,500000,md5,mixalpha-numeric-space,1,7,0,10000
Current chain speed: 56
Percent completed: 2.7%
[H[2JWorking on: Part /home/nous/.distrrtgen/178810.part,500000,md5,mixalpha-numeric-space,1,7,0,10000
Current chain speed: 57
Percent completed: 2.9%
[H[2JWorking on: Part /home/nous/.distrrtgen/178810.part,500000,md5,mixalpha-numeric-space,1,7,0,10000
Current chain speed: 57
Percent completed: 3%
[H[2JWorking on: Part /home/nous/.distrrtgen/178810.part,500000,md5,mixalpha-numeric-space,1,7,0,10000
Current chain speed: 57
Percent completed: 3.1%
[H[2JWorking on: Part /home/nous/.distrrtgen/178810.part,500000,md5,mixalpha-numeric-space,1,7,0,10000
Current chain speed: 57
Percent completed: 3.2%
[H[2JWorking on: Part /home/nous/.distrrtgen/178810.part,500000,md5,mixalpha-numeric-space,1,7,0,10000
Current chain speed: 57
Percent completed: 3.3%
[H[2JWorking on: Part /home/nous/.distrrtgen/178810.part,500000,md5,mixalpha-numeric-space,1,7,0,10000
Current chain speed: 57
Percent completed: 3.4%
[H[2JWorking on: Part /home/nous/.distrrtgen/178810.part,500000,md5,mixalpha-numeric-space,1,7,0,10000
Current chain speed: 57
Percent completed: 3.6%
[H[2JWorking on: Part /home/nous/.distrrtgen/178810.part,500000,md5,mixalpha-numeric-space,1,7,0,10000
Current chain speed: 57
Percent completed: 3.7%
[H[2JWorking on: Part /home/nous/.distrrtgen/178810.part,500000,md5,mixalpha-numeric-space,1,7,0,10000
Current chain speed: 57
Percent completed: 3.8%
[H[2JWorking on: Part /home/nous/.distrrtgen/178810.part,500000,md5,mixalpha-numeric-space,1,7,0,10000
Current chain speed: 57
Percent completed: 3.9%
[H[2JWorking on: Part /home/nous/.distrrtgen/178810.part,500000,md5,mixalpha-numeric-space,1,7,0,10000
Current chain speed: 56
Percent completed: 4%
[H[2JWorking on: Part /home/nous/.distrrtgen/178810.part,500000,md5,mixalpha-numeric-space,1,7,0,10000
Current chain speed: 57
Percent completed: 4.1%
[H[2JWorking on: Part /home/nous/.distrrtgen/178810.part,500000,md5,mixalpha-numeric-space,1,7,0,10000
Current chain speed: 57
Percent completed: 4.2%
[H[2JWorking on: Part /home/nous/.distrrtgen/178810.part,500000,md5,mixalpha-numeric-space,1,7,0,10000
Current chain speed: 57
Percent completed: 4.4%
[H[2JWorking on: Part /home/nous/.distrrtgen/178810.part,500000,md5,mixalpha-numeric-space,1,7,0,10000
Current chain speed: 57
Percent completed: 4.5%
[H[2JWorking on: Part /home/nous/.distrrtgen/178810.part,500000,md5,mixalpha-numeric-space,1,7,0,10000
Current chain speed: 57
Percent completed: 4.6%
[H[2JWorking on: Part /home/nous/.distrrtgen/178810.part,500000,md5,mixalpha-numeric-space,1,7,0,10000
Current chain speed: 57
Percent completed: 4.7%
[H[2JWorking on: Part /home/nous/.distrrtgen/178810.part,500000,md5,mixalpha-numeric-space,1,7,0,10000
Current chain speed: 57
Percent completed: 4.8%
[H[2JWorking on: Part /home/nous/.distrrtgen/178810.part,500000,md5,mixalpha-numeric-space,1,7,0,10000
Current chain speed: 57
Percent completed: 4.9%
[H[2JWorking on: Part /home/nous/.distrrtgen/178810.part,500000,md5,mixalpha-numeric-space,1,7,0,10000
Current chain speed: 57
Percent completed: 5.1%
[H[2JWorking on: Part /home/nous/.distrrtgen/178810.part,500000,md5,mixalpha-numeric-space,1,7,0,10000
Current chain speed: 57
Percent completed: 5.2%
[H[2JWorking on: Part /home/nous/.distrrtgen/178810.part,500000,md5,mixalpha-numeric-space,1,7,0,10000
Current chain speed: 56
Percent completed: 5.3%
[H[2JWorking on: Part /home/nous/.distrrtgen/178810.part,500000,md5,mixalpha-numeric-space,1,7,0,10000
Current chain speed: 57
Percent completed: 5.4%
[H[2JWorking on: Part /home/nous/.distrrtgen/178810.part,500000,md5,mixalpha-numeric-space,1,7,0,10000
Current chain speed: 57
Percent completed: 5.5%
[H[2JWorking on: Part /home/nous/.distrrtgen/178810.part,500000,md5,mixalpha-numeric-space,1,7,0,10000
Current chain speed: 57
Percent completed: 5.6%
[H[2JWorking on: Part /home/nous/.distrrtgen/178810.part,500000,md5,mixalpha-numeric-space,1,7,0,10000
Current chain speed: 57
Percent completed: 5.7%
[H[2JWorking on: Part /home/nous/.distrrtgen/178810.part,500000,md5,mixalpha-numeric-space,1,7,0,10000
Current chain speed: 57
Percent completed: 5.9%
[H[2JWorking on: Part /home/nous/.distrrtgen/178810.part,500000,md5,mixalpha-numeric-space,1,7,0,10000
Current chain speed: 57
Percent completed: 6%
[H[2JWorking on: Part /home/nous/.distrrtgen/178810.part,500000,md5,mixalpha-numeric-space,1,7,0,10000
Current chain speed: 57
Percent completed: 6.1%
[H[2JWorking on: Part /home/nous/.distrrtgen/178810.part,500000,md5,mixalpha-numeric-space,1,7,0,10000
Current chain speed: 57
Percent completed: 6.2%
[H[2JWorking on: Part /home/nous/.distrrtgen/178810.part,500000,md5,mixalpha-numeric-space,1,7,0,10000
Current chain speed: 57
Percent completed: 6.3%
[H[2JWorking on: Part /home/nous/.distrrtgen/178810.part,500000,md5,mixalpha-numeric-space,1,7,0,10000
Current chain speed: 57
Percent completed: 6.4%
[H[2JWorking on: Part /home/nous/.distrrtgen/178810.part,500000,md5,mixalpha-numeric-space,1,7,0,10000
Current chain speed: 56
Percent completed: 6.5%
[H[2JWorking on: Part /home/nous/.distrrtgen/178810.part,500000,md5,mixalpha-numeric-space,1,7,0,10000
Current chain speed: 57
Percent completed: 6.7%
[H[2JWorking on: Part /home/nous/.distrrtgen/178810.part,500000,md5,mixalpha-numeric-space,1,7,0,10000
Current chain speed: 57
Percent completed: 6.8%
[H[2JWorking on: Part /home/nous/.distrrtgen/178810.part,500000,md5,mixalpha-numeric-space,1,7,0,10000
Current chain speed: 57
Percent completed: 6.9%
[H[2JWorking on: Part /home/nous/.distrrtgen/178810.part,500000,md5,mixalpha-numeric-space,1,7,0,10000
Current chain speed: 57
Percent completed: 7%
[H[2JWorking on: Part /home/nous/.distrrtgen/178810.part,500000,md5,mixalpha-numeric-space,1,7,0,10000
Current chain speed: 57
Percent completed: 7.1%
[H[2JWorking on: Part /home/nous/.distrrtgen/178810.part,500000,md5,mixalpha-numeric-space,1,7,0,10000
Current chain speed: 57
Percent completed: 7.2%
[H[2JWorking on: Part /home/nous/.distrrtgen/178810.part,500000,md5,mixalpha-numeric-space,1,7,0,10000
Current chain speed: 57
Percent completed: 7.4%
[H[2JWorking on: Part /home/nous/.distrrtgen/178810.part,500000,md5,mixalpha-numeric-space,1,7,0,10000
Current chain speed: 57
Percent completed: 7.5%
[H[2JWorking on: Part /home/nous/.distrrtgen/178810.part,500000,md5,mixalpha-numeric-space,1,7,0,10000
Current chain speed: 57
Percent completed: 7.6%
[H[2JWorking on: Part /home/nous/.distrrtgen/178810.part,500000,md5,mixalpha-numeric-space,1,7,0,10000
Current chain speed: 57
Percent completed: 7.7%
[H[2JWorking on: Part /home/nous/.distrrtgen/178810.part,500000,md5,mixalpha-numeric-space,1,7,0,10000
Current chain speed: 56
Percent completed: 7.8%
[H[2JWorking on: Part /home/nous/.distrrtgen/178810.part,500000,md5,mixalpha-numeric-space,1,7,0,10000
Current chain speed: 57
Percent completed: 7.9%
[H[2JWorking on: Part /home/nous/.distrrtgen/178810.part,500000,md5,mixalpha-numeric-space,1,7,0,10000
Current chain speed: 57
Percent completed: 8%
[H[2JWorking on: Part /home/nous/.distrrtgen/178810.part,500000,md5,mixalpha-numeric-space,1,7,0,10000
Current chain speed: 57
Percent completed: 8.2%
[H[2JWorking on: Part /home/nous/.distrrtgen/178810.part,500000,md5,mixalpha-numeric-space,1,7,0,10000
Current chain speed: 57
Percent completed: 8.3%
[H[2JWorking on: Part /home/nous/.distrrtgen/178810.part,500000,md5,mixalpha-numeric-space,1,7,0,10000
Current chain speed: 57
Percent completed: 8.4%
[H[2JWorking on: Part /home/nous/.distrrtgen/178810.part,500000,md5,mixalpha-numeric-space,1,7,0,10000
Current chain speed: 57
Percent completed: 8.5%
[H[2JWorking on: Part /home/nous/.distrrtgen/178810.part,500000,md5,mixalpha-numeric-space,1,7,0,10000
Current chain speed: 57
Percent completed: 8.6%
[H[2JWorking on: Part /home/nous/.distrrtgen/178810.part,500000,md5,mixalpha-numeric-space,1,7,0,10000
Current chain speed: 57
Percent completed: 8.7%
[H[2JWorking on: Part /home/nous/.distrrtgen/178810.part,500000,md5,mixalpha-numeric-space,1,7,0,10000
Current chain speed: 57
Percent completed: 8.8%
[H[2JWorking on: Part /home/nous/.distrrtgen/178810.part,500000,md5,mixalpha-numeric-space,1,7,0,10000
Current chain speed: 57
Percent completed: 9%
[H[2JWorking on: Part /home/nous/.distrrtgen/178810.part,500000,md5,mixalpha-numeric-space,1,7,0,10000
Current chain speed: 56
Percent completed: 9.1%
[H[2JWorking on: Part /home/nous/.distrrtgen/178810.part,500000,md5,mixalpha-numeric-space,1,7,0,10000
Current chain speed: 57
Percent completed: 9.2%
[H[2JWorking on: Part /home/nous/.distrrtgen/178810.part,500000,md5,mixalpha-numeric-space,1,7,0,10000
Current chain speed: 57
Percent completed: 9.3%
[H[2JWorking on: Part /home/nous/.distrrtgen/178810.part,500000,md5,mixalpha-numeric-space,1,7,0,10000
Current chain speed: 57
Percent completed: 9.4%
[H[2JWorking on: Part /home/nous/.distrrtgen/178810.part,500000,md5,mixalpha-numeric-space,1,7,0,10000
Current chain speed: 57
Percent completed: 9.5%
[H[2JWorking on: Part /home/nous/.distrrtgen/178810.part,500000,md5,mixalpha-numeric-space,1,7,0,10000
Current chain speed: 57
Percent completed: 9.7%
[H[2JWorking on: Part /home/nous/.distrrtgen/178810.part,500000,md5,mixalpha-numeric-space,1,7,0,10000
Current chain speed: 57
Percent completed: 9.8%
[H[2JWorking on: Part /home/nous/.distrrtgen/178810.part,500000,md5,mixalpha-numeric-space,1,7,0,10000
Current chain speed: 57
Percent completed: 9.9%
[H[2JWorking on: Part /home/nous/.distrrtgen/178810.part,500000,md5,mixalpha-numeric-space,1,7,0,10000
Current chain speed: 57
Percent completed: 10%
[H[2JWorking on: Part /home/nous/.distrrtgen/178810.part,500000,md5,mixalpha-numeric-space,1,7,0,10000
Current chain speed: 57
Percent completed: 10%
[H[2JWorking on: Part /home/nous/.distrrtgen/178810.part,500000,md5,mixalpha-numeric-space,1,7,0,10000
Current chain speed: 57
Percent completed: 10%
[H[2JWorking on: Part /home/nous/.distrrtgen/178810.part,500000,md5,mixalpha-numeric-space,1,7,0,10000
Current chain speed: 56
Percent completed: 10%
[H[2JWorking on: Part /home/nous/.distrrtgen/178810.part,500000,md5,mixalpha-numeric-space,1,7,0,10000
Current chain speed: 57
Percent completed: 10%
[H[2JWorking on: Part /home/nous/.distrrtgen/178810.part,500000,md5,mixalpha-numeric-space,1,7,0,10000
Current chain speed: 57
Percent completed: 11%
[H[2JWorking on: Part /home/nous/.distrrtgen/178810.part,500000,md5,mixalpha-numeric-space,1,7,0,10000
Current chain speed: 57
Percent completed: 11%
[H[2JWorking on: Part /home/nous/.distrrtgen/178810.part,500000,md5,mixalpha-numeric-space,1,7,0,10000
Current chain speed: 57
Percent completed: 11%
[H[2JWorking on: Part /home/nous/.distrrtgen/178810.part,500000,md5,mixalpha-numeric-space,1,7,0,10000
Current chain speed: 57
Percent completed: 11%
[H[2JWorking on: Part /home/nous/.distrrtgen/178810.part,500000,md5,mixalpha-numeric-space,1,7,0,10000
Current chain speed: 57
Percent completed: 11%
[H[2JWorking on: Part /home/nous/.distrrtgen/178810.part,500000,md5,mixalpha-numeric-space,1,7,0,10000
Current chain speed: 57
Percent completed: 11%
[H[2JWorking on: Part /home/nous/.distrrtgen/178810.part,500000,md5,mixalpha-numeric-space,1,7,0,10000
Current chain speed: 57
Percent completed: 11%
[H[2JWorking on: Part /home/nous/.distrrtgen/178810.part,500000,md5,mixalpha-numeric-space,1,7,0,10000
Current chain speed: 57
Percent completed: 11%
[H[2JWorking on: Part /home/nous/.distrrtgen/178810.part,500000,md5,mixalpha-numeric-space,1,7,0,10000
Current chain speed: 57
Percent completed: 12%
[H[2JWorking on: Part /home/nous/.distrrtgen/178810.part,500000,md5,mixalpha-numeric-space,1,7,0,10000
Current chain speed: 56
Percent completed: 12%
[H[2JWorking on: Part /home/nous/.distrrtgen/178810.part,500000,md5,mixalpha-numeric-space,1,7,0,10000
Current chain speed: 57
Percent completed: 12%
[H[2JWorking on: Part /home/nous/.distrrtgen/178810.part,500000,md5,mixalpha-numeric-space,1,7,0,10000
Current chain speed: 57
Percent completed: 12%
[H[2JWorking on: Part /home/nous/.distrrtgen/178810.part,500000,md5,mixalpha-numeric-space,1,7,0,10000
Current chain speed: 57
Percent completed: 12%
[H[2JWorking on: Part /home/nous/.distrrtgen/178810.part,500000,md5,mixalpha-numeric-space,1,7,0,10000
Current chain speed: 57
Percent completed: 12%
[H[2JWorking on: Part /home/nous/.distrrtgen/178810.part,500000,md5,mixalpha-numeric-space,1,7,0,10000
Current chain speed: 57
Percent completed: 12%
[H[2JWorking on: Part /home/nous/.distrrtgen/178810.part,500000,md5,mixalpha-numeric-space,1,7,0,10000
Current chain speed: 57
Percent completed: 12%
[H[2JWorking on: Part /home/nous/.distrrtgen/178810.part,500000,md5,mixalpha-numeric-space,1,7,0,10000
Current chain speed: 57
Percent completed: 12%
[H[2JWorking on: Part /home/nous/.distrrtgen/178810.part,500000,md5,mixalpha-numeric-space,1,7,0,10000
Current chain speed: 57
Percent completed: 13%
[H[2JWorking on: Part /home/nous/.distrrtgen/178810.part,500000,md5,mixalpha-numeric-space,1,7,0,10000
Current chain speed: 57
Percent completed: 13%
[H[2JWorking on: Part /home/nous/.distrrtgen/178810.part,500000,md5,mixalpha-numeric-space,1,7,0,10000
Current chain speed: 57
Percent completed: 13%
[H[2JWorking on: Part /home/nous/.distrrtgen/178810.part,500000,md5,mixalpha-numeric-space,1,7,0,10000
Current chain speed: 53
Percent completed: 13%
[H[2JWorking on: Part /home/nous/.distrrtgen/178810.part,500000,md5,mixalpha-numeric-space,1,7,0,10000
Current chain speed: 57
Percent completed: 13%
[H[2JWorking on: Part /home/nous/.distrrtgen/178810.part,500000,md5,mixalpha-numeric-space,1,7,0,10000
Current chain speed: 57
Percent completed: 13%
[H[2JWorking on: Part /home/nous/.distrrtgen/178810.part,500000,md5,mixalpha-numeric-space,1,7,0,10000
Current chain speed: 57
Percent completed: 13%
[H[2JWorking on: Part /home/nous/.distrrtgen/178810.part,500000,md5,mixalpha-numeric-space,1,7,0,10000
Current chain speed: 57
Percent completed: 13%
[H[2JWorking on: Part /home/nous/.distrrtgen/178810.part,500000,md5,mixalpha-numeric-space,1,7,0,10000
Current chain speed: 57
Percent completed: 13%
[H[2JWorking on: Part /home/nous/.distrrtgen/178810.part,500000,md5,mixalpha-numeric-space,1,7,0,10000
Current chain speed: 57
Percent completed: 14%
[H[2JWorking on: Part /home/nous/.distrrtgen/178810.part,500000,md5,mixalpha-numeric-space,1,7,0,10000
Current chain speed: 57
Percent completed: 14%
[H[2JWorking on: Part /home/nous/.distrrtgen/178810.part,500000,md5,mixalpha-numeric-space,1,7,0,10000
Current chain speed: 57
Percent completed: 14%
[H[2JWorking on: Part /home/nous/.distrrtgen/178810.part,500000,md5,mixalpha-numeric-space,1,7,0,10000
Current chain speed: 57
Percent completed: 14%
[H[2JWorking on: Part /home/nous/.distrrtgen/178810.part,500000,md5,mixalpha-numeric-space,1,7,0,10000
Current chain speed: 56
Percent completed: 14%
[H[2JWorking on: Part /home/nous/.distrrtgen/178810.part,500000,md5,mixalpha-numeric-space,1,7,0,10000
Current chain speed: 57
Percent completed: 14%
[H[2JWorking on: Part /home/nous/.distrrtgen/178810.part,500000,md5,mixalpha-numeric-space,1,7,0,10000
Current chain speed: 57
Percent completed: 14%
[H[2JWorking on: Part /home/nous/.distrrtgen/178810.part,500000,md5,mixalpha-numeric-space,1,7,0,10000
Current chain speed: 57
Percent completed: 14%
[H[2JWorking on: Part /home/nous/.distrrtgen/178810.part,500000,md5,mixalpha-numeric-space,1,7,0,10000
Current chain speed: 57
Percent completed: 14%
[H[2JWorking on: Part /home/nous/.distrrtgen/178810.part,500000,md5,mixalpha-numeric-space,1,7,0,10000
Current chain speed: 57
Percent completed: 15%
[H[2JWorking on: Part /home/nous/.distrrtgen/178810.part,500000,md5,mixalpha-numeric-space,1,7,0,10000
Current chain speed: 57
Percent completed: 15%
[H[2JWorking on: Part /home/nous/.distrrtgen/178810.part,500000,md5,mixalpha-numeric-space,1,7,0,10000
Current chain speed: 57
Percent completed: 15%
[H[2JWorking on: Part /home/nous/.distrrtgen/178810.part,500000,md5,mixalpha-numeric-space,1,7,0,10000
Current chain speed: 57
Percent completed: 15%
[H[2JWorking on: Part /home/nous/.distrrtgen/178810.part,500000,md5,mixalpha-numeric-space,1,7,0,10000
Current chain speed: 57
Percent completed: 15%
[H[2JWorking on: Part /home/nous/.distrrtgen/178810.part,500000,md5,mixalpha-numeric-space,1,7,0,10000
Current chain speed: 57
Percent completed: 15%
[H[2JWorking on: Part /home/nous/.distrrtgen/178810.part,500000,md5,mixalpha-numeric-space,1,7,0,10000
Current chain speed: 56
Percent completed: 15%
[H[2JWorking on: Part /home/nous/.distrrtgen/178810.part,500000,md5,mixalpha-numeric-space,1,7,0,10000
Current chain speed: 57
Percent completed: 15%
[H[2JWorking on: Part /home/nous/.distrrtgen/178810.part,500000,md5,mixalpha-numeric-space,1,7,0,10000
Current chain speed: 57
Percent completed: 16%
[H[2JWorking on: Part /home/nous/.distrrtgen/178810.part,500000,md5,mixalpha-numeric-space,1,7,0,10000
Current chain speed: 57
Percent completed: 16%
[H[2JWorking on: Part /home/nous/.distrrtgen/178810.part,500000,md5,mixalpha-numeric-space,1,7,0,10000
Current chain speed: 57
Percent completed: 16%
[H[2JWorking on: Part /home/nous/.distrrtgen/178810.part,500000,md5,mixalpha-numeric-space,1,7,0,10000
Current chain speed: 57
Percent completed: 16%
[H[2JWorking on: Part /home/nous/.distrrtgen/178810.part,500000,md5,mixalpha-numeric-space,1,7,0,10000
Current chain speed: 57
Percent completed: 16%
[H[2JWorking on: Part /home/nous/.distrrtgen/178810.part,500000,md5,mixalpha-numeric-space,1,7,0,10000
Current chain speed: 57
Percent completed: 16%
[H[2JWorking on: Part /home/nous/.distrrtgen/178810.part,500000,md5,mixalpha-numeric-space,1,7,0,10000
Current chain speed: 57
Percent completed: 16%
[H[2JWorking on: Part /home/nous/.distrrtgen/178810.part,500000,md5,mixalpha-numeric-space,1,7,0,10000
Current chain speed: 57
Percent completed: 16%
[H[2JWorking on: Part /home/nous/.distrrtgen/178810.part,500000,md5,mixalpha-numeric-space,1,7,0,10000
Current chain speed: 57
Percent completed: 16%
[H[2JWorking on: Part /home/nous/.distrrtgen/178810.part,500000,md5,mixalpha-numeric-space,1,7,0,10000
Current chain speed: 56
Percent completed: 17%
[H[2JWorking on: Part /home/nous/.distrrtgen/178810.part,500000,md5,mixalpha-numeric-space,1,7,0,10000
Current chain speed: 57
Percent completed: 17%
[H[2JWorking on: Part /home/nous/.distrrtgen/178810.part,500000,md5,mixalpha-numeric-space,1,7,0,10000
Current chain speed: 57
Percent completed: 17%
[H[2JWorking on: Part /home/nous/.distrrtgen/178810.part,500000,md5,mixalpha-numeric-space,1,7,0,10000
Current chain speed: 57
Percent completed: 17%
[H[2JWorking on: Part /home/nous/.distrrtgen/178810.part,500000,md5,mixalpha-numeric-space,1,7,0,10000
Current chain speed: 57
Percent completed: 17%
[H[2JWorking on: Part /home/nous/.distrrtgen/178810.part,500000,md5,mixalpha-numeric-space,1,7,0,10000
Current chain speed: 57
Percent completed: 17%
[H[2JWorking on: Part /home/nous/.distrrtgen/178810.part,500000,md5,mixalpha-numeric-space,1,7,0,10000
Current chain speed: 57
Percent completed: 17%
[H[2JWorking on: Part /home/nous/.distrrtgen/178810.part,500000,md5,mixalpha-numeric-space,1,7,0,10000
Current chain speed: 57
Percent completed: 17%
[H[2JWorking on: Part /home/nous/.distrrtgen/178810.part,500000,md5,mixalpha-numeric-space,1,7,0,10000
Current chain speed: 57
Percent completed: 17%
[H[2JWorking on: Part /home/nous/.distrrtgen/178810.part,500000,md5,mixalpha-numeric-space,1,7,0,10000
Current chain speed: 57
Percent completed: 18%
[H[2JWorking on: Part /home/nous/.distrrtgen/178810.part,500000,md5,mixalpha-numeric-space,1,7,0,10000
Current chain speed: 57
Percent completed: 18%
[H[2JWorking on: Part /home/nous/.distrrtgen/178810.part,500000,md5,mixalpha-numeric-space,1,7,0,10000
Current chain speed: 56
Percent completed: 18%
[H[2JWorking on: Part /home/nous/.distrrtgen/178810.part,500000,md5,mixalpha-numeric-space,1,7,0,10000
Current chain speed: 57
Percent completed: 18%
[H[2JWorking on: Part /home/nous/.distrrtgen/178810.part,500000,md5,mixalpha-numeric-space,1,7,0,10000
Current chain speed: 57
Percent completed: 18%
[H[2JWorking on: Part /home/nous/.distrrtgen/178810.part,500000,md5,mixalpha-numeric-space,1,7,0,10000
Current chain speed: 57
Percent completed: 18%
[H[2JWorking on: Part /home/nous/.distrrtgen/178810.part,500000,md5,mixalpha-numeric-space,1,7,0,10000
Current chain speed: 57
Percent completed: 18%
[H[2JWorking on: Part /home/nous/.distrrtgen/178810.part,500000,md5,mixalpha-numeric-space,1,7,0,10000
Current chain speed: 57
Percent completed: 18%
[H[2JWorking on: Part /home/nous/.distrrtgen/178810.part,500000,md5,mixalpha-numeric-space,1,7,0,10000
Current chain speed: 57
Percent completed: 18%
[H[2JWorking on: Part /home/nous/.distrrtgen/178810.part,500000,md5,mixalpha-numeric-space,1,7,0,10000
Current chain speed: 57
Percent completed: 19%
[H[2JWorking on: Part /home/nous/.distrrtgen/178810.part,500000,md5,mixalpha-numeric-space,1,7,0,10000
Current chain speed: 57
Percent completed: 19%
[H[2JWorking on: Part /home/nous/.distrrtgen/178810.part,500000,md5,mixalpha-numeric-space,1,7,0,10000
Current chain speed: 57
Percent completed: 19%
[H[2JWorking on: Part /home/nous/.distrrtgen/178810.part,500000,md5,mixalpha-numeric-space,1,7,0,10000
Current chain speed: 57
Percent completed: 19%
[H[2JWorking on: Part /home/nous/.distrrtgen/178810.part,500000,md5,mixalpha-numeric-space,1,7,0,10000
Current chain speed: 56
Percent completed: 19%
[H[2JWorking on: Part /home/nous/.distrrtgen/178810.part,500000,md5,mixalpha-numeric-space,1,7,0,10000
Current chain speed: 57
Percent completed: 19%
[H[2JWorking on: Part /home/nous/.distrrtgen/178810.part,500000,md5,mixalpha-numeric-space,1,7,0,10000
Current chain speed: 57
Percent completed: 19%
[H[2JWorking on: Part /home/nous/.distrrtgen/178810.part,500000,md5,mixalpha-numeric-space,1,7,0,10000
Current chain speed: 57
Percent completed: 19%
[H[2JWorking on: Part /home/nous/.distrrtgen/178810.part,500000,md5,mixalpha-numeric-space,1,7,0,10000
Current chain speed: 57
Percent completed: 20%
[H[2JWorking on: Part /home/nous/.distrrtgen/178810.part,500000,md5,mixalpha-numeric-space,1,7,0,10000
Current chain speed: 57
Percent completed: 20%
[H[2JWorking on: Part /home/nous/.distrrtgen/178810.part,500000,md5,mixalpha-numeric-space,1,7,0,10000
Current chain speed: 57
Percent completed: 20%
[H[2JWorking on: Part /home/nous/.distrrtgen/178810.part,500000,md5,mixalpha-numeric-space,1,7,0,10000
Current chain speed: 57
Percent completed: 20%
[H[2JWorking on: Part /home/nous/.distrrtgen/178810.part,500000,md5,mixalpha-numeric-space,1,7,0,10000
Current chain speed: 57
Percent completed: 20%
[H[2JWorking on: Part /home/nous/.distrrtgen/178810.part,500000,md5,mixalpha-numeric-space,1,7,0,10000
Current chain speed: 57
Percent completed: 20%
[H[2JWorking on: Part /home/nous/.distrrtgen/178810.part,500000,md5,mixalpha-numeric-space,1,7,0,10000
Current chain speed: 57
Percent completed: 20%
[H[2JWorking on: Part /home/nous/.distrrtgen/178810.part,500000,md5,mixalpha-numeric-space,1,7,0,10000
Current chain speed: 56
Percent completed: 20%
[H[2JWorking on: Part /home/nous/.distrrtgen/178810.part,500000,md5,mixalpha-numeric-space,1,7,0,10000
Current chain speed: 57
Percent completed: 20%
[H[2JWorking on: Part /home/nous/.distrrtgen/178810.part,500000,md5,mixalpha-numeric-space,1,7,0,10000
Current chain speed: 57
Percent completed: 21%
[H[2JWorking on: Part /home/nous/.distrrtgen/178810.part,500000,md5,mixalpha-numeric-space,1,7,0,10000
Current chain speed: 57
Percent completed: 21%
[H[2JWorking on: Part /home/nous/.distrrtgen/178810.part,500000,md5,mixalpha-numeric-space,1,7,0,10000
Current chain speed: 57
Percent completed: 21%
[H[2JWorking on: Part /home/nous/.distrrtgen/178810.part,500000,md5,mixalpha-numeric-space,1,7,0,10000
Current chain speed: 57
Percent completed: 21%
[H[2JWorking on: Part /home/nous/.distrrtgen/178810.part,500000,md5,mixalpha-numeric-space,1,7,0,10000
Current chain speed: 57
Percent completed: 21%
[H[2JWorking on: Part /home/nous/.distrrtgen/178810.part,500000,md5,mixalpha-numeric-space,1,7,0,10000
Current chain speed: 57
Percent completed: 21%
[H[2JWorking on: Part /home/nous/.distrrtgen/178810.part,500000,md5,mixalpha-numeric-space,1,7,0,10000
Current chain speed: 57
Percent completed: 21%
[H[2JWorking on: Part /home/nous/.distrrtgen/178810.part,500000,md5,mixalpha-numeric-space,1,7,0,10000
Current chain speed: 57
Percent completed: 21%
[H[2JWorking on: Part /home/nous/.distrrtgen/178810.part,500000,md5,mixalpha-numeric-space,1,7,0,10000
Current chain speed: 57
Percent completed: 22%
[H[2JWorking on: Part /home/nous/.distrrtgen/178810.part,500000,md5,mixalpha-numeric-space,1,7,0,10000
Current chain speed: 56
Percent completed: 22%
[H[2JWorking on: Part /home/nous/.distrrtgen/178810.part,500000,md5,mixalpha-numeric-space,1,7,0,10000
Current chain speed: 57
Percent completed: 22%
[H[2JWorking on: Part /home/nous/.distrrtgen/178810.part,500000,md5,mixalpha-numeric-space,1,7,0,10000
Current chain speed: 57
Percent completed: 22%
[H[2JWorking on: Part /home/nous/.distrrtgen/178810.part,500000,md5,mixalpha-numeric-space,1,7,0,10000
Current chain speed: 57
Percent completed: 22%
[H[2JWorking on: Part /home/nous/.distrrtgen/178810.part,500000,md5,mixalpha-numeric-space,1,7,0,10000
Current chain speed: 57
Percent completed: 22%
[H[2JWorking on: Part /home/nous/.distrrtgen/178810.part,500000,md5,mixalpha-numeric-space,1,7,0,10000
Current chain speed: 57
Percent completed: 22%
[H[2JWorking on: Part /home/nous/.distrrtgen/178810.part,500000,md5,mixalpha-numeric-space,1,7,0,10000
Current chain speed: 57
Percent completed: 22%
[H[2JWorking on: Part /home/nous/.distrrtgen/178810.part,500000,md5,mixalpha-numeric-space,1,7,0,10000
Current chain speed: 57
Percent completed: 22%
[H[2JWorking on: Part /home/nous/.distrrtgen/178810.part,500000,md5,mixalpha-numeric-space,1,7,0,10000
Current chain speed: 57
Percent completed: 23%
[H[2JWorking on: Part /home/nous/.distrrtgen/178810.part,500000,md5,mixalpha-numeric-space,1,7,0,10000
Current chain speed: 57
Percent completed: 23%
[H[2JWorking on: Part /home/nous/.distrrtgen/178810.part,500000,md5,mixalpha-numeric-space,1,7,0,10000
Current chain speed: 57
Percent completed: 23%
[H[2JWorking on: Part /home/nous/.distrrtgen/178810.part,500000,md5,mixalpha-numeric-space,1,7,0,10000
Current chain speed: 56
Percent completed: 23%
[H[2JWorking on: Part /home/nous/.distrrtgen/178810.part,500000,md5,mixalpha-numeric-space,1,7,0,10000
Current chain speed: 57
Percent completed: 23%
[H[2JWorking on: Part /home/nous/.distrrtgen/178810.part,500000,md5,mixalpha-numeric-space,1,7,0,10000
Current chain speed: 57
Percent completed: 23%
[H[2JWorking on: Part /home/nous/.distrrtgen/178810.part,500000,md5,mixalpha-numeric-space,1,7,0,10000
Current chain speed: 57
Percent completed: 23%
[H[2JWorking on: Part /home/nous/.distrrtgen/178810.part,500000,md5,mixalpha-numeric-space,1,7,0,10000
Current chain speed: 57
Percent completed: 23%
[H[2JWorking on: Part /home/nous/.distrrtgen/178810.part,500000,md5,mixalpha-numeric-space,1,7,0,10000
Current chain speed: 57
Percent completed: 23%
[H[2JWorking on: Part /home/nous/.distrrtgen/178810.part,500000,md5,mixalpha-numeric-space,1,7,0,10000
Current chain speed: 57
Percent completed: 24%
[H[2JWorking on: Part /home/nous/.distrrtgen/178810.part,500000,md5,mixalpha-numeric-space,1,7,0,10000
Current chain speed: 57
Percent completed: 24%
[H[2JWorking on: Part /home/nous/.distrrtgen/178810.part,500000,md5,mixalpha-numeric-space,1,7,0,10000
Current chain speed: 57
Percent completed: 24%
[H[2JWorking on: Part /home/nous/.distrrtgen/178810.part,500000,md5,mixalpha-numeric-space,1,7,0,10000
Current chain speed: 57
Percent completed: 24%
[H[2JWorking on: Part /home/nous/.distrrtgen/178810.part,500000,md5,mixalpha-numeric-space,1,7,0,10000
Current chain speed: 57
Percent completed: 24%
[H[2JWorking on: Part /home/nous/.distrrtgen/178810.part,500000,md5,mixalpha-numeric-space,1,7,0,10000
Current chain speed: 56
Percent completed: 24%
[H[2JWorking on: Part /home/nous/.distrrtgen/178810.part,500000,md5,mixalpha-numeric-space,1,7,0,10000
Current chain speed: 57
Percent completed: 24%
[H[2JWorking on: Part /home/nous/.distrrtgen/178810.part,500000,md5,mixalpha-numeric-space,1,7,0,10000
Current chain speed: 57
Percent completed: 24%
[H[2JWorking on: Part /home/nous/.distrrtgen/178810.part,500000,md5,mixalpha-numeric-space,1,7,0,10000
Current chain speed: 57
Percent completed: 24%
[H[2JWorking on: Part /home/nous/.distrrtgen/178810.part,500000,md5,mixalpha-numeric-space,1,7,0,10000
Current chain speed: 57
Percent completed: 25%
[H[2JWorking on: Part /home/nous/.distrrtgen/178810.part,500000,md5,mixalpha-numeric-space,1,7,0,10000
Current chain speed: 57
Percent completed: 25%
[H[2JWorking on: Part /home/nous/.distrrtgen/178810.part,500000,md5,mixalpha-numeric-space,1,7,0,10000
Current chain speed: 57
Percent completed: 25%
[H[2JWorking on: Part /home/nous/.distrrtgen/178810.part,500000,md5,mixalpha-numeric-space,1,7,0,10000
Current chain speed: 57
Percent completed: 25%
[H[2JWorking on: Part /home/nous/.distrrtgen/178810.part,500000,md5,mixalpha-numeric-space,1,7,0,10000
Current chain speed: 57
Percent completed: 25%
[H[2JWorking on: Part /home/nous/.distrrtgen/178810.part,500000,md5,mixalpha-numeric-space,1,7,0,10000
Current chain speed: 57
Percent completed: 25%
[H[2JWorking on: Part /home/nous/.distrrtgen/178810.part,500000,md5,mixalpha-numeric-space,1,7,0,10000
Current chain speed: 57
Percent completed: 25%
[H[2JWorking on: Part /home/nous/.distrrtgen/178810.part,500000,md5,mixalpha-numeric-space,1,7,0,10000
Current chain speed: 56
Percent completed: 25%
[H[2JWorking on: Part /home/nous/.distrrtgen/178810.part,500000,md5,mixalpha-numeric-space,1,7,0,10000
Current chain speed: 57
Percent completed: 26%
[H[2JWorking on: Part /home/nous/.distrrtgen/178810.part,500000,md5,mixalpha-numeric-space,1,7,0,10000
Current chain speed: 57
Percent completed: 26%
[H[2JWorking on: Part /home/nous/.distrrtgen/178810.part,500000,md5,mixalpha-numeric-space,1,7,0,10000
Current chain speed: 57
Percent completed: 26%
[H[2JWorking on: Part /home/nous/.distrrtgen/178810.part,500000,md5,mixalpha-numeric-space,1,7,0,10000
Current chain speed: 57
Percent completed: 26%
[H[2JWorking on: Part /home/nous/.distrrtgen/178810.part,500000,md5,mixalpha-numeric-space,1,7,0,10000
Current chain speed: 57
Percent completed: 26%
[H[2JWorking on: Part /home/nous/.distrrtgen/178810.part,500000,md5,mixalpha-numeric-space,1,7,0,10000
Current chain speed: 57
Percent completed: 26%
[H[2JWorking on: Part /home/nous/.distrrtgen/178810.part,500000,md5,mixalpha-numeric-space,1,7,0,10000
Current chain speed: 57
Percent completed: 26%
[H[2JWorking on: Part /home/nous/.distrrtgen/178810.part,500000,md5,mixalpha-numeric-space,1,7,0,10000
Current chain speed: 57
Percent completed: 26%
[H[2JWorking on: Part /home/nous/.distrrtgen/178810.part,500000,md5,mixalpha-numeric-space,1,7,0,10000
Current chain speed: 57
Percent completed: 26%
[H[2JWorking on: Part /home/nous/.distrrtgen/178810.part,500000,md5,mixalpha-numeric-space,1,7,0,10000
Current chain speed: 57
Percent completed: 27%
[H[2JWorking on: Part /home/nous/.distrrtgen/178810.part,500000,md5,mixalpha-numeric-space,1,7,0,10000
Current chain speed: 56
Percent completed: 27%
[H[2JWorking on: Part /home/nous/.distrrtgen/178810.part,500000,md5,mixalpha-numeric-space,1,7,0,10000
Current chain speed: 57
Percent completed: 27%
[H[2JWorking on: Part /home/nous/.distrrtgen/178810.part,500000,md5,mixalpha-numeric-space,1,7,0,10000
Current chain speed: 57
Percent completed: 27%
[H[2JWorking on: Part /home/nous/.distrrtgen/178810.part,500000,md5,mixalpha-numeric-space,1,7,0,10000
Current chain speed: 57
Percent completed: 27%
[H[2JWorking on: Part /home/nous/.distrrtgen/178810.part,500000,md5,mixalpha-numeric-space,1,7,0,10000
Current chain speed: 57
Percent completed: 27%
[H[2JWorking on: Part /home/nous/.distrrtgen/178810.part,500000,md5,mixalpha-numeric-space,1,7,0,10000
Current chain speed: 57
Percent completed: 27%
[H[2JWorking on: Part /home/nous/.distrrtgen/178810.part,500000,md5,mixalpha-numeric-space,1,7,0,10000
Current chain speed: 57
Percent completed: 27%
[H[2JWorking on: Part /home/nous/.distrrtgen/178810.part,500000,md5,mixalpha-numeric-space,1,7,0,10000
Current chain speed: 57
Percent completed: 27%
[H[2JWorking on: Part /home/nous/.distrrtgen/178810.part,500000,md5,mixalpha-numeric-space,1,7,0,10000
Current chain speed: 57
Percent completed: 28%
[H[2JWorking on: Part /home/nous/.distrrtgen/178810.part,500000,md5,mixalpha-numeric-space,1,7,0,10000
Current chain speed: 57
Percent completed: 28%
[H[2JWorking on: Part /home/nous/.distrrtgen/178810.part,500000,md5,mixalpha-numeric-space,1,7,0,10000
Current chain speed: 55
Percent completed: 28%
[H[2JWorking on: Part /home/nous/.distrrtgen/178810.part,500000,md5,mixalpha-numeric-space,1,7,0,10000
Current chain speed: 56
Percent completed: 28%
[H[2JWorking on: Part /home/nous/.distrrtgen/178810.part,500000,md5,mixalpha-numeric-space,1,7,0,10000
Current chain speed: 57
Percent completed: 28%
[H[2JWorking on: Part /home/nous/.distrrtgen/178810.part,500000,md5,mixalpha-numeric-space,1,7,0,10000
Current chain speed: 57
Percent completed: 28%
[H[2JWorking on: Part /home/nous/.distrrtgen/178810.part,500000,md5,mixalpha-numeric-space,1,7,0,10000
Current chain speed: 57
Percent completed: 28%
[H[2JWorking on: Part /home/nous/.distrrtgen/178810.part,500000,md5,mixalpha-numeric-space,1,7,0,10000
Current chain speed: 57
Percent completed: 28%
[H[2JWorking on: Part /home/nous/.distrrtgen/178810.part,500000,md5,mixalpha-numeric-space,1,7,0,10000
Current chain speed: 57
Percent completed: 28%
[H[2JWorking on: Part /home/nous/.distrrtgen/178810.part,500000,md5,mixalpha-numeric-space,1,7,0,10000
Current chain speed: 57
Percent completed: 29%
[H[2JWorking on: Part /home/nous/.distrrtgen/178810.part,500000,md5,mixalpha-numeric-space,1,7,0,10000
Current chain speed: 57
Percent completed: 29%
[H[2JWorking on: Part /home/nous/.distrrtgen/178810.part,500000,md5,mixalpha-numeric-space,1,7,0,10000
Current chain speed: 57
Percent completed: 29%
[H[2JWorking on: Part /home/nous/.distrrtgen/178810.part,500000,md5,mixalpha-numeric-space,1,7,0,10000
Current chain speed: 57
Percent completed: 29%
[H[2JWorking on: Part /home/nous/.distrrtgen/178810.part,500000,md5,mixalpha-numeric-space,1,7,0,10000
Current chain speed: 56
Percent completed: 29%
[H[2JWorking on: Part /home/nous/.distrrtgen/178810.part,500000,md5,mixalpha-numeric-space,1,7,0,10000
Current chain speed: 57
Percent completed: 29%
[H[2JWorking on: Part /home/nous/.distrrtgen/178810.part,500000,md5,mixalpha-numeric-space,1,7,0,10000
Current chain speed: 57
Percent completed: 29%
[H[2JWorking on: Part /home/nous/.distrrtgen/178810.part,500000,md5,mixalpha-numeric-space,1,7,0,10000
Current chain speed: 57
Percent completed: 29%
[H[2JWorking on: Part /home/nous/.distrrtgen/178810.part,500000,md5,mixalpha-numeric-space,1,7,0,10000
Current chain speed: 57
Percent completed: 30%
[H[2JWorking on: Part /home/nous/.distrrtgen/178810.part,500000,md5,mixalpha-numeric-space,1,7,0,10000
Current chain speed: 57
Percent completed: 30%
[H[2JWorking on: Part /home/nous/.distrrtgen/178810.part,500000,md5,mixalpha-numeric-space,1,7,0,10000
Current chain speed: 57
Percent completed: 30%
[H[2JWorking on: Part /home/nous/.distrrtgen/178810.part,500000,md5,mixalpha-numeric-space,1,7,0,10000
Current chain speed: 57
Percent completed: 30%
[H[2JWorking on: Part /home/nous/.distrrtgen/178810.part,500000,md5,mixalpha-numeric-space,1,7,0,10000
Current chain speed: 57
Percent completed: 30%
[H[2JWorking on: Part /home/nous/.distrrtgen/178810.part,500000,md5,mixalpha-numeric-space,1,7,0,10000
Current chain speed: 57
Percent completed: 30%
[H[2JWorking on: Part /home/nous/.distrrtgen/178810.part,500000,md5,mixalpha-numeric-space,1,7,0,10000
Current chain speed: 57
Percent completed: 30%
[H[2JWorking on: Part /home/nous/.distrrtgen/178810.part,500000,md5,mixalpha-numeric-space,1,7,0,10000
Current chain speed: 56
Percent completed: 30%
[H[2JWorking on: Part /home/nous/.distrrtgen/178810.part,500000,md5,mixalpha-numeric-space,1,7,0,10000
Current chain speed: 57
Percent completed: 30%
[H[2JWorking on: Part /home/nous/.distrrtgen/178810.part,500000,md5,mixalpha-numeric-space,1,7,0,10000
Current chain speed: 57
Percent completed: 31%
[H[2JWorking on: Part /home/nous/.distrrtgen/178810.part,500000,md5,mixalpha-numeric-space,1,7,0,10000
Current chain speed: 57
Percent completed: 31%
[H[2JWorking on: Part /home/nous/.distrrtgen/178810.part,500000,md5,mixalpha-numeric-space,1,7,0,10000
Current chain speed: 57
Percent completed: 31%
[H[2JWorking on: Part /home/nous/.distrrtgen/178810.part,500000,md5,mixalpha-numeric-space,1,7,0,10000
Current chain speed: 57
Percent completed: 31%
[H[2JWorking on: Part /home/nous/.distrrtgen/178810.part,500000,md5,mixalpha-numeric-space,1,7,0,10000
Current chain speed: 57
Percent completed: 31%
[H[2JWorking on: Part /home/nous/.distrrtgen/178810.part,500000,md5,mixalpha-numeric-space,1,7,0,10000
Current chain speed: 57
Percent completed: 31%
[H[2JWorking on: Part /home/nous/.distrrtgen/178810.part,500000,md5,mixalpha-numeric-space,1,7,0,10000
Current chain speed: 57
Percent completed: 31%
[H[2JWorking on: Part /home/nous/.distrrtgen/178810.part,500000,md5,mixalpha-numeric-space,1,7,0,10000
Current chain speed: 57
Percent completed: 31%
[H[2JWorking on: Part /home/nous/.distrrtgen/178810.part,500000,md5,mixalpha-numeric-space,1,7,0,10000
Current chain speed: 57
Percent completed: 32%
[H[2JWorking on: Part /home/nous/.distrrtgen/178810.part,500000,md5,mixalpha-numeric-space,1,7,0,10000
Current chain speed: 56
Percent completed: 32%
[H[2JWorking on: Part /home/nous/.distrrtgen/178810.part,500000,md5,mixalpha-numeric-space,1,7,0,10000
Current chain speed: 57
Percent completed: 32%
[H[2JWorking on: Part /home/nous/.distrrtgen/178810.part,500000,md5,mixalpha-numeric-space,1,7,0,10000
Current chain speed: 57
Percent completed: 32%
[H[2JWorking on: Part /home/nous/.distrrtgen/178810.part,500000,md5,mixalpha-numeric-space,1,7,0,10000
Current chain speed: 57
Percent completed: 32%
[H[2JWorking on: Part /home/nous/.distrrtgen/178810.part,500000,md5,mixalpha-numeric-space,1,7,0,10000
Current chain speed: 57
Percent completed: 32%
[H[2JWorking on: Part /home/nous/.distrrtgen/178810.part,500000,md5,mixalpha-numeric-space,1,7,0,10000
Current chain speed: 57
Percent completed: 32%
[H[2JWorking on: Part /home/nous/.distrrtgen/178810.part,500000,md5,mixalpha-numeric-space,1,7,0,10000
Current chain speed: 57
Percent completed: 32%
[H[2JWorking on: Part /home/nous/.distrrtgen/178810.part,500000,md5,mixalpha-numeric-space,1,7,0,10000
Current chain speed: 57
Percent completed: 32%
[H[2JWorking on: Part /home/nous/.distrrtgen/178810.part,500000,md5,mixalpha-numeric-space,1,7,0,10000
Current chain speed: 57
Percent completed: 33%
[H[2JWorking on: Part /home/nous/.distrrtgen/178810.part,500000,md5,mixalpha-numeric-space,1,7,0,10000
Current chain speed: 57
Percent completed: 33%
[H[2JWorking on: Part /home/nous/.distrrtgen/178810.part,500000,md5,mixalpha-numeric-space,1,7,0,10000
Current chain speed: 57
Percent completed: 33%
[H[2JWorking on: Part /home/nous/.distrrtgen/178810.part,500000,md5,mixalpha-numeric-space,1,7,0,10000
Current chain speed: 56
Percent completed: 33%
[H[2JWorking on: Part /home/nous/.distrrtgen/178810.part,500000,md5,mixalpha-numeric-space,1,7,0,10000
Current chain speed: 57
Percent completed: 33%
[H[2JWorking on: Part /home/nous/.distrrtgen/178810.part,500000,md5,mixalpha-numeric-space,1,7,0,10000
Current chain speed: 57
Percent completed: 33%
[H[2JWorking on: Part /home/nous/.distrrtgen/178810.part,500000,md5,mixalpha-numeric-space,1,7,0,10000
Current chain speed: 57
Percent completed: 33%
[H[2JWorking on: Part /home/nous/.distrrtgen/178810.part,500000,md5,mixalpha-numeric-space,1,7,0,10000
Current chain speed: 57
Percent completed: 33%
[H[2JWorking on: Part /home/nous/.distrrtgen/178810.part,500000,md5,mixalpha-numeric-space,1,7,0,10000
Current chain speed: 57
Percent completed: 33%
[H[2JWorking on: Part /home/nous/.distrrtgen/178810.part,500000,md5,mixalpha-numeric-space,1,7,0,10000
Current chain speed: 57
Percent completed: 34%
[H[2JWorking on: Part /home/nous/.distrrtgen/178810.part,500000,md5,mixalpha-numeric-space,1,7,0,10000
Current chain speed: 57
Percent completed: 34%
[H[2JWorking on: Part /home/nous/.distrrtgen/178810.part,500000,md5,mixalpha-numeric-space,1,7,0,10000
Current chain speed: 57
Percent completed: 34%
[H[2JWorking on: Part /home/nous/.distrrtgen/178810.part,500000,md5,mixalpha-numeric-space,1,7,0,10000
Current chain speed: 55
Percent completed: 34%
[H[2JWorking on: Part /home/nous/.distrrtgen/178810.part,500000,md5,mixalpha-numeric-space,1,7,0,10000
Current chain speed: 57
Percent completed: 34%
[H[2JWorking on: Part /home/nous/.distrrtgen/178810.part,500000,md5,mixalpha-numeric-space,1,7,0,10000
Current chain speed: 56
Percent completed: 34%
[H[2JWorking on: Part /home/nous/.distrrtgen/178810.part,500000,md5,mixalpha-numeric-space,1,7,0,10000
Current chain speed: 57
Percent completed: 34%
[H[2JWorking on: Part /home/nous/.distrrtgen/178810.part,500000,md5,mixalpha-numeric-space,1,7,0,10000
Current chain speed: 57
Percent completed: 34%
[H[2JWorking on: Part /home/nous/.distrrtgen/178810.part,500000,md5,mixalpha-numeric-space,1,7,0,10000
Current chain speed: 57
Percent completed: 34%
[H[2JWorking on: Part /home/nous/.distrrtgen/178810.part,500000,md5,mixalpha-numeric-space,1,7,0,10000
Current chain speed: 57
Percent completed: 35%
[H[2JWorking on: Part /home/nous/.distrrtgen/178810.part,500000,md5,mixalpha-numeric-space,1,7,0,10000
Current chain speed: 57
Percent completed: 35%
[H[2JWorking on: Part /home/nous/.distrrtgen/178810.part,500000,md5,mixalpha-numeric-space,1,7,0,10000
Current chain speed: 57
Percent completed: 35%
[H[2JWorking on: Part /home/nous/.distrrtgen/178810.part,500000,md5,mixalpha-numeric-space,1,7,0,10000
Current chain speed: 57
Percent completed: 35%
[H[2JWorking on: Part /home/nous/.distrrtgen/178810.part,500000,md5,mixalpha-numeric-space,1,7,0,10000
Current chain speed: 57
Percent completed: 35%
[H[2JWorking on: Part /home/nous/.distrrtgen/178810.part,500000,md5,mixalpha-numeric-space,1,7,0,10000
Current chain speed: 57
Percent completed: 35%
[H[2JWorking on: Part /home/nous/.distrrtgen/178810.part,500000,md5,mixalpha-numeric-space,1,7,0,10000
Current chain speed: 57
Percent completed: 35%
[H[2JWorking on: Part /home/nous/.distrrtgen/178810.part,500000,md5,mixalpha-numeric-space,1,7,0,10000
Current chain speed: 56
Percent completed: 35%
[H[2JWorking on: Part /home/nous/.distrrtgen/178810.part,500000,md5,mixalpha-numeric-space,1,7,0,10000
Current chain speed: 57
Percent completed: 36%
[H[2JWorking on: Part /home/nous/.distrrtgen/178810.part,500000,md5,mixalpha-numeric-space,1,7,0,10000
Current chain speed: 57
Percent completed: 36%
[H[2JWorking on: Part /home/nous/.distrrtgen/178810.part,500000,md5,mixalpha-numeric-space,1,7,0,10000
Current chain speed: 57
Percent completed: 36%
[H[2JWorking on: Part /home/nous/.distrrtgen/178810.part,500000,md5,mixalpha-numeric-space,1,7,0,10000
Current chain speed: 57
Percent completed: 36%
[H[2JWorking on: Part /home/nous/.distrrtgen/178810.part,500000,md5,mixalpha-numeric-space,1,7,0,10000
Current chain speed: 57
Percent completed: 36%
[H[2JWorking on: Part /home/nous/.distrrtgen/178810.part,500000,md5,mixalpha-numeric-space,1,7,0,10000
Current chain speed: 57
Percent completed: 36%
[H[2JWorking on: Part /home/nous/.distrrtgen/178810.part,500000,md5,mixalpha-numeric-space,1,7,0,10000
Current chain speed: 57
Percent completed: 36%
[H[2JWorking on: Part /home/nous/.distrrtgen/178810.part,500000,md5,mixalpha-numeric-space,1,7,0,10000
Current chain speed: 57
Percent completed: 36%
[H[2JWorking on: Part /home/nous/.distrrtgen/178810.part,500000,md5,mixalpha-numeric-space,1,7,0,10000
Current chain speed: 57
Percent completed: 36%
[H[2JWorking on: Part /home/nous/.distrrtgen/178810.part,500000,md5,mixalpha-numeric-space,1,7,0,10000
Current chain speed: 57
Percent completed: 37%
[H[2JWorking on: Part /home/nous/.distrrtgen/178810.part,500000,md5,mixalpha-numeric-space,1,7,0,10000
Current chain speed: 56
Percent completed: 37%
[H[2JWorking on: Part /home/nous/.distrrtgen/178810.part,500000,md5,mixalpha-numeric-space,1,7,0,10000
Current chain speed: 57
Percent completed: 37%
[H[2JWorking on: Part /home/nous/.distrrtgen/178810.part,500000,md5,mixalpha-numeric-space,1,7,0,10000
Current chain speed: 57
Percent completed: 37%
[H[2JWorking on: Part /home/nous/.distrrtgen/178810.part,500000,md5,mixalpha-numeric-space,1,7,0,10000
Current chain speed: 57
Percent completed: 37%
[H[2JWorking on: Part /home/nous/.distrrtgen/178810.part,500000,md5,mixalpha-numeric-space,1,7,0,10000
Current chain speed: 57
Percent completed: 37%
[H[2JWorking on: Part /home/nous/.distrrtgen/178810.part,500000,md5,mixalpha-numeric-space,1,7,0,10000
Current chain speed: 57
Percent completed: 37%
[H[2JWorking on: Part /home/nous/.distrrtgen/178810.part,500000,md5,mixalpha-numeric-space,1,7,0,10000
Current chain speed: 57
Percent completed: 37%
[H[2JWorking on: Part /home/nous/.distrrtgen/178810.part,500000,md5,mixalpha-numeric-space,1,7,0,10000
Current chain speed: 57
Percent completed: 37%
[H[2JWorking on: Part /home/nous/.distrrtgen/178810.part,500000,md5,mixalpha-numeric-space,1,7,0,10000
Current chain speed: 57
Percent completed: 38%
[H[2JWorking on: Part /home/nous/.distrrtgen/178810.part,500000,md5,mixalpha-numeric-space,1,7,0,10000
Current chain speed: 57
Percent completed: 38%
[H[2JWorking on: Part /home/nous/.distrrtgen/178810.part,500000,md5,mixalpha-numeric-space,1,7,0,10000
Current chain speed: 57
Percent completed: 38%
[H[2JWorking on: Part /home/nous/.distrrtgen/178810.part,500000,md5,mixalpha-numeric-space,1,7,0,10000
Current chain speed: 56
Percent completed: 38%
[H[2JWorking on: Part /home/nous/.distrrtgen/178810.part,500000,md5,mixalpha-numeric-space,1,7,0,10000
Current chain speed: 57
Percent completed: 38%
[H[2JWorking on: Part /home/nous/.distrrtgen/178810.part,500000,md5,mixalpha-numeric-space,1,7,0,10000
Current chain speed: 57
Percent completed: 38%
[H[2JWorking on: Part /home/nous/.distrrtgen/178810.part,500000,md5,mixalpha-numeric-space,1,7,0,10000
Current chain speed: 57
Percent completed: 38%
[H[2JWorking on: Part /home/nous/.distrrtgen/178810.part,500000,md5,mixalpha-numeric-space,1,7,0,10000
Current chain speed: 57
Percent completed: 38%
[H[2JWorking on: Part /home/nous/.distrrtgen/178810.part,500000,md5,mixalpha-numeric-space,1,7,0,10000
Current chain speed: 57
Percent completed: 38%
[H[2JWorking on: Part /home/nous/.distrrtgen/178810.part,500000,md5,mixalpha-numeric-space,1,7,0,10000
Current chain speed: 57
Percent completed: 39%
[H[2JWorking on: Part /home/nous/.distrrtgen/178810.part,500000,md5,mixalpha-numeric-space,1,7,0,10000
Current chain speed: 57
Percent completed: 39%
[H[2JWorking on: Part /home/nous/.distrrtgen/178810.part,500000,md5,mixalpha-numeric-space,1,7,0,10000
Current chain speed: 57
Percent completed: 39%
[H[2JWorking on: Part /home/nous/.distrrtgen/178810.part,500000,md5,mixalpha-numeric-space,1,7,0,10000
Current chain speed: 57
Percent completed: 39%
[H[2JWorking on: Part /home/nous/.distrrtgen/178810.part,500000,md5,mixalpha-numeric-space,1,7,0,10000
Current chain speed: 57
Percent completed: 39%
[H[2JWorking on: Part /home/nous/.distrrtgen/178810.part,500000,md5,mixalpha-numeric-space,1,7,0,10000
Current chain speed: 56
Percent completed: 39%
[H[2JWorking on: Part /home/nous/.distrrtgen/178810.part,500000,md5,mixalpha-numeric-space,1,7,0,10000
Current chain speed: 57
Percent completed: 39%
[H[2JWorking on: Part /home/nous/.distrrtgen/178810.part,500000,md5,mixalpha-numeric-space,1,7,0,10000
Current chain speed: 57
Percent completed: 39%
[H[2JWorking on: Part /home/nous/.distrrtgen/178810.part,500000,md5,mixalpha-numeric-space,1,7,0,10000
Current chain speed: 57
Percent completed: 40%
[H[2JWorking on: Part /home/nous/.distrrtgen/178810.part,500000,md5,mixalpha-numeric-space,1,7,0,10000
Current chain speed: 57
Percent completed: 40%
[H[2JWorking on: Part /home/nous/.distrrtgen/178810.part,500000,md5,mixalpha-numeric-space,1,7,0,10000
Current chain speed: 57
Percent completed: 40%
[H[2JWorking on: Part /home/nous/.distrrtgen/178810.part,500000,md5,mixalpha-numeric-space,1,7,0,10000
Current chain speed: 57
Percent completed: 40%
[H[2JWorking on: Part /home/nous/.distrrtgen/178810.part,500000,md5,mixalpha-numeric-space,1,7,0,10000
Current chain speed: 57
Percent completed: 40%
[H[2JWorking on: Part /home/nous/.distrrtgen/178810.part,500000,md5,mixalpha-numeric-space,1,7,0,10000
Current chain speed: 57
Percent completed: 40%
[H[2JWorking on: Part /home/nous/.distrrtgen/178810.part,500000,md5,mixalpha-numeric-space,1,7,0,10000
Current chain speed: 57
Percent completed: 40%
[H[2JWorking on: Part /home/nous/.distrrtgen/178810.part,500000,md5,mixalpha-numeric-space,1,7,0,10000
Current chain speed: 57
Percent completed: 40%
[H[2JWorking on: Part /home/nous/.distrrtgen/178810.part,500000,md5,mixalpha-numeric-space,1,7,0,10000
Current chain speed: 56
Percent completed: 40%
[H[2JWorking on: Part /home/nous/.distrrtgen/178810.part,500000,md5,mixalpha-numeric-space,1,7,0,10000
Current chain speed: 57
Percent completed: 41%
[H[2JWorking on: Part /home/nous/.distrrtgen/178810.part,500000,md5,mixalpha-numeric-space,1,7,0,10000
Current chain speed: 57
Percent completed: 41%
[H[2JWorking on: Part /home/nous/.distrrtgen/178810.part,500000,md5,mixalpha-numeric-space,1,7,0,10000
Current chain speed: 57
Percent completed: 41%
[H[2JWorking on: Part /home/nous/.distrrtgen/178810.part,500000,md5,mixalpha-numeric-space,1,7,0,10000
Current chain speed: 57
Percent completed: 41%
[H[2JWorking on: Part /home/nous/.distrrtgen/178810.part,500000,md5,mixalpha-numeric-space,1,7,0,10000
Current chain speed: 57
Percent completed: 41%
[H[2JWorking on: Part /home/nous/.distrrtgen/178810.part,500000,md5,mixalpha-numeric-space,1,7,0,10000
Current chain speed: 57
Percent completed: 41%
[H[2JWorking on: Part /home/nous/.distrrtgen/178810.part,500000,md5,mixalpha-numeric-space,1,7,0,10000
Current chain speed: 57
Percent completed: 41%
[H[2JWorking on: Part /home/nous/.distrrtgen/178810.part,500000,md5,mixalpha-numeric-space,1,7,0,10000
Current chain speed: 57
Percent completed: 41%
[H[2JWorking on: Part /home/nous/.distrrtgen/178810.part,500000,md5,mixalpha-numeric-space,1,7,0,10000
Current chain speed: 57
Percent completed: 42%
[H[2JWorking on: Part /home/nous/.distrrtgen/178810.part,500000,md5,mixalpha-numeric-space,1,7,0,10000
Current chain speed: 56
Percent completed: 42%
[H[2JWorking on: Part /home/nous/.distrrtgen/178810.part,500000,md5,mixalpha-numeric-space,1,7,0,10000
Current chain speed: 56
Percent completed: 42%
[H[2JWorking on: Part /home/nous/.distrrtgen/178810.part,500000,md5,mixalpha-numeric-space,1,7,0,10000
Current chain speed: 57
Percent completed: 42%
[H[2JWorking on: Part /home/nous/.distrrtgen/178810.part,500000,md5,mixalpha-numeric-space,1,7,0,10000
Current chain speed: 57
Percent completed: 42%
[H[2JWorking on: Part /home/nous/.distrrtgen/178810.part,500000,md5,mixalpha-numeric-space,1,7,0,10000
Current chain speed: 57
Percent completed: 42%
[H[2JWorking on: Part /home/nous/.distrrtgen/178810.part,500000,md5,mixalpha-numeric-space,1,7,0,10000
Current chain speed: 57
Percent completed: 42%
[H[2JWorking on: Part /home/nous/.distrrtgen/178810.part,500000,md5,mixalpha-numeric-space,1,7,0,10000
Current chain speed: 57
Percent completed: 42%
[H[2JWorking on: Part /home/nous/.distrrtgen/178810.part,500000,md5,mixalpha-numeric-space,1,7,0,10000
Current chain speed: 57
Percent completed: 42%
[H[2JWorking on: Part /home/nous/.distrrtgen/178810.part,500000,md5,mixalpha-numeric-space,1,7,0,10000
Current chain speed: 57
Percent completed: 43%
[H[2JWorking on: Part /home/nous/.distrrtgen/178810.part,500000,md5,mixalpha-numeric-space,1,7,0,10000
Current chain speed: 57
Percent completed: 43%
[H[2JWorking on: Part /home/nous/.distrrtgen/178810.part,500000,md5,mixalpha-numeric-space,1,7,0,10000
Current chain speed: 57
Percent completed: 43%
[H[2JWorking on: Part /home/nous/.distrrtgen/178810.part,500000,md5,mixalpha-numeric-space,1,7,0,10000
Current chain speed: 56
Percent completed: 43%
[H[2JWorking on: Part /home/nous/.distrrtgen/178810.part,500000,md5,mixalpha-numeric-space,1,7,0,10000
Current chain speed: 57
Percent completed: 43%
[H[2JWorking on: Part /home/nous/.distrrtgen/178810.part,500000,md5,mixalpha-numeric-space,1,7,0,10000
Current chain speed: 57
Percent completed: 43%
[H[2JWorking on: Part /home/nous/.distrrtgen/178810.part,500000,md5,mixalpha-numeric-space,1,7,0,10000
Current chain speed: 57
Percent completed: 43%
[H[2JWorking on: Part /home/nous/.distrrtgen/178810.part,500000,md5,mixalpha-numeric-space,1,7,0,10000
Current chain speed: 57
Percent completed: 43%
[H[2JWorking on: Part /home/nous/.distrrtgen/178810.part,500000,md5,mixalpha-numeric-space,1,7,0,10000
Current chain speed: 57
Percent completed: 43%
[H[2JWorking on: Part /home/nous/.distrrtgen/178810.part,500000,md5,mixalpha-numeric-space,1,7,0,10000
Current chain speed: 57
Percent completed: 44%
[H[2JWorking on: Part /home/nous/.distrrtgen/178810.part,500000,md5,mixalpha-numeric-space,1,7,0,10000
Current chain speed: 57
Percent completed: 44%
[H[2JWorking on: Part /home/nous/.distrrtgen/178810.part,500000,md5,mixalpha-numeric-space,1,7,0,10000
Current chain speed: 57
Percent completed: 44%
[H[2JWorking on: Part /home/nous/.distrrtgen/178810.part,500000,md5,mixalpha-numeric-space,1,7,0,10000
Current chain speed: 57
Percent completed: 44%
[H[2JWorking on: Part /home/nous/.distrrtgen/178810.part,500000,md5,mixalpha-numeric-space,1,7,0,10000
Current chain speed: 57
Percent completed: 44%
[H[2JWorking on: Part /home/nous/.distrrtgen/178810.part,500000,md5,mixalpha-numeric-space,1,7,0,10000
Current chain speed: 56
Percent completed: 44%
[H[2JWorking on: Part /home/nous/.distrrtgen/178810.part,500000,md5,mixalpha-numeric-space,1,7,0,10000
Current chain speed: 57
Percent completed: 44%
[H[2JWorking on: Part /home/nous/.distrrtgen/178810.part,500000,md5,mixalpha-numeric-space,1,7,0,10000
Current chain speed: 57
Percent completed: 44%
[H[2JWorking on: Part /home/nous/.distrrtgen/178810.part,500000,md5,mixalpha-numeric-space,1,7,0,10000
Current chain speed: 57
Percent completed: 44%
[H[2JWorking on: Part /home/nous/.distrrtgen/178810.part,500000,md5,mixalpha-numeric-space,1,7,0,10000
Current chain speed: 57
Percent completed: 45%
[H[2JWorking on: Part /home/nous/.distrrtgen/178810.part,500000,md5,mixalpha-numeric-space,1,7,0,10000
Current chain speed: 57
Percent completed: 45%
[H[2JWorking on: Part /home/nous/.distrrtgen/178810.part,500000,md5,mixalpha-numeric-space,1,7,0,10000
Current chain speed: 57
Percent completed: 45%
[H[2JWorking on: Part /home/nous/.distrrtgen/178810.part,500000,md5,mixalpha-numeric-space,1,7,0,10000
Current chain speed: 57
Percent completed: 45%
[H[2JWorking on: Part /home/nous/.distrrtgen/178810.part,500000,md5,mixalpha-numeric-space,1,7,0,10000
Current chain speed: 57
Percent completed: 45%
[H[2JWorking on: Part /home/nous/.distrrtgen/178810.part,500000,md5,mixalpha-numeric-space,1,7,0,10000
Current chain speed: 57
Percent completed: 45%
[H[2JWorking on: Part /home/nous/.distrrtgen/178810.part,500000,md5,mixalpha-numeric-space,1,7,0,10000
Current chain speed: 57
Percent completed: 45%
[H[2JWorking on: Part /home/nous/.distrrtgen/178810.part,500000,md5,mixalpha-numeric-space,1,7,0,10000
Current chain speed: 56
Percent completed: 45%
[H[2JWorking on: Part /home/nous/.distrrtgen/178810.part,500000,md5,mixalpha-numeric-space,1,7,0,10000
Current chain speed: 57
Percent completed: 46%
[H[2JWorking on: Part /home/nous/.distrrtgen/178810.part,500000,md5,mixalpha-numeric-space,1,7,0,10000
Current chain speed: 57
Percent completed: 46%
[H[2JWorking on: Part /home/nous/.distrrtgen/178810.part,500000,md5,mixalpha-numeric-space,1,7,0,10000
Current chain speed: 57
Percent completed: 46%
[H[2JWorking on: Part /home/nous/.distrrtgen/178810.part,500000,md5,mixalpha-numeric-space,1,7,0,10000
Current chain speed: 57
Percent completed: 46%
[H[2JWorking on: Part /home/nous/.distrrtgen/178810.part,500000,md5,mixalpha-numeric-space,1,7,0,10000
Current chain speed: 57
Percent completed: 46%
[H[2JWorking on: Part /home/nous/.distrrtgen/178810.part,500000,md5,mixalpha-numeric-space,1,7,0,10000
Current chain speed: 57
Percent completed: 46%
[H[2JWorking on: Part /home/nous/.distrrtgen/178810.part,500000,md5,mixalpha-numeric-space,1,7,0,10000
Current chain speed: 57
Percent completed: 46%
[H[2JWorking on: Part /home/nous/.distrrtgen/178810.part,500000,md5,mixalpha-numeric-space,1,7,0,10000
Current chain speed: 57
Percent completed: 46%
[H[2JWorking on: Part /home/nous/.distrrtgen/178810.part,500000,md5,mixalpha-numeric-space,1,7,0,10000
Current chain speed: 57
Percent completed: 46%
[H[2JWorking on: Part /home/nous/.distrrtgen/178810.part,500000,md5,mixalpha-numeric-space,1,7,0,10000
Current chain speed: 57
Percent completed: 47%
[H[2JWorking on: Part /home/nous/.distrrtgen/178810.part,500000,md5,mixalpha-numeric-space,1,7,0,10000
Current chain speed: 56
Percent completed: 47%
[H[2JWorking on: Part /home/nous/.distrrtgen/178810.part,500000,md5,mixalpha-numeric-space,1,7,0,10000
Current chain speed: 57
Percent completed: 47%
[H[2JWorking on: Part /home/nous/.distrrtgen/178810.part,500000,md5,mixalpha-numeric-space,1,7,0,10000
Current chain speed: 57
Percent completed: 47%
[H[2JWorking on: Part /home/nous/.distrrtgen/178810.part,500000,md5,mixalpha-numeric-space,1,7,0,10000
Current chain speed: 57
Percent completed: 47%
[H[2JWorking on: Part /home/nous/.distrrtgen/178810.part,500000,md5,mixalpha-numeric-space,1,7,0,10000
Current chain speed: 57
Percent completed: 47%
[H[2JWorking on: Part /home/nous/.distrrtgen/178810.part,500000,md5,mixalpha-numeric-space,1,7,0,10000
Current chain speed: 57
Percent completed: 47%
[H[2JWorking on: Part /home/nous/.distrrtgen/178810.part,500000,md5,mixalpha-numeric-space,1,7,0,10000
Current chain speed: 57
Percent completed: 47%
[H[2JWorking on: Part /home/nous/.distrrtgen/178810.part,500000,md5,mixalpha-numeric-space,1,7,0,10000
Current chain speed: 57
Percent completed: 47%
[H[2JWorking on: Part /home/nous/.distrrtgen/178810.part,500000,md5,mixalpha-numeric-space,1,7,0,10000
Current chain speed: 57
Percent completed: 48%
[H[2JWorking on: Part /home/nous/.distrrtgen/178810.part,500000,md5,mixalpha-numeric-space,1,7,0,10000
Current chain speed: 57
Percent completed: 48%
[H[2JWorking on: Part /home/nous/.distrrtgen/178810.part,500000,md5,mixalpha-numeric-space,1,7,0,10000
Current chain speed: 57
Percent completed: 48%
[H[2JWorking on: Part /home/nous/.distrrtgen/178810.part,500000,md5,mixalpha-numeric-space,1,7,0,10000
Current chain speed: 56
Percent completed: 48%
[H[2JWorking on: Part /home/nous/.distrrtgen/178810.part,500000,md5,mixalpha-numeric-space,1,7,0,10000
Current chain speed: 57
Percent completed: 48%
[H[2JWorking on: Part /home/nous/.distrrtgen/178810.part,500000,md5,mixalpha-numeric-space,1,7,0,10000
Current chain speed: 57
Percent completed: 48%
[H[2JWorking on: Part /home/nous/.distrrtgen/178810.part,500000,md5,mixalpha-numeric-space,1,7,0,10000
Current chain speed: 57
Percent completed: 48%
[H[2JWorking on: Part /home/nous/.distrrtgen/178810.part,500000,md5,mixalpha-numeric-space,1,7,0,10000
Current chain speed: 57
Percent completed: 48%
[H[2JWorking on: Part /home/nous/.distrrtgen/178810.part,500000,md5,mixalpha-numeric-space,1,7,0,10000
Current chain speed: 57
Percent completed: 48%
[H[2JWorking on: Part /home/nous/.distrrtgen/178810.part,500000,md5,mixalpha-numeric-space,1,7,0,10000
Current chain speed: 57
Percent completed: 49%
[H[2JWorking on: Part /home/nous/.distrrtgen/178810.part,500000,md5,mixalpha-numeric-space,1,7,0,10000
Current chain speed: 57
Percent completed: 49%
[H[2JWorking on: Part /home/nous/.distrrtgen/178810.part,500000,md5,mixalpha-numeric-space,1,7,0,10000
Current chain speed: 57
Percent completed: 49%
[H[2JWorking on: Part /home/nous/.distrrtgen/178810.part,500000,md5,mixalpha-numeric-space,1,7,0,10000
Current chain speed: 57
Percent completed: 49%
[H[2JWorking on: Part /home/nous/.distrrtgen/178810.part,500000,md5,mixalpha-numeric-space,1,7,0,10000
Current chain speed: 57
Percent completed: 49%
[H[2JWorking on: Part /home/nous/.distrrtgen/178810.part,500000,md5,mixalpha-numeric-space,1,7,0,10000
Current chain speed: 56
Percent completed: 49%
[H[2JWorking on: Part /home/nous/.distrrtgen/178810.part,500000,md5,mixalpha-numeric-space,1,7,0,10000
Current chain speed: 57
Percent completed: 49%
[H[2JWorking on: Part /home/nous/.distrrtgen/178810.part,500000,md5,mixalpha-numeric-space,1,7,0,10000
Current chain speed: 57
Percent completed: 49%
[H[2JWorking on: Part /home/nous/.distrrtgen/178810.part,500000,md5,mixalpha-numeric-space,1,7,0,10000
Current chain speed: 57
Percent completed: 50%
[H[2JWorking on: Part /home/nous/.distrrtgen/178810.part,500000,md5,mixalpha-numeric-space,1,7,0,10000
Current chain speed: 57
Percent completed: 50%
[H[2JWorking on: Part /home/nous/.distrrtgen/178810.part,500000,md5,mixalpha-numeric-space,1,7,0,10000
Current chain speed: 57
Percent completed: 50%
[H[2JWorking on: Part /home/nous/.distrrtgen/178810.part,500000,md5,mixalpha-numeric-space,1,7,0,10000
Current chain speed: 57
Percent completed: 50%
[H[2JWorking on: Part /home/nous/.distrrtgen/178810.part,500000,md5,mixalpha-numeric-space,1,7,0,10000
Current chain speed: 57
Percent completed: 50%
[H[2JWorking on: Part /home/nous/.distrrtgen/178810.part,500000,md5,mixalpha-numeric-space,1,7,0,10000
Current chain speed: 57
Percent completed: 50%
[H[2JWorking on: Part /home/nous/.distrrtgen/178810.part,500000,md5,mixalpha-numeric-space,1,7,0,10000
Current chain speed: 57
Percent completed: 50%
[H[2JWorking on: Part /home/nous/.distrrtgen/178810.part,500000,md5,mixalpha-numeric-space,1,7,0,10000
Current chain speed: 57
Percent completed: 50%
[H[2JWorking on: Part /home/nous/.distrrtgen/178810.part,500000,md5,mixalpha-numeric-space,1,7,0,10000
Current chain speed: 56
Percent completed: 50%
[H[2JWorking on: Part /home/nous/.distrrtgen/178810.part,500000,md5,mixalpha-numeric-space,1,7,0,10000
Current chain speed: 57
Percent completed: 51%
[H[2JWorking on: Part /home/nous/.distrrtgen/178810.part,500000,md5,mixalpha-numeric-space,1,7,0,10000
Current chain speed: 57
Percent completed: 51%
[H[2JWorking on: Part /home/nous/.distrrtgen/178810.part,500000,md5,mixalpha-numeric-space,1,7,0,10000
Current chain speed: 57
Percent completed: 51%
[H[2JWorking on: Part /home/nous/.distrrtgen/178810.part,500000,md5,mixalpha-numeric-space,1,7,0,10000
Current chain speed: 57
Percent completed: 51%
[H[2JWorking on: Part /home/nous/.distrrtgen/178810.part,500000,md5,mixalpha-numeric-space,1,7,0,10000
Current chain speed: 57
Percent completed: 51%
[H[2JWorking on: Part /home/nous/.distrrtgen/178810.part,500000,md5,mixalpha-numeric-space,1,7,0,10000
Current chain speed: 57
Percent completed: 51%
[H[2JWorking on: Part /home/nous/.distrrtgen/178810.part,500000,md5,mixalpha-numeric-space,1,7,0,10000
Current chain speed: 57
Percent completed: 51%
[H[2JWorking on: Part /home/nous/.distrrtgen/178810.part,500000,md5,mixalpha-numeric-space,1,7,0,10000
Current chain speed: 57
Percent completed: 51%
[H[2JWorking on: Part /home/nous/.distrrtgen/178810.part,500000,md5,mixalpha-numeric-space,1,7,0,10000
Current chain speed: 57
Percent completed: 52%
[H[2JWorking on: Part /home/nous/.distrrtgen/178810.part,500000,md5,mixalpha-numeric-space,1,7,0,10000
Current chain speed: 57
Percent completed: 52%
[H[2JWorking on: Part /home/nous/.distrrtgen/178810.part,500000,md5,mixalpha-numeric-space,1,7,0,10000
Current chain speed: 56
Percent completed: 52%
[H[2JWorking on: Part /home/nous/.distrrtgen/178810.part,500000,md5,mixalpha-numeric-space,1,7,0,10000
Current chain speed: 57
Percent completed: 52%
[H[2JWorking on: Part /home/nous/.distrrtgen/178810.part,500000,md5,mixalpha-numeric-space,1,7,0,10000
Current chain speed: 57
Percent completed: 52%
[H[2JWorking on: Part /home/nous/.distrrtgen/178810.part,500000,md5,mixalpha-numeric-space,1,7,0,10000
Current chain speed: 57
Percent completed: 52%
[H[2JWorking on: Part /home/nous/.distrrtgen/178810.part,500000,md5,mixalpha-numeric-space,1,7,0,10000
Current chain speed: 57
Percent completed: 52%
[H[2JWorking on: Part /home/nous/.distrrtgen/178810.part,500000,md5,mixalpha-numeric-space,1,7,0,10000
Current chain speed: 57
Percent completed: 52%
[H[2JWorking on: Part /home/nous/.distrrtgen/178810.part,500000,md5,mixalpha-numeric-space,1,7,0,10000
Current chain speed: 57
Percent completed: 52%
[H[2JWorking on: Part /home/nous/.distrrtgen/178810.part,500000,md5,mixalpha-numeric-space,1,7,0,10000
Current chain speed: 57
Percent completed: 53%
[H[2JWorking on: Part /home/nous/.distrrtgen/178810.part,500000,md5,mixalpha-numeric-space,1,7,0,10000
Current chain speed: 57
Percent completed: 53%
[H[2JWorking on: Part /home/nous/.distrrtgen/178810.part,500000,md5,mixalpha-numeric-space,1,7,0,10000
Current chain speed: 57
Percent completed: 53%
[H[2JWorking on: Part /home/nous/.distrrtgen/178810.part,500000,md5,mixalpha-numeric-space,1,7,0,10000
Current chain speed: 57
Percent completed: 53%
[H[2JWorking on: Part /home/nous/.distrrtgen/178810.part,500000,md5,mixalpha-numeric-space,1,7,0,10000
Current chain speed: 56
Percent completed: 53%
[H[2JWorking on: Part /home/nous/.distrrtgen/178810.part,500000,md5,mixalpha-numeric-space,1,7,0,10000
Current chain speed: 57
Percent completed: 53%
[H[2JWorking on: Part /home/nous/.distrrtgen/178810.part,500000,md5,mixalpha-numeric-space,1,7,0,10000
Current chain speed: 57
Percent completed: 53%
[H[2JWorking on: Part /home/nous/.distrrtgen/178810.part,500000,md5,mixalpha-numeric-space,1,7,0,10000
Current chain speed: 57
Percent completed: 53%
[H[2JWorking on: Part /home/nous/.distrrtgen/178810.part,500000,md5,mixalpha-numeric-space,1,7,0,10000
Current chain speed: 57
Percent completed: 53%
[H[2JWorking on: Part /home/nous/.distrrtgen/178810.part,500000,md5,mixalpha-numeric-space,1,7,0,10000
Current chain speed: 57
Percent completed: 54%
[H[2JWorking on: Part /home/nous/.distrrtgen/178810.part,500000,md5,mixalpha-numeric-space,1,7,0,10000
Current chain speed: 57
Percent completed: 54%
[H[2JWorking on: Part /home/nous/.distrrtgen/178810.part,500000,md5,mixalpha-numeric-space,1,7,0,10000
Current chain speed: 57
Percent completed: 54%
[H[2JWorking on: Part /home/nous/.distrrtgen/178810.part,500000,md5,mixalpha-numeric-space,1,7,0,10000
Current chain speed: 57
Percent completed: 54%
[H[2JWorking on: Part /home/nous/.distrrtgen/178810.part,500000,md5,mixalpha-numeric-space,1,7,0,10000
Current chain speed: 57
Percent completed: 54%
[H[2JWorking on: Part /home/nous/.distrrtgen/178810.part,500000,md5,mixalpha-numeric-space,1,7,0,10000
Current chain speed: 57
Percent completed: 54%
[H[2JWorking on: Part /home/nous/.distrrtgen/178810.part,500000,md5,mixalpha-numeric-space,1,7,0,10000
Current chain speed: 56
Percent completed: 54%
[H[2JWorking on: Part /home/nous/.distrrtgen/178810.part,500000,md5,mixalpha-numeric-space,1,7,0,10000
Current chain speed: 57
Percent completed: 54%
[H[2JWorking on: Part /home/nous/.distrrtgen/178810.part,500000,md5,mixalpha-numeric-space,1,7,0,10000
Current chain speed: 57
Percent completed: 54%
[H[2JWorking on: Part /home/nous/.distrrtgen/178810.part,500000,md5,mixalpha-numeric-space,1,7,0,10000
Current chain speed: 57
Percent completed: 55%
[H[2JWorking on: Part /home/nous/.distrrtgen/178810.part,500000,md5,mixalpha-numeric-space,1,7,0,10000
Current chain speed: 57
Percent completed: 55%
[H[2JWorking on: Part /home/nous/.distrrtgen/178810.part,500000,md5,mixalpha-numeric-space,1,7,0,10000
Current chain speed: 57
Percent completed: 55%
[H[2JWorking on: Part /home/nous/.distrrtgen/178810.part,500000,md5,mixalpha-numeric-space,1,7,0,10000
Current chain speed: 57
Percent completed: 55%
[H[2JWorking on: Part /home/nous/.distrrtgen/178810.part,500000,md5,mixalpha-numeric-space,1,7,0,10000
Current chain speed: 57
Percent completed: 55%
[H[2JWorking on: Part /home/nous/.distrrtgen/178810.part,500000,md5,mixalpha-numeric-space,1,7,0,10000
Current chain speed: 57
Percent completed: 55%
[H[2JWorking on: Part /home/nous/.distrrtgen/178810.part,500000,md5,mixalpha-numeric-space,1,7,0,10000
Current chain speed: 57
Percent completed: 55%
[H[2JWorking on: Part /home/nous/.distrrtgen/178810.part,500000,md5,mixalpha-numeric-space,1,7,0,10000
Current chain speed: 56
Percent completed: 55%
[H[2JWorking on: Part /home/nous/.distrrtgen/178810.part,500000,md5,mixalpha-numeric-space,1,7,0,10000
Current chain speed: 57
Percent completed: 56%
[H[2JWorking on: Part /home/nous/.distrrtgen/178810.part,500000,md5,mixalpha-numeric-space,1,7,0,10000
Current chain speed: 57
Percent completed: 56%
[H[2JWorking on: Part /home/nous/.distrrtgen/178810.part,500000,md5,mixalpha-numeric-space,1,7,0,10000
Current chain speed: 57
Percent completed: 56%
[H[2JWorking on: Part /home/nous/.distrrtgen/178810.part,500000,md5,mixalpha-numeric-space,1,7,0,10000
Current chain speed: 57
Percent completed: 56%
[H[2JWorking on: Part /home/nous/.distrrtgen/178810.part,500000,md5,mixalpha-numeric-space,1,7,0,10000
Current chain speed: 57
Percent completed: 56%
[H[2JWorking on: Part /home/nous/.distrrtgen/178810.part,500000,md5,mixalpha-numeric-space,1,7,0,10000
Current chain speed: 57
Percent completed: 56%
[H[2JWorking on: Part /home/nous/.distrrtgen/178810.part,500000,md5,mixalpha-numeric-space,1,7,0,10000
Current chain speed: 57
Percent completed: 56%
[H[2JWorking on: Part /home/nous/.distrrtgen/178810.part,500000,md5,mixalpha-numeric-space,1,7,0,10000
Current chain speed: 57
Percent completed: 56%
[H[2JWorking on: Part /home/nous/.distrrtgen/178810.part,500000,md5,mixalpha-numeric-space,1,7,0,10000
Current chain speed: 57
Percent completed: 56%
[H[2JWorking on: Part /home/nous/.distrrtgen/178810.part,500000,md5,mixalpha-numeric-space,1,7,0,10000
Current chain speed: 57
Percent completed: 57%
[H[2JWorking on: Part /home/nous/.distrrtgen/178810.part,500000,md5,mixalpha-numeric-space,1,7,0,10000
Current chain speed: 56
Percent completed: 57%
[H[2JWorking on: Part /home/nous/.distrrtgen/178810.part,500000,md5,mixalpha-numeric-space,1,7,0,10000
Current chain speed: 57
Percent completed: 57%
[H[2JWorking on: Part /home/nous/.distrrtgen/178810.part,500000,md5,mixalpha-numeric-space,1,7,0,10000
Current chain speed: 57
Percent completed: 57%
[H[2JWorking on: Part /home/nous/.distrrtgen/178810.part,500000,md5,mixalpha-numeric-space,1,7,0,10000
Current chain speed: 57
Percent completed: 57%
[H[2JWorking on: Part /home/nous/.distrrtgen/178810.part,500000,md5,mixalpha-numeric-space,1,7,0,10000
Current chain speed: 57
Percent completed: 57%
[H[2JWorking on: Part /home/nous/.distrrtgen/178810.part,500000,md5,mixalpha-numeric-space,1,7,0,10000
Current chain speed: 57
Percent completed: 57%
[H[2JWorking on: Part /home/nous/.distrrtgen/178810.part,500000,md5,mixalpha-numeric-space,1,7,0,10000
Current chain speed: 57
Percent completed: 57%
[H[2JWorking on: Part /home/nous/.distrrtgen/178810.part,500000,md5,mixalpha-numeric-space,1,7,0,10000
Current chain speed: 57
Percent completed: 57%
[H[2JWorking on: Part /home/nous/.distrrtgen/178810.part,500000,md5,mixalpha-numeric-space,1,7,0,10000
Current chain speed: 57
Percent completed: 58%
[H[2JWorking on: Part /home/nous/.distrrtgen/178810.part,500000,md5,mixalpha-numeric-space,1,7,0,10000
Current chain speed: 57
Percent completed: 58%
[H[2JWorking on: Part /home/nous/.distrrtgen/178810.part,500000,md5,mixalpha-numeric-space,1,7,0,10000
Current chain speed: 57
Percent completed: 58%
[H[2JWorking on: Part /home/nous/.distrrtgen/178810.part,500000,md5,mixalpha-numeric-space,1,7,0,10000
Current chain speed: 56
Percent completed: 58%
[H[2JWorking on: Part /home/nous/.distrrtgen/178810.part,500000,md5,mixalpha-numeric-space,1,7,0,10000
Current chain speed: 57
Percent completed: 58%
[H[2JWorking on: Part /home/nous/.distrrtgen/178810.part,500000,md5,mixalpha-numeric-space,1,7,0,10000
Current chain speed: 57
Percent completed: 58%
[H[2JWorking on: Part /home/nous/.distrrtgen/178810.part,500000,md5,mixalpha-numeric-space,1,7,0,10000
Current chain speed: 57
Percent completed: 58%
[H[2JWorking on: Part /home/nous/.distrrtgen/178810.part,500000,md5,mixalpha-numeric-space,1,7,0,10000
Current chain speed: 57
Percent completed: 58%
[H[2JWorking on: Part /home/nous/.distrrtgen/178810.part,500000,md5,mixalpha-numeric-space,1,7,0,10000
Current chain speed: 57
Percent completed: 58%
[H[2JWorking on: Part /home/nous/.distrrtgen/178810.part,500000,md5,mixalpha-numeric-space,1,7,0,10000
Current chain speed: 57
Percent completed: 59%
[H[2JWorking on: Part /home/nous/.distrrtgen/178810.part,500000,md5,mixalpha-numeric-space,1,7,0,10000
Current chain speed: 57
Percent completed: 59%
[H[2JWorking on: Part /home/nous/.distrrtgen/178810.part,500000,md5,mixalpha-numeric-space,1,7,0,10000
Current chain speed: 57
Percent completed: 59%
[H[2JWorking on: Part /home/nous/.distrrtgen/178810.part,500000,md5,mixalpha-numeric-space,1,7,0,10000
Current chain speed: 57
Percent completed: 59%
[H[2JWorking on: Part /home/nous/.distrrtgen/178810.part,500000,md5,mixalpha-numeric-space,1,7,0,10000
Current chain speed: 57
Percent completed: 59%
[H[2JWorking on: Part /home/nous/.distrrtgen/178810.part,500000,md5,mixalpha-numeric-space,1,7,0,10000
Current chain speed: 56
Percent completed: 59%
[H[2JWorking on: Part /home/nous/.distrrtgen/178810.part,500000,md5,mixalpha-numeric-space,1,7,0,10000
Current chain speed: 57
Percent completed: 59%
[H[2JWorking on: Part /home/nous/.distrrtgen/178810.part,500000,md5,mixalpha-numeric-space,1,7,0,10000
Current chain speed: 57
Percent completed: 59%
[H[2JWorking on: Part /home/nous/.distrrtgen/178810.part,500000,md5,mixalpha-numeric-space,1,7,0,10000
Current chain speed: 57
Percent completed: 60%
[H[2JWorking on: Part /home/nous/.distrrtgen/178810.part,500000,md5,mixalpha-numeric-space,1,7,0,10000
Current chain speed: 57
Percent completed: 60%
[H[2JWorking on: Part /home/nous/.distrrtgen/178810.part,500000,md5,mixalpha-numeric-space,1,7,0,10000
Current chain speed: 57
Percent completed: 60%
[H[2JWorking on: Part /home/nous/.distrrtgen/178810.part,500000,md5,mixalpha-numeric-space,1,7,0,10000
Current chain speed: 57
Percent completed: 60%
[H[2JWorking on: Part /home/nous/.distrrtgen/178810.part,500000,md5,mixalpha-numeric-space,1,7,0,10000
Current chain speed: 57
Percent completed: 60%
[H[2JWorking on: Part /home/nous/.distrrtgen/178810.part,500000,md5,mixalpha-numeric-space,1,7,0,10000
Current chain speed: 57
Percent completed: 60%
[H[2JWorking on: Part /home/nous/.distrrtgen/178810.part,500000,md5,mixalpha-numeric-space,1,7,0,10000
Current chain speed: 57
Percent completed: 60%
[H[2JWorking on: Part /home/nous/.distrrtgen/178810.part,500000,md5,mixalpha-numeric-space,1,7,0,10000
Current chain speed: 57
Percent completed: 60%
[H[2JWorking on: Part /home/nous/.distrrtgen/178810.part,500000,md5,mixalpha-numeric-space,1,7,0,10000
Current chain speed: 56
Percent completed: 60%
[H[2JWorking on: Part /home/nous/.distrrtgen/178810.part,500000,md5,mixalpha-numeric-space,1,7,0,10000
Current chain speed: 57
Percent completed: 61%
[H[2JWorking on: Part /home/nous/.distrrtgen/178810.part,500000,md5,mixalpha-numeric-space,1,7,0,10000
Current chain speed: 57
Percent completed: 61%
[H[2JWorking on: Part /home/nous/.distrrtgen/178810.part,500000,md5,mixalpha-numeric-space,1,7,0,10000
Current chain speed: 57
Percent completed: 61%
[H[2JWorking on: Part /home/nous/.distrrtgen/178810.part,500000,md5,mixalpha-numeric-space,1,7,0,10000
Current chain speed: 57
Percent completed: 61%
[H[2JWorking on: Part /home/nous/.distrrtgen/178810.part,500000,md5,mixalpha-numeric-space,1,7,0,10000
Current chain speed: 57
Percent completed: 61%
[H[2JWorking on: Part /home/nous/.distrrtgen/178810.part,500000,md5,mixalpha-numeric-space,1,7,0,10000
Current chain speed: 57
Percent completed: 61%
[H[2JWorking on: Part /home/nous/.distrrtgen/178810.part,500000,md5,mixalpha-numeric-space,1,7,0,10000
Current chain speed: 57
Percent completed: 61%
[H[2JWorking on: Part /home/nous/.distrrtgen/178810.part,500000,md5,mixalpha-numeric-space,1,7,0,10000
Current chain speed: 57
Percent completed: 61%
[H[2JWorking on: Part /home/nous/.distrrtgen/178810.part,500000,md5,mixalpha-numeric-space,1,7,0,10000
Current chain speed: 57
Percent completed: 62%
[H[2JWorking on: Part /home/nous/.distrrtgen/178810.part,500000,md5,mixalpha-numeric-space,1,7,0,10000
Current chain speed: 57
Percent completed: 62%
[H[2JWorking on: Part /home/nous/.distrrtgen/178810.part,500000,md5,mixalpha-numeric-space,1,7,0,10000
Current chain speed: 56
Percent completed: 62%
[H[2JWorking on: Part /home/nous/.distrrtgen/178810.part,500000,md5,mixalpha-numeric-space,1,7,0,10000
Current chain speed: 57
Percent completed: 62%
[H[2JWorking on: Part /home/nous/.distrrtgen/178810.part,500000,md5,mixalpha-numeric-space,1,7,0,10000
Current chain speed: 57
Percent completed: 62%
[H[2JWorking on: Part /home/nous/.distrrtgen/178810.part,500000,md5,mixalpha-numeric-space,1,7,0,10000
Current chain speed: 57
Percent completed: 62%
[H[2JWorking on: Part /home/nous/.distrrtgen/178810.part,500000,md5,mixalpha-numeric-space,1,7,0,10000
Current chain speed: 57
Percent completed: 62%
[H[2JWorking on: Part /home/nous/.distrrtgen/178810.part,500000,md5,mixalpha-numeric-space,1,7,0,10000
Current chain speed: 57
Percent completed: 62%
[H[2JWorking on: Part /home/nous/.distrrtgen/178810.part,500000,md5,mixalpha-numeric-space,1,7,0,10000
Current chain speed: 57
Percent completed: 62%
[H[2JWorking on: Part /home/nous/.distrrtgen/178810.part,500000,md5,mixalpha-numeric-space,1,7,0,10000
Current chain speed: 57
Percent completed: 63%
[H[2JWorking on: Part /home/nous/.distrrtgen/178810.part,500000,md5,mixalpha-numeric-space,1,7,0,10000
Current chain speed: 57
Percent completed: 63%
[H[2JWorking on: Part /home/nous/.distrrtgen/178810.part,500000,md5,mixalpha-numeric-space,1,7,0,10000
Current chain speed: 57
Percent completed: 63%
[H[2JWorking on: Part /home/nous/.distrrtgen/178810.part,500000,md5,mixalpha-numeric-space,1,7,0,10000
Current chain speed: 57
Percent completed: 63%
[H[2JWorking on: Part /home/nous/.distrrtgen/178810.part,500000,md5,mixalpha-numeric-space,1,7,0,10000
Current chain speed: 56
Percent completed: 63%
[H[2JWorking on: Part /home/nous/.distrrtgen/178810.part,500000,md5,mixalpha-numeric-space,1,7,0,10000
Current chain speed: 57
Percent completed: 63%
[H[2JWorking on: Part /home/nous/.distrrtgen/178810.part,500000,md5,mixalpha-numeric-space,1,7,0,10000
Current chain speed: 57
Percent completed: 63%
[H[2JWorking on: Part /home/nous/.distrrtgen/178810.part,500000,md5,mixalpha-numeric-space,1,7,0,10000
Current chain speed: 57
Percent completed: 63%
[H[2JWorking on: Part /home/nous/.distrrtgen/178810.part,500000,md5,mixalpha-numeric-space,1,7,0,10000
Current chain speed: 57
Percent completed: 63%
[H[2JWorking on: Part /home/nous/.distrrtgen/178810.part,500000,md5,mixalpha-numeric-space,1,7,0,10000
Current chain speed: 57
Percent completed: 64%
[H[2JWorking on: Part /home/nous/.distrrtgen/178810.part,500000,md5,mixalpha-numeric-space,1,7,0,10000
Current chain speed: 57
Percent completed: 64%
[H[2JWorking on: Part /home/nous/.distrrtgen/178810.part,500000,md5,mixalpha-numeric-space,1,7,0,10000
Current chain speed: 57
Percent completed: 64%
[H[2JWorking on: Part /home/nous/.distrrtgen/178810.part,500000,md5,mixalpha-numeric-space,1,7,0,10000
Current chain speed: 57
Percent completed: 64%
[H[2JWorking on: Part /home/nous/.distrrtgen/178810.part,500000,md5,mixalpha-numeric-space,1,7,0,10000
Current chain speed: 57
Percent completed: 64%
[H[2JWorking on: Part /home/nous/.distrrtgen/178810.part,500000,md5,mixalpha-numeric-space,1,7,0,10000
Current chain speed: 57
Percent completed: 64%
[H[2JWorking on: Part /home/nous/.distrrtgen/178810.part,500000,md5,mixalpha-numeric-space,1,7,0,10000
Current chain speed: 56
Percent completed: 64%
[H[2JWorking on: Part /home/nous/.distrrtgen/178810.part,500000,md5,mixalpha-numeric-space,1,7,0,10000
Current chain speed: 57
Percent completed: 64%
[H[2JWorking on: Part /home/nous/.distrrtgen/178810.part,500000,md5,mixalpha-numeric-space,1,7,0,10000
Current chain speed: 57
Percent completed: 64%
[H[2JWorking on: Part /home/nous/.distrrtgen/178810.part,500000,md5,mixalpha-numeric-space,1,7,0,10000
Current chain speed: 57
Percent completed: 65%
[H[2JWorking on: Part /home/nous/.distrrtgen/178810.part,500000,md5,mixalpha-numeric-space,1,7,0,10000
Current chain speed: 57
Percent completed: 65%
[H[2JWorking on: Part /home/nous/.distrrtgen/178810.part,500000,md5,mixalpha-numeric-space,1,7,0,10000
Current chain speed: 57
Percent completed: 65%
[H[2JWorking on: Part /home/nous/.distrrtgen/178810.part,500000,md5,mixalpha-numeric-space,1,7,0,10000
Current chain speed: 57
Percent completed: 65%
[H[2JWorking on: Part /home/nous/.distrrtgen/178810.part,500000,md5,mixalpha-numeric-space,1,7,0,10000
Current chain speed: 57
Percent completed: 65%
[H[2JWorking on: Part /home/nous/.distrrtgen/178810.part,500000,md5,mixalpha-numeric-space,1,7,0,10000
Current chain speed: 57
Percent completed: 65%
[H[2JWorking on: Part /home/nous/.distrrtgen/178810.part,500000,md5,mixalpha-numeric-space,1,7,0,10000
Current chain speed: 57
Percent completed: 65%
[H[2JWorking on: Part /home/nous/.distrrtgen/178810.part,500000,md5,mixalpha-numeric-space,1,7,0,10000
Current chain speed: 57
Percent completed: 65%
[H[2JWorking on: Part /home/nous/.distrrtgen/178810.part,500000,md5,mixalpha-numeric-space,1,7,0,10000
Current chain speed: 56
Percent completed: 66%
[H[2JWorking on: Part /home/nous/.distrrtgen/178810.part,500000,md5,mixalpha-numeric-space,1,7,0,10000
Current chain speed: 57
Percent completed: 66%
[H[2JWorking on: Part /home/nous/.distrrtgen/178810.part,500000,md5,mixalpha-numeric-space,1,7,0,10000
Current chain speed: 57
Percent completed: 66%
[H[2JWorking on: Part /home/nous/.distrrtgen/178810.part,500000,md5,mixalpha-numeric-space,1,7,0,10000
Current chain speed: 57
Percent completed: 66%
[H[2JWorking on: Part /home/nous/.distrrtgen/178810.part,500000,md5,mixalpha-numeric-space,1,7,0,10000
Current chain speed: 57
Percent completed: 66%
[H[2JWorking on: Part /home/nous/.distrrtgen/178810.part,500000,md5,mixalpha-numeric-space,1,7,0,10000
Current chain speed: 57
Percent completed: 66%
[H[2JWorking on: Part /home/nous/.distrrtgen/178810.part,500000,md5,mixalpha-numeric-space,1,7,0,10000
Current chain speed: 57
Percent completed: 66%
[H[2JWorking on: Part /home/nous/.distrrtgen/178810.part,500000,md5,mixalpha-numeric-space,1,7,0,10000
Current chain speed: 57
Percent completed: 66%
[H[2JWorking on: Part /home/nous/.distrrtgen/178810.part,500000,md5,mixalpha-numeric-space,1,7,0,10000
Current chain speed: 57
Percent completed: 66%
[H[2JWorking on: Part /home/nous/.distrrtgen/178810.part,500000,md5,mixalpha-numeric-space,1,7,0,10000
Current chain speed: 57
Percent completed: 67%
[H[2JWorking on: Part /home/nous/.distrrtgen/178810.part,500000,md5,mixalpha-numeric-space,1,7,0,10000
Current chain speed: 57
Percent completed: 67%
[H[2JWorking on: Part /home/nous/.distrrtgen/178810.part,500000,md5,mixalpha-numeric-space,1,7,0,10000
Current chain speed: 56
Percent completed: 67%
[H[2JWorking on: Part /home/nous/.distrrtgen/178810.part,500000,md5,mixalpha-numeric-space,1,7,0,10000
Current chain speed: 57
Percent completed: 67%
[H[2JWorking on: Part /home/nous/.distrrtgen/178810.part,500000,md5,mixalpha-numeric-space,1,7,0,10000
Current chain speed: 57
Percent completed: 67%
[H[2JWorking on: Part /home/nous/.distrrtgen/178810.part,500000,md5,mixalpha-numeric-space,1,7,0,10000
Current chain speed: 57
Percent completed: 67%
[H[2JWorking on: Part /home/nous/.distrrtgen/178810.part,500000,md5,mixalpha-numeric-space,1,7,0,10000
Current chain speed: 57
Percent completed: 67%
[H[2JWorking on: Part /home/nous/.distrrtgen/178810.part,500000,md5,mixalpha-numeric-space,1,7,0,10000
Current chain speed: 57
Percent completed: 67%
[H[2JWorking on: Part /home/nous/.distrrtgen/178810.part,500000,md5,mixalpha-numeric-space,1,7,0,10000
Current chain speed: 57
Percent completed: 67%
[H[2JWorking on: Part /home/nous/.distrrtgen/178810.part,500000,md5,mixalpha-numeric-space,1,7,0,10000
Current chain speed: 57
Percent completed: 68%
[H[2JWorking on: Part /home/nous/.distrrtgen/178810.part,500000,md5,mixalpha-numeric-space,1,7,0,10000
Current chain speed: 57
Percent completed: 68%
[H[2JWorking on: Part /home/nous/.distrrtgen/178810.part,500000,md5,mixalpha-numeric-space,1,7,0,10000
Current chain speed: 57
Percent completed: 68%
[H[2JWorking on: Part /home/nous/.distrrtgen/178810.part,500000,md5,mixalpha-numeric-space,1,7,0,10000
Current chain speed: 57
Percent completed: 68%
[H[2JWorking on: Part /home/nous/.distrrtgen/178810.part,500000,md5,mixalpha-numeric-space,1,7,0,10000
Current chain speed: 56
Percent completed: 68%
[H[2JWorking on: Part /home/nous/.distrrtgen/178810.part,500000,md5,mixalpha-numeric-space,1,7,0,10000
Current chain speed: 57
Percent completed: 68%
[H[2JWorking on: Part /home/nous/.distrrtgen/178810.part,500000,md5,mixalpha-numeric-space,1,7,0,10000
Current chain speed: 57
Percent completed: 68%
[H[2JWorking on: Part /home/nous/.distrrtgen/178810.part,500000,md5,mixalpha-numeric-space,1,7,0,10000
Current chain speed: 57
Percent completed: 68%
[H[2JWorking on: Part /home/nous/.distrrtgen/178810.part,500000,md5,mixalpha-numeric-space,1,7,0,10000
Current chain speed: 57
Percent completed: 69%
[H[2JWorking on: Part /home/nous/.distrrtgen/178810.part,500000,md5,mixalpha-numeric-space,1,7,0,10000
Current chain speed: 57
Percent completed: 69%
[H[2JWorking on: Part /home/nous/.distrrtgen/178810.part,500000,md5,mixalpha-numeric-space,1,7,0,10000
Current chain speed: 57
Percent completed: 69%
[H[2JWorking on: Part /home/nous/.distrrtgen/178810.part,500000,md5,mixalpha-numeric-space,1,7,0,10000
Current chain speed: 57
Percent completed: 69%
[H[2JWorking on: Part /home/nous/.distrrtgen/178810.part,500000,md5,mixalpha-numeric-space,1,7,0,10000
Current chain speed: 57
Percent completed: 69%
[H[2JWorking on: Part /home/nous/.distrrtgen/178810.part,500000,md5,mixalpha-numeric-space,1,7,0,10000
Current chain speed: 57
Percent completed: 69%
[H[2JWorking on: Part /home/nous/.distrrtgen/178810.part,500000,md5,mixalpha-numeric-space,1,7,0,10000
Current chain speed: 56
Percent completed: 69%
[H[2JWorking on: Part /home/nous/.distrrtgen/178810.part,500000,md5,mixalpha-numeric-space,1,7,0,10000
Current chain speed: 57
Percent completed: 69%
[H[2JWorking on: Part /home/nous/.distrrtgen/178810.part,500000,md5,mixalpha-numeric-space,1,7,0,10000
Current chain speed: 57
Percent completed: 69%
[H[2JWorking on: Part /home/nous/.distrrtgen/178810.part,500000,md5,mixalpha-numeric-space,1,7,0,10000
Current chain speed: 57
Percent completed: 70%
[H[2JWorking on: Part /home/nous/.distrrtgen/178810.part,500000,md5,mixalpha-numeric-space,1,7,0,10000
Current chain speed: 57
Percent completed: 70%
[H[2JWorking on: Part /home/nous/.distrrtgen/178810.part,500000,md5,mixalpha-numeric-space,1,7,0,10000
Current chain speed: 57
Percent completed: 70%
[H[2JWorking on: Part /home/nous/.distrrtgen/178810.part,500000,md5,mixalpha-numeric-space,1,7,0,10000
Current chain speed: 57
Percent completed: 70%
[H[2JWorking on: Part /home/nous/.distrrtgen/178810.part,500000,md5,mixalpha-numeric-space,1,7,0,10000
Current chain speed: 57
Percent completed: 70%
[H[2JWorking on: Part /home/nous/.distrrtgen/178810.part,500000,md5,mixalpha-numeric-space,1,7,0,10000
Current chain speed: 57
Percent completed: 70%
[H[2JWorking on: Part /home/nous/.distrrtgen/178810.part,500000,md5,mixalpha-numeric-space,1,7,0,10000
Current chain speed: 57
Percent completed: 70%
[H[2JWorking on: Part /home/nous/.distrrtgen/178810.part,500000,md5,mixalpha-numeric-space,1,7,0,10000
Current chain speed: 57
Percent completed: 70%
[H[2JWorking on: Part /home/nous/.distrrtgen/178810.part,500000,md5,mixalpha-numeric-space,1,7,0,10000
Current chain speed: 56
Percent completed: 70%
[H[2JWorking on: Part /home/nous/.distrrtgen/178810.part,500000,md5,mixalpha-numeric-space,1,7,0,10000
Current chain speed: 57
Percent completed: 71%
[H[2JWorking on: Part /home/nous/.distrrtgen/178810.part,500000,md5,mixalpha-numeric-space,1,7,0,10000
Current chain speed: 57
Percent completed: 71%
[H[2JWorking on: Part /home/nous/.distrrtgen/178810.part,500000,md5,mixalpha-numeric-space,1,7,0,10000
Current chain speed: 57
Percent completed: 71%
[H[2JWorking on: Part /home/nous/.distrrtgen/178810.part,500000,md5,mixalpha-numeric-space,1,7,0,10000
Current chain speed: 57
Percent completed: 71%
[H[2JWorking on: Part /home/nous/.distrrtgen/178810.part,500000,md5,mixalpha-numeric-space,1,7,0,10000
Current chain speed: 57
Percent completed: 71%
[H[2JWorking on: Part /home/nous/.distrrtgen/178810.part,500000,md5,mixalpha-numeric-space,1,7,0,10000
Current chain speed: 57
Percent completed: 71%
[H[2JWorking on: Part /home/nous/.distrrtgen/178810.part,500000,md5,mixalpha-numeric-space,1,7,0,10000
Current chain speed: 57
Percent completed: 71%
[H[2JWorking on: Part /home/nous/.distrrtgen/178810.part,500000,md5,mixalpha-numeric-space,1,7,0,10000
Current chain speed: 57
Percent completed: 71%
[H[2JWorking on: Part /home/nous/.distrrtgen/178810.part,500000,md5,mixalpha-numeric-space,1,7,0,10000
Current chain speed: 57
Percent completed: 72%
[H[2JWorking on: Part /home/nous/.distrrtgen/178810.part,500000,md5,mixalpha-numeric-space,1,7,0,10000
Current chain speed: 55
Percent completed: 72%
[H[2JWorking on: Part /home/nous/.distrrtgen/178810.part,500000,md5,mixalpha-numeric-space,1,7,0,10000
Current chain speed: 56
Percent completed: 72%
[H[2JWorking on: Part /home/nous/.distrrtgen/178810.part,500000,md5,mixalpha-numeric-space,1,7,0,10000
Current chain speed: 57
Percent completed: 72%
[H[2JWorking on: Part /home/nous/.distrrtgen/178810.part,500000,md5,mixalpha-numeric-space,1,7,0,10000
Current chain speed: 57
Percent completed: 72%
[H[2JWorking on: Part /home/nous/.distrrtgen/178810.part,500000,md5,mixalpha-numeric-space,1,7,0,10000
Current chain speed: 57
Percent completed: 72%
[H[2JWorking on: Part /home/nous/.distrrtgen/178810.part,500000,md5,mixalpha-numeric-space,1,7,0,10000
Current chain speed: 57
Percent completed: 72%
[H[2JWorking on: Part /home/nous/.distrrtgen/178810.part,500000,md5,mixalpha-numeric-space,1,7,0,10000
Current chain speed: 57
Percent completed: 72%
[H[2JWorking on: Part /home/nous/.distrrtgen/178810.part,500000,md5,mixalpha-numeric-space,1,7,0,10000
Current chain speed: 57
Percent completed: 72%
[H[2JWorking on: Part /home/nous/.distrrtgen/178810.part,500000,md5,mixalpha-numeric-space,1,7,0,10000
Current chain speed: 57
Percent completed: 73%
[H[2JWorking on: Part /home/nous/.distrrtgen/178810.part,500000,md5,mixalpha-numeric-space,1,7,0,10000
Current chain speed: 57
Percent completed: 73%
[H[2JWorking on: Part /home/nous/.distrrtgen/178810.part,500000,md5,mixalpha-numeric-space,1,7,0,10000
Current chain speed: 57
Percent completed: 73%
[H[2JWorking on: Part /home/nous/.distrrtgen/178810.part,500000,md5,mixalpha-numeric-space,1,7,0,10000
Current chain speed: 57
Percent completed: 73%
[H[2JWorking on: Part /home/nous/.distrrtgen/178810.part,500000,md5,mixalpha-numeric-space,1,7,0,10000
Current chain speed: 56
Percent completed: 73%
[H[2JWorking on: Part /home/nous/.distrrtgen/178810.part,500000,md5,mixalpha-numeric-space,1,7,0,10000
Current chain speed: 57
Percent completed: 73%
[H[2JWorking on: Part /home/nous/.distrrtgen/178810.part,500000,md5,mixalpha-numeric-space,1,7,0,10000
Current chain speed: 57
Percent completed: 73%
[H[2JWorking on: Part /home/nous/.distrrtgen/178810.part,500000,md5,mixalpha-numeric-space,1,7,0,10000
Current chain speed: 57
Percent completed: 73%
[H[2JWorking on: Part /home/nous/.distrrtgen/178810.part,500000,md5,mixalpha-numeric-space,1,7,0,10000
Current chain speed: 57
Percent completed: 73%
[H[2JWorking on: Part /home/nous/.distrrtgen/178810.part,500000,md5,mixalpha-numeric-space,1,7,0,10000
Current chain speed: 57
Percent completed: 74%
[H[2JWorking on: Part /home/nous/.distrrtgen/178810.part,500000,md5,mixalpha-numeric-space,1,7,0,10000
Current chain speed: 57
Percent completed: 74%
[H[2JWorking on: Part /home/nous/.distrrtgen/178810.part,500000,md5,mixalpha-numeric-space,1,7,0,10000
Current chain speed: 57
Percent completed: 74%
[H[2JWorking on: Part /home/nous/.distrrtgen/178810.part,500000,md5,mixalpha-numeric-space,1,7,0,10000
Current chain speed: 57
Percent completed: 74%
[H[2JWorking on: Part /home/nous/.distrrtgen/178810.part,500000,md5,mixalpha-numeric-space,1,7,0,10000
Current chain speed: 57
Percent completed: 74%
[H[2JWorking on: Part /home/nous/.distrrtgen/178810.part,500000,md5,mixalpha-numeric-space,1,7,0,10000
Current chain speed: 57
Percent completed: 74%
[H[2JWorking on: Part /home/nous/.distrrtgen/178810.part,500000,md5,mixalpha-numeric-space,1,7,0,10000
Current chain speed: 56
Percent completed: 74%
[H[2JWorking on: Part /home/nous/.distrrtgen/178810.part,500000,md5,mixalpha-numeric-space,1,7,0,10000
Current chain speed: 57
Percent completed: 74%
[H[2JWorking on: Part /home/nous/.distrrtgen/178810.part,500000,md5,mixalpha-numeric-space,1,7,0,10000
Current chain speed: 57
Percent completed: 74%
[H[2JWorking on: Part /home/nous/.distrrtgen/178810.part,500000,md5,mixalpha-numeric-space,1,7,0,10000
Current chain speed: 57
Percent completed: 75%
[H[2JWorking on: Part /home/nous/.distrrtgen/178810.part,500000,md5,mixalpha-numeric-space,1,7,0,10000
Current chain speed: 57
Percent completed: 75%
[H[2JWorking on: Part /home/nous/.distrrtgen/178810.part,500000,md5,mixalpha-numeric-space,1,7,0,10000
Current chain speed: 57
Percent completed: 75%
[H[2JWorking on: Part /home/nous/.distrrtgen/178810.part,500000,md5,mixalpha-numeric-space,1,7,0,10000
Current chain speed: 57
Percent completed: 75%
[H[2JWorking on: Part /home/nous/.distrrtgen/178810.part,500000,md5,mixalpha-numeric-space,1,7,0,10000
Current chain speed: 57
Percent completed: 75%
[H[2JWorking on: Part /home/nous/.distrrtgen/178810.part,500000,md5,mixalpha-numeric-space,1,7,0,10000
Current chain speed: 57
Percent completed: 75%
[H[2JWorking on: Part /home/nous/.distrrtgen/178810.part,500000,md5,mixalpha-numeric-space,1,7,0,10000
Current chain speed: 57
Percent completed: 75%
[H[2JWorking on: Part /home/nous/.distrrtgen/178810.part,500000,md5,mixalpha-numeric-space,1,7,0,10000
Current chain speed: 57
Percent completed: 75%
[H[2JWorking on: Part /home/nous/.distrrtgen/178810.part,500000,md5,mixalpha-numeric-space,1,7,0,10000
Current chain speed: 56
Percent completed: 76%
[H[2JWorking on: Part /home/nous/.distrrtgen/178810.part,500000,md5,mixalpha-numeric-space,1,7,0,10000
Current chain speed: 57
Percent completed: 76%
[H[2JWorking on: Part /home/nous/.distrrtgen/178810.part,500000,md5,mixalpha-numeric-space,1,7,0,10000
Current chain speed: 57
Percent completed: 76%
[H[2JWorking on: Part /home/nous/.distrrtgen/178810.part,500000,md5,mixalpha-numeric-space,1,7,0,10000
Current chain speed: 57
Percent completed: 76%
[H[2JWorking on: Part /home/nous/.distrrtgen/178810.part,500000,md5,mixalpha-numeric-space,1,7,0,10000
Current chain speed: 57
Percent completed: 76%
[H[2JWorking on: Part /home/nous/.distrrtgen/178810.part,500000,md5,mixalpha-numeric-space,1,7,0,10000
Current chain speed: 57
Percent completed: 76%
[H[2JWorking on: Part /home/nous/.distrrtgen/178810.part,500000,md5,mixalpha-numeric-space,1,7,0,10000
Current chain speed: 57
Percent completed: 76%
[H[2JWorking on: Part /home/nous/.distrrtgen/178810.part,500000,md5,mixalpha-numeric-space,1,7,0,10000
Current chain speed: 57
Percent completed: 76%
[H[2JWorking on: Part /home/nous/.distrrtgen/178810.part,500000,md5,mixalpha-numeric-space,1,7,0,10000
Current chain speed: 57
Percent completed: 76%
[H[2JWorking on: Part /home/nous/.distrrtgen/178810.part,500000,md5,mixalpha-numeric-space,1,7,0,10000
Current chain speed: 57
Percent completed: 77%
[H[2JWorking on: Part /home/nous/.distrrtgen/178810.part,500000,md5,mixalpha-numeric-space,1,7,0,10000
Current chain speed: 57
Percent completed: 77%
[H[2JWorking on: Part /home/nous/.distrrtgen/178810.part,500000,md5,mixalpha-numeric-space,1,7,0,10000
Current chain speed: 56
Percent completed: 77%
[H[2JWorking on: Part /home/nous/.distrrtgen/178810.part,500000,md5,mixalpha-numeric-space,1,7,0,10000
Current chain speed: 57
Percent completed: 77%
[H[2JWorking on: Part /home/nous/.distrrtgen/178810.part,500000,md5,mixalpha-numeric-space,1,7,0,10000
Current chain speed: 57
Percent completed: 77%
[H[2JWorking on: Part /home/nous/.distrrtgen/178810.part,500000,md5,mixalpha-numeric-space,1,7,0,10000
Current chain speed: 57
Percent completed: 77%
[H[2JWorking on: Part /home/nous/.distrrtgen/178810.part,500000,md5,mixalpha-numeric-space,1,7,0,10000
Current chain speed: 57
Percent completed: 77%
[H[2JWorking on: Part /home/nous/.distrrtgen/178810.part,500000,md5,mixalpha-numeric-space,1,7,0,10000
Current chain speed: 57
Percent completed: 77%
[H[2JWorking on: Part /home/nous/.distrrtgen/178810.part,500000,md5,mixalpha-numeric-space,1,7,0,10000
Current chain speed: 57
Percent completed: 77%
[H[2JWorking on: Part /home/nous/.distrrtgen/178810.part,500000,md5,mixalpha-numeric-space,1,7,0,10000
Current chain speed: 57
Percent completed: 78%
[H[2JWorking on: Part /home/nous/.distrrtgen/178810.part,500000,md5,mixalpha-numeric-space,1,7,0,10000
Current chain speed: 57
Percent completed: 78%
[H[2JWorking on: Part /home/nous/.distrrtgen/178810.part,500000,md5,mixalpha-numeric-space,1,7,0,10000
Current chain speed: 57
Percent completed: 78%
[H[2JWorking on: Part /home/nous/.distrrtgen/178810.part,500000,md5,mixalpha-numeric-space,1,7,0,10000
Current chain speed: 57
Percent completed: 78%
[H[2JWorking on: Part /home/nous/.distrrtgen/178810.part,500000,md5,mixalpha-numeric-space,1,7,0,10000
Current chain speed: 56
Percent completed: 78%
[H[2JWorking on: Part /home/nous/.distrrtgen/178810.part,500000,md5,mixalpha-numeric-space,1,7,0,10000
Current chain speed: 57
Percent completed: 78%
[H[2JWorking on: Part /home/nous/.distrrtgen/178810.part,500000,md5,mixalpha-numeric-space,1,7,0,10000
Current chain speed: 57
Percent completed: 78%
[H[2JWorking on: Part /home/nous/.distrrtgen/178810.part,500000,md5,mixalpha-numeric-space,1,7,0,10000
Current chain speed: 57
Percent completed: 78%
[H[2JWorking on: Part /home/nous/.distrrtgen/178810.part,500000,md5,mixalpha-numeric-space,1,7,0,10000
Current chain speed: 57
Percent completed: 79%
[H[2JWorking on: Part /home/nous/.distrrtgen/178810.part,500000,md5,mixalpha-numeric-space,1,7,0,10000
Current chain speed: 57
Percent completed: 79%
[H[2JWorking on: Part /home/nous/.distrrtgen/178810.part,500000,md5,mixalpha-numeric-space,1,7,0,10000
Current chain speed: 57
Percent completed: 79%
[H[2JWorking on: Part /home/nous/.distrrtgen/178810.part,500000,md5,mixalpha-numeric-space,1,7,0,10000
Current chain speed: 57
Percent completed: 79%
[H[2JWorking on: Part /home/nous/.distrrtgen/178810.part,500000,md5,mixalpha-numeric-space,1,7,0,10000
Current chain speed: 57
Percent completed: 79%
[H[2JWorking on: Part /home/nous/.distrrtgen/178810.part,500000,md5,mixalpha-numeric-space,1,7,0,10000
Current chain speed: 57
Percent completed: 79%
[H[2JWorking on: Part /home/nous/.distrrtgen/178810.part,500000,md5,mixalpha-numeric-space,1,7,0,10000
Current chain speed: 57
Percent completed: 79%
[H[2JWorking on: Part /home/nous/.distrrtgen/178810.part,500000,md5,mixalpha-numeric-space,1,7,0,10000
Current chain speed: 56
Percent completed: 79%
[H[2JWorking on: Part /home/nous/.distrrtgen/178810.part,500000,md5,mixalpha-numeric-space,1,7,0,10000
Current chain speed: 57
Percent completed: 79%
[H[2JWorking on: Part /home/nous/.distrrtgen/178810.part,500000,md5,mixalpha-numeric-space,1,7,0,10000
Current chain speed: 57
Percent completed: 80%
[H[2JWorking on: Part /home/nous/.distrrtgen/178810.part,500000,md5,mixalpha-numeric-space,1,7,0,10000
Current chain speed: 57
Percent completed: 80%
[H[2JWorking on: Part /home/nous/.distrrtgen/178810.part,500000,md5,mixalpha-numeric-space,1,7,0,10000
Current chain speed: 57
Percent completed: 80%
[H[2JWorking on: Part /home/nous/.distrrtgen/178810.part,500000,md5,mixalpha-numeric-space,1,7,0,10000
Current chain speed: 57
Percent completed: 80%
[H[2JWorking on: Part /home/nous/.distrrtgen/178810.part,500000,md5,mixalpha-numeric-space,1,7,0,10000
Current chain speed: 57
Percent completed: 80%
[H[2JWorking on: Part /home/nous/.distrrtgen/178810.part,500000,md5,mixalpha-numeric-space,1,7,0,10000
Current chain speed: 57
Percent completed: 80%
[H[2JWorking on: Part /home/nous/.distrrtgen/178810.part,500000,md5,mixalpha-numeric-space,1,7,0,10000
Current chain speed: 57
Percent completed: 80%
[H[2JWorking on: Part /home/nous/.distrrtgen/178810.part,500000,md5,mixalpha-numeric-space,1,7,0,10000
Current chain speed: 57
Percent completed: 80%
[H[2JWorking on: Part /home/nous/.distrrtgen/178810.part,500000,md5,mixalpha-numeric-space,1,7,0,10000
Current chain speed: 57
Percent completed: 80%
[H[2JWorking on: Part /home/nous/.distrrtgen/178810.part,500000,md5,mixalpha-numeric-space,1,7,0,10000
Current chain speed: 56
Percent completed: 81%
[H[2JWorking on: Part /home/nous/.distrrtgen/178810.part,500000,md5,mixalpha-numeric-space,1,7,0,10000
Current chain speed: 57
Percent completed: 81%
[H[2JWorking on: Part /home/nous/.distrrtgen/178810.part,500000,md5,mixalpha-numeric-space,1,7,0,10000
Current chain speed: 57
Percent completed: 81%
[H[2JWorking on: Part /home/nous/.distrrtgen/178810.part,500000,md5,mixalpha-numeric-space,1,7,0,10000
Current chain speed: 57
Percent completed: 81%
[H[2JWorking on: Part /home/nous/.distrrtgen/178810.part,500000,md5,mixalpha-numeric-space,1,7,0,10000
Current chain speed: 57
Percent completed: 81%
[H[2JWorking on: Part /home/nous/.distrrtgen/178810.part,500000,md5,mixalpha-numeric-space,1,7,0,10000
Current chain speed: 57
Percent completed: 81%
[H[2JWorking on: Part /home/nous/.distrrtgen/178810.part,500000,md5,mixalpha-numeric-space,1,7,0,10000
Current chain speed: 57
Percent completed: 81%
[H[2JWorking on: Part /home/nous/.distrrtgen/178810.part,500000,md5,mixalpha-numeric-space,1,7,0,10000
Current chain speed: 57
Percent completed: 81%
[H[2JWorking on: Part /home/nous/.distrrtgen/178810.part,500000,md5,mixalpha-numeric-space,1,7,0,10000
Current chain speed: 57
Percent completed: 82%
[H[2JWorking on: Part /home/nous/.distrrtgen/178810.part,500000,md5,mixalpha-numeric-space,1,7,0,10000
Current chain speed: 57
Percent completed: 82%
[H[2JWorking on: Part /home/nous/.distrrtgen/178810.part,500000,md5,mixalpha-numeric-space,1,7,0,10000
Current chain speed: 57
Percent completed: 82%
[H[2JWorking on: Part /home/nous/.distrrtgen/178810.part,500000,md5,mixalpha-numeric-space,1,7,0,10000
Current chain speed: 56
Percent completed: 82%
[H[2JWorking on: Part /home/nous/.distrrtgen/178810.part,500000,md5,mixalpha-numeric-space,1,7,0,10000
Current chain speed: 57
Percent completed: 82%
[H[2JWorking on: Part /home/nous/.distrrtgen/178810.part,500000,md5,mixalpha-numeric-space,1,7,0,10000
Current chain speed: 57
Percent completed: 82%
[H[2JWorking on: Part /home/nous/.distrrtgen/178810.part,500000,md5,mixalpha-numeric-space,1,7,0,10000
Current chain speed: 57
Percent completed: 82%
[H[2JWorking on: Part /home/nous/.distrrtgen/178810.part,500000,md5,mixalpha-numeric-space,1,7,0,10000
Current chain speed: 57
Percent completed: 82%
[H[2JWorking on: Part /home/nous/.distrrtgen/178810.part,500000,md5,mixalpha-numeric-space,1,7,0,10000
Current chain speed: 57
Percent completed: 82%
[H[2JWorking on: Part /home/nous/.distrrtgen/178810.part,500000,md5,mixalpha-numeric-space,1,7,0,10000
Current chain speed: 57
Percent completed: 83%
[H[2JWorking on: Part /home/nous/.distrrtgen/178810.part,500000,md5,mixalpha-numeric-space,1,7,0,10000
Current chain speed: 57
Percent completed: 83%
[H[2JWorking on: Part /home/nous/.distrrtgen/178810.part,500000,md5,mixalpha-numeric-space,1,7,0,10000
Current chain speed: 57
Percent completed: 83%
[H[2JWorking on: Part /home/nous/.distrrtgen/178810.part,500000,md5,mixalpha-numeric-space,1,7,0,10000
Current chain speed: 57
Percent completed: 83%
[H[2JWorking on: Part /home/nous/.distrrtgen/178810.part,500000,md5,mixalpha-numeric-space,1,7,0,10000
Current chain speed: 56
Percent completed: 83%
[H[2JWorking on: Part /home/nous/.distrrtgen/178810.part,500000,md5,mixalpha-numeric-space,1,7,0,10000
Current chain speed: 57
Percent completed: 83%
[H[2JWorking on: Part /home/nous/.distrrtgen/178810.part,500000,md5,mixalpha-numeric-space,1,7,0,10000
Current chain speed: 57
Percent completed: 83%
[H[2JWorking on: Part /home/nous/.distrrtgen/178810.part,500000,md5,mixalpha-numeric-space,1,7,0,10000
Current chain speed: 57
Percent completed: 83%
[H[2JWorking on: Part /home/nous/.distrrtgen/178810.part,500000,md5,mixalpha-numeric-space,1,7,0,10000
Current chain speed: 57
Percent completed: 83%
[H[2JWorking on: Part /home/nous/.distrrtgen/178810.part,500000,md5,mixalpha-numeric-space,1,7,0,10000
Current chain speed: 57
Percent completed: 84%
[H[2JWorking on: Part /home/nous/.distrrtgen/178810.part,500000,md5,mixalpha-numeric-space,1,7,0,10000
Current chain speed: 57
Percent completed: 84%
[H[2JWorking on: Part /home/nous/.distrrtgen/178810.part,500000,md5,mixalpha-numeric-space,1,7,0,10000
Current chain speed: 57
Percent completed: 84%
[H[2JWorking on: Part /home/nous/.distrrtgen/178810.part,500000,md5,mixalpha-numeric-space,1,7,0,10000
Current chain speed: 57
Percent completed: 84%
[H[2JWorking on: Part /home/nous/.distrrtgen/178810.part,500000,md5,mixalpha-numeric-space,1,7,0,10000
Current chain speed: 57
Percent completed: 84%
[H[2JWorking on: Part /home/nous/.distrrtgen/178810.part,500000,md5,mixalpha-numeric-space,1,7,0,10000
Current chain speed: 57
Percent completed: 84%
[H[2JWorking on: Part /home/nous/.distrrtgen/178810.part,500000,md5,mixalpha-numeric-space,1,7,0,10000
Current chain speed: 56
Percent completed: 84%
[H[2JWorking on: Part /home/nous/.distrrtgen/178810.part,500000,md5,mixalpha-numeric-space,1,7,0,10000
Current chain speed: 57
Percent completed: 84%
[H[2JWorking on: Part /home/nous/.distrrtgen/178810.part,500000,md5,mixalpha-numeric-space,1,7,0,10000
Current chain speed: 57
Percent completed: 84%
[H[2JWorking on: Part /home/nous/.distrrtgen/178810.part,500000,md5,mixalpha-numeric-space,1,7,0,10000
Current chain speed: 57
Percent completed: 85%
[H[2JWorking on: Part /home/nous/.distrrtgen/178810.part,500000,md5,mixalpha-numeric-space,1,7,0,10000
Current chain speed: 57
Percent completed: 85%
[H[2JWorking on: Part /home/nous/.distrrtgen/178810.part,500000,md5,mixalpha-numeric-space,1,7,0,10000
Current chain speed: 57
Percent completed: 85%
[H[2JWorking on: Part /home/nous/.distrrtgen/178810.part,500000,md5,mixalpha-numeric-space,1,7,0,10000
Current chain speed: 57
Percent completed: 85%
[H[2JWorking on: Part /home/nous/.distrrtgen/178810.part,500000,md5,mixalpha-numeric-space,1,7,0,10000
Current chain speed: 57
Percent completed: 85%
[H[2JWorking on: Part /home/nous/.distrrtgen/178810.part,500000,md5,mixalpha-numeric-space,1,7,0,10000
Current chain speed: 57
Percent completed: 85%
[H[2JWorking on: Part /home/nous/.distrrtgen/178810.part,500000,md5,mixalpha-numeric-space,1,7,0,10000
Current chain speed: 57
Percent completed: 85%
[H[2JWorking on: Part /home/nous/.distrrtgen/178810.part,500000,md5,mixalpha-numeric-space,1,7,0,10000
Current chain speed: 57
Percent completed: 85%
[H[2JWorking on: Part /home/nous/.distrrtgen/178810.part,500000,md5,mixalpha-numeric-space,1,7,0,10000
Current chain speed: 56
Percent completed: 86%
[H[2JWorking on: Part /home/nous/.distrrtgen/178810.part,500000,md5,mixalpha-numeric-space,1,7,0,10000
Current chain speed: 57
Percent completed: 86%
[H[2JWorking on: Part /home/nous/.distrrtgen/178810.part,500000,md5,mixalpha-numeric-space,1,7,0,10000
Current chain speed: 57
Percent completed: 86%
[H[2JWorking on: Part /home/nous/.distrrtgen/178810.part,500000,md5,mixalpha-numeric-space,1,7,0,10000
Current chain speed: 56
Percent completed: 86%
[H[2JWorking on: Part /home/nous/.distrrtgen/178810.part,500000,md5,mixalpha-numeric-space,1,7,0,10000
Current chain speed: 57
Percent completed: 86%
[H[2JWorking on: Part /home/nous/.distrrtgen/178810.part,500000,md5,mixalpha-numeric-space,1,7,0,10000
Current chain speed: 57
Percent completed: 86%
[H[2JWorking on: Part /home/nous/.distrrtgen/178810.part,500000,md5,mixalpha-numeric-space,1,7,0,10000
Current chain speed: 57
Percent completed: 86%
[H[2JWorking on: Part /home/nous/.distrrtgen/178810.part,500000,md5,mixalpha-numeric-space,1,7,0,10000
Current chain speed: 57
Percent completed: 86%
[H[2JWorking on: Part /home/nous/.distrrtgen/178810.part,500000,md5,mixalpha-numeric-space,1,7,0,10000
Current chain speed: 57
Percent completed: 86%
[H[2JWorking on: Part /home/nous/.distrrtgen/178810.part,500000,md5,mixalpha-numeric-space,1,7,0,10000
Current chain speed: 57
Percent completed: 87%
[H[2JWorking on: Part /home/nous/.distrrtgen/178810.part,500000,md5,mixalpha-numeric-space,1,7,0,10000
Current chain speed: 57
Percent completed: 87%
[H[2JWorking on: Part /home/nous/.distrrtgen/178810.part,500000,md5,mixalpha-numeric-space,1,7,0,10000
Current chain speed: 56
Percent completed: 87%
[H[2JWorking on: Part /home/nous/.distrrtgen/178810.part,500000,md5,mixalpha-numeric-space,1,7,0,10000
Current chain speed: 57
Percent completed: 87%
[H[2JWorking on: Part /home/nous/.distrrtgen/178810.part,500000,md5,mixalpha-numeric-space,1,7,0,10000
Current chain speed: 57
Percent completed: 87%
[H[2JWorking on: Part /home/nous/.distrrtgen/178810.part,500000,md5,mixalpha-numeric-space,1,7,0,10000
Current chain speed: 57
Percent completed: 87%
[H[2JWorking on: Part /home/nous/.distrrtgen/178810.part,500000,md5,mixalpha-numeric-space,1,7,0,10000
Current chain speed: 57
Percent completed: 87%
[H[2JWorking on: Part /home/nous/.distrrtgen/178810.part,500000,md5,mixalpha-numeric-space,1,7,0,10000
Current chain speed: 57
Percent completed: 87%
[H[2JWorking on: Part /home/nous/.distrrtgen/178810.part,500000,md5,mixalpha-numeric-space,1,7,0,10000
Current chain speed: 57
Percent completed: 87%
[H[2JWorking on: Part /home/nous/.distrrtgen/178810.part,500000,md5,mixalpha-numeric-space,1,7,0,10000
Current chain speed: 57
Percent completed: 88%
[H[2JWorking on: Part /home/nous/.distrrtgen/178810.part,500000,md5,mixalpha-numeric-space,1,7,0,10000
Current chain speed: 57
Percent completed: 88%
[H[2JWorking on: Part /home/nous/.distrrtgen/178810.part,500000,md5,mixalpha-numeric-space,1,7,0,10000
Current chain speed: 57
Percent completed: 88%
[H[2JWorking on: Part /home/nous/.distrrtgen/178810.part,500000,md5,mixalpha-numeric-space,1,7,0,10000
Current chain speed: 57
Percent completed: 88%
[H[2JWorking on: Part /home/nous/.distrrtgen/178810.part,500000,md5,mixalpha-numeric-space,1,7,0,10000
Current chain speed: 56
Percent completed: 88%
[H[2JWorking on: Part /home/nous/.distrrtgen/178810.part,500000,md5,mixalpha-numeric-space,1,7,0,10000
Current chain speed: 57
Percent completed: 88%
[H[2JWorking on: Part /home/nous/.distrrtgen/178810.part,500000,md5,mixalpha-numeric-space,1,7,0,10000
Current chain speed: 57
Percent completed: 88%
[H[2JWorking on: Part /home/nous/.distrrtgen/178810.part,500000,md5,mixalpha-numeric-space,1,7,0,10000
Current chain speed: 57
Percent completed: 88%
[H[2JWorking on: Part /home/nous/.distrrtgen/178810.part,500000,md5,mixalpha-numeric-space,1,7,0,10000
Current chain speed: 57
Percent completed: 89%
[H[2JWorking on: Part /home/nous/.distrrtgen/178810.part,500000,md5,mixalpha-numeric-space,1,7,0,10000
Current chain speed: 57
Percent completed: 89%
[H[2JWorking on: Part /home/nous/.distrrtgen/178810.part,500000,md5,mixalpha-numeric-space,1,7,0,10000
Current chain speed: 57
Percent completed: 89%
[H[2JWorking on: Part /home/nous/.distrrtgen/178810.part,500000,md5,mixalpha-numeric-space,1,7,0,10000
Current chain speed: 57
Percent completed: 89%
[H[2JWorking on: Part /home/nous/.distrrtgen/178810.part,500000,md5,mixalpha-numeric-space,1,7,0,10000
Current chain speed: 57
Percent completed: 89%
[H[2JWorking on: Part /home/nous/.distrrtgen/178810.part,500000,md5,mixalpha-numeric-space,1,7,0,10000
Current chain speed: 57
Percent completed: 89%
[H[2JWorking on: Part /home/nous/.distrrtgen/178810.part,500000,md5,mixalpha-numeric-space,1,7,0,10000
Current chain speed: 57
Percent completed: 89%
[H[2JWorking on: Part /home/nous/.distrrtgen/178810.part,500000,md5,mixalpha-numeric-space,1,7,0,10000
Current chain speed: 56
Percent completed: 89%
[H[2JWorking on: Part /home/nous/.distrrtgen/178810.part,500000,md5,mixalpha-numeric-space,1,7,0,10000
Current chain speed: 57
Percent completed: 89%
[H[2JWorking on: Part /home/nous/.distrrtgen/178810.part,500000,md5,mixalpha-numeric-space,1,7,0,10000
Current chain speed: 57
Percent completed: 90%
[H[2JWorking on: Part /home/nous/.distrrtgen/178810.part,500000,md5,mixalpha-numeric-space,1,7,0,10000
Current chain speed: 57
Percent completed: 90%
[H[2JWorking on: Part /home/nous/.distrrtgen/178810.part,500000,md5,mixalpha-numeric-space,1,7,0,10000
Current chain speed: 57
Percent completed: 90%
[H[2JWorking on: Part /home/nous/.distrrtgen/178810.part,500000,md5,mixalpha-numeric-space,1,7,0,10000
Current chain speed: 57
Percent completed: 90%
[H[2JWorking on: Part /home/nous/.distrrtgen/178810.part,500000,md5,mixalpha-numeric-space,1,7,0,10000
Current chain speed: 57
Percent completed: 90%
[H[2JWorking on: Part /home/nous/.distrrtgen/178810.part,500000,md5,mixalpha-numeric-space,1,7,0,10000
Current chain speed: 57
Percent completed: 90%
[H[2JWorking on: Part /home/nous/.distrrtgen/178810.part,500000,md5,mixalpha-numeric-space,1,7,0,10000
Current chain speed: 57
Percent completed: 90%
[H[2JWorking on: Part /home/nous/.distrrtgen/178810.part,500000,md5,mixalpha-numeric-space,1,7,0,10000
Current chain speed: 57
Percent completed: 90%
[H[2JWorking on: Part /home/nous/.distrrtgen/178810.part,500000,md5,mixalpha-numeric-space,1,7,0,10000
Current chain speed: 57
Percent completed: 90%
[H[2JWorking on: Part /home/nous/.distrrtgen/178810.part,500000,md5,mixalpha-numeric-space,1,7,0,10000
Current chain speed: 56
Percent completed: 91%
[H[2JWorking on: Part /home/nous/.distrrtgen/178810.part,500000,md5,mixalpha-numeric-space,1,7,0,10000
Current chain speed: 57
Percent completed: 91%
[H[2JWorking on: Part /home/nous/.distrrtgen/178810.part,500000,md5,mixalpha-numeric-space,1,7,0,10000
Current chain speed: 57
Percent completed: 91%
[H[2JWorking on: Part /home/nous/.distrrtgen/178810.part,500000,md5,mixalpha-numeric-space,1,7,0,10000
Current chain speed: 57
Percent completed: 91%
[H[2JWorking on: Part /home/nous/.distrrtgen/178810.part,500000,md5,mixalpha-numeric-space,1,7,0,10000
Current chain speed: 56
Percent completed: 91%
[H[2JWorking on: Part /home/nous/.distrrtgen/178810.part,500000,md5,mixalpha-numeric-space,1,7,0,10000
Current chain speed: 57
Percent completed: 91%
[H[2JWorking on: Part /home/nous/.distrrtgen/178810.part,500000,md5,mixalpha-numeric-space,1,7,0,10000
Current chain speed: 57
Percent completed: 91%
[H[2JWorking on: Part /home/nous/.distrrtgen/178810.part,500000,md5,mixalpha-numeric-space,1,7,0,10000
Current chain speed: 57
Percent completed: 91%
[H[2JWorking on: Part /home/nous/.distrrtgen/178810.part,500000,md5,mixalpha-numeric-space,1,7,0,10000
Current chain speed: 57
Percent completed: 92%
[H[2JWorking on: Part /home/nous/.distrrtgen/178810.part,500000,md5,mixalpha-numeric-space,1,7,0,10000
Current chain speed: 57
Percent completed: 92%
[H[2JWorking on: Part /home/nous/.distrrtgen/178810.part,500000,md5,mixalpha-numeric-space,1,7,0,10000
Current chain speed: 57
Percent completed: 92%
[H[2JWorking on: Part /home/nous/.distrrtgen/178810.part,500000,md5,mixalpha-numeric-space,1,7,0,10000
Current chain speed: 56
Percent completed: 92%
[H[2JWorking on: Part /home/nous/.distrrtgen/178810.part,500000,md5,mixalpha-numeric-space,1,7,0,10000
Current chain speed: 57
Percent completed: 92%
[H[2JWorking on: Part /home/nous/.distrrtgen/178810.part,500000,md5,mixalpha-numeric-space,1,7,0,10000
Current chain speed: 57
Percent completed: 92%
[H[2JWorking on: Part /home/nous/.distrrtgen/178810.part,500000,md5,mixalpha-numeric-space,1,7,0,10000
Current chain speed: 57
Percent completed: 92%
[H[2JWorking on: Part /home/nous/.distrrtgen/178810.part,500000,md5,mixalpha-numeric-space,1,7,0,10000
Current chain speed: 57
Percent completed: 92%
[H[2JWorking on: Part /home/nous/.distrrtgen/178810.part,500000,md5,mixalpha-numeric-space,1,7,0,10000
Current chain speed: 57
Percent completed: 92%
[H[2JWorking on: Part /home/nous/.distrrtgen/178810.part,500000,md5,mixalpha-numeric-space,1,7,0,10000
Current chain speed: 57
Percent completed: 93%
[H[2JWorking on: Part /home/nous/.distrrtgen/178810.part,500000,md5,mixalpha-numeric-space,1,7,0,10000
Current chain speed: 57
Percent completed: 93%
[H[2JWorking on: Part /home/nous/.distrrtgen/178810.part,500000,md5,mixalpha-numeric-space,1,7,0,10000
Current chain speed: 57
Percent completed: 93%
[H[2JWorking on: Part /home/nous/.distrrtgen/178810.part,500000,md5,mixalpha-numeric-space,1,7,0,10000
Current chain speed: 57
Percent completed: 93%
[H[2JWorking on: Part /home/nous/.distrrtgen/178810.part,500000,md5,mixalpha-numeric-space,1,7,0,10000
Current chain speed: 57
Percent completed: 93%
[H[2JWorking on: Part /home/nous/.distrrtgen/178810.part,500000,md5,mixalpha-numeric-space,1,7,0,10000
Current chain speed: 53
Percent completed: 93%
[H[2JWorking on: Part /home/nous/.distrrtgen/178810.part,500000,md5,mixalpha-numeric-space,1,7,0,10000
Current chain speed: 57
Percent completed: 93%
[H[2JWorking on: Part /home/nous/.distrrtgen/178810.part,500000,md5,mixalpha-numeric-space,1,7,0,10000
Current chain speed: 57
Percent completed: 93%
[H[2JWorking on: Part /home/nous/.distrrtgen/178810.part,500000,md5,mixalpha-numeric-space,1,7,0,10000
Current chain speed: 57
Percent completed: 93%
[H[2JWorking on: Part /home/nous/.distrrtgen/178810.part,500000,md5,mixalpha-numeric-space,1,7,0,10000
Current chain speed: 57
Percent completed: 94%
[H[2JWorking on: Part /home/nous/.distrrtgen/178810.part,500000,md5,mixalpha-numeric-space,1,7,0,10000
Current chain speed: 57
Percent completed: 94%
[H[2JWorking on: Part /home/nous/.distrrtgen/178810.part,500000,md5,mixalpha-numeric-space,1,7,0,10000
Current chain speed: 57
Percent completed: 94%
[H[2JWorking on: Part /home/nous/.distrrtgen/178810.part,500000,md5,mixalpha-numeric-space,1,7,0,10000
Current chain speed: 57
Percent completed: 94%
[H[2JWorking on: Part /home/nous/.distrrtgen/178810.part,500000,md5,mixalpha-numeric-space,1,7,0,10000
Current chain speed: 57
Percent completed: 94%
[H[2JWorking on: Part /home/nous/.distrrtgen/178810.part,500000,md5,mixalpha-numeric-space,1,7,0,10000
Current chain speed: 56
Percent completed: 94%
[H[2JWorking on: Part /home/nous/.distrrtgen/178810.part,500000,md5,mixalpha-numeric-space,1,7,0,10000
Current chain speed: 55
Percent completed: 94%
[H[2JWorking on: Part /home/nous/.distrrtgen/178810.part,500000,md5,mixalpha-numeric-space,1,7,0,10000
Current chain speed: 53
Percent completed: 94%
[H[2JWorking on: Part /home/nous/.distrrtgen/178810.part,500000,md5,mixalpha-numeric-space,1,7,0,10000
Current chain speed: 56
Percent completed: 94%
[H[2JWorking on: Part /home/nous/.distrrtgen/178810.part,500000,md5,mixalpha-numeric-space,1,7,0,10000
Current chain speed: 56
Percent completed: 95%
[H[2JWorking on: Part /home/nous/.distrrtgen/178810.part,500000,md5,mixalpha-numeric-space,1,7,0,10000
Current chain speed: 55
Percent completed: 95%
[H[2JWorking on: Part /home/nous/.distrrtgen/178810.part,500000,md5,mixalpha-numeric-space,1,7,0,10000
Current chain speed: 55
Percent completed: 95%
[H[2JWorking on: Part /home/nous/.distrrtgen/178810.part,500000,md5,mixalpha-numeric-space,1,7,0,10000
Current chain speed: 53
Percent completed: 95%
[H[2JWorking on: Part /home/nous/.distrrtgen/178810.part,500000,md5,mixalpha-numeric-space,1,7,0,10000
Current chain speed: 56
Percent completed: 95%
[H[2JWorking on: Part /home/nous/.distrrtgen/178810.part,500000,md5,mixalpha-numeric-space,1,7,0,10000
Current chain speed: 57
Percent completed: 95%
[H[2JWorking on: Part /home/nous/.distrrtgen/178810.part,500000,md5,mixalpha-numeric-space,1,7,0,10000
Current chain speed: 57
Percent completed: 95%
[H[2JWorking on: Part /home/nous/.distrrtgen/178810.part,500000,md5,mixalpha-numeric-space,1,7,0,10000
Current chain speed: 57
Percent completed: 95%
[H[2JWorking on: Part /home/nous/.distrrtgen/178810.part,500000,md5,mixalpha-numeric-space,1,7,0,10000
Current chain speed: 57
Percent completed: 95%
[H[2JWorking on: Part /home/nous/.distrrtgen/178810.part,500000,md5,mixalpha-numeric-space,1,7,0,10000
Current chain speed: 56
Percent completed: 96%
[H[2JWorking on: Part /home/nous/.distrrtgen/178810.part,500000,md5,mixalpha-numeric-space,1,7,0,10000
Current chain speed: 57
Percent completed: 96%
[H[2JWorking on: Part /home/nous/.distrrtgen/178810.part,500000,md5,mixalpha-numeric-space,1,7,0,10000
Current chain speed: 57
Percent completed: 96%
[H[2JWorking on: Part /home/nous/.distrrtgen/178810.part,500000,md5,mixalpha-numeric-space,1,7,0,10000
Current chain speed: 57
Percent completed: 96%
[H[2JWorking on: Part /home/nous/.distrrtgen/178810.part,500000,md5,mixalpha-numeric-space,1,7,0,10000
Current chain speed: 57
Percent completed: 96%
[H[2JWorking on: Part /home/nous/.distrrtgen/178810.part,500000,md5,mixalpha-numeric-space,1,7,0,10000
Current chain speed: 57
Percent completed: 96%
[H[2JWorking on: Part /home/nous/.distrrtgen/178810.part,500000,md5,mixalpha-numeric-space,1,7,0,10000
Current chain speed: 57
Percent completed: 96%
[H[2JWorking on: Part /home/nous/.distrrtgen/178810.part,500000,md5,mixalpha-numeric-space,1,7,0,10000
Current chain speed: 57
Percent completed: 96%
[H[2JWorking on: Part /home/nous/.distrrtgen/178810.part,500000,md5,mixalpha-numeric-space,1,7,0,10000
Current chain speed: 57
Percent completed: 97%
[H[2JWorking on: Part /home/nous/.distrrtgen/178810.part,500000,md5,mixalpha-numeric-space,1,7,0,10000
Current chain speed: 57
Percent completed: 97%
[H[2JWorking on: Part /home/nous/.distrrtgen/178810.part,500000,md5,mixalpha-numeric-space,1,7,0,10000
Current chain speed: 56
Percent completed: 97%
[H[2JWorking on: Part /home/nous/.distrrtgen/178810.part,500000,md5,mixalpha-numeric-space,1,7,0,10000
Current chain speed: 57
Percent completed: 97%
[H[2JWorking on: Part /home/nous/.distrrtgen/178810.part,500000,md5,mixalpha-numeric-space,1,7,0,10000
Current chain speed: 57
Percent completed: 97%
[H[2JWorking on: Part /home/nous/.distrrtgen/178810.part,500000,md5,mixalpha-numeric-space,1,7,0,10000
Current chain speed: 57
Percent completed: 97%
[H[2JWorking on: Part /home/nous/.distrrtgen/178810.part,500000,md5,mixalpha-numeric-space,1,7,0,10000
Current chain speed: 54
Percent completed: 97%
[H[2JWorking on: Part /home/nous/.distrrtgen/178810.part,500000,md5,mixalpha-numeric-space,1,7,0,10000
Current chain speed: 52
Percent completed: 97%
[H[2JWorking on: Part /home/nous/.distrrtgen/178810.part,500000,md5,mixalpha-numeric-space,1,7,0,10000
Current chain speed: 57
Percent completed: 97%
[H[2JWorking on: Part /home/nous/.distrrtgen/178810.part,500000,md5,mixalpha-numeric-space,1,7,0,10000
Current chain speed: 57
Percent completed: 98%
[H[2JWorking on: Part /home/nous/.distrrtgen/178810.part,500000,md5,mixalpha-numeric-space,1,7,0,10000
Current chain speed: 57
Percent completed: 98%
[H[2JWorking on: Part /home/nous/.distrrtgen/178810.part,500000,md5,mixalpha-numeric-space,1,7,0,10000
Current chain speed: 57
Percent completed: 98%
[H[2JWorking on: Part /home/nous/.distrrtgen/178810.part,500000,md5,mixalpha-numeric-space,1,7,0,10000
Current chain speed: 57
Percent completed: 98%
[H[2JWorking on: Part /home/nous/.distrrtgen/178810.part,500000,md5,mixalpha-numeric-space,1,7,0,10000
Current chain speed: 56
Percent completed: 98%
[H[2JWorking on: Part /home/nous/.distrrtgen/178810.part,500000,md5,mixalpha-numeric-space,1,7,0,10000
Current chain speed: 57
Percent completed: 98%
[H[2JWorking on: Part /home/nous/.distrrtgen/178810.part,500000,md5,mixalpha-numeric-space,1,7,0,10000
Current chain speed: 57
Percent completed: 98%
[H[2JWorking on: Part /home/nous/.distrrtgen/178810.part,500000,md5,mixalpha-numeric-space,1,7,0,10000
Current chain speed: 57
Percent completed: 98%
[H[2JWorking on: Part /home/nous/.distrrtgen/178810.part,500000,md5,mixalpha-numeric-space,1,7,0,10000
Current chain speed: 57
Percent completed: 98%
[H[2JWorking on: Part /home/nous/.distrrtgen/178810.part,500000,md5,mixalpha-numeric-space,1,7,0,10000
Current chain speed: 57
Percent completed: 99%
[H[2JWorking on: Part /home/nous/.distrrtgen/178810.part,500000,md5,mixalpha-numeric-space,1,7,0,10000
Current chain speed: 57
Percent completed: 99%
[H[2JWorking on: Part /home/nous/.distrrtgen/178810.part,500000,md5,mixalpha-numeric-space,1,7,0,10000
Current chain speed: 57
Percent completed: 99%
[H[2JWorking on: Part /home/nous/.distrrtgen/178810.part,500000,md5,mixalpha-numeric-space,1,7,0,10000
Current chain speed: 57
Percent completed: 99%
[H[2JWorking on: Part /home/nous/.distrrtgen/178810.part,500000,md5,mixalpha-numeric-space,1,7,0,10000
Current chain speed: 57
Percent completed: 99%
[H[2JWorking on: Part /home/nous/.distrrtgen/178810.part,500000,md5,mixalpha-numeric-space,1,7,0,10000
Current chain speed: 57
Percent completed: 99%
[H[2JWorking on: Part /home/nous/.distrrtgen/178810.part,500000,md5,mixalpha-numeric-space,1,7,0,10000
Current chain speed: 55
Percent completed: 99%
[H[2JWorking on: Part /home/nous/.distrrtgen/178810.part,500000,md5,mixalpha-numeric-space,1,7,0,10000
Current chain speed: 57
Percent completed: 99%
[H[2JWorking on: Part /home/nous/.distrrtgen/178810.part,500000,md5,mixalpha-numeric-space,1,7,0,10000
Current chain speed: 57
Percent completed: 99%
[H[2JWorking on: Part /home/nous/.distrrtgen/178810.part,500000,md5,mixalpha-numeric-space,1,7,0,10000
Current chain speed: 57
Percent completed: 1e+02%
[H[2JWorking on: Part /home/nous/.distrrtgen/178810.part,500000,md5,mixalpha-numeric-space,1,7,0,10000
Current chain speed: 57
Percent completed: 1e+02%
[H[2JWorking on: Part /home/nous/.distrrtgen/178810.part,500000,md5,mixalpha-numeric-space,1,7,0,10000
Current chain speed: 57
Percent completed: 1e+02%
[H[2JWorking on: Part /home/nous/.distrrtgen/178810.part,500000,md5,mixalpha-numeric-space,1,7,0,10000
Current chain speed: 57
Percent completed: 1e+02%
Calculations of part 178810 completed. Sending data...
Uploading part : 178810.part
Data delivered!
Connecting to server...OK
Performing logon...OK
Requesting work... 
 
Received PartID n° : 179102
Loading WorkUnit Details
work received !
Starting multithreaded rainbowtable generator...
[H[2Jhash routine: md5
hash length: 16
plain charset: abcdefghijklmnopqrstuvwxyzABCDEFGHIJKLMNOPQRSTUVWXYZ0123456789 
plain charset in hex: 61 62 63 64 65 66 67 68 69 6a 6b 6c 6d 6e 6f 70 71 72 73 74 75 76 77 78 79 7a 41 42 43 44 45 46 47 48 49 4a 4b 4c 4d 4e 4f 50 51 52 53 54 55 56 57 58 59 5a 30 31 32 33 34 35 36 37 38 39 20 
plain length range: 1 - 7
plain charset name: mixalpha-numeric-space
plain space total: 4002512584959
rainbow table index: 0
reduce offset: 0

Working on: Part /home/nous/.distrrtgen/179102.part,500000,md5,mixalpha-numeric-space,1,7,0,10000
Current chain speed: 52
Percent completed: 0.1%
[H[2JWorking on: Part /home/nous/.distrrtgen/179102.part,500000,md5,mixalpha-numeric-space,1,7,0,10000
Current chain speed: 57
Percent completed: 0.2%
[H[2JWorking on: Part /home/nous/.distrrtgen/179102.part,500000,md5,mixalpha-numeric-space,1,7,0,10000
Current chain speed: 56
Percent completed: 0.32%
[H[2JWorking on: Part /home/nous/.distrrtgen/179102.part,500000,md5,mixalpha-numeric-space,1,7,0,10000
Current chain speed: 57
Percent completed: 0.44%
[H[2JWorking on: Part /home/nous/.distrrtgen/179102.part,500000,md5,mixalpha-numeric-space,1,7,0,10000
Current chain speed: 57
Percent completed: 0.56%
[H[2JWorking on: Part /home/nous/.distrrtgen/179102.part,500000,md5,mixalpha-numeric-space,1,7,0,10000
Current chain speed: 57
Percent completed: 0.66%
[H[2JWorking on: Part /home/nous/.distrrtgen/179102.part,500000,md5,mixalpha-numeric-space,1,7,0,10000
Current chain speed: 57
Percent completed: 0.78%
[H[2JWorking on: Part /home/nous/.distrrtgen/179102.part,500000,md5,mixalpha-numeric-space,1,7,0,10000
Current chain speed: 57
Percent completed: 0.9%
[H[2JWorking on: Part /home/nous/.distrrtgen/179102.part,500000,md5,mixalpha-numeric-space,1,7,0,10000
Current chain speed: 57
Percent completed: 1%
[H[2JWorking on: Part /home/nous/.distrrtgen/179102.part,500000,md5,mixalpha-numeric-space,1,7,0,10000
Current chain speed: 57
Percent completed: 1.1%
[H[2JWorking on: Part /home/nous/.distrrtgen/179102.part,500000,md5,mixalpha-numeric-space,1,7,0,10000
Current chain speed: 57
Percent completed: 1.2%
[H[2JWorking on: Part /home/nous/.distrrtgen/179102.part,500000,md5,mixalpha-numeric-space,1,7,0,10000
Current chain speed: 57
Percent completed: 1.4%
[H[2JWorking on: Part /home/nous/.distrrtgen/179102.part,500000,md5,mixalpha-numeric-space,1,7,0,10000
Current chain speed: 57
Percent completed: 1.5%
[H[2JWorking on: Part /home/nous/.distrrtgen/179102.part,500000,md5,mixalpha-numeric-space,1,7,0,10000
Current chain speed: 56
Percent completed: 1.6%
[H[2JWorking on: Part /home/nous/.distrrtgen/179102.part,500000,md5,mixalpha-numeric-space,1,7,0,10000
Current chain speed: 57
Percent completed: 1.7%
[H[2JWorking on: Part /home/nous/.distrrtgen/179102.part,500000,md5,mixalpha-numeric-space,1,7,0,10000
Current chain speed: 57
Percent completed: 1.8%
[H[2JWorking on: Part /home/nous/.distrrtgen/179102.part,500000,md5,mixalpha-numeric-space,1,7,0,10000
Current chain speed: 57
Percent completed: 1.9%
[H[2JWorking on: Part /home/nous/.distrrtgen/179102.part,500000,md5,mixalpha-numeric-space,1,7,0,10000
Current chain speed: 57
Percent completed: 2%
[H[2JWorking on: Part /home/nous/.distrrtgen/179102.part,500000,md5,mixalpha-numeric-space,1,7,0,10000
Current chain speed: 57
Percent completed: 2.2%
[H[2JWorking on: Part /home/nous/.distrrtgen/179102.part,500000,md5,mixalpha-numeric-space,1,7,0,10000
Current chain speed: 57
Percent completed: 2.3%
[H[2JWorking on: Part /home/nous/.distrrtgen/179102.part,500000,md5,mixalpha-numeric-space,1,7,0,10000
Current chain speed: 57
Percent completed: 2.4%
[H[2JWorking on: Part /home/nous/.distrrtgen/179102.part,500000,md5,mixalpha-numeric-space,1,7,0,10000
Current chain speed: 57
Percent completed: 2.5%
[H[2JWorking on: Part /home/nous/.distrrtgen/179102.part,500000,md5,mixalpha-numeric-space,1,7,0,10000
Current chain speed: 57
Percent completed: 2.6%
[H[2JWorking on: Part /home/nous/.distrrtgen/179102.part,500000,md5,mixalpha-numeric-space,1,7,0,10000
Current chain speed: 57
Percent completed: 2.7%
[H[2JWorking on: Part /home/nous/.distrrtgen/179102.part,500000,md5,mixalpha-numeric-space,1,7,0,10000
Current chain speed: 56
Percent completed: 2.9%
[H[2JWorking on: Part /home/nous/.distrrtgen/179102.part,500000,md5,mixalpha-numeric-space,1,7,0,10000
Current chain speed: 57
Percent completed: 3%
[H[2JWorking on: Part /home/nous/.distrrtgen/179102.part,500000,md5,mixalpha-numeric-space,1,7,0,10000
Current chain speed: 57
Percent completed: 3.1%
[H[2JWorking on: Part /home/nous/.distrrtgen/179102.part,500000,md5,mixalpha-numeric-space,1,7,0,10000
Current chain speed: 57
Percent completed: 3.2%
[H[2JWorking on: Part /home/nous/.distrrtgen/179102.part,500000,md5,mixalpha-numeric-space,1,7,0,10000
Current chain speed: 57
Percent completed: 3.3%
[H[2JWorking on: Part /home/nous/.distrrtgen/179102.part,500000,md5,mixalpha-numeric-space,1,7,0,10000
Current chain speed: 57
Percent completed: 3.4%
[H[2JWorking on: Part /home/nous/.distrrtgen/179102.part,500000,md5,mixalpha-numeric-space,1,7,0,10000
Current chain speed: 57
Percent completed: 3.5%
[H[2JWorking on: Part /home/nous/.distrrtgen/179102.part,500000,md5,mixalpha-numeric-space,1,7,0,10000
Current chain speed: 57
Percent completed: 3.7%
[H[2JWorking on: Part /home/nous/.distrrtgen/179102.part,500000,md5,mixalpha-numeric-space,1,7,0,10000
Current chain speed: 57
Percent completed: 3.8%
[H[2JWorking on: Part /home/nous/.distrrtgen/179102.part,500000,md5,mixalpha-numeric-space,1,7,0,10000
Current chain speed: 57
Percent completed: 3.9%
[H[2JWorking on: Part /home/nous/.distrrtgen/179102.part,500000,md5,mixalpha-numeric-space,1,7,0,10000
Current chain speed: 57
Percent completed: 4%
[H[2JWorking on: Part /home/nous/.distrrtgen/179102.part,500000,md5,mixalpha-numeric-space,1,7,0,10000
Current chain speed: 56
Percent completed: 4.1%
[H[2JWorking on: Part /home/nous/.distrrtgen/179102.part,500000,md5,mixalpha-numeric-space,1,7,0,10000
Current chain speed: 57
Percent completed: 4.2%
[H[2JWorking on: Part /home/nous/.distrrtgen/179102.part,500000,md5,mixalpha-numeric-space,1,7,0,10000
Current chain speed: 57
Percent completed: 4.4%
[H[2JWorking on: Part /home/nous/.distrrtgen/179102.part,500000,md5,mixalpha-numeric-space,1,7,0,10000
Current chain speed: 57
Percent completed: 4.5%
[H[2JWorking on: Part /home/nous/.distrrtgen/179102.part,500000,md5,mixalpha-numeric-space,1,7,0,10000
Current chain speed: 57
Percent completed: 4.6%
[H[2JWorking on: Part /home/nous/.distrrtgen/179102.part,500000,md5,mixalpha-numeric-space,1,7,0,10000
Current chain speed: 57
Percent completed: 4.7%
[H[2JWorking on: Part /home/nous/.distrrtgen/179102.part,500000,md5,mixalpha-numeric-space,1,7,0,10000
Current chain speed: 57
Percent completed: 4.8%
[H[2JWorking on: Part /home/nous/.distrrtgen/179102.part,500000,md5,mixalpha-numeric-space,1,7,0,10000
Current chain speed: 57
Percent completed: 4.9%
[H[2JWorking on: Part /home/nous/.distrrtgen/179102.part,500000,md5,mixalpha-numeric-space,1,7,0,10000
Current chain speed: 57
Percent completed: 5%
[H[2JWorking on: Part /home/nous/.distrrtgen/179102.part,500000,md5,mixalpha-numeric-space,1,7,0,10000
Current chain speed: 57
Percent completed: 5.2%
[H[2JWorking on: Part /home/nous/.distrrtgen/179102.part,500000,md5,mixalpha-numeric-space,1,7,0,10000
Current chain speed: 57
Percent completed: 5.3%
[H[2JWorking on: Part /home/nous/.distrrtgen/179102.part,500000,md5,mixalpha-numeric-space,1,7,0,10000
Current chain speed: 56
Percent completed: 5.4%
[H[2JWorking on: Part /home/nous/.distrrtgen/179102.part,500000,md5,mixalpha-numeric-space,1,7,0,10000
Current chain speed: 57
Percent completed: 5.5%
[H[2JWorking on: Part /home/nous/.distrrtgen/179102.part,500000,md5,mixalpha-numeric-space,1,7,0,10000
Current chain speed: 57
Percent completed: 5.6%
[H[2JWorking on: Part /home/nous/.distrrtgen/179102.part,500000,md5,mixalpha-numeric-space,1,7,0,10000
Current chain speed: 57
Percent completed: 5.7%
[H[2JWorking on: Part /home/nous/.distrrtgen/179102.part,500000,md5,mixalpha-numeric-space,1,7,0,10000
Current chain speed: 57
Percent completed: 5.8%
[H[2JWorking on: Part /home/nous/.distrrtgen/179102.part,500000,md5,mixalpha-numeric-space,1,7,0,10000
Current chain speed: 57
Percent completed: 6%
[H[2JWorking on: Part /home/nous/.distrrtgen/179102.part,500000,md5,mixalpha-numeric-space,1,7,0,10000
Current chain speed: 57
Percent completed: 6.1%
[H[2JWorking on: Part /home/nous/.distrrtgen/179102.part,500000,md5,mixalpha-numeric-space,1,7,0,10000
Current chain speed: 57
Percent completed: 6.2%
[H[2JWorking on: Part /home/nous/.distrrtgen/179102.part,500000,md5,mixalpha-numeric-space,1,7,0,10000
Current chain speed: 57
Percent completed: 6.3%
[H[2JWorking on: Part /home/nous/.distrrtgen/179102.part,500000,md5,mixalpha-numeric-space,1,7,0,10000
Current chain speed: 57
Percent completed: 6.4%
[H[2JWorking on: Part /home/nous/.distrrtgen/179102.part,500000,md5,mixalpha-numeric-space,1,7,0,10000
Current chain speed: 56
Percent completed: 6.5%
[H[2JWorking on: Part /home/nous/.distrrtgen/179102.part,500000,md5,mixalpha-numeric-space,1,7,0,10000
Current chain speed: 57
Percent completed: 6.7%
[H[2JWorking on: Part /home/nous/.distrrtgen/179102.part,500000,md5,mixalpha-numeric-space,1,7,0,10000
Current chain speed: 57
Percent completed: 6.8%
[H[2JWorking on: Part /home/nous/.distrrtgen/179102.part,500000,md5,mixalpha-numeric-space,1,7,0,10000
Current chain speed: 57
Percent completed: 6.9%
[H[2JWorking on: Part /home/nous/.distrrtgen/179102.part,500000,md5,mixalpha-numeric-space,1,7,0,10000
Current chain speed: 57
Percent completed: 7%
[H[2JWorking on: Part /home/nous/.distrrtgen/179102.part,500000,md5,mixalpha-numeric-space,1,7,0,10000
Current chain speed: 57
Percent completed: 7.1%
[H[2JWorking on: Part /home/nous/.distrrtgen/179102.part,500000,md5,mixalpha-numeric-space,1,7,0,10000
Current chain speed: 57
Percent completed: 7.2%
[H[2JWorking on: Part /home/nous/.distrrtgen/179102.part,500000,md5,mixalpha-numeric-space,1,7,0,10000
Current chain speed: 57
Percent completed: 7.3%
[H[2JWorking on: Part /home/nous/.distrrtgen/179102.part,500000,md5,mixalpha-numeric-space,1,7,0,10000
Current chain speed: 57
Percent completed: 7.5%
[H[2JWorking on: Part /home/nous/.distrrtgen/179102.part,500000,md5,mixalpha-numeric-space,1,7,0,10000
Current chain speed: 57
Percent completed: 7.6%
[H[2JWorking on: Part /home/nous/.distrrtgen/179102.part,500000,md5,mixalpha-numeric-space,1,7,0,10000
Current chain speed: 57
Percent completed: 7.7%
[H[2JWorking on: Part /home/nous/.distrrtgen/179102.part,500000,md5,mixalpha-numeric-space,1,7,0,10000
Current chain speed: 56
Percent completed: 7.8%
[H[2JWorking on: Part /home/nous/.distrrtgen/179102.part,500000,md5,mixalpha-numeric-space,1,7,0,10000
Current chain speed: 57
Percent completed: 7.9%
[H[2JWorking on: Part /home/nous/.distrrtgen/179102.part,500000,md5,mixalpha-numeric-space,1,7,0,10000
Current chain speed: 57
Percent completed: 8%
[H[2JWorking on: Part /home/nous/.distrrtgen/179102.part,500000,md5,mixalpha-numeric-space,1,7,0,10000
Current chain speed: 57
Percent completed: 8.2%
[H[2JWorking on: Part /home/nous/.distrrtgen/179102.part,500000,md5,mixalpha-numeric-space,1,7,0,10000
Current chain speed: 57
Percent completed: 8.3%
[H[2JWorking on: Part /home/nous/.distrrtgen/179102.part,500000,md5,mixalpha-numeric-space,1,7,0,10000
Current chain speed: 57
Percent completed: 8.4%
[H[2JWorking on: Part /home/nous/.distrrtgen/179102.part,500000,md5,mixalpha-numeric-space,1,7,0,10000
Current chain speed: 57
Percent completed: 8.5%
[H[2JWorking on: Part /home/nous/.distrrtgen/179102.part,500000,md5,mixalpha-numeric-space,1,7,0,10000
Current chain speed: 57
Percent completed: 8.6%
[H[2JWorking on: Part /home/nous/.distrrtgen/179102.part,500000,md5,mixalpha-numeric-space,1,7,0,10000
Current chain speed: 57
Percent completed: 8.7%
[H[2JWorking on: Part /home/nous/.distrrtgen/179102.part,500000,md5,mixalpha-numeric-space,1,7,0,10000
Current chain speed: 57
Percent completed: 8.8%
[H[2JWorking on: Part /home/nous/.distrrtgen/179102.part,500000,md5,mixalpha-numeric-space,1,7,0,10000
Current chain speed: 57
Percent completed: 9%
[H[2JWorking on: Part /home/nous/.distrrtgen/179102.part,500000,md5,mixalpha-numeric-space,1,7,0,10000
Current chain speed: 56
Percent completed: 9.1%
[H[2JWorking on: Part /home/nous/.distrrtgen/179102.part,500000,md5,mixalpha-numeric-space,1,7,0,10000
Current chain speed: 57
Percent completed: 9.2%
[H[2JWorking on: Part /home/nous/.distrrtgen/179102.part,500000,md5,mixalpha-numeric-space,1,7,0,10000
Current chain speed: 57
Percent completed: 9.3%
[H[2JWorking on: Part /home/nous/.distrrtgen/179102.part,500000,md5,mixalpha-numeric-space,1,7,0,10000
Current chain speed: 57
Percent completed: 9.4%
[H[2JWorking on: Part /home/nous/.distrrtgen/179102.part,500000,md5,mixalpha-numeric-space,1,7,0,10000
Current chain speed: 57
Percent completed: 9.5%
[H[2JWorking on: Part /home/nous/.distrrtgen/179102.part,500000,md5,mixalpha-numeric-space,1,7,0,10000
Current chain speed: 57
Percent completed: 9.7%
[H[2JWorking on: Part /home/nous/.distrrtgen/179102.part,500000,md5,mixalpha-numeric-space,1,7,0,10000
Current chain speed: 57
Percent completed: 9.8%
[H[2JWorking on: Part /home/nous/.distrrtgen/179102.part,500000,md5,mixalpha-numeric-space,1,7,0,10000
Current chain speed: 57
Percent completed: 9.9%
[H[2JWorking on: Part /home/nous/.distrrtgen/179102.part,500000,md5,mixalpha-numeric-space,1,7,0,10000
Current chain speed: 57
Percent completed: 10%
[H[2JWorking on: Part /home/nous/.distrrtgen/179102.part,500000,md5,mixalpha-numeric-space,1,7,0,10000
Current chain speed: 57
Percent completed: 10%
[H[2JWorking on: Part /home/nous/.distrrtgen/179102.part,500000,md5,mixalpha-numeric-space,1,7,0,10000
Current chain speed: 57
Percent completed: 10%
[H[2JWorking on: Part /home/nous/.distrrtgen/179102.part,500000,md5,mixalpha-numeric-space,1,7,0,10000
Current chain speed: 56
Percent completed: 10%
[H[2JWorking on: Part /home/nous/.distrrtgen/179102.part,500000,md5,mixalpha-numeric-space,1,7,0,10000
Current chain speed: 57
Percent completed: 10%
[H[2JWorking on: Part /home/nous/.distrrtgen/179102.part,500000,md5,mixalpha-numeric-space,1,7,0,10000
Current chain speed: 57
Percent completed: 11%
[H[2JWorking on: Part /home/nous/.distrrtgen/179102.part,500000,md5,mixalpha-numeric-space,1,7,0,10000
Current chain speed: 57
Percent completed: 11%
[H[2JWorking on: Part /home/nous/.distrrtgen/179102.part,500000,md5,mixalpha-numeric-space,1,7,0,10000
Current chain speed: 57
Percent completed: 11%
[H[2JWorking on: Part /home/nous/.distrrtgen/179102.part,500000,md5,mixalpha-numeric-space,1,7,0,10000
Current chain speed: 57
Percent completed: 11%
[H[2JWorking on: Part /home/nous/.distrrtgen/179102.part,500000,md5,mixalpha-numeric-space,1,7,0,10000
Current chain speed: 57
Percent completed: 11%
[H[2JWorking on: Part /home/nous/.distrrtgen/179102.part,500000,md5,mixalpha-numeric-space,1,7,0,10000
Current chain speed: 57
Percent completed: 11%
[H[2JWorking on: Part /home/nous/.distrrtgen/179102.part,500000,md5,mixalpha-numeric-space,1,7,0,10000
Current chain speed: 57
Percent completed: 11%
[H[2JWorking on: Part /home/nous/.distrrtgen/179102.part,500000,md5,mixalpha-numeric-space,1,7,0,10000
Current chain speed: 57
Percent completed: 11%
[H[2JWorking on: Part /home/nous/.distrrtgen/179102.part,500000,md5,mixalpha-numeric-space,1,7,0,10000
Current chain speed: 57
Percent completed: 12%
[H[2JWorking on: Part /home/nous/.distrrtgen/179102.part,500000,md5,mixalpha-numeric-space,1,7,0,10000
Current chain speed: 56
Percent completed: 12%
[H[2JWorking on: Part /home/nous/.distrrtgen/179102.part,500000,md5,mixalpha-numeric-space,1,7,0,10000
Current chain speed: 57
Percent completed: 12%
[H[2JWorking on: Part /home/nous/.distrrtgen/179102.part,500000,md5,mixalpha-numeric-space,1,7,0,10000
Current chain speed: 57
Percent completed: 12%
[H[2JWorking on: Part /home/nous/.distrrtgen/179102.part,500000,md5,mixalpha-numeric-space,1,7,0,10000
Current chain speed: 57
Percent completed: 12%
[H[2JWorking on: Part /home/nous/.distrrtgen/179102.part,500000,md5,mixalpha-numeric-space,1,7,0,10000
Current chain speed: 57
Percent completed: 12%
[H[2JWorking on: Part /home/nous/.distrrtgen/179102.part,500000,md5,mixalpha-numeric-space,1,7,0,10000
Current chain speed: 57
Percent completed: 12%
[H[2JWorking on: Part /home/nous/.distrrtgen/179102.part,500000,md5,mixalpha-numeric-space,1,7,0,10000
Current chain speed: 57
Percent completed: 12%
[H[2JWorking on: Part /home/nous/.distrrtgen/179102.part,500000,md5,mixalpha-numeric-space,1,7,0,10000
Current chain speed: 57
Percent completed: 12%
[H[2JWorking on: Part /home/nous/.distrrtgen/179102.part,500000,md5,mixalpha-numeric-space,1,7,0,10000
Current chain speed: 57
Percent completed: 13%
[H[2JWorking on: Part /home/nous/.distrrtgen/179102.part,500000,md5,mixalpha-numeric-space,1,7,0,10000
Current chain speed: 57
Percent completed: 13%
[H[2JWorking on: Part /home/nous/.distrrtgen/179102.part,500000,md5,mixalpha-numeric-space,1,7,0,10000
Current chain speed: 57
Percent completed: 13%
[H[2JWorking on: Part /home/nous/.distrrtgen/179102.part,500000,md5,mixalpha-numeric-space,1,7,0,10000
Current chain speed: 56
Percent completed: 13%
[H[2JWorking on: Part /home/nous/.distrrtgen/179102.part,500000,md5,mixalpha-numeric-space,1,7,0,10000
Current chain speed: 57
Percent completed: 13%
[H[2JWorking on: Part /home/nous/.distrrtgen/179102.part,500000,md5,mixalpha-numeric-space,1,7,0,10000
Current chain speed: 57
Percent completed: 13%
[H[2JWorking on: Part /home/nous/.distrrtgen/179102.part,500000,md5,mixalpha-numeric-space,1,7,0,10000
Current chain speed: 57
Percent completed: 13%
[H[2JWorking on: Part /home/nous/.distrrtgen/179102.part,500000,md5,mixalpha-numeric-space,1,7,0,10000
Current chain speed: 57
Percent completed: 13%
[H[2JWorking on: Part /home/nous/.distrrtgen/179102.part,500000,md5,mixalpha-numeric-space,1,7,0,10000
Current chain speed: 57
Percent completed: 13%
[H[2JWorking on: Part /home/nous/.distrrtgen/179102.part,500000,md5,mixalpha-numeric-space,1,7,0,10000
Current chain speed: 57
Percent completed: 14%
[H[2JWorking on: Part /home/nous/.distrrtgen/179102.part,500000,md5,mixalpha-numeric-space,1,7,0,10000
Current chain speed: 57
Percent completed: 14%
[H[2JWorking on: Part /home/nous/.distrrtgen/179102.part,500000,md5,mixalpha-numeric-space,1,7,0,10000
Current chain speed: 57
Percent completed: 14%
[H[2JWorking on: Part /home/nous/.distrrtgen/179102.part,500000,md5,mixalpha-numeric-space,1,7,0,10000
Current chain speed: 57
Percent completed: 14%
[H[2JWorking on: Part /home/nous/.distrrtgen/179102.part,500000,md5,mixalpha-numeric-space,1,7,0,10000
Current chain speed: 57
Percent completed: 14%
[H[2JWorking on: Part /home/nous/.distrrtgen/179102.part,500000,md5,mixalpha-numeric-space,1,7,0,10000
Current chain speed: 56
Percent completed: 14%
[H[2JWorking on: Part /home/nous/.distrrtgen/179102.part,500000,md5,mixalpha-numeric-space,1,7,0,10000
Current chain speed: 57
Percent completed: 14%
[H[2JWorking on: Part /home/nous/.distrrtgen/179102.part,500000,md5,mixalpha-numeric-space,1,7,0,10000
Current chain speed: 57
Percent completed: 14%
[H[2JWorking on: Part /home/nous/.distrrtgen/179102.part,500000,md5,mixalpha-numeric-space,1,7,0,10000
Current chain speed: 57
Percent completed: 14%
[H[2JWorking on: Part /home/nous/.distrrtgen/179102.part,500000,md5,mixalpha-numeric-space,1,7,0,10000
Current chain speed: 57
Percent completed: 15%
[H[2JWorking on: Part /home/nous/.distrrtgen/179102.part,500000,md5,mixalpha-numeric-space,1,7,0,10000
Current chain speed: 57
Percent completed: 15%
[H[2JWorking on: Part /home/nous/.distrrtgen/179102.part,500000,md5,mixalpha-numeric-space,1,7,0,10000
Current chain speed: 57
Percent completed: 15%
[H[2JWorking on: Part /home/nous/.distrrtgen/179102.part,500000,md5,mixalpha-numeric-space,1,7,0,10000
Current chain speed: 57
Percent completed: 15%
[H[2JWorking on: Part /home/nous/.distrrtgen/179102.part,500000,md5,mixalpha-numeric-space,1,7,0,10000
Current chain speed: 57
Percent completed: 15%
[H[2JWorking on: Part /home/nous/.distrrtgen/179102.part,500000,md5,mixalpha-numeric-space,1,7,0,10000
Current chain speed: 57
Percent completed: 15%
[H[2JWorking on: Part /home/nous/.distrrtgen/179102.part,500000,md5,mixalpha-numeric-space,1,7,0,10000
Current chain speed: 57
Percent completed: 15%
[H[2JWorking on: Part /home/nous/.distrrtgen/179102.part,500000,md5,mixalpha-numeric-space,1,7,0,10000
Current chain speed: 56
Percent completed: 15%
[H[2JWorking on: Part /home/nous/.distrrtgen/179102.part,500000,md5,mixalpha-numeric-space,1,7,0,10000
Current chain speed: 57
Percent completed: 16%
[H[2JWorking on: Part /home/nous/.distrrtgen/179102.part,500000,md5,mixalpha-numeric-space,1,7,0,10000
Current chain speed: 57
Percent completed: 16%
[H[2JWorking on: Part /home/nous/.distrrtgen/179102.part,500000,md5,mixalpha-numeric-space,1,7,0,10000
Current chain speed: 57
Percent completed: 16%
[H[2JWorking on: Part /home/nous/.distrrtgen/179102.part,500000,md5,mixalpha-numeric-space,1,7,0,10000
Current chain speed: 57
Percent completed: 16%
[H[2JWorking on: Part /home/nous/.distrrtgen/179102.part,500000,md5,mixalpha-numeric-space,1,7,0,10000
Current chain speed: 57
Percent completed: 16%
[H[2JWorking on: Part /home/nous/.distrrtgen/179102.part,500000,md5,mixalpha-numeric-space,1,7,0,10000
Current chain speed: 57
Percent completed: 16%
[H[2JWorking on: Part /home/nous/.distrrtgen/179102.part,500000,md5,mixalpha-numeric-space,1,7,0,10000
Current chain speed: 57
Percent completed: 16%
[H[2JWorking on: Part /home/nous/.distrrtgen/179102.part,500000,md5,mixalpha-numeric-space,1,7,0,10000
Current chain speed: 57
Percent completed: 16%
[H[2JWorking on: Part /home/nous/.distrrtgen/179102.part,500000,md5,mixalpha-numeric-space,1,7,0,10000
Current chain speed: 57
Percent completed: 16%
[H[2JWorking on: Part /home/nous/.distrrtgen/179102.part,500000,md5,mixalpha-numeric-space,1,7,0,10000
Current chain speed: 57
Percent completed: 17%
[H[2JWorking on: Part /home/nous/.distrrtgen/179102.part,500000,md5,mixalpha-numeric-space,1,7,0,10000
Current chain speed: 56
Percent completed: 17%
[H[2JWorking on: Part /home/nous/.distrrtgen/179102.part,500000,md5,mixalpha-numeric-space,1,7,0,10000
Current chain speed: 57
Percent completed: 17%
[H[2JWorking on: Part /home/nous/.distrrtgen/179102.part,500000,md5,mixalpha-numeric-space,1,7,0,10000
Current chain speed: 57
Percent completed: 17%
[H[2JWorking on: Part /home/nous/.distrrtgen/179102.part,500000,md5,mixalpha-numeric-space,1,7,0,10000
Current chain speed: 57
Percent completed: 17%
[H[2JWorking on: Part /home/nous/.distrrtgen/179102.part,500000,md5,mixalpha-numeric-space,1,7,0,10000
Current chain speed: 57
Percent completed: 17%
[H[2JWorking on: Part /home/nous/.distrrtgen/179102.part,500000,md5,mixalpha-numeric-space,1,7,0,10000
Current chain speed: 57
Percent completed: 17%
[H[2JWorking on: Part /home/nous/.distrrtgen/179102.part,500000,md5,mixalpha-numeric-space,1,7,0,10000
Current chain speed: 57
Percent completed: 17%
[H[2JWorking on: Part /home/nous/.distrrtgen/179102.part,500000,md5,mixalpha-numeric-space,1,7,0,10000
Current chain speed: 57
Percent completed: 17%
[H[2JWorking on: Part /home/nous/.distrrtgen/179102.part,500000,md5,mixalpha-numeric-space,1,7,0,10000
Current chain speed: 57
Percent completed: 18%
[H[2JWorking on: Part /home/nous/.distrrtgen/179102.part,500000,md5,mixalpha-numeric-space,1,7,0,10000
Current chain speed: 57
Percent completed: 18%
[H[2JWorking on: Part /home/nous/.distrrtgen/179102.part,500000,md5,mixalpha-numeric-space,1,7,0,10000
Current chain speed: 57
Percent completed: 18%
[H[2JWorking on: Part /home/nous/.distrrtgen/179102.part,500000,md5,mixalpha-numeric-space,1,7,0,10000
Current chain speed: 56
Percent completed: 18%
[H[2JWorking on: Part /home/nous/.distrrtgen/179102.part,500000,md5,mixalpha-numeric-space,1,7,0,10000
Current chain speed: 57
Percent completed: 18%
[H[2JWorking on: Part /home/nous/.distrrtgen/179102.part,500000,md5,mixalpha-numeric-space,1,7,0,10000
Current chain speed: 57
Percent completed: 18%
[H[2JWorking on: Part /home/nous/.distrrtgen/179102.part,500000,md5,mixalpha-numeric-space,1,7,0,10000
Current chain speed: 57
Percent completed: 18%
[H[2JWorking on: Part /home/nous/.distrrtgen/179102.part,500000,md5,mixalpha-numeric-space,1,7,0,10000
Current chain speed: 57
Percent completed: 18%
[H[2JWorking on: Part /home/nous/.distrrtgen/179102.part,500000,md5,mixalpha-numeric-space,1,7,0,10000
Current chain speed: 57
Percent completed: 19%
[H[2JWorking on: Part /home/nous/.distrrtgen/179102.part,500000,md5,mixalpha-numeric-space,1,7,0,10000
Current chain speed: 57
Percent completed: 19%
[H[2JWorking on: Part /home/nous/.distrrtgen/179102.part,500000,md5,mixalpha-numeric-space,1,7,0,10000
Current chain speed: 57
Percent completed: 19%
[H[2JWorking on: Part /home/nous/.distrrtgen/179102.part,500000,md5,mixalpha-numeric-space,1,7,0,10000
Current chain speed: 57
Percent completed: 19%
[H[2JWorking on: Part /home/nous/.distrrtgen/179102.part,500000,md5,mixalpha-numeric-space,1,7,0,10000
Current chain speed: 57
Percent completed: 19%
[H[2JWorking on: Part /home/nous/.distrrtgen/179102.part,500000,md5,mixalpha-numeric-space,1,7,0,10000
Current chain speed: 57
Percent completed: 19%
[H[2JWorking on: Part /home/nous/.distrrtgen/179102.part,500000,md5,mixalpha-numeric-space,1,7,0,10000
Current chain speed: 56
Percent completed: 19%
[H[2JWorking on: Part /home/nous/.distrrtgen/179102.part,500000,md5,mixalpha-numeric-space,1,7,0,10000
Current chain speed: 57
Percent completed: 19%
[H[2JWorking on: Part /home/nous/.distrrtgen/179102.part,500000,md5,mixalpha-numeric-space,1,7,0,10000
Current chain speed: 57
Percent completed: 19%
[H[2JWorking on: Part /home/nous/.distrrtgen/179102.part,500000,md5,mixalpha-numeric-space,1,7,0,10000
Current chain speed: 57
Percent completed: 20%
[H[2JWorking on: Part /home/nous/.distrrtgen/179102.part,500000,md5,mixalpha-numeric-space,1,7,0,10000
Current chain speed: 57
Percent completed: 20%
[H[2JWorking on: Part /home/nous/.distrrtgen/179102.part,500000,md5,mixalpha-numeric-space,1,7,0,10000
Current chain speed: 57
Percent completed: 20%
[H[2JWorking on: Part /home/nous/.distrrtgen/179102.part,500000,md5,mixalpha-numeric-space,1,7,0,10000
Current chain speed: 57
Percent completed: 20%
[H[2JWorking on: Part /home/nous/.distrrtgen/179102.part,500000,md5,mixalpha-numeric-space,1,7,0,10000
Current chain speed: 57
Percent completed: 20%
[H[2JWorking on: Part /home/nous/.distrrtgen/179102.part,500000,md5,mixalpha-numeric-space,1,7,0,10000
Current chain speed: 57
Percent completed: 20%
[H[2JWorking on: Part /home/nous/.distrrtgen/179102.part,500000,md5,mixalpha-numeric-space,1,7,0,10000
Current chain speed: 57
Percent completed: 20%
[H[2JWorking on: Part /home/nous/.distrrtgen/179102.part,500000,md5,mixalpha-numeric-space,1,7,0,10000
Current chain speed: 56
Percent completed: 20%
[H[2JWorking on: Part /home/nous/.distrrtgen/179102.part,500000,md5,mixalpha-numeric-space,1,7,0,10000
Current chain speed: 57
Percent completed: 20%
[H[2JWorking on: Part /home/nous/.distrrtgen/179102.part,500000,md5,mixalpha-numeric-space,1,7,0,10000
Current chain speed: 57
Percent completed: 21%
[H[2JWorking on: Part /home/nous/.distrrtgen/179102.part,500000,md5,mixalpha-numeric-space,1,7,0,10000
Current chain speed: 57
Percent completed: 21%
[H[2JWorking on: Part /home/nous/.distrrtgen/179102.part,500000,md5,mixalpha-numeric-space,1,7,0,10000
Current chain speed: 57
Percent completed: 21%
[H[2JWorking on: Part /home/nous/.distrrtgen/179102.part,500000,md5,mixalpha-numeric-space,1,7,0,10000
Current chain speed: 57
Percent completed: 21%
[H[2JWorking on: Part /home/nous/.distrrtgen/179102.part,500000,md5,mixalpha-numeric-space,1,7,0,10000
Current chain speed: 57
Percent completed: 21%
[H[2JWorking on: Part /home/nous/.distrrtgen/179102.part,500000,md5,mixalpha-numeric-space,1,7,0,10000
Current chain speed: 57
Percent completed: 21%
[H[2JWorking on: Part /home/nous/.distrrtgen/179102.part,500000,md5,mixalpha-numeric-space,1,7,0,10000
Current chain speed: 57
Percent completed: 21%
[H[2JWorking on: Part /home/nous/.distrrtgen/179102.part,500000,md5,mixalpha-numeric-space,1,7,0,10000
Current chain speed: 57
Percent completed: 21%
[H[2JWorking on: Part /home/nous/.distrrtgen/179102.part,500000,md5,mixalpha-numeric-space,1,7,0,10000
Current chain speed: 57
Percent completed: 22%
[H[2JWorking on: Part /home/nous/.distrrtgen/179102.part,500000,md5,mixalpha-numeric-space,1,7,0,10000
Current chain speed: 56
Percent completed: 22%
[H[2JWorking on: Part /home/nous/.distrrtgen/179102.part,500000,md5,mixalpha-numeric-space,1,7,0,10000
Current chain speed: 57
Percent completed: 22%
[H[2JWorking on: Part /home/nous/.distrrtgen/179102.part,500000,md5,mixalpha-numeric-space,1,7,0,10000
Current chain speed: 57
Percent completed: 22%
[H[2JWorking on: Part /home/nous/.distrrtgen/179102.part,500000,md5,mixalpha-numeric-space,1,7,0,10000
Current chain speed: 57
Percent completed: 22%
[H[2JWorking on: Part /home/nous/.distrrtgen/179102.part,500000,md5,mixalpha-numeric-space,1,7,0,10000
Current chain speed: 57
Percent completed: 22%
[H[2JWorking on: Part /home/nous/.distrrtgen/179102.part,500000,md5,mixalpha-numeric-space,1,7,0,10000
Current chain speed: 57
Percent completed: 22%
[H[2JWorking on: Part /home/nous/.distrrtgen/179102.part,500000,md5,mixalpha-numeric-space,1,7,0,10000
Current chain speed: 57
Percent completed: 22%
[H[2JWorking on: Part /home/nous/.distrrtgen/179102.part,500000,md5,mixalpha-numeric-space,1,7,0,10000
Current chain speed: 57
Percent completed: 22%
[H[2JWorking on: Part /home/nous/.distrrtgen/179102.part,500000,md5,mixalpha-numeric-space,1,7,0,10000
Current chain speed: 57
Percent completed: 23%
[H[2JWorking on: Part /home/nous/.distrrtgen/179102.part,500000,md5,mixalpha-numeric-space,1,7,0,10000
Current chain speed: 57
Percent completed: 23%
[H[2JWorking on: Part /home/nous/.distrrtgen/179102.part,500000,md5,mixalpha-numeric-space,1,7,0,10000
Current chain speed: 57
Percent completed: 23%
[H[2JWorking on: Part /home/nous/.distrrtgen/179102.part,500000,md5,mixalpha-numeric-space,1,7,0,10000
Current chain speed: 56
Percent completed: 23%
[H[2JWorking on: Part /home/nous/.distrrtgen/179102.part,500000,md5,mixalpha-numeric-space,1,7,0,10000
Current chain speed: 57
Percent completed: 23%
[H[2JWorking on: Part /home/nous/.distrrtgen/179102.part,500000,md5,mixalpha-numeric-space,1,7,0,10000
Current chain speed: 57
Percent completed: 23%
[H[2JWorking on: Part /home/nous/.distrrtgen/179102.part,500000,md5,mixalpha-numeric-space,1,7,0,10000
Current chain speed: 57
Percent completed: 23%
[H[2JWorking on: Part /home/nous/.distrrtgen/179102.part,500000,md5,mixalpha-numeric-space,1,7,0,10000
Current chain speed: 57
Percent completed: 23%
[H[2JWorking on: Part /home/nous/.distrrtgen/179102.part,500000,md5,mixalpha-numeric-space,1,7,0,10000
Current chain speed: 57
Percent completed: 23%
[H[2JWorking on: Part /home/nous/.distrrtgen/179102.part,500000,md5,mixalpha-numeric-space,1,7,0,10000
Current chain speed: 57
Percent completed: 24%
[H[2JWorking on: Part /home/nous/.distrrtgen/179102.part,500000,md5,mixalpha-numeric-space,1,7,0,10000
Current chain speed: 57
Percent completed: 24%
[H[2JWorking on: Part /home/nous/.distrrtgen/179102.part,500000,md5,mixalpha-numeric-space,1,7,0,10000
Current chain speed: 57
Percent completed: 24%
[H[2JWorking on: Part /home/nous/.distrrtgen/179102.part,500000,md5,mixalpha-numeric-space,1,7,0,10000
Current chain speed: 57
Percent completed: 24%
[H[2JWorking on: Part /home/nous/.distrrtgen/179102.part,500000,md5,mixalpha-numeric-space,1,7,0,10000
Current chain speed: 57
Percent completed: 24%
[H[2JWorking on: Part /home/nous/.distrrtgen/179102.part,500000,md5,mixalpha-numeric-space,1,7,0,10000
Current chain speed: 56
Percent completed: 24%
[H[2JWorking on: Part /home/nous/.distrrtgen/179102.part,500000,md5,mixalpha-numeric-space,1,7,0,10000
Current chain speed: 57
Percent completed: 24%
[H[2JWorking on: Part /home/nous/.distrrtgen/179102.part,500000,md5,mixalpha-numeric-space,1,7,0,10000
Current chain speed: 57
Percent completed: 24%
[H[2JWorking on: Part /home/nous/.distrrtgen/179102.part,500000,md5,mixalpha-numeric-space,1,7,0,10000
Current chain speed: 57
Percent completed: 24%
[H[2JWorking on: Part /home/nous/.distrrtgen/179102.part,500000,md5,mixalpha-numeric-space,1,7,0,10000
Current chain speed: 57
Percent completed: 25%
[H[2JWorking on: Part /home/nous/.distrrtgen/179102.part,500000,md5,mixalpha-numeric-space,1,7,0,10000
Current chain speed: 57
Percent completed: 25%
[H[2JWorking on: Part /home/nous/.distrrtgen/179102.part,500000,md5,mixalpha-numeric-space,1,7,0,10000
Current chain speed: 57
Percent completed: 25%
[H[2JWorking on: Part /home/nous/.distrrtgen/179102.part,500000,md5,mixalpha-numeric-space,1,7,0,10000
Current chain speed: 57
Percent completed: 25%
[H[2JWorking on: Part /home/nous/.distrrtgen/179102.part,500000,md5,mixalpha-numeric-space,1,7,0,10000
Current chain speed: 57
Percent completed: 25%
[H[2JWorking on: Part /home/nous/.distrrtgen/179102.part,500000,md5,mixalpha-numeric-space,1,7,0,10000
Current chain speed: 57
Percent completed: 25%
[H[2JWorking on: Part /home/nous/.distrrtgen/179102.part,500000,md5,mixalpha-numeric-space,1,7,0,10000
Current chain speed: 58
Percent completed: 25%
[H[2JWorking on: Part /home/nous/.distrrtgen/179102.part,500000,md5,mixalpha-numeric-space,1,7,0,10000
Current chain speed: 56
Percent completed: 25%
[H[2JWorking on: Part /home/nous/.distrrtgen/179102.part,500000,md5,mixalpha-numeric-space,1,7,0,10000
Current chain speed: 57
Percent completed: 26%
[H[2JWorking on: Part /home/nous/.distrrtgen/179102.part,500000,md5,mixalpha-numeric-space,1,7,0,10000
Current chain speed: 57
Percent completed: 26%
[H[2JWorking on: Part /home/nous/.distrrtgen/179102.part,500000,md5,mixalpha-numeric-space,1,7,0,10000
Current chain speed: 57
Percent completed: 26%
[H[2JWorking on: Part /home/nous/.distrrtgen/179102.part,500000,md5,mixalpha-numeric-space,1,7,0,10000
Current chain speed: 57
Percent completed: 26%
[H[2JWorking on: Part /home/nous/.distrrtgen/179102.part,500000,md5,mixalpha-numeric-space,1,7,0,10000
Current chain speed: 57
Percent completed: 26%
[H[2JWorking on: Part /home/nous/.distrrtgen/179102.part,500000,md5,mixalpha-numeric-space,1,7,0,10000
Current chain speed: 57
Percent completed: 26%
[H[2JWorking on: Part /home/nous/.distrrtgen/179102.part,500000,md5,mixalpha-numeric-space,1,7,0,10000
Current chain speed: 57
Percent completed: 26%
[H[2JWorking on: Part /home/nous/.distrrtgen/179102.part,500000,md5,mixalpha-numeric-space,1,7,0,10000
Current chain speed: 57
Percent completed: 26%
[H[2JWorking on: Part /home/nous/.distrrtgen/179102.part,500000,md5,mixalpha-numeric-space,1,7,0,10000
Current chain speed: 57
Percent completed: 26%
[H[2JWorking on: Part /home/nous/.distrrtgen/179102.part,500000,md5,mixalpha-numeric-space,1,7,0,10000
Current chain speed: 57
Percent completed: 27%
[H[2JWorking on: Part /home/nous/.distrrtgen/179102.part,500000,md5,mixalpha-numeric-space,1,7,0,10000
Current chain speed: 56
Percent completed: 27%
[H[2JWorking on: Part /home/nous/.distrrtgen/179102.part,500000,md5,mixalpha-numeric-space,1,7,0,10000
Current chain speed: 57
Percent completed: 27%
[H[2JWorking on: Part /home/nous/.distrrtgen/179102.part,500000,md5,mixalpha-numeric-space,1,7,0,10000
Current chain speed: 57
Percent completed: 27%
[H[2JWorking on: Part /home/nous/.distrrtgen/179102.part,500000,md5,mixalpha-numeric-space,1,7,0,10000
Current chain speed: 57
Percent completed: 27%
[H[2JWorking on: Part /home/nous/.distrrtgen/179102.part,500000,md5,mixalpha-numeric-space,1,7,0,10000
Current chain speed: 57
Percent completed: 27%
[H[2JWorking on: Part /home/nous/.distrrtgen/179102.part,500000,md5,mixalpha-numeric-space,1,7,0,10000
Current chain speed: 57
Percent completed: 27%
[H[2JWorking on: Part /home/nous/.distrrtgen/179102.part,500000,md5,mixalpha-numeric-space,1,7,0,10000
Current chain speed: 57
Percent completed: 27%
[H[2JWorking on: Part /home/nous/.distrrtgen/179102.part,500000,md5,mixalpha-numeric-space,1,7,0,10000
Current chain speed: 57
Percent completed: 28%
[H[2JWorking on: Part /home/nous/.distrrtgen/179102.part,500000,md5,mixalpha-numeric-space,1,7,0,10000
Current chain speed: 57
Percent completed: 28%
[H[2JWorking on: Part /home/nous/.distrrtgen/179102.part,500000,md5,mixalpha-numeric-space,1,7,0,10000
Current chain speed: 57
Percent completed: 28%
[H[2JWorking on: Part /home/nous/.distrrtgen/179102.part,500000,md5,mixalpha-numeric-space,1,7,0,10000
Current chain speed: 57
Percent completed: 28%
[H[2JWorking on: Part /home/nous/.distrrtgen/179102.part,500000,md5,mixalpha-numeric-space,1,7,0,10000
Current chain speed: 56
Percent completed: 28%
[H[2JWorking on: Part /home/nous/.distrrtgen/179102.part,500000,md5,mixalpha-numeric-space,1,7,0,10000
Current chain speed: 57
Percent completed: 28%
[H[2JWorking on: Part /home/nous/.distrrtgen/179102.part,500000,md5,mixalpha-numeric-space,1,7,0,10000
Current chain speed: 57
Percent completed: 28%
[H[2JWorking on: Part /home/nous/.distrrtgen/179102.part,500000,md5,mixalpha-numeric-space,1,7,0,10000
Current chain speed: 57
Percent completed: 28%
[H[2JWorking on: Part /home/nous/.distrrtgen/179102.part,500000,md5,mixalpha-numeric-space,1,7,0,10000
Current chain speed: 57
Percent completed: 28%
[H[2JWorking on: Part /home/nous/.distrrtgen/179102.part,500000,md5,mixalpha-numeric-space,1,7,0,10000
Current chain speed: 57
Percent completed: 29%
[H[2JWorking on: Part /home/nous/.distrrtgen/179102.part,500000,md5,mixalpha-numeric-space,1,7,0,10000
Current chain speed: 57
Percent completed: 29%
[H[2JWorking on: Part /home/nous/.distrrtgen/179102.part,500000,md5,mixalpha-numeric-space,1,7,0,10000
Current chain speed: 57
Percent completed: 29%
[H[2JWorking on: Part /home/nous/.distrrtgen/179102.part,500000,md5,mixalpha-numeric-space,1,7,0,10000
Current chain speed: 57
Percent completed: 29%
[H[2JWorking on: Part /home/nous/.distrrtgen/179102.part,500000,md5,mixalpha-numeric-space,1,7,0,10000
Current chain speed: 57
Percent completed: 29%
[H[2JWorking on: Part /home/nous/.distrrtgen/179102.part,500000,md5,mixalpha-numeric-space,1,7,0,10000
Current chain speed: 57
Percent completed: 29%
[H[2JWorking on: Part /home/nous/.distrrtgen/179102.part,500000,md5,mixalpha-numeric-space,1,7,0,10000
Current chain speed: 56
Percent completed: 29%
[H[2JWorking on: Part /home/nous/.distrrtgen/179102.part,500000,md5,mixalpha-numeric-space,1,7,0,10000
Current chain speed: 57
Percent completed: 29%
[H[2JWorking on: Part /home/nous/.distrrtgen/179102.part,500000,md5,mixalpha-numeric-space,1,7,0,10000
Current chain speed: 58
Percent completed: 29%
[H[2JWorking on: Part /home/nous/.distrrtgen/179102.part,500000,md5,mixalpha-numeric-space,1,7,0,10000
Current chain speed: 57
Percent completed: 30%
[H[2JWorking on: Part /home/nous/.distrrtgen/179102.part,500000,md5,mixalpha-numeric-space,1,7,0,10000
Current chain speed: 57
Percent completed: 30%
[H[2JWorking on: Part /home/nous/.distrrtgen/179102.part,500000,md5,mixalpha-numeric-space,1,7,0,10000
Current chain speed: 57
Percent completed: 30%
[H[2JWorking on: Part /home/nous/.distrrtgen/179102.part,500000,md5,mixalpha-numeric-space,1,7,0,10000
Current chain speed: 57
Percent completed: 30%
[H[2JWorking on: Part /home/nous/.distrrtgen/179102.part,500000,md5,mixalpha-numeric-space,1,7,0,10000
Current chain speed: 57
Percent completed: 30%
[H[2JWorking on: Part /home/nous/.distrrtgen/179102.part,500000,md5,mixalpha-numeric-space,1,7,0,10000
Current chain speed: 57
Percent completed: 30%
[H[2JWorking on: Part /home/nous/.distrrtgen/179102.part,500000,md5,mixalpha-numeric-space,1,7,0,10000
Current chain speed: 57
Percent completed: 30%
[H[2JWorking on: Part /home/nous/.distrrtgen/179102.part,500000,md5,mixalpha-numeric-space,1,7,0,10000
Current chain speed: 57
Percent completed: 30%
[H[2JWorking on: Part /home/nous/.distrrtgen/179102.part,500000,md5,mixalpha-numeric-space,1,7,0,10000
Current chain speed: 56
Percent completed: 30%
[H[2JWorking on: Part /home/nous/.distrrtgen/179102.part,500000,md5,mixalpha-numeric-space,1,7,0,10000
Current chain speed: 57
Percent completed: 31%
[H[2JWorking on: Part /home/nous/.distrrtgen/179102.part,500000,md5,mixalpha-numeric-space,1,7,0,10000
Current chain speed: 57
Percent completed: 31%
[H[2JWorking on: Part /home/nous/.distrrtgen/179102.part,500000,md5,mixalpha-numeric-space,1,7,0,10000
Current chain speed: 57
Percent completed: 31%
[H[2JWorking on: Part /home/nous/.distrrtgen/179102.part,500000,md5,mixalpha-numeric-space,1,7,0,10000
Current chain speed: 57
Percent completed: 31%
[H[2JWorking on: Part /home/nous/.distrrtgen/179102.part,500000,md5,mixalpha-numeric-space,1,7,0,10000
Current chain speed: 57
Percent completed: 31%
[H[2JWorking on: Part /home/nous/.distrrtgen/179102.part,500000,md5,mixalpha-numeric-space,1,7,0,10000
Current chain speed: 57
Percent completed: 31%
[H[2JWorking on: Part /home/nous/.distrrtgen/179102.part,500000,md5,mixalpha-numeric-space,1,7,0,10000
Current chain speed: 57
Percent completed: 31%
[H[2JWorking on: Part /home/nous/.distrrtgen/179102.part,500000,md5,mixalpha-numeric-space,1,7,0,10000
Current chain speed: 57
Percent completed: 31%
[H[2JWorking on: Part /home/nous/.distrrtgen/179102.part,500000,md5,mixalpha-numeric-space,1,7,0,10000
Current chain speed: 57
Percent completed: 32%
[H[2JWorking on: Part /home/nous/.distrrtgen/179102.part,500000,md5,mixalpha-numeric-space,1,7,0,10000
Current chain speed: 57
Percent completed: 32%
[H[2JWorking on: Part /home/nous/.distrrtgen/179102.part,500000,md5,mixalpha-numeric-space,1,7,0,10000
Current chain speed: 56
Percent completed: 32%
[H[2JWorking on: Part /home/nous/.distrrtgen/179102.part,500000,md5,mixalpha-numeric-space,1,7,0,10000
Current chain speed: 57
Percent completed: 32%
[H[2JWorking on: Part /home/nous/.distrrtgen/179102.part,500000,md5,mixalpha-numeric-space,1,7,0,10000
Current chain speed: 57
Percent completed: 32%
[H[2JWorking on: Part /home/nous/.distrrtgen/179102.part,500000,md5,mixalpha-numeric-space,1,7,0,10000
Current chain speed: 57
Percent completed: 32%
[H[2JWorking on: Part /home/nous/.distrrtgen/179102.part,500000,md5,mixalpha-numeric-space,1,7,0,10000
Current chain speed: 57
Percent completed: 32%
[H[2JWorking on: Part /home/nous/.distrrtgen/179102.part,500000,md5,mixalpha-numeric-space,1,7,0,10000
Current chain speed: 57
Percent completed: 32%
[H[2JWorking on: Part /home/nous/.distrrtgen/179102.part,500000,md5,mixalpha-numeric-space,1,7,0,10000
Current chain speed: 57
Percent completed: 32%
[H[2JWorking on: Part /home/nous/.distrrtgen/179102.part,500000,md5,mixalpha-numeric-space,1,7,0,10000
Current chain speed: 57
Percent completed: 33%
[H[2JWorking on: Part /home/nous/.distrrtgen/179102.part,500000,md5,mixalpha-numeric-space,1,7,0,10000
Current chain speed: 57
Percent completed: 33%
[H[2JWorking on: Part /home/nous/.distrrtgen/179102.part,500000,md5,mixalpha-numeric-space,1,7,0,10000
Current chain speed: 57
Percent completed: 33%
[H[2JWorking on: Part /home/nous/.distrrtgen/179102.part,500000,md5,mixalpha-numeric-space,1,7,0,10000
Current chain speed: 57
Percent completed: 33%
[H[2JWorking on: Part /home/nous/.distrrtgen/179102.part,500000,md5,mixalpha-numeric-space,1,7,0,10000
Current chain speed: 56
Percent completed: 33%
[H[2JWorking on: Part /home/nous/.distrrtgen/179102.part,500000,md5,mixalpha-numeric-space,1,7,0,10000
Current chain speed: 57
Percent completed: 33%
[H[2JWorking on: Part /home/nous/.distrrtgen/179102.part,500000,md5,mixalpha-numeric-space,1,7,0,10000
Current chain speed: 57
Percent completed: 33%
[H[2JWorking on: Part /home/nous/.distrrtgen/179102.part,500000,md5,mixalpha-numeric-space,1,7,0,10000
Current chain speed: 57
Percent completed: 33%
[H[2JWorking on: Part /home/nous/.distrrtgen/179102.part,500000,md5,mixalpha-numeric-space,1,7,0,10000
Current chain speed: 57
Percent completed: 34%
[H[2JWorking on: Part /home/nous/.distrrtgen/179102.part,500000,md5,mixalpha-numeric-space,1,7,0,10000
Current chain speed: 57
Percent completed: 34%
[H[2JWorking on: Part /home/nous/.distrrtgen/179102.part,500000,md5,mixalpha-numeric-space,1,7,0,10000
Current chain speed: 57
Percent completed: 34%
[H[2JWorking on: Part /home/nous/.distrrtgen/179102.part,500000,md5,mixalpha-numeric-space,1,7,0,10000
Current chain speed: 57
Percent completed: 34%
[H[2JWorking on: Part /home/nous/.distrrtgen/179102.part,500000,md5,mixalpha-numeric-space,1,7,0,10000
Current chain speed: 57
Percent completed: 34%
[H[2JWorking on: Part /home/nous/.distrrtgen/179102.part,500000,md5,mixalpha-numeric-space,1,7,0,10000
Current chain speed: 57
Percent completed: 34%
[H[2JWorking on: Part /home/nous/.distrrtgen/179102.part,500000,md5,mixalpha-numeric-space,1,7,0,10000
Current chain speed: 56
Percent completed: 34%
[H[2JWorking on: Part /home/nous/.distrrtgen/179102.part,500000,md5,mixalpha-numeric-space,1,7,0,10000
Current chain speed: 57
Percent completed: 34%
[H[2JWorking on: Part /home/nous/.distrrtgen/179102.part,500000,md5,mixalpha-numeric-space,1,7,0,10000
Current chain speed: 57
Percent completed: 34%
[H[2JWorking on: Part /home/nous/.distrrtgen/179102.part,500000,md5,mixalpha-numeric-space,1,7,0,10000
Current chain speed: 57
Percent completed: 35%
[H[2JWorking on: Part /home/nous/.distrrtgen/179102.part,500000,md5,mixalpha-numeric-space,1,7,0,10000
Current chain speed: 57
Percent completed: 35%
[H[2JWorking on: Part /home/nous/.distrrtgen/179102.part,500000,md5,mixalpha-numeric-space,1,7,0,10000
Current chain speed: 57
Percent completed: 35%
[H[2JWorking on: Part /home/nous/.distrrtgen/179102.part,500000,md5,mixalpha-numeric-space,1,7,0,10000
Current chain speed: 57
Percent completed: 35%
[H[2JWorking on: Part /home/nous/.distrrtgen/179102.part,500000,md5,mixalpha-numeric-space,1,7,0,10000
Current chain speed: 57
Percent completed: 35%
[H[2JWorking on: Part /home/nous/.distrrtgen/179102.part,500000,md5,mixalpha-numeric-space,1,7,0,10000
Current chain speed: 57
Percent completed: 35%
[H[2JWorking on: Part /home/nous/.distrrtgen/179102.part,500000,md5,mixalpha-numeric-space,1,7,0,10000
Current chain speed: 57
Percent completed: 35%
[H[2JWorking on: Part /home/nous/.distrrtgen/179102.part,500000,md5,mixalpha-numeric-space,1,7,0,10000
Current chain speed: 57
Percent completed: 35%
[H[2JWorking on: Part /home/nous/.distrrtgen/179102.part,500000,md5,mixalpha-numeric-space,1,7,0,10000
Current chain speed: 56
Percent completed: 35%
[H[2JWorking on: Part /home/nous/.distrrtgen/179102.part,500000,md5,mixalpha-numeric-space,1,7,0,10000
Current chain speed: 57
Percent completed: 36%
[H[2JWorking on: Part /home/nous/.distrrtgen/179102.part,500000,md5,mixalpha-numeric-space,1,7,0,10000
Current chain speed: 57
Percent completed: 36%
[H[2JWorking on: Part /home/nous/.distrrtgen/179102.part,500000,md5,mixalpha-numeric-space,1,7,0,10000
Current chain speed: 57
Percent completed: 36%
[H[2JWorking on: Part /home/nous/.distrrtgen/179102.part,500000,md5,mixalpha-numeric-space,1,7,0,10000
Current chain speed: 57
Percent completed: 36%
[H[2JWorking on: Part /home/nous/.distrrtgen/179102.part,500000,md5,mixalpha-numeric-space,1,7,0,10000
Current chain speed: 57
Percent completed: 36%
[H[2JWorking on: Part /home/nous/.distrrtgen/179102.part,500000,md5,mixalpha-numeric-space,1,7,0,10000
Current chain speed: 57
Percent completed: 36%
[H[2JWorking on: Part /home/nous/.distrrtgen/179102.part,500000,md5,mixalpha-numeric-space,1,7,0,10000
Current chain speed: 57
Percent completed: 36%
[H[2JWorking on: Part /home/nous/.distrrtgen/179102.part,500000,md5,mixalpha-numeric-space,1,7,0,10000
Current chain speed: 57
Percent completed: 36%
[H[2JWorking on: Part /home/nous/.distrrtgen/179102.part,500000,md5,mixalpha-numeric-space,1,7,0,10000
Current chain speed: 57
Percent completed: 36%
[H[2JWorking on: Part /home/nous/.distrrtgen/179102.part,500000,md5,mixalpha-numeric-space,1,7,0,10000
Current chain speed: 57
Percent completed: 37%
[H[2JWorking on: Part /home/nous/.distrrtgen/179102.part,500000,md5,mixalpha-numeric-space,1,7,0,10000
Current chain speed: 56
Percent completed: 37%
[H[2JWorking on: Part /home/nous/.distrrtgen/179102.part,500000,md5,mixalpha-numeric-space,1,7,0,10000
Current chain speed: 57
Percent completed: 37%
[H[2JWorking on: Part /home/nous/.distrrtgen/179102.part,500000,md5,mixalpha-numeric-space,1,7,0,10000
Current chain speed: 56
Percent completed: 37%
[H[2JWorking on: Part /home/nous/.distrrtgen/179102.part,500000,md5,mixalpha-numeric-space,1,7,0,10000
Current chain speed: 57
Percent completed: 37%
[H[2JWorking on: Part /home/nous/.distrrtgen/179102.part,500000,md5,mixalpha-numeric-space,1,7,0,10000
Current chain speed: 57
Percent completed: 37%
[H[2JWorking on: Part /home/nous/.distrrtgen/179102.part,500000,md5,mixalpha-numeric-space,1,7,0,10000
Current chain speed: 57
Percent completed: 37%
[H[2JWorking on: Part /home/nous/.distrrtgen/179102.part,500000,md5,mixalpha-numeric-space,1,7,0,10000
Current chain speed: 57
Percent completed: 37%
[H[2JWorking on: Part /home/nous/.distrrtgen/179102.part,500000,md5,mixalpha-numeric-space,1,7,0,10000
Current chain speed: 57
Percent completed: 38%
[H[2JWorking on: Part /home/nous/.distrrtgen/179102.part,500000,md5,mixalpha-numeric-space,1,7,0,10000
Current chain speed: 57
Percent completed: 38%
[H[2JWorking on: Part /home/nous/.distrrtgen/179102.part,500000,md5,mixalpha-numeric-space,1,7,0,10000
Current chain speed: 57
Percent completed: 38%
[H[2JWorking on: Part /home/nous/.distrrtgen/179102.part,500000,md5,mixalpha-numeric-space,1,7,0,10000
Current chain speed: 57
Percent completed: 38%
[H[2JWorking on: Part /home/nous/.distrrtgen/179102.part,500000,md5,mixalpha-numeric-space,1,7,0,10000
Current chain speed: 56
Percent completed: 38%
[H[2JWorking on: Part /home/nous/.distrrtgen/179102.part,500000,md5,mixalpha-numeric-space,1,7,0,10000
Current chain speed: 57
Percent completed: 38%
[H[2JWorking on: Part /home/nous/.distrrtgen/179102.part,500000,md5,mixalpha-numeric-space,1,7,0,10000
Current chain speed: 57
Percent completed: 38%
[H[2JWorking on: Part /home/nous/.distrrtgen/179102.part,500000,md5,mixalpha-numeric-space,1,7,0,10000
Current chain speed: 57
Percent completed: 38%
[H[2JWorking on: Part /home/nous/.distrrtgen/179102.part,500000,md5,mixalpha-numeric-space,1,7,0,10000
Current chain speed: 57
Percent completed: 38%
[H[2JWorking on: Part /home/nous/.distrrtgen/179102.part,500000,md5,mixalpha-numeric-space,1,7,0,10000
Current chain speed: 57
Percent completed: 39%
[H[2JWorking on: Part /home/nous/.distrrtgen/179102.part,500000,md5,mixalpha-numeric-space,1,7,0,10000
Current chain speed: 57
Percent completed: 39%
[H[2JWorking on: Part /home/nous/.distrrtgen/179102.part,500000,md5,mixalpha-numeric-space,1,7,0,10000
Current chain speed: 57
Percent completed: 39%
[H[2JWorking on: Part /home/nous/.distrrtgen/179102.part,500000,md5,mixalpha-numeric-space,1,7,0,10000
Current chain speed: 57
Percent completed: 39%
[H[2JWorking on: Part /home/nous/.distrrtgen/179102.part,500000,md5,mixalpha-numeric-space,1,7,0,10000
Current chain speed: 57
Percent completed: 39%
[H[2JWorking on: Part /home/nous/.distrrtgen/179102.part,500000,md5,mixalpha-numeric-space,1,7,0,10000
Current chain speed: 57
Percent completed: 39%
[H[2JWorking on: Part /home/nous/.distrrtgen/179102.part,500000,md5,mixalpha-numeric-space,1,7,0,10000
Current chain speed: 56
Percent completed: 39%
[H[2JWorking on: Part /home/nous/.distrrtgen/179102.part,500000,md5,mixalpha-numeric-space,1,7,0,10000
Current chain speed: 57
Percent completed: 39%
[H[2JWorking on: Part /home/nous/.distrrtgen/179102.part,500000,md5,mixalpha-numeric-space,1,7,0,10000
Current chain speed: 57
Percent completed: 39%
[H[2JWorking on: Part /home/nous/.distrrtgen/179102.part,500000,md5,mixalpha-numeric-space,1,7,0,10000
Current chain speed: 57
Percent completed: 40%
[H[2JWorking on: Part /home/nous/.distrrtgen/179102.part,500000,md5,mixalpha-numeric-space,1,7,0,10000
Current chain speed: 57
Percent completed: 40%
[H[2JWorking on: Part /home/nous/.distrrtgen/179102.part,500000,md5,mixalpha-numeric-space,1,7,0,10000
Current chain speed: 57
Percent completed: 40%
[H[2JWorking on: Part /home/nous/.distrrtgen/179102.part,500000,md5,mixalpha-numeric-space,1,7,0,10000
Current chain speed: 57
Percent completed: 40%
[H[2JWorking on: Part /home/nous/.distrrtgen/179102.part,500000,md5,mixalpha-numeric-space,1,7,0,10000
Current chain speed: 57
Percent completed: 40%
[H[2JWorking on: Part /home/nous/.distrrtgen/179102.part,500000,md5,mixalpha-numeric-space,1,7,0,10000
Current chain speed: 57
Percent completed: 40%
[H[2JWorking on: Part /home/nous/.distrrtgen/179102.part,500000,md5,mixalpha-numeric-space,1,7,0,10000
Current chain speed: 57
Percent completed: 40%
[H[2JWorking on: Part /home/nous/.distrrtgen/179102.part,500000,md5,mixalpha-numeric-space,1,7,0,10000
Current chain speed: 57
Percent completed: 40%
[H[2JWorking on: Part /home/nous/.distrrtgen/179102.part,500000,md5,mixalpha-numeric-space,1,7,0,10000
Current chain speed: 56
Percent completed: 41%
[H[2JWorking on: Part /home/nous/.distrrtgen/179102.part,500000,md5,mixalpha-numeric-space,1,7,0,10000
Current chain speed: 57
Percent completed: 41%
[H[2JWorking on: Part /home/nous/.distrrtgen/179102.part,500000,md5,mixalpha-numeric-space,1,7,0,10000
Current chain speed: 57
Percent completed: 41%
[H[2JWorking on: Part /home/nous/.distrrtgen/179102.part,500000,md5,mixalpha-numeric-space,1,7,0,10000
Current chain speed: 57
Percent completed: 41%
[H[2JWorking on: Part /home/nous/.distrrtgen/179102.part,500000,md5,mixalpha-numeric-space,1,7,0,10000
Current chain speed: 57
Percent completed: 41%
[H[2JWorking on: Part /home/nous/.distrrtgen/179102.part,500000,md5,mixalpha-numeric-space,1,7,0,10000
Current chain speed: 57
Percent completed: 41%
[H[2JWorking on: Part /home/nous/.distrrtgen/179102.part,500000,md5,mixalpha-numeric-space,1,7,0,10000
Current chain speed: 57
Percent completed: 41%
[H[2JWorking on: Part /home/nous/.distrrtgen/179102.part,500000,md5,mixalpha-numeric-space,1,7,0,10000
Current chain speed: 57
Percent completed: 41%
[H[2JWorking on: Part /home/nous/.distrrtgen/179102.part,500000,md5,mixalpha-numeric-space,1,7,0,10000
Current chain speed: 57
Percent completed: 41%
[H[2JWorking on: Part /home/nous/.distrrtgen/179102.part,500000,md5,mixalpha-numeric-space,1,7,0,10000
Current chain speed: 57
Percent completed: 42%
[H[2JWorking on: Part /home/nous/.distrrtgen/179102.part,500000,md5,mixalpha-numeric-space,1,7,0,10000
Current chain speed: 57
Percent completed: 42%
[H[2JWorking on: Part /home/nous/.distrrtgen/179102.part,500000,md5,mixalpha-numeric-space,1,7,0,10000
Current chain speed: 56
Percent completed: 42%
[H[2JWorking on: Part /home/nous/.distrrtgen/179102.part,500000,md5,mixalpha-numeric-space,1,7,0,10000
Current chain speed: 57
Percent completed: 42%
[H[2JWorking on: Part /home/nous/.distrrtgen/179102.part,500000,md5,mixalpha-numeric-space,1,7,0,10000
Current chain speed: 57
Percent completed: 42%
[H[2JWorking on: Part /home/nous/.distrrtgen/179102.part,500000,md5,mixalpha-numeric-space,1,7,0,10000
Current chain speed: 57
Percent completed: 42%
[H[2JWorking on: Part /home/nous/.distrrtgen/179102.part,500000,md5,mixalpha-numeric-space,1,7,0,10000
Current chain speed: 57
Percent completed: 42%
[H[2JWorking on: Part /home/nous/.distrrtgen/179102.part,500000,md5,mixalpha-numeric-space,1,7,0,10000
Current chain speed: 57
Percent completed: 42%
[H[2JWorking on: Part /home/nous/.distrrtgen/179102.part,500000,md5,mixalpha-numeric-space,1,7,0,10000
Current chain speed: 57
Percent completed: 42%
[H[2JWorking on: Part /home/nous/.distrrtgen/179102.part,500000,md5,mixalpha-numeric-space,1,7,0,10000
Current chain speed: 57
Percent completed: 43%
[H[2JWorking on: Part /home/nous/.distrrtgen/179102.part,500000,md5,mixalpha-numeric-space,1,7,0,10000
Current chain speed: 57
Percent completed: 43%
[H[2JWorking on: Part /home/nous/.distrrtgen/179102.part,500000,md5,mixalpha-numeric-space,1,7,0,10000
Current chain speed: 57
Percent completed: 43%
[H[2JWorking on: Part /home/nous/.distrrtgen/179102.part,500000,md5,mixalpha-numeric-space,1,7,0,10000
Current chain speed: 57
Percent completed: 43%
[H[2JWorking on: Part /home/nous/.distrrtgen/179102.part,500000,md5,mixalpha-numeric-space,1,7,0,10000
Current chain speed: 56
Percent completed: 43%
[H[2JWorking on: Part /home/nous/.distrrtgen/179102.part,500000,md5,mixalpha-numeric-space,1,7,0,10000
Current chain speed: 57
Percent completed: 43%
[H[2JWorking on: Part /home/nous/.distrrtgen/179102.part,500000,md5,mixalpha-numeric-space,1,7,0,10000
Current chain speed: 57
Percent completed: 43%
[H[2JWorking on: Part /home/nous/.distrrtgen/179102.part,500000,md5,mixalpha-numeric-space,1,7,0,10000
Current chain speed: 57
Percent completed: 43%
[H[2JWorking on: Part /home/nous/.distrrtgen/179102.part,500000,md5,mixalpha-numeric-space,1,7,0,10000
Current chain speed: 57
Percent completed: 44%
[H[2JWorking on: Part /home/nous/.distrrtgen/179102.part,500000,md5,mixalpha-numeric-space,1,7,0,10000
Current chain speed: 57
Percent completed: 44%
[H[2JWorking on: Part /home/nous/.distrrtgen/179102.part,500000,md5,mixalpha-numeric-space,1,7,0,10000
Current chain speed: 57
Percent completed: 44%
[H[2JWorking on: Part /home/nous/.distrrtgen/179102.part,500000,md5,mixalpha-numeric-space,1,7,0,10000
Current chain speed: 57
Percent completed: 44%
[H[2JWorking on: Part /home/nous/.distrrtgen/179102.part,500000,md5,mixalpha-numeric-space,1,7,0,10000
Current chain speed: 57
Percent completed: 44%
[H[2JWorking on: Part /home/nous/.distrrtgen/179102.part,500000,md5,mixalpha-numeric-space,1,7,0,10000
Current chain speed: 57
Percent completed: 44%
[H[2JWorking on: Part /home/nous/.distrrtgen/179102.part,500000,md5,mixalpha-numeric-space,1,7,0,10000
Current chain speed: 57
Percent completed: 44%
[H[2JWorking on: Part /home/nous/.distrrtgen/179102.part,500000,md5,mixalpha-numeric-space,1,7,0,10000
Current chain speed: 56
Percent completed: 44%
[H[2JWorking on: Part /home/nous/.distrrtgen/179102.part,500000,md5,mixalpha-numeric-space,1,7,0,10000
Current chain speed: 57
Percent completed: 44%
[H[2JWorking on: Part /home/nous/.distrrtgen/179102.part,500000,md5,mixalpha-numeric-space,1,7,0,10000
Current chain speed: 57
Percent completed: 45%
[H[2JWorking on: Part /home/nous/.distrrtgen/179102.part,500000,md5,mixalpha-numeric-space,1,7,0,10000
Current chain speed: 57
Percent completed: 45%
[H[2JWorking on: Part /home/nous/.distrrtgen/179102.part,500000,md5,mixalpha-numeric-space,1,7,0,10000
Current chain speed: 57
Percent completed: 45%
[H[2JWorking on: Part /home/nous/.distrrtgen/179102.part,500000,md5,mixalpha-numeric-space,1,7,0,10000
Current chain speed: 57
Percent completed: 45%
[H[2JWorking on: Part /home/nous/.distrrtgen/179102.part,500000,md5,mixalpha-numeric-space,1,7,0,10000
Current chain speed: 57
Percent completed: 45%
[H[2JWorking on: Part /home/nous/.distrrtgen/179102.part,500000,md5,mixalpha-numeric-space,1,7,0,10000
Current chain speed: 57
Percent completed: 45%
[H[2JWorking on: Part /home/nous/.distrrtgen/179102.part,500000,md5,mixalpha-numeric-space,1,7,0,10000
Current chain speed: 57
Percent completed: 45%
[H[2JWorking on: Part /home/nous/.distrrtgen/179102.part,500000,md5,mixalpha-numeric-space,1,7,0,10000
Current chain speed: 57
Percent completed: 45%
[H[2JWorking on: Part /home/nous/.distrrtgen/179102.part,500000,md5,mixalpha-numeric-space,1,7,0,10000
Current chain speed: 57
Percent completed: 45%
[H[2JWorking on: Part /home/nous/.distrrtgen/179102.part,500000,md5,mixalpha-numeric-space,1,7,0,10000
Current chain speed: 56
Percent completed: 46%
[H[2JWorking on: Part /home/nous/.distrrtgen/179102.part,500000,md5,mixalpha-numeric-space,1,7,0,10000
Current chain speed: 57
Percent completed: 46%
[H[2JWorking on: Part /home/nous/.distrrtgen/179102.part,500000,md5,mixalpha-numeric-space,1,7,0,10000
Current chain speed: 57
Percent completed: 46%
[H[2JWorking on: Part /home/nous/.distrrtgen/179102.part,500000,md5,mixalpha-numeric-space,1,7,0,10000
Current chain speed: 57
Percent completed: 46%
[H[2JWorking on: Part /home/nous/.distrrtgen/179102.part,500000,md5,mixalpha-numeric-space,1,7,0,10000
Current chain speed: 57
Percent completed: 46%
[H[2JWorking on: Part /home/nous/.distrrtgen/179102.part,500000,md5,mixalpha-numeric-space,1,7,0,10000
Current chain speed: 57
Percent completed: 46%
[H[2JWorking on: Part /home/nous/.distrrtgen/179102.part,500000,md5,mixalpha-numeric-space,1,7,0,10000
Current chain speed: 57
Percent completed: 46%
[H[2JWorking on: Part /home/nous/.distrrtgen/179102.part,500000,md5,mixalpha-numeric-space,1,7,0,10000
Current chain speed: 57
Percent completed: 46%
[H[2JWorking on: Part /home/nous/.distrrtgen/179102.part,500000,md5,mixalpha-numeric-space,1,7,0,10000
Current chain speed: 57
Percent completed: 47%
[H[2JWorking on: Part /home/nous/.distrrtgen/179102.part,500000,md5,mixalpha-numeric-space,1,7,0,10000
Current chain speed: 57
Percent completed: 47%
[H[2JWorking on: Part /home/nous/.distrrtgen/179102.part,500000,md5,mixalpha-numeric-space,1,7,0,10000
Current chain speed: 57
Percent completed: 47%
[H[2JWorking on: Part /home/nous/.distrrtgen/179102.part,500000,md5,mixalpha-numeric-space,1,7,0,10000
Current chain speed: 56
Percent completed: 47%
[H[2JWorking on: Part /home/nous/.distrrtgen/179102.part,500000,md5,mixalpha-numeric-space,1,7,0,10000
Current chain speed: 57
Percent completed: 47%
[H[2JWorking on: Part /home/nous/.distrrtgen/179102.part,500000,md5,mixalpha-numeric-space,1,7,0,10000
Current chain speed: 57
Percent completed: 47%
[H[2JWorking on: Part /home/nous/.distrrtgen/179102.part,500000,md5,mixalpha-numeric-space,1,7,0,10000
Current chain speed: 57
Percent completed: 47%
[H[2JWorking on: Part /home/nous/.distrrtgen/179102.part,500000,md5,mixalpha-numeric-space,1,7,0,10000
Current chain speed: 57
Percent completed: 47%
[H[2JWorking on: Part /home/nous/.distrrtgen/179102.part,500000,md5,mixalpha-numeric-space,1,7,0,10000
Current chain speed: 57
Percent completed: 47%
[H[2JWorking on: Part /home/nous/.distrrtgen/179102.part,500000,md5,mixalpha-numeric-space,1,7,0,10000
Current chain speed: 57
Percent completed: 48%
[H[2JWorking on: Part /home/nous/.distrrtgen/179102.part,500000,md5,mixalpha-numeric-space,1,7,0,10000
Current chain speed: 57
Percent completed: 48%
[H[2JWorking on: Part /home/nous/.distrrtgen/179102.part,500000,md5,mixalpha-numeric-space,1,7,0,10000
Current chain speed: 57
Percent completed: 48%
[H[2JWorking on: Part /home/nous/.distrrtgen/179102.part,500000,md5,mixalpha-numeric-space,1,7,0,10000
Current chain speed: 57
Percent completed: 48%
[H[2JWorking on: Part /home/nous/.distrrtgen/179102.part,500000,md5,mixalpha-numeric-space,1,7,0,10000
Current chain speed: 56
Percent completed: 48%
[H[2JWorking on: Part /home/nous/.distrrtgen/179102.part,500000,md5,mixalpha-numeric-space,1,7,0,10000
Current chain speed: 57
Percent completed: 48%
[H[2JWorking on: Part /home/nous/.distrrtgen/179102.part,500000,md5,mixalpha-numeric-space,1,7,0,10000
Current chain speed: 57
Percent completed: 48%
[H[2JWorking on: Part /home/nous/.distrrtgen/179102.part,500000,md5,mixalpha-numeric-space,1,7,0,10000
Current chain speed: 57
Percent completed: 48%
[H[2JWorking on: Part /home/nous/.distrrtgen/179102.part,500000,md5,mixalpha-numeric-space,1,7,0,10000
Current chain speed: 57
Percent completed: 48%
[H[2JWorking on: Part /home/nous/.distrrtgen/179102.part,500000,md5,mixalpha-numeric-space,1,7,0,10000
Current chain speed: 57
Percent completed: 49%
[H[2JWorking on: Part /home/nous/.distrrtgen/179102.part,500000,md5,mixalpha-numeric-space,1,7,0,10000
Current chain speed: 57
Percent completed: 49%
[H[2JWorking on: Part /home/nous/.distrrtgen/179102.part,500000,md5,mixalpha-numeric-space,1,7,0,10000
Current chain speed: 58
Percent completed: 49%
[H[2JWorking on: Part /home/nous/.distrrtgen/179102.part,500000,md5,mixalpha-numeric-space,1,7,0,10000
Current chain speed: 57
Percent completed: 49%
[H[2JWorking on: Part /home/nous/.distrrtgen/179102.part,500000,md5,mixalpha-numeric-space,1,7,0,10000
Current chain speed: 57
Percent completed: 49%
[H[2JWorking on: Part /home/nous/.distrrtgen/179102.part,500000,md5,mixalpha-numeric-space,1,7,0,10000
Current chain speed: 57
Percent completed: 49%
[H[2JWorking on: Part /home/nous/.distrrtgen/179102.part,500000,md5,mixalpha-numeric-space,1,7,0,10000
Current chain speed: 56
Percent completed: 49%
[H[2JWorking on: Part /home/nous/.distrrtgen/179102.part,500000,md5,mixalpha-numeric-space,1,7,0,10000
Current chain speed: 57
Percent completed: 49%
[H[2JWorking on: Part /home/nous/.distrrtgen/179102.part,500000,md5,mixalpha-numeric-space,1,7,0,10000
Current chain speed: 57
Percent completed: 50%
[H[2JWorking on: Part /home/nous/.distrrtgen/179102.part,500000,md5,mixalpha-numeric-space,1,7,0,10000
Current chain speed: 57
Percent completed: 50%
[H[2JWorking on: Part /home/nous/.distrrtgen/179102.part,500000,md5,mixalpha-numeric-space,1,7,0,10000
Current chain speed: 57
Percent completed: 50%
[H[2JWorking on: Part /home/nous/.distrrtgen/179102.part,500000,md5,mixalpha-numeric-space,1,7,0,10000
Current chain speed: 57
Percent completed: 50%
[H[2JWorking on: Part /home/nous/.distrrtgen/179102.part,500000,md5,mixalpha-numeric-space,1,7,0,10000
Current chain speed: 57
Percent completed: 50%
[H[2JWorking on: Part /home/nous/.distrrtgen/179102.part,500000,md5,mixalpha-numeric-space,1,7,0,10000
Current chain speed: 57
Percent completed: 50%
[H[2JWorking on: Part /home/nous/.distrrtgen/179102.part,500000,md5,mixalpha-numeric-space,1,7,0,10000
Current chain speed: 57
Percent completed: 50%
[H[2JWorking on: Part /home/nous/.distrrtgen/179102.part,500000,md5,mixalpha-numeric-space,1,7,0,10000
Current chain speed: 57
Percent completed: 50%
[H[2JWorking on: Part /home/nous/.distrrtgen/179102.part,500000,md5,mixalpha-numeric-space,1,7,0,10000
Current chain speed: 57
Percent completed: 50%
[H[2JWorking on: Part /home/nous/.distrrtgen/179102.part,500000,md5,mixalpha-numeric-space,1,7,0,10000
Current chain speed: 56
Percent completed: 51%
[H[2JWorking on: Part /home/nous/.distrrtgen/179102.part,500000,md5,mixalpha-numeric-space,1,7,0,10000
Current chain speed: 57
Percent completed: 51%
[H[2JWorking on: Part /home/nous/.distrrtgen/179102.part,500000,md5,mixalpha-numeric-space,1,7,0,10000
Current chain speed: 57
Percent completed: 51%
[H[2JWorking on: Part /home/nous/.distrrtgen/179102.part,500000,md5,mixalpha-numeric-space,1,7,0,10000
Current chain speed: 58
Percent completed: 51%
[H[2JWorking on: Part /home/nous/.distrrtgen/179102.part,500000,md5,mixalpha-numeric-space,1,7,0,10000
Current chain speed: 57
Percent completed: 51%
[H[2JWorking on: Part /home/nous/.distrrtgen/179102.part,500000,md5,mixalpha-numeric-space,1,7,0,10000
Current chain speed: 57
Percent completed: 51%
[H[2JWorking on: Part /home/nous/.distrrtgen/179102.part,500000,md5,mixalpha-numeric-space,1,7,0,10000
Current chain speed: 57
Percent completed: 51%
[H[2JWorking on: Part /home/nous/.distrrtgen/179102.part,500000,md5,mixalpha-numeric-space,1,7,0,10000
Current chain speed: 57
Percent completed: 51%
[H[2JWorking on: Part /home/nous/.distrrtgen/179102.part,500000,md5,mixalpha-numeric-space,1,7,0,10000
Current chain speed: 57
Percent completed: 51%
[H[2JWorking on: Part /home/nous/.distrrtgen/179102.part,500000,md5,mixalpha-numeric-space,1,7,0,10000
Current chain speed: 58
Percent completed: 52%
[H[2JWorking on: Part /home/nous/.distrrtgen/179102.part,500000,md5,mixalpha-numeric-space,1,7,0,10000
Current chain speed: 57
Percent completed: 52%
[H[2JWorking on: Part /home/nous/.distrrtgen/179102.part,500000,md5,mixalpha-numeric-space,1,7,0,10000
Current chain speed: 56
Percent completed: 52%
[H[2JWorking on: Part /home/nous/.distrrtgen/179102.part,500000,md5,mixalpha-numeric-space,1,7,0,10000
Current chain speed: 58
Percent completed: 52%
[H[2JWorking on: Part /home/nous/.distrrtgen/179102.part,500000,md5,mixalpha-numeric-space,1,7,0,10000
Current chain speed: 57
Percent completed: 52%
[H[2JWorking on: Part /home/nous/.distrrtgen/179102.part,500000,md5,mixalpha-numeric-space,1,7,0,10000
Current chain speed: 57
Percent completed: 52%
[H[2JWorking on: Part /home/nous/.distrrtgen/179102.part,500000,md5,mixalpha-numeric-space,1,7,0,10000
Current chain speed: 57
Percent completed: 52%
[H[2JWorking on: Part /home/nous/.distrrtgen/179102.part,500000,md5,mixalpha-numeric-space,1,7,0,10000
Current chain speed: 57
Percent completed: 52%
[H[2JWorking on: Part /home/nous/.distrrtgen/179102.part,500000,md5,mixalpha-numeric-space,1,7,0,10000
Current chain speed: 57
Percent completed: 52%
[H[2JWorking on: Part /home/nous/.distrrtgen/179102.part,500000,md5,mixalpha-numeric-space,1,7,0,10000
Current chain speed: 57
Percent completed: 53%
[H[2JWorking on: Part /home/nous/.distrrtgen/179102.part,500000,md5,mixalpha-numeric-space,1,7,0,10000
Current chain speed: 57
Percent completed: 53%
[H[2JWorking on: Part /home/nous/.distrrtgen/179102.part,500000,md5,mixalpha-numeric-space,1,7,0,10000
Current chain speed: 57
Percent completed: 53%
[H[2JWorking on: Part /home/nous/.distrrtgen/179102.part,500000,md5,mixalpha-numeric-space,1,7,0,10000
Current chain speed: 57
Percent completed: 53%
[H[2JWorking on: Part /home/nous/.distrrtgen/179102.part,500000,md5,mixalpha-numeric-space,1,7,0,10000
Current chain speed: 56
Percent completed: 53%
[H[2JWorking on: Part /home/nous/.distrrtgen/179102.part,500000,md5,mixalpha-numeric-space,1,7,0,10000
Current chain speed: 57
Percent completed: 53%
[H[2JWorking on: Part /home/nous/.distrrtgen/179102.part,500000,md5,mixalpha-numeric-space,1,7,0,10000
Current chain speed: 57
Percent completed: 53%
[H[2JWorking on: Part /home/nous/.distrrtgen/179102.part,500000,md5,mixalpha-numeric-space,1,7,0,10000
Current chain speed: 57
Percent completed: 53%
[H[2JWorking on: Part /home/nous/.distrrtgen/179102.part,500000,md5,mixalpha-numeric-space,1,7,0,10000
Current chain speed: 57
Percent completed: 54%
[H[2JWorking on: Part /home/nous/.distrrtgen/179102.part,500000,md5,mixalpha-numeric-space,1,7,0,10000
Current chain speed: 57
Percent completed: 54%
[H[2JWorking on: Part /home/nous/.distrrtgen/179102.part,500000,md5,mixalpha-numeric-space,1,7,0,10000
Current chain speed: 58
Percent completed: 54%
[H[2JWorking on: Part /home/nous/.distrrtgen/179102.part,500000,md5,mixalpha-numeric-space,1,7,0,10000
Current chain speed: 57
Percent completed: 54%
[H[2JWorking on: Part /home/nous/.distrrtgen/179102.part,500000,md5,mixalpha-numeric-space,1,7,0,10000
Current chain speed: 57
Percent completed: 54%
[H[2JWorking on: Part /home/nous/.distrrtgen/179102.part,500000,md5,mixalpha-numeric-space,1,7,0,10000
Current chain speed: 57
Percent completed: 54%
[H[2JWorking on: Part /home/nous/.distrrtgen/179102.part,500000,md5,mixalpha-numeric-space,1,7,0,10000
Current chain speed: 57
Percent completed: 54%
[H[2JWorking on: Part /home/nous/.distrrtgen/179102.part,500000,md5,mixalpha-numeric-space,1,7,0,10000
Current chain speed: 56
Percent completed: 54%
[H[2JWorking on: Part /home/nous/.distrrtgen/179102.part,500000,md5,mixalpha-numeric-space,1,7,0,10000
Current chain speed: 57
Percent completed: 54%
[H[2JWorking on: Part /home/nous/.distrrtgen/179102.part,500000,md5,mixalpha-numeric-space,1,7,0,10000
Current chain speed: 57
Percent completed: 55%
[H[2JWorking on: Part /home/nous/.distrrtgen/179102.part,500000,md5,mixalpha-numeric-space,1,7,0,10000
Current chain speed: 57
Percent completed: 55%
[H[2JWorking on: Part /home/nous/.distrrtgen/179102.part,500000,md5,mixalpha-numeric-space,1,7,0,10000
Current chain speed: 57
Percent completed: 55%
[H[2JWorking on: Part /home/nous/.distrrtgen/179102.part,500000,md5,mixalpha-numeric-space,1,7,0,10000
Current chain speed: 57
Percent completed: 55%
[H[2JWorking on: Part /home/nous/.distrrtgen/179102.part,500000,md5,mixalpha-numeric-space,1,7,0,10000
Current chain speed: 58
Percent completed: 55%
[H[2JWorking on: Part /home/nous/.distrrtgen/179102.part,500000,md5,mixalpha-numeric-space,1,7,0,10000
Current chain speed: 57
Percent completed: 55%
[H[2JWorking on: Part /home/nous/.distrrtgen/179102.part,500000,md5,mixalpha-numeric-space,1,7,0,10000
Current chain speed: 57
Percent completed: 55%
[H[2JWorking on: Part /home/nous/.distrrtgen/179102.part,500000,md5,mixalpha-numeric-space,1,7,0,10000
Current chain speed: 57
Percent completed: 55%
[H[2JWorking on: Part /home/nous/.distrrtgen/179102.part,500000,md5,mixalpha-numeric-space,1,7,0,10000
Current chain speed: 57
Percent completed: 56%
[H[2JWorking on: Part /home/nous/.distrrtgen/179102.part,500000,md5,mixalpha-numeric-space,1,7,0,10000
Current chain speed: 56
Percent completed: 56%
[H[2JWorking on: Part /home/nous/.distrrtgen/179102.part,500000,md5,mixalpha-numeric-space,1,7,0,10000
Current chain speed: 57
Percent completed: 56%
[H[2JWorking on: Part /home/nous/.distrrtgen/179102.part,500000,md5,mixalpha-numeric-space,1,7,0,10000
Current chain speed: 57
Percent completed: 56%
[H[2JWorking on: Part /home/nous/.distrrtgen/179102.part,500000,md5,mixalpha-numeric-space,1,7,0,10000
Current chain speed: 57
Percent completed: 56%
[H[2JWorking on: Part /home/nous/.distrrtgen/179102.part,500000,md5,mixalpha-numeric-space,1,7,0,10000
Current chain speed: 58
Percent completed: 56%
[H[2JWorking on: Part /home/nous/.distrrtgen/179102.part,500000,md5,mixalpha-numeric-space,1,7,0,10000
Current chain speed: 57
Percent completed: 56%
[H[2JWorking on: Part /home/nous/.distrrtgen/179102.part,500000,md5,mixalpha-numeric-space,1,7,0,10000
Current chain speed: 57
Percent completed: 56%
[H[2JWorking on: Part /home/nous/.distrrtgen/179102.part,500000,md5,mixalpha-numeric-space,1,7,0,10000
Current chain speed: 57
Percent completed: 56%
[H[2JWorking on: Part /home/nous/.distrrtgen/179102.part,500000,md5,mixalpha-numeric-space,1,7,0,10000
Current chain speed: 58
Percent completed: 57%
[H[2JWorking on: Part /home/nous/.distrrtgen/179102.part,500000,md5,mixalpha-numeric-space,1,7,0,10000
Current chain speed: 57
Percent completed: 57%
[H[2JWorking on: Part /home/nous/.distrrtgen/179102.part,500000,md5,mixalpha-numeric-space,1,7,0,10000
Current chain speed: 57
Percent completed: 57%
[H[2JWorking on: Part /home/nous/.distrrtgen/179102.part,500000,md5,mixalpha-numeric-space,1,7,0,10000
Current chain speed: 56
Percent completed: 57%
[H[2JWorking on: Part /home/nous/.distrrtgen/179102.part,500000,md5,mixalpha-numeric-space,1,7,0,10000
Current chain speed: 57
Percent completed: 57%
[H[2JWorking on: Part /home/nous/.distrrtgen/179102.part,500000,md5,mixalpha-numeric-space,1,7,0,10000
Current chain speed: 57
Percent completed: 57%
[H[2JWorking on: Part /home/nous/.distrrtgen/179102.part,500000,md5,mixalpha-numeric-space,1,7,0,10000
Current chain speed: 57
Percent completed: 57%
[H[2JWorking on: Part /home/nous/.distrrtgen/179102.part,500000,md5,mixalpha-numeric-space,1,7,0,10000
Current chain speed: 57
Percent completed: 57%
[H[2JWorking on: Part /home/nous/.distrrtgen/179102.part,500000,md5,mixalpha-numeric-space,1,7,0,10000
Current chain speed: 57
Percent completed: 57%
[H[2JWorking on: Part /home/nous/.distrrtgen/179102.part,500000,md5,mixalpha-numeric-space,1,7,0,10000
Current chain speed: 57
Percent completed: 58%
[H[2JWorking on: Part /home/nous/.distrrtgen/179102.part,500000,md5,mixalpha-numeric-space,1,7,0,10000
Current chain speed: 57
Percent completed: 58%
[H[2JWorking on: Part /home/nous/.distrrtgen/179102.part,500000,md5,mixalpha-numeric-space,1,7,0,10000
Current chain speed: 57
Percent completed: 58%
[H[2JWorking on: Part /home/nous/.distrrtgen/179102.part,500000,md5,mixalpha-numeric-space,1,7,0,10000
Current chain speed: 57
Percent completed: 58%
[H[2JWorking on: Part /home/nous/.distrrtgen/179102.part,500000,md5,mixalpha-numeric-space,1,7,0,10000
Current chain speed: 57
Percent completed: 58%
[H[2JWorking on: Part /home/nous/.distrrtgen/179102.part,500000,md5,mixalpha-numeric-space,1,7,0,10000
Current chain speed: 56
Percent completed: 58%
[H[2JWorking on: Part /home/nous/.distrrtgen/179102.part,500000,md5,mixalpha-numeric-space,1,7,0,10000
Current chain speed: 57
Percent completed: 58%
[H[2JWorking on: Part /home/nous/.distrrtgen/179102.part,500000,md5,mixalpha-numeric-space,1,7,0,10000
Current chain speed: 57
Percent completed: 58%
[H[2JWorking on: Part /home/nous/.distrrtgen/179102.part,500000,md5,mixalpha-numeric-space,1,7,0,10000
Current chain speed: 57
Percent completed: 58%
[H[2JWorking on: Part /home/nous/.distrrtgen/179102.part,500000,md5,mixalpha-numeric-space,1,7,0,10000
Current chain speed: 57
Percent completed: 59%
[H[2JWorking on: Part /home/nous/.distrrtgen/179102.part,500000,md5,mixalpha-numeric-space,1,7,0,10000
Current chain speed: 57
Percent completed: 59%
[H[2JWorking on: Part /home/nous/.distrrtgen/179102.part,500000,md5,mixalpha-numeric-space,1,7,0,10000
Current chain speed: 57
Percent completed: 59%
[H[2JWorking on: Part /home/nous/.distrrtgen/179102.part,500000,md5,mixalpha-numeric-space,1,7,0,10000
Current chain speed: 57
Percent completed: 59%
[H[2JWorking on: Part /home/nous/.distrrtgen/179102.part,500000,md5,mixalpha-numeric-space,1,7,0,10000
Current chain speed: 58
Percent completed: 59%
[H[2JWorking on: Part /home/nous/.distrrtgen/179102.part,500000,md5,mixalpha-numeric-space,1,7,0,10000
Current chain speed: 57
Percent completed: 59%
[H[2JWorking on: Part /home/nous/.distrrtgen/179102.part,500000,md5,mixalpha-numeric-space,1,7,0,10000
Current chain speed: 57
Percent completed: 59%
[H[2JWorking on: Part /home/nous/.distrrtgen/179102.part,500000,md5,mixalpha-numeric-space,1,7,0,10000
Current chain speed: 56
Percent completed: 59%
[H[2JWorking on: Part /home/nous/.distrrtgen/179102.part,500000,md5,mixalpha-numeric-space,1,7,0,10000
Current chain speed: 57
Percent completed: 60%
[H[2JWorking on: Part /home/nous/.distrrtgen/179102.part,500000,md5,mixalpha-numeric-space,1,7,0,10000
Current chain speed: 57
Percent completed: 60%
[H[2JWorking on: Part /home/nous/.distrrtgen/179102.part,500000,md5,mixalpha-numeric-space,1,7,0,10000
Current chain speed: 57
Percent completed: 60%
[H[2JWorking on: Part /home/nous/.distrrtgen/179102.part,500000,md5,mixalpha-numeric-space,1,7,0,10000
Current chain speed: 57
Percent completed: 60%
[H[2JWorking on: Part /home/nous/.distrrtgen/179102.part,500000,md5,mixalpha-numeric-space,1,7,0,10000
Current chain speed: 57
Percent completed: 60%
[H[2JWorking on: Part /home/nous/.distrrtgen/179102.part,500000,md5,mixalpha-numeric-space,1,7,0,10000
Current chain speed: 57
Percent completed: 60%
[H[2JWorking on: Part /home/nous/.distrrtgen/179102.part,500000,md5,mixalpha-numeric-space,1,7,0,10000
Current chain speed: 57
Percent completed: 60%
[H[2JWorking on: Part /home/nous/.distrrtgen/179102.part,500000,md5,mixalpha-numeric-space,1,7,0,10000
Current chain speed: 57
Percent completed: 60%
[H[2JWorking on: Part /home/nous/.distrrtgen/179102.part,500000,md5,mixalpha-numeric-space,1,7,0,10000
Current chain speed: 57
Percent completed: 60%
[H[2JWorking on: Part /home/nous/.distrrtgen/179102.part,500000,md5,mixalpha-numeric-space,1,7,0,10000
Current chain speed: 57
Percent completed: 61%
[H[2JWorking on: Part /home/nous/.distrrtgen/179102.part,500000,md5,mixalpha-numeric-space,1,7,0,10000
Current chain speed: 54
Percent completed: 61%
[H[2JWorking on: Part /home/nous/.distrrtgen/179102.part,500000,md5,mixalpha-numeric-space,1,7,0,10000
Current chain speed: 57
Percent completed: 61%
[H[2JWorking on: Part /home/nous/.distrrtgen/179102.part,500000,md5,mixalpha-numeric-space,1,7,0,10000
Current chain speed: 57
Percent completed: 61%
[H[2JWorking on: Part /home/nous/.distrrtgen/179102.part,500000,md5,mixalpha-numeric-space,1,7,0,10000
Current chain speed: 57
Percent completed: 61%
[H[2JWorking on: Part /home/nous/.distrrtgen/179102.part,500000,md5,mixalpha-numeric-space,1,7,0,10000
Current chain speed: 57
Percent completed: 61%
[H[2JWorking on: Part /home/nous/.distrrtgen/179102.part,500000,md5,mixalpha-numeric-space,1,7,0,10000
Current chain speed: 57
Percent completed: 61%
[H[2JWorking on: Part /home/nous/.distrrtgen/179102.part,500000,md5,mixalpha-numeric-space,1,7,0,10000
Current chain speed: 57
Percent completed: 61%
[H[2JWorking on: Part /home/nous/.distrrtgen/179102.part,500000,md5,mixalpha-numeric-space,1,7,0,10000
Current chain speed: 57
Percent completed: 62%
[H[2JWorking on: Part /home/nous/.distrrtgen/179102.part,500000,md5,mixalpha-numeric-space,1,7,0,10000
Current chain speed: 57
Percent completed: 62%
[H[2JWorking on: Part /home/nous/.distrrtgen/179102.part,500000,md5,mixalpha-numeric-space,1,7,0,10000
Current chain speed: 57
Percent completed: 62%
[H[2JWorking on: Part /home/nous/.distrrtgen/179102.part,500000,md5,mixalpha-numeric-space,1,7,0,10000
Current chain speed: 57
Percent completed: 62%
[H[2JWorking on: Part /home/nous/.distrrtgen/179102.part,500000,md5,mixalpha-numeric-space,1,7,0,10000
Current chain speed: 57
Percent completed: 62%
[H[2JWorking on: Part /home/nous/.distrrtgen/179102.part,500000,md5,mixalpha-numeric-space,1,7,0,10000
Current chain speed: 57
Percent completed: 62%
[H[2JWorking on: Part /home/nous/.distrrtgen/179102.part,500000,md5,mixalpha-numeric-space,1,7,0,10000
Current chain speed: 57
Percent completed: 62%
[H[2JWorking on: Part /home/nous/.distrrtgen/179102.part,500000,md5,mixalpha-numeric-space,1,7,0,10000
Current chain speed: 57
Percent completed: 62%
[H[2JWorking on: Part /home/nous/.distrrtgen/179102.part,500000,md5,mixalpha-numeric-space,1,7,0,10000
Current chain speed: 57
Percent completed: 62%
[H[2JWorking on: Part /home/nous/.distrrtgen/179102.part,500000,md5,mixalpha-numeric-space,1,7,0,10000
Current chain speed: 57
Percent completed: 63%
[H[2JWorking on: Part /home/nous/.distrrtgen/179102.part,500000,md5,mixalpha-numeric-space,1,7,0,10000
Current chain speed: 55
Percent completed: 63%
[H[2JWorking on: Part /home/nous/.distrrtgen/179102.part,500000,md5,mixalpha-numeric-space,1,7,0,10000
Current chain speed: 57
Percent completed: 63%
[H[2JWorking on: Part /home/nous/.distrrtgen/179102.part,500000,md5,mixalpha-numeric-space,1,7,0,10000
Current chain speed: 27
Percent completed: 63%
[H[2JWorking on: Part /home/nous/.distrrtgen/179102.part,500000,md5,mixalpha-numeric-space,1,7,0,10000
Current chain speed: 57
Percent completed: 63%
[H[2JWorking on: Part /home/nous/.distrrtgen/179102.part,500000,md5,mixalpha-numeric-space,1,7,0,10000
Current chain speed: 23
Percent completed: 63%
[H[2JWorking on: Part /home/nous/.distrrtgen/179102.part,500000,md5,mixalpha-numeric-space,1,7,0,10000
Current chain speed: 53
Percent completed: 63%
[H[2JWorking on: Part /home/nous/.distrrtgen/179102.part,500000,md5,mixalpha-numeric-space,1,7,0,10000
Current chain speed: 35
Percent completed: 63%
[H[2JWorking on: Part /home/nous/.distrrtgen/179102.part,500000,md5,mixalpha-numeric-space,1,7,0,10000
Current chain speed: 17
Percent completed: 63%
[H[2JWorking on: Part /home/nous/.distrrtgen/179102.part,500000,md5,mixalpha-numeric-space,1,7,0,10000
Current chain speed: 35
Percent completed: 63%
[H[2JWorking on: Part /home/nous/.distrrtgen/179102.part,500000,md5,mixalpha-numeric-space,1,7,0,10000
Current chain speed: 32
Percent completed: 63%
[H[2JWorking on: Part /home/nous/.distrrtgen/179102.part,500000,md5,mixalpha-numeric-space,1,7,0,10000
Current chain speed: 37
Percent completed: 63%
[H[2JWorking on: Part /home/nous/.distrrtgen/179102.part,500000,md5,mixalpha-numeric-space,1,7,0,10000
Current chain speed: 51
Percent completed: 64%
[H[2JWorking on: Part /home/nous/.distrrtgen/179102.part,500000,md5,mixalpha-numeric-space,1,7,0,10000
Current chain speed: 56
Percent completed: 64%
[H[2JWorking on: Part /home/nous/.distrrtgen/179102.part,500000,md5,mixalpha-numeric-space,1,7,0,10000
Current chain speed: 49
Percent completed: 64%
[H[2JWorking on: Part /home/nous/.distrrtgen/179102.part,500000,md5,mixalpha-numeric-space,1,7,0,10000
Current chain speed: 34
Percent completed: 64%
[H[2JWorking on: Part /home/nous/.distrrtgen/179102.part,500000,md5,mixalpha-numeric-space,1,7,0,10000
Current chain speed: 34
Percent completed: 64%
[H[2JWorking on: Part /home/nous/.distrrtgen/179102.part,500000,md5,mixalpha-numeric-space,1,7,0,10000
Current chain speed: 22
Percent completed: 64%
[H[2JWorking on: Part /home/nous/.distrrtgen/179102.part,500000,md5,mixalpha-numeric-space,1,7,0,10000
Current chain speed: 2
Percent completed: 64%
[H[2JWorking on: Part /home/nous/.distrrtgen/179102.part,500000,md5,mixalpha-numeric-space,1,7,0,10000
Current chain speed: 13
Percent completed: 64%
[H[2JWorking on: Part /home/nous/.distrrtgen/179102.part,500000,md5,mixalpha-numeric-space,1,7,0,10000
Current chain speed: 20
Percent completed: 64%
[H[2JWorking on: Part /home/nous/.distrrtgen/179102.part,500000,md5,mixalpha-numeric-space,1,7,0,10000
Current chain speed: 33
Percent completed: 64%
[H[2JWorking on: Part /home/nous/.distrrtgen/179102.part,500000,md5,mixalpha-numeric-space,1,7,0,10000
Current chain speed: 25
Percent completed: 64%
[H[2JWorking on: Part /home/nous/.distrrtgen/179102.part,500000,md5,mixalpha-numeric-space,1,7,0,10000
Current chain speed: 8
Percent completed: 64%
[H[2JWorking on: Part /home/nous/.distrrtgen/179102.part,500000,md5,mixalpha-numeric-space,1,7,0,10000
Current chain speed: 39
Percent completed: 64%
[H[2JWorking on: Part /home/nous/.distrrtgen/179102.part,500000,md5,mixalpha-numeric-space,1,7,0,10000
Current chain speed: 45
Percent completed: 64%
[H[2JWorking on: Part /home/nous/.distrrtgen/179102.part,500000,md5,mixalpha-numeric-space,1,7,0,10000
Current chain speed: 48
Percent completed: 64%
[H[2JWorking on: Part /home/nous/.distrrtgen/179102.part,500000,md5,mixalpha-numeric-space,1,7,0,10000
Current chain speed: 47
Percent completed: 64%
[H[2JWorking on: Part /home/nous/.distrrtgen/179102.part,500000,md5,mixalpha-numeric-space,1,7,0,10000
Current chain speed: 40
Percent completed: 65%
[H[2JWorking on: Part /home/nous/.distrrtgen/179102.part,500000,md5,mixalpha-numeric-space,1,7,0,10000
Current chain speed: 7
Percent completed: 65%
[H[2JWorking on: Part /home/nous/.distrrtgen/179102.part,500000,md5,mixalpha-numeric-space,1,7,0,10000
Current chain speed: 40
Percent completed: 65%
[H[2JWorking on: Part /home/nous/.distrrtgen/179102.part,500000,md5,mixalpha-numeric-space,1,7,0,10000
Current chain speed: 41
Percent completed: 65%
[H[2JWorking on: Part /home/nous/.distrrtgen/179102.part,500000,md5,mixalpha-numeric-space,1,7,0,10000
Current chain speed: 20
Percent completed: 65%
[H[2JWorking on: Part /home/nous/.distrrtgen/179102.part,500000,md5,mixalpha-numeric-space,1,7,0,10000
Current chain speed: 29
Percent completed: 65%
[H[2JWorking on: Part /home/nous/.distrrtgen/179102.part,500000,md5,mixalpha-numeric-space,1,7,0,10000
Current chain speed: 12
Percent completed: 65%
[H[2JWorking on: Part /home/nous/.distrrtgen/179102.part,500000,md5,mixalpha-numeric-space,1,7,0,10000
Current chain speed: 22
Percent completed: 65%
[H[2JWorking on: Part /home/nous/.distrrtgen/179102.part,500000,md5,mixalpha-numeric-space,1,7,0,10000
Current chain speed: 31
Percent completed: 65%
[H[2JWorking on: Part /home/nous/.distrrtgen/179102.part,500000,md5,mixalpha-numeric-space,1,7,0,10000
Current chain speed: 9
Percent completed: 65%
[H[2JWorking on: Part /home/nous/.distrrtgen/179102.part,500000,md5,mixalpha-numeric-space,1,7,0,10000
Current chain speed: 5
Percent completed: 65%
[H[2JWorking on: Part /home/nous/.distrrtgen/179102.part,500000,md5,mixalpha-numeric-space,1,7,0,10000
Current chain speed: 10
Percent completed: 65%
[H[2JWorking on: Part /home/nous/.distrrtgen/179102.part,500000,md5,mixalpha-numeric-space,1,7,0,10000
Current chain speed: 23
Percent completed: 65%
[H[2JWorking on: Part /home/nous/.distrrtgen/179102.part,500000,md5,mixalpha-numeric-space,1,7,0,10000
Current chain speed: 6
Percent completed: 65%
[H[2JWorking on: Part /home/nous/.distrrtgen/179102.part,500000,md5,mixalpha-numeric-space,1,7,0,10000
Current chain speed: 44
Percent completed: 65%
[H[2JWorking on: Part /home/nous/.distrrtgen/179102.part,500000,md5,mixalpha-numeric-space,1,7,0,10000
Current chain speed: 52
Percent completed: 65%
[H[2JWorking on: Part /home/nous/.distrrtgen/179102.part,500000,md5,mixalpha-numeric-space,1,7,0,10000
Current chain speed: 16
Percent completed: 65%
[H[2JWorking on: Part /home/nous/.distrrtgen/179102.part,500000,md5,mixalpha-numeric-space,1,7,0,10000
Current chain speed: 10
Percent completed: 65%
[H[2JWorking on: Part /home/nous/.distrrtgen/179102.part,500000,md5,mixalpha-numeric-space,1,7,0,10000
Current chain speed: 22
Percent completed: 65%
[H[2JWorking on: Part /home/nous/.distrrtgen/179102.part,500000,md5,mixalpha-numeric-space,1,7,0,10000
Current chain speed: 53
Percent completed: 65%
[H[2JWorking on: Part /home/nous/.distrrtgen/179102.part,500000,md5,mixalpha-numeric-space,1,7,0,10000
Current chain speed: 35
Percent completed: 66%
[H[2JWorking on: Part /home/nous/.distrrtgen/179102.part,500000,md5,mixalpha-numeric-space,1,7,0,10000
Current chain speed: 26
Percent completed: 66%
[H[2JWorking on: Part /home/nous/.distrrtgen/179102.part,500000,md5,mixalpha-numeric-space,1,7,0,10000
Current chain speed: 50
Percent completed: 66%
[H[2JWorking on: Part /home/nous/.distrrtgen/179102.part,500000,md5,mixalpha-numeric-space,1,7,0,10000
Current chain speed: 45
Percent completed: 66%
[H[2JWorking on: Part /home/nous/.distrrtgen/179102.part,500000,md5,mixalpha-numeric-space,1,7,0,10000
Current chain speed: 45
Percent completed: 66%
[H[2JWorking on: Part /home/nous/.distrrtgen/179102.part,500000,md5,mixalpha-numeric-space,1,7,0,10000
Current chain speed: 32
Percent completed: 66%
[H[2JWorking on: Part /home/nous/.distrrtgen/179102.part,500000,md5,mixalpha-numeric-space,1,7,0,10000
Current chain speed: 24
Percent completed: 66%
[H[2JWorking on: Part /home/nous/.distrrtgen/179102.part,500000,md5,mixalpha-numeric-space,1,7,0,10000
Current chain speed: 23
Percent completed: 66%
[H[2JWorking on: Part /home/nous/.distrrtgen/179102.part,500000,md5,mixalpha-numeric-space,1,7,0,10000
Current chain speed: 24
Percent completed: 66%
[H[2JWorking on: Part /home/nous/.distrrtgen/179102.part,500000,md5,mixalpha-numeric-space,1,7,0,10000
Current chain speed: 32
Percent completed: 66%
[H[2JWorking on: Part /home/nous/.distrrtgen/179102.part,500000,md5,mixalpha-numeric-space,1,7,0,10000
Current chain speed: 41
Percent completed: 66%
[H[2JWorking on: Part /home/nous/.distrrtgen/179102.part,500000,md5,mixalpha-numeric-space,1,7,0,10000
Current chain speed: 39
Percent completed: 66%
[H[2JWorking on: Part /home/nous/.distrrtgen/179102.part,500000,md5,mixalpha-numeric-space,1,7,0,10000
Current chain speed: 34
Percent completed: 66%
[H[2JWorking on: Part /home/nous/.distrrtgen/179102.part,500000,md5,mixalpha-numeric-space,1,7,0,10000
Current chain speed: 15
Percent completed: 66%
[H[2JWorking on: Part /home/nous/.distrrtgen/179102.part,500000,md5,mixalpha-numeric-space,1,7,0,10000
Current chain speed: 40
Percent completed: 66%
[H[2JWorking on: Part /home/nous/.distrrtgen/179102.part,500000,md5,mixalpha-numeric-space,1,7,0,10000
Current chain speed: 30
Percent completed: 67%
[H[2JWorking on: Part /home/nous/.distrrtgen/179102.part,500000,md5,mixalpha-numeric-space,1,7,0,10000
Current chain speed: 31
Percent completed: 67%
[H[2JWorking on: Part /home/nous/.distrrtgen/179102.part,500000,md5,mixalpha-numeric-space,1,7,0,10000
Current chain speed: 42
Percent completed: 67%
[H[2JWorking on: Part /home/nous/.distrrtgen/179102.part,500000,md5,mixalpha-numeric-space,1,7,0,10000
Current chain speed: 13
Percent completed: 67%
[H[2JWorking on: Part /home/nous/.distrrtgen/179102.part,500000,md5,mixalpha-numeric-space,1,7,0,10000
Current chain speed: 25
Percent completed: 67%
[H[2JWorking on: Part /home/nous/.distrrtgen/179102.part,500000,md5,mixalpha-numeric-space,1,7,0,10000
Current chain speed: 43
Percent completed: 67%
[H[2JWorking on: Part /home/nous/.distrrtgen/179102.part,500000,md5,mixalpha-numeric-space,1,7,0,10000
Current chain speed: 39
Percent completed: 67%
[H[2JWorking on: Part /home/nous/.distrrtgen/179102.part,500000,md5,mixalpha-numeric-space,1,7,0,10000
Current chain speed: 32
Percent completed: 67%
[H[2JWorking on: Part /home/nous/.distrrtgen/179102.part,500000,md5,mixalpha-numeric-space,1,7,0,10000
Current chain speed: 37
Percent completed: 67%
[H[2JWorking on: Part /home/nous/.distrrtgen/179102.part,500000,md5,mixalpha-numeric-space,1,7,0,10000
Current chain speed: 35
Percent completed: 67%
[H[2JWorking on: Part /home/nous/.distrrtgen/179102.part,500000,md5,mixalpha-numeric-space,1,7,0,10000
Current chain speed: 41
Percent completed: 67%
[H[2JWorking on: Part /home/nous/.distrrtgen/179102.part,500000,md5,mixalpha-numeric-space,1,7,0,10000
Current chain speed: 24
Percent completed: 67%
[H[2JWorking on: Part /home/nous/.distrrtgen/179102.part,500000,md5,mixalpha-numeric-space,1,7,0,10000
Current chain speed: 40
Percent completed: 67%
[H[2JWorking on: Part /home/nous/.distrrtgen/179102.part,500000,md5,mixalpha-numeric-space,1,7,0,10000
Current chain speed: 33
Percent completed: 67%
[H[2JWorking on: Part /home/nous/.distrrtgen/179102.part,500000,md5,mixalpha-numeric-space,1,7,0,10000
Current chain speed: 31
Percent completed: 68%
[H[2JWorking on: Part /home/nous/.distrrtgen/179102.part,500000,md5,mixalpha-numeric-space,1,7,0,10000
Current chain speed: 27
Percent completed: 68%
[H[2JWorking on: Part /home/nous/.distrrtgen/179102.part,500000,md5,mixalpha-numeric-space,1,7,0,10000
Current chain speed: 6
Percent completed: 68%
[H[2JWorking on: Part /home/nous/.distrrtgen/179102.part,500000,md5,mixalpha-numeric-space,1,7,0,10000
Current chain speed: 18
Percent completed: 68%
[H[2JWorking on: Part /home/nous/.distrrtgen/179102.part,500000,md5,mixalpha-numeric-space,1,7,0,10000
Current chain speed: 23
Percent completed: 68%
[H[2JWorking on: Part /home/nous/.distrrtgen/179102.part,500000,md5,mixalpha-numeric-space,1,7,0,10000
Current chain speed: 54
Percent completed: 68%
[H[2JWorking on: Part /home/nous/.distrrtgen/179102.part,500000,md5,mixalpha-numeric-space,1,7,0,10000
Current chain speed: 54
Percent completed: 68%
[H[2JWorking on: Part /home/nous/.distrrtgen/179102.part,500000,md5,mixalpha-numeric-space,1,7,0,10000
Current chain speed: 49
Percent completed: 68%
[H[2JWorking on: Part /home/nous/.distrrtgen/179102.part,500000,md5,mixalpha-numeric-space,1,7,0,10000
Current chain speed: 53
Percent completed: 68%
[H[2JWorking on: Part /home/nous/.distrrtgen/179102.part,500000,md5,mixalpha-numeric-space,1,7,0,10000
Current chain speed: 52
Percent completed: 68%
[H[2JWorking on: Part /home/nous/.distrrtgen/179102.part,500000,md5,mixalpha-numeric-space,1,7,0,10000
Current chain speed: 50
Percent completed: 68%
[H[2JWorking on: Part /home/nous/.distrrtgen/179102.part,500000,md5,mixalpha-numeric-space,1,7,0,10000
Current chain speed: 43
Percent completed: 68%
[H[2JWorking on: Part /home/nous/.distrrtgen/179102.part,500000,md5,mixalpha-numeric-space,1,7,0,10000
Current chain speed: 39
Percent completed: 68%
[H[2JWorking on: Part /home/nous/.distrrtgen/179102.part,500000,md5,mixalpha-numeric-space,1,7,0,10000
Current chain speed: 32
Percent completed: 69%
[H[2JWorking on: Part /home/nous/.distrrtgen/179102.part,500000,md5,mixalpha-numeric-space,1,7,0,10000
Current chain speed: 54
Percent completed: 69%
[H[2JWorking on: Part /home/nous/.distrrtgen/179102.part,500000,md5,mixalpha-numeric-space,1,7,0,10000
Current chain speed: 51
Percent completed: 69%
[H[2JWorking on: Part /home/nous/.distrrtgen/179102.part,500000,md5,mixalpha-numeric-space,1,7,0,10000
Current chain speed: 53
Percent completed: 69%
[H[2JWorking on: Part /home/nous/.distrrtgen/179102.part,500000,md5,mixalpha-numeric-space,1,7,0,10000
Current chain speed: 44
Percent completed: 69%
[H[2JWorking on: Part /home/nous/.distrrtgen/179102.part,500000,md5,mixalpha-numeric-space,1,7,0,10000
Current chain speed: 55
Percent completed: 69%
[H[2JWorking on: Part /home/nous/.distrrtgen/179102.part,500000,md5,mixalpha-numeric-space,1,7,0,10000
Current chain speed: 50
Percent completed: 69%
[H[2JWorking on: Part /home/nous/.distrrtgen/179102.part,500000,md5,mixalpha-numeric-space,1,7,0,10000
Current chain speed: 54
Percent completed: 69%
[H[2JWorking on: Part /home/nous/.distrrtgen/179102.part,500000,md5,mixalpha-numeric-space,1,7,0,10000
Current chain speed: 49
Percent completed: 69%
[H[2JWorking on: Part /home/nous/.distrrtgen/179102.part,500000,md5,mixalpha-numeric-space,1,7,0,10000
Current chain speed: 56
Percent completed: 69%
[H[2JWorking on: Part /home/nous/.distrrtgen/179102.part,500000,md5,mixalpha-numeric-space,1,7,0,10000
Current chain speed: 56
Percent completed: 70%
[H[2JWorking on: Part /home/nous/.distrrtgen/179102.part,500000,md5,mixalpha-numeric-space,1,7,0,10000
Current chain speed: 54
Percent completed: 70%
[H[2JWorking on: Part /home/nous/.distrrtgen/179102.part,500000,md5,mixalpha-numeric-space,1,7,0,10000
Current chain speed: 55
Percent completed: 70%
[H[2JWorking on: Part /home/nous/.distrrtgen/179102.part,500000,md5,mixalpha-numeric-space,1,7,0,10000
Current chain speed: 55
Percent completed: 70%
[H[2JWorking on: Part /home/nous/.distrrtgen/179102.part,500000,md5,mixalpha-numeric-space,1,7,0,10000
Current chain speed: 55
Percent completed: 70%
[H[2JWorking on: Part /home/nous/.distrrtgen/179102.part,500000,md5,mixalpha-numeric-space,1,7,0,10000
Current chain speed: 57
Percent completed: 70%
[H[2JWorking on: Part /home/nous/.distrrtgen/179102.part,500000,md5,mixalpha-numeric-space,1,7,0,10000
Current chain speed: 57
Percent completed: 70%
[H[2JWorking on: Part /home/nous/.distrrtgen/179102.part,500000,md5,mixalpha-numeric-space,1,7,0,10000
Current chain speed: 57
Percent completed: 70%
[H[2JWorking on: Part /home/nous/.distrrtgen/179102.part,500000,md5,mixalpha-numeric-space,1,7,0,10000
Current chain speed: 57
Percent completed: 70%
[H[2JWorking on: Part /home/nous/.distrrtgen/179102.part,500000,md5,mixalpha-numeric-space,1,7,0,10000
Current chain speed: 57
Percent completed: 71%
[H[2JWorking on: Part /home/nous/.distrrtgen/179102.part,500000,md5,mixalpha-numeric-space,1,7,0,10000
Current chain speed: 57
Percent completed: 71%
[H[2JWorking on: Part /home/nous/.distrrtgen/179102.part,500000,md5,mixalpha-numeric-space,1,7,0,10000
Current chain speed: 57
Percent completed: 71%
[H[2JWorking on: Part /home/nous/.distrrtgen/179102.part,500000,md5,mixalpha-numeric-space,1,7,0,10000
Current chain speed: 57
Percent completed: 71%
[H[2JWorking on: Part /home/nous/.distrrtgen/179102.part,500000,md5,mixalpha-numeric-space,1,7,0,10000
Current chain speed: 57
Percent completed: 71%
[H[2JWorking on: Part /home/nous/.distrrtgen/179102.part,500000,md5,mixalpha-numeric-space,1,7,0,10000
Current chain speed: 57
Percent completed: 71%
[H[2JWorking on: Part /home/nous/.distrrtgen/179102.part,500000,md5,mixalpha-numeric-space,1,7,0,10000
Current chain speed: 57
Percent completed: 71%
[H[2JWorking on: Part /home/nous/.distrrtgen/179102.part,500000,md5,mixalpha-numeric-space,1,7,0,10000
Current chain speed: 58
Percent completed: 71%
[H[2JWorking on: Part /home/nous/.distrrtgen/179102.part,500000,md5,mixalpha-numeric-space,1,7,0,10000
Current chain speed: 57
Percent completed: 72%
[H[2JWorking on: Part /home/nous/.distrrtgen/179102.part,500000,md5,mixalpha-numeric-space,1,7,0,10000
Current chain speed: 57
Percent completed: 72%
[H[2JWorking on: Part /home/nous/.distrrtgen/179102.part,500000,md5,mixalpha-numeric-space,1,7,0,10000
Current chain speed: 57
Percent completed: 72%
[H[2JWorking on: Part /home/nous/.distrrtgen/179102.part,500000,md5,mixalpha-numeric-space,1,7,0,10000
Current chain speed: 57
Percent completed: 72%
[H[2JWorking on: Part /home/nous/.distrrtgen/179102.part,500000,md5,mixalpha-numeric-space,1,7,0,10000
Current chain speed: 57
Percent completed: 72%
[H[2JWorking on: Part /home/nous/.distrrtgen/179102.part,500000,md5,mixalpha-numeric-space,1,7,0,10000
Current chain speed: 57
Percent completed: 72%
[H[2JWorking on: Part /home/nous/.distrrtgen/179102.part,500000,md5,mixalpha-numeric-space,1,7,0,10000
Current chain speed: 57
Percent completed: 72%
[H[2JWorking on: Part /home/nous/.distrrtgen/179102.part,500000,md5,mixalpha-numeric-space,1,7,0,10000
Current chain speed: 57
Percent completed: 72%
[H[2JWorking on: Part /home/nous/.distrrtgen/179102.part,500000,md5,mixalpha-numeric-space,1,7,0,10000
Current chain speed: 57
Percent completed: 72%
[H[2JWorking on: Part /home/nous/.distrrtgen/179102.part,500000,md5,mixalpha-numeric-space,1,7,0,10000
Current chain speed: 57
Percent completed: 73%
[H[2JWorking on: Part /home/nous/.distrrtgen/179102.part,500000,md5,mixalpha-numeric-space,1,7,0,10000
Current chain speed: 57
Percent completed: 73%
[H[2JWorking on: Part /home/nous/.distrrtgen/179102.part,500000,md5,mixalpha-numeric-space,1,7,0,10000
Current chain speed: 57
Percent completed: 73%
[H[2JWorking on: Part /home/nous/.distrrtgen/179102.part,500000,md5,mixalpha-numeric-space,1,7,0,10000
Current chain speed: 57
Percent completed: 73%
[H[2JWorking on: Part /home/nous/.distrrtgen/179102.part,500000,md5,mixalpha-numeric-space,1,7,0,10000
Current chain speed: 57
Percent completed: 73%
[H[2JWorking on: Part /home/nous/.distrrtgen/179102.part,500000,md5,mixalpha-numeric-space,1,7,0,10000
Current chain speed: 57
Percent completed: 73%
[H[2JWorking on: Part /home/nous/.distrrtgen/179102.part,500000,md5,mixalpha-numeric-space,1,7,0,10000
Current chain speed: 57
Percent completed: 73%
[H[2JWorking on: Part /home/nous/.distrrtgen/179102.part,500000,md5,mixalpha-numeric-space,1,7,0,10000
Current chain speed: 57
Percent completed: 73%
[H[2JWorking on: Part /home/nous/.distrrtgen/179102.part,500000,md5,mixalpha-numeric-space,1,7,0,10000
Current chain speed: 57
Percent completed: 73%
[H[2JWorking on: Part /home/nous/.distrrtgen/179102.part,500000,md5,mixalpha-numeric-space,1,7,0,10000
Current chain speed: 57
Percent completed: 74%
[H[2JWorking on: Part /home/nous/.distrrtgen/179102.part,500000,md5,mixalpha-numeric-space,1,7,0,10000
Current chain speed: 57
Percent completed: 74%
[H[2JWorking on: Part /home/nous/.distrrtgen/179102.part,500000,md5,mixalpha-numeric-space,1,7,0,10000
Current chain speed: 57
Percent completed: 74%
[H[2JWorking on: Part /home/nous/.distrrtgen/179102.part,500000,md5,mixalpha-numeric-space,1,7,0,10000
Current chain speed: 57
Percent completed: 74%
[H[2JWorking on: Part /home/nous/.distrrtgen/179102.part,500000,md5,mixalpha-numeric-space,1,7,0,10000
Current chain speed: 57
Percent completed: 74%
[H[2JWorking on: Part /home/nous/.distrrtgen/179102.part,500000,md5,mixalpha-numeric-space,1,7,0,10000
Current chain speed: 57
Percent completed: 74%
[H[2JWorking on: Part /home/nous/.distrrtgen/179102.part,500000,md5,mixalpha-numeric-space,1,7,0,10000
Current chain speed: 57
Percent completed: 74%
[H[2JWorking on: Part /home/nous/.distrrtgen/179102.part,500000,md5,mixalpha-numeric-space,1,7,0,10000
Current chain speed: 57
Percent completed: 74%
[H[2JWorking on: Part /home/nous/.distrrtgen/179102.part,500000,md5,mixalpha-numeric-space,1,7,0,10000
Current chain speed: 57
Percent completed: 75%
[H[2JWorking on: Part /home/nous/.distrrtgen/179102.part,500000,md5,mixalpha-numeric-space,1,7,0,10000
Current chain speed: 57
Percent completed: 75%
[H[2JWorking on: Part /home/nous/.distrrtgen/179102.part,500000,md5,mixalpha-numeric-space,1,7,0,10000
Current chain speed: 57
Percent completed: 75%
[H[2JWorking on: Part /home/nous/.distrrtgen/179102.part,500000,md5,mixalpha-numeric-space,1,7,0,10000
Current chain speed: 57
Percent completed: 75%
[H[2JWorking on: Part /home/nous/.distrrtgen/179102.part,500000,md5,mixalpha-numeric-space,1,7,0,10000
Current chain speed: 57
Percent completed: 75%
[H[2JWorking on: Part /home/nous/.distrrtgen/179102.part,500000,md5,mixalpha-numeric-space,1,7,0,10000
Current chain speed: 57
Percent completed: 75%
[H[2JWorking on: Part /home/nous/.distrrtgen/179102.part,500000,md5,mixalpha-numeric-space,1,7,0,10000
Current chain speed: 57
Percent completed: 75%
[H[2JWorking on: Part /home/nous/.distrrtgen/179102.part,500000,md5,mixalpha-numeric-space,1,7,0,10000
Current chain speed: 57
Percent completed: 75%
[H[2JWorking on: Part /home/nous/.distrrtgen/179102.part,500000,md5,mixalpha-numeric-space,1,7,0,10000
Current chain speed: 57
Percent completed: 75%
[H[2JWorking on: Part /home/nous/.distrrtgen/179102.part,500000,md5,mixalpha-numeric-space,1,7,0,10000
Current chain speed: 57
Percent completed: 76%
[H[2JWorking on: Part /home/nous/.distrrtgen/179102.part,500000,md5,mixalpha-numeric-space,1,7,0,10000
Current chain speed: 57
Percent completed: 76%
[H[2JWorking on: Part /home/nous/.distrrtgen/179102.part,500000,md5,mixalpha-numeric-space,1,7,0,10000
Current chain speed: 57
Percent completed: 76%
[H[2JWorking on: Part /home/nous/.distrrtgen/179102.part,500000,md5,mixalpha-numeric-space,1,7,0,10000
Current chain speed: 57
Percent completed: 76%
[H[2JWorking on: Part /home/nous/.distrrtgen/179102.part,500000,md5,mixalpha-numeric-space,1,7,0,10000
Current chain speed: 57
Percent completed: 76%
[H[2JWorking on: Part /home/nous/.distrrtgen/179102.part,500000,md5,mixalpha-numeric-space,1,7,0,10000
Current chain speed: 57
Percent completed: 76%
[H[2JWorking on: Part /home/nous/.distrrtgen/179102.part,500000,md5,mixalpha-numeric-space,1,7,0,10000
Current chain speed: 57
Percent completed: 76%
[H[2JWorking on: Part /home/nous/.distrrtgen/179102.part,500000,md5,mixalpha-numeric-space,1,7,0,10000
Current chain speed: 57
Percent completed: 76%
[H[2JWorking on: Part /home/nous/.distrrtgen/179102.part,500000,md5,mixalpha-numeric-space,1,7,0,10000
Current chain speed: 57
Percent completed: 76%
[H[2JWorking on: Part /home/nous/.distrrtgen/179102.part,500000,md5,mixalpha-numeric-space,1,7,0,10000
Current chain speed: 57
Percent completed: 77%
[H[2JWorking on: Part /home/nous/.distrrtgen/179102.part,500000,md5,mixalpha-numeric-space,1,7,0,10000
Current chain speed: 57
Percent completed: 77%
[H[2JWorking on: Part /home/nous/.distrrtgen/179102.part,500000,md5,mixalpha-numeric-space,1,7,0,10000
Current chain speed: 57
Percent completed: 77%
[H[2JWorking on: Part /home/nous/.distrrtgen/179102.part,500000,md5,mixalpha-numeric-space,1,7,0,10000
Current chain speed: 57
Percent completed: 77%
[H[2JWorking on: Part /home/nous/.distrrtgen/179102.part,500000,md5,mixalpha-numeric-space,1,7,0,10000
Current chain speed: 57
Percent completed: 77%
[H[2JWorking on: Part /home/nous/.distrrtgen/179102.part,500000,md5,mixalpha-numeric-space,1,7,0,10000
Current chain speed: 57
Percent completed: 77%
[H[2JWorking on: Part /home/nous/.distrrtgen/179102.part,500000,md5,mixalpha-numeric-space,1,7,0,10000
Current chain speed: 57
Percent completed: 77%
[H[2JWorking on: Part /home/nous/.distrrtgen/179102.part,500000,md5,mixalpha-numeric-space,1,7,0,10000
Current chain speed: 57
Percent completed: 77%
[H[2JWorking on: Part /home/nous/.distrrtgen/179102.part,500000,md5,mixalpha-numeric-space,1,7,0,10000
Current chain speed: 57
Percent completed: 78%
[H[2JWorking on: Part /home/nous/.distrrtgen/179102.part,500000,md5,mixalpha-numeric-space,1,7,0,10000
Current chain speed: 57
Percent completed: 78%
[H[2JWorking on: Part /home/nous/.distrrtgen/179102.part,500000,md5,mixalpha-numeric-space,1,7,0,10000
Current chain speed: 57
Percent completed: 78%
[H[2JWorking on: Part /home/nous/.distrrtgen/179102.part,500000,md5,mixalpha-numeric-space,1,7,0,10000
Current chain speed: 57
Percent completed: 78%
[H[2JWorking on: Part /home/nous/.distrrtgen/179102.part,500000,md5,mixalpha-numeric-space,1,7,0,10000
Current chain speed: 57
Percent completed: 78%
[H[2JWorking on: Part /home/nous/.distrrtgen/179102.part,500000,md5,mixalpha-numeric-space,1,7,0,10000
Current chain speed: 57
Percent completed: 78%
[H[2JWorking on: Part /home/nous/.distrrtgen/179102.part,500000,md5,mixalpha-numeric-space,1,7,0,10000
Current chain speed: 57
Percent completed: 78%
[H[2JWorking on: Part /home/nous/.distrrtgen/179102.part,500000,md5,mixalpha-numeric-space,1,7,0,10000
Current chain speed: 57
Percent completed: 78%
[H[2JWorking on: Part /home/nous/.distrrtgen/179102.part,500000,md5,mixalpha-numeric-space,1,7,0,10000
Current chain speed: 57
Percent completed: 78%
[H[2JWorking on: Part /home/nous/.distrrtgen/179102.part,500000,md5,mixalpha-numeric-space,1,7,0,10000
Current chain speed: 57
Percent completed: 79%
[H[2JWorking on: Part /home/nous/.distrrtgen/179102.part,500000,md5,mixalpha-numeric-space,1,7,0,10000
Current chain speed: 57
Percent completed: 79%
[H[2JWorking on: Part /home/nous/.distrrtgen/179102.part,500000,md5,mixalpha-numeric-space,1,7,0,10000
Current chain speed: 57
Percent completed: 79%
[H[2JWorking on: Part /home/nous/.distrrtgen/179102.part,500000,md5,mixalpha-numeric-space,1,7,0,10000
Current chain speed: 57
Percent completed: 79%
[H[2JWorking on: Part /home/nous/.distrrtgen/179102.part,500000,md5,mixalpha-numeric-space,1,7,0,10000
Current chain speed: 57
Percent completed: 79%
[H[2JWorking on: Part /home/nous/.distrrtgen/179102.part,500000,md5,mixalpha-numeric-space,1,7,0,10000
Current chain speed: 57
Percent completed: 79%
[H[2JWorking on: Part /home/nous/.distrrtgen/179102.part,500000,md5,mixalpha-numeric-space,1,7,0,10000
Current chain speed: 57
Percent completed: 79%
[H[2JWorking on: Part /home/nous/.distrrtgen/179102.part,500000,md5,mixalpha-numeric-space,1,7,0,10000
Current chain speed: 57
Percent completed: 79%
[H[2JWorking on: Part /home/nous/.distrrtgen/179102.part,500000,md5,mixalpha-numeric-space,1,7,0,10000
Current chain speed: 57
Percent completed: 79%
[H[2JWorking on: Part /home/nous/.distrrtgen/179102.part,500000,md5,mixalpha-numeric-space,1,7,0,10000
Current chain speed: 57
Percent completed: 80%
[H[2JWorking on: Part /home/nous/.distrrtgen/179102.part,500000,md5,mixalpha-numeric-space,1,7,0,10000
Current chain speed: 57
Percent completed: 80%
[H[2JWorking on: Part /home/nous/.distrrtgen/179102.part,500000,md5,mixalpha-numeric-space,1,7,0,10000
Current chain speed: 57
Percent completed: 80%
[H[2JWorking on: Part /home/nous/.distrrtgen/179102.part,500000,md5,mixalpha-numeric-space,1,7,0,10000
Current chain speed: 57
Percent completed: 80%
[H[2JWorking on: Part /home/nous/.distrrtgen/179102.part,500000,md5,mixalpha-numeric-space,1,7,0,10000
Current chain speed: 57
Percent completed: 80%
[H[2JWorking on: Part /home/nous/.distrrtgen/179102.part,500000,md5,mixalpha-numeric-space,1,7,0,10000
Current chain speed: 57
Percent completed: 80%
[H[2JWorking on: Part /home/nous/.distrrtgen/179102.part,500000,md5,mixalpha-numeric-space,1,7,0,10000
Current chain speed: 57
Percent completed: 80%
[H[2JWorking on: Part /home/nous/.distrrtgen/179102.part,500000,md5,mixalpha-numeric-space,1,7,0,10000
Current chain speed: 57
Percent completed: 80%
[H[2JWorking on: Part /home/nous/.distrrtgen/179102.part,500000,md5,mixalpha-numeric-space,1,7,0,10000
Current chain speed: 57
Percent completed: 81%
[H[2JWorking on: Part /home/nous/.distrrtgen/179102.part,500000,md5,mixalpha-numeric-space,1,7,0,10000
Current chain speed: 57
Percent completed: 81%
[H[2JWorking on: Part /home/nous/.distrrtgen/179102.part,500000,md5,mixalpha-numeric-space,1,7,0,10000
Current chain speed: 57
Percent completed: 81%
[H[2JWorking on: Part /home/nous/.distrrtgen/179102.part,500000,md5,mixalpha-numeric-space,1,7,0,10000
Current chain speed: 57
Percent completed: 81%
[H[2JWorking on: Part /home/nous/.distrrtgen/179102.part,500000,md5,mixalpha-numeric-space,1,7,0,10000
Current chain speed: 57
Percent completed: 81%
[H[2JWorking on: Part /home/nous/.distrrtgen/179102.part,500000,md5,mixalpha-numeric-space,1,7,0,10000
Current chain speed: 57
Percent completed: 81%
[H[2JWorking on: Part /home/nous/.distrrtgen/179102.part,500000,md5,mixalpha-numeric-space,1,7,0,10000
Current chain speed: 57
Percent completed: 81%
[H[2JWorking on: Part /home/nous/.distrrtgen/179102.part,500000,md5,mixalpha-numeric-space,1,7,0,10000
Current chain speed: 57
Percent completed: 81%
[H[2JWorking on: Part /home/nous/.distrrtgen/179102.part,500000,md5,mixalpha-numeric-space,1,7,0,10000
Current chain speed: 57
Percent completed: 81%
[H[2JWorking on: Part /home/nous/.distrrtgen/179102.part,500000,md5,mixalpha-numeric-space,1,7,0,10000
Current chain speed: 57
Percent completed: 82%
[H[2JWorking on: Part /home/nous/.distrrtgen/179102.part,500000,md5,mixalpha-numeric-space,1,7,0,10000
Current chain speed: 57
Percent completed: 82%
[H[2JWorking on: Part /home/nous/.distrrtgen/179102.part,500000,md5,mixalpha-numeric-space,1,7,0,10000
Current chain speed: 57
Percent completed: 82%
[H[2JWorking on: Part /home/nous/.distrrtgen/179102.part,500000,md5,mixalpha-numeric-space,1,7,0,10000
Current chain speed: 57
Percent completed: 82%
[H[2JWorking on: Part /home/nous/.distrrtgen/179102.part,500000,md5,mixalpha-numeric-space,1,7,0,10000
Current chain speed: 57
Percent completed: 82%
[H[2JWorking on: Part /home/nous/.distrrtgen/179102.part,500000,md5,mixalpha-numeric-space,1,7,0,10000
Current chain speed: 58
Percent completed: 82%
[H[2JWorking on: Part /home/nous/.distrrtgen/179102.part,500000,md5,mixalpha-numeric-space,1,7,0,10000
Current chain speed: 57
Percent completed: 82%
[H[2JWorking on: Part /home/nous/.distrrtgen/179102.part,500000,md5,mixalpha-numeric-space,1,7,0,10000
Current chain speed: 55
Percent completed: 82%
[H[2JWorking on: Part /home/nous/.distrrtgen/179102.part,500000,md5,mixalpha-numeric-space,1,7,0,10000
Current chain speed: 51
Percent completed: 82%
[H[2JWorking on: Part /home/nous/.distrrtgen/179102.part,500000,md5,mixalpha-numeric-space,1,7,0,10000
Current chain speed: 57
Percent completed: 83%
[H[2JWorking on: Part /home/nous/.distrrtgen/179102.part,500000,md5,mixalpha-numeric-space,1,7,0,10000
Current chain speed: 56
Percent completed: 83%
[H[2JWorking on: Part /home/nous/.distrrtgen/179102.part,500000,md5,mixalpha-numeric-space,1,7,0,10000
Current chain speed: 57
Percent completed: 83%
[H[2JWorking on: Part /home/nous/.distrrtgen/179102.part,500000,md5,mixalpha-numeric-space,1,7,0,10000
Current chain speed: 56
Percent completed: 83%
[H[2JWorking on: Part /home/nous/.distrrtgen/179102.part,500000,md5,mixalpha-numeric-space,1,7,0,10000
Current chain speed: 44
Percent completed: 83%
[H[2JWorking on: Part /home/nous/.distrrtgen/179102.part,500000,md5,mixalpha-numeric-space,1,7,0,10000
Current chain speed: 41
Percent completed: 83%
[H[2JWorking on: Part /home/nous/.distrrtgen/179102.part,500000,md5,mixalpha-numeric-space,1,7,0,10000
Current chain speed: 52
Percent completed: 83%
[H[2JWorking on: Part /home/nous/.distrrtgen/179102.part,500000,md5,mixalpha-numeric-space,1,7,0,10000
Current chain speed: 51
Percent completed: 83%
[H[2JWorking on: Part /home/nous/.distrrtgen/179102.part,500000,md5,mixalpha-numeric-space,1,7,0,10000
Current chain speed: 54
Percent completed: 83%
[H[2JWorking on: Part /home/nous/.distrrtgen/179102.part,500000,md5,mixalpha-numeric-space,1,7,0,10000
Current chain speed: 57
Percent completed: 84%
[H[2JWorking on: Part /home/nous/.distrrtgen/179102.part,500000,md5,mixalpha-numeric-space,1,7,0,10000
Current chain speed: 51
Percent completed: 84%
[H[2JWorking on: Part /home/nous/.distrrtgen/179102.part,500000,md5,mixalpha-numeric-space,1,7,0,10000
Current chain speed: 53
Percent completed: 84%
[H[2JWorking on: Part /home/nous/.distrrtgen/179102.part,500000,md5,mixalpha-numeric-space,1,7,0,10000
Current chain speed: 57
Percent completed: 84%
[H[2JWorking on: Part /home/nous/.distrrtgen/179102.part,500000,md5,mixalpha-numeric-space,1,7,0,10000
Current chain speed: 57
Percent completed: 84%
[H[2JWorking on: Part /home/nous/.distrrtgen/179102.part,500000,md5,mixalpha-numeric-space,1,7,0,10000
Current chain speed: 57
Percent completed: 84%
[H[2JWorking on: Part /home/nous/.distrrtgen/179102.part,500000,md5,mixalpha-numeric-space,1,7,0,10000
Current chain speed: 57
Percent completed: 84%
[H[2JWorking on: Part /home/nous/.distrrtgen/179102.part,500000,md5,mixalpha-numeric-space,1,7,0,10000
Current chain speed: 57
Percent completed: 84%
[H[2JWorking on: Part /home/nous/.distrrtgen/179102.part,500000,md5,mixalpha-numeric-space,1,7,0,10000
Current chain speed: 57
Percent completed: 84%
[H[2JWorking on: Part /home/nous/.distrrtgen/179102.part,500000,md5,mixalpha-numeric-space,1,7,0,10000
Current chain speed: 57
Percent completed: 85%
[H[2JWorking on: Part /home/nous/.distrrtgen/179102.part,500000,md5,mixalpha-numeric-space,1,7,0,10000
Current chain speed: 57
Percent completed: 85%
[H[2JWorking on: Part /home/nous/.distrrtgen/179102.part,500000,md5,mixalpha-numeric-space,1,7,0,10000
Current chain speed: 57
Percent completed: 85%
[H[2JWorking on: Part /home/nous/.distrrtgen/179102.part,500000,md5,mixalpha-numeric-space,1,7,0,10000
Current chain speed: 57
Percent completed: 85%
[H[2JWorking on: Part /home/nous/.distrrtgen/179102.part,500000,md5,mixalpha-numeric-space,1,7,0,10000
Current chain speed: 32
Percent completed: 85%
[H[2JWorking on: Part /home/nous/.distrrtgen/179102.part,500000,md5,mixalpha-numeric-space,1,7,0,10000
Current chain speed: 37
Percent completed: 85%
[H[2JWorking on: Part /home/nous/.distrrtgen/179102.part,500000,md5,mixalpha-numeric-space,1,7,0,10000
Current chain speed: 35
Percent completed: 85%
[H[2JWorking on: Part /home/nous/.distrrtgen/179102.part,500000,md5,mixalpha-numeric-space,1,7,0,10000
Current chain speed: 29
Percent completed: 85%
[H[2JWorking on: Part /home/nous/.distrrtgen/179102.part,500000,md5,mixalpha-numeric-space,1,7,0,10000
Current chain speed: 30
Percent completed: 85%
[H[2JWorking on: Part /home/nous/.distrrtgen/179102.part,500000,md5,mixalpha-numeric-space,1,7,0,10000
Current chain speed: 55
Percent completed: 85%
[H[2JWorking on: Part /home/nous/.distrrtgen/179102.part,500000,md5,mixalpha-numeric-space,1,7,0,10000
Current chain speed: 54
Percent completed: 85%
[H[2JWorking on: Part /home/nous/.distrrtgen/179102.part,500000,md5,mixalpha-numeric-space,1,7,0,10000
Current chain speed: 53
Percent completed: 86%
[H[2JWorking on: Part /home/nous/.distrrtgen/179102.part,500000,md5,mixalpha-numeric-space,1,7,0,10000
Current chain speed: 46
Percent completed: 86%
[H[2JWorking on: Part /home/nous/.distrrtgen/179102.part,500000,md5,mixalpha-numeric-space,1,7,0,10000
Current chain speed: 50
Percent completed: 86%
[H[2JWorking on: Part /home/nous/.distrrtgen/179102.part,500000,md5,mixalpha-numeric-space,1,7,0,10000
Current chain speed: 49
Percent completed: 86%
[H[2JWorking on: Part /home/nous/.distrrtgen/179102.part,500000,md5,mixalpha-numeric-space,1,7,0,10000
Current chain speed: 52
Percent completed: 86%
[H[2JWorking on: Part /home/nous/.distrrtgen/179102.part,500000,md5,mixalpha-numeric-space,1,7,0,10000
Current chain speed: 45
Percent completed: 86%
[H[2JWorking on: Part /home/nous/.distrrtgen/179102.part,500000,md5,mixalpha-numeric-space,1,7,0,10000
Current chain speed: 57
Percent completed: 86%
[H[2JWorking on: Part /home/nous/.distrrtgen/179102.part,500000,md5,mixalpha-numeric-space,1,7,0,10000
Current chain speed: 57
Percent completed: 86%
[H[2JWorking on: Part /home/nous/.distrrtgen/179102.part,500000,md5,mixalpha-numeric-space,1,7,0,10000
Current chain speed: 52
Percent completed: 86%
[H[2JWorking on: Part /home/nous/.distrrtgen/179102.part,500000,md5,mixalpha-numeric-space,1,7,0,10000
Current chain speed: 57
Percent completed: 86%
[H[2JWorking on: Part /home/nous/.distrrtgen/179102.part,500000,md5,mixalpha-numeric-space,1,7,0,10000
Current chain speed: 57
Percent completed: 87%
[H[2JWorking on: Part /home/nous/.distrrtgen/179102.part,500000,md5,mixalpha-numeric-space,1,7,0,10000
Current chain speed: 43
Percent completed: 87%
[H[2JWorking on: Part /home/nous/.distrrtgen/179102.part,500000,md5,mixalpha-numeric-space,1,7,0,10000
Current chain speed: 53
Percent completed: 87%
[H[2JWorking on: Part /home/nous/.distrrtgen/179102.part,500000,md5,mixalpha-numeric-space,1,7,0,10000
Current chain speed: 50
Percent completed: 87%
[H[2JWorking on: Part /home/nous/.distrrtgen/179102.part,500000,md5,mixalpha-numeric-space,1,7,0,10000
Current chain speed: 46
Percent completed: 87%
[H[2JWorking on: Part /home/nous/.distrrtgen/179102.part,500000,md5,mixalpha-numeric-space,1,7,0,10000
Current chain speed: 45
Percent completed: 87%
[H[2JWorking on: Part /home/nous/.distrrtgen/179102.part,500000,md5,mixalpha-numeric-space,1,7,0,10000
Current chain speed: 53
Percent completed: 87%
[H[2JWorking on: Part /home/nous/.distrrtgen/179102.part,500000,md5,mixalpha-numeric-space,1,7,0,10000
Current chain speed: 56
Percent completed: 87%
[H[2JWorking on: Part /home/nous/.distrrtgen/179102.part,500000,md5,mixalpha-numeric-space,1,7,0,10000
Current chain speed: 57
Percent completed: 87%
[H[2JWorking on: Part /home/nous/.distrrtgen/179102.part,500000,md5,mixalpha-numeric-space,1,7,0,10000
Current chain speed: 57
Percent completed: 88%
[H[2JWorking on: Part /home/nous/.distrrtgen/179102.part,500000,md5,mixalpha-numeric-space,1,7,0,10000
Current chain speed: 56
Percent completed: 88%
[H[2JWorking on: Part /home/nous/.distrrtgen/179102.part,500000,md5,mixalpha-numeric-space,1,7,0,10000
Current chain speed: 55
Percent completed: 88%
[H[2JWorking on: Part /home/nous/.distrrtgen/179102.part,500000,md5,mixalpha-numeric-space,1,7,0,10000
Current chain speed: 56
Percent completed: 88%
[H[2JWorking on: Part /home/nous/.distrrtgen/179102.part,500000,md5,mixalpha-numeric-space,1,7,0,10000
Current chain speed: 57
Percent completed: 88%
[H[2JWorking on: Part /home/nous/.distrrtgen/179102.part,500000,md5,mixalpha-numeric-space,1,7,0,10000
Current chain speed: 57
Percent completed: 88%
[H[2JWorking on: Part /home/nous/.distrrtgen/179102.part,500000,md5,mixalpha-numeric-space,1,7,0,10000
Current chain speed: 57
Percent completed: 88%
[H[2JWorking on: Part /home/nous/.distrrtgen/179102.part,500000,md5,mixalpha-numeric-space,1,7,0,10000
Current chain speed: 57
Percent completed: 88%
[H[2JWorking on: Part /home/nous/.distrrtgen/179102.part,500000,md5,mixalpha-numeric-space,1,7,0,10000
Current chain speed: 57
Percent completed: 88%
[H[2JWorking on: Part /home/nous/.distrrtgen/179102.part,500000,md5,mixalpha-numeric-space,1,7,0,10000
Current chain speed: 57
Percent completed: 89%
[H[2JWorking on: Part /home/nous/.distrrtgen/179102.part,500000,md5,mixalpha-numeric-space,1,7,0,10000
Current chain speed: 57
Percent completed: 89%
[H[2JWorking on: Part /home/nous/.distrrtgen/179102.part,500000,md5,mixalpha-numeric-space,1,7,0,10000
Current chain speed: 61
Percent completed: 89%
[H[2JWorking on: Part /home/nous/.distrrtgen/179102.part,500000,md5,mixalpha-numeric-space,1,7,0,10000
Current chain speed: 50
Percent completed: 89%
[H[2JWorking on: Part /home/nous/.distrrtgen/179102.part,500000,md5,mixalpha-numeric-space,1,7,0,10000
Current chain speed: 56
Percent completed: 89%
[H[2JWorking on: Part /home/nous/.distrrtgen/179102.part,500000,md5,mixalpha-numeric-space,1,7,0,10000
Current chain speed: 57
Percent completed: 89%
[H[2JWorking on: Part /home/nous/.distrrtgen/179102.part,500000,md5,mixalpha-numeric-space,1,7,0,10000
Current chain speed: 55
Percent completed: 89%
[H[2JWorking on: Part /home/nous/.distrrtgen/179102.part,500000,md5,mixalpha-numeric-space,1,7,0,10000
Current chain speed: 57
Percent completed: 89%
[H[2JWorking on: Part /home/nous/.distrrtgen/179102.part,500000,md5,mixalpha-numeric-space,1,7,0,10000
Current chain speed: 55
Percent completed: 89%
[H[2JWorking on: Part /home/nous/.distrrtgen/179102.part,500000,md5,mixalpha-numeric-space,1,7,0,10000
Current chain speed: 57
Percent completed: 90%
[H[2JWorking on: Part /home/nous/.distrrtgen/179102.part,500000,md5,mixalpha-numeric-space,1,7,0,10000
Current chain speed: 55
Percent completed: 90%
[H[2JWorking on: Part /home/nous/.distrrtgen/179102.part,500000,md5,mixalpha-numeric-space,1,7,0,10000
Current chain speed: 48
Percent completed: 90%
[H[2JWorking on: Part /home/nous/.distrrtgen/179102.part,500000,md5,mixalpha-numeric-space,1,7,0,10000
Current chain speed: 44
Percent completed: 90%
[H[2JWorking on: Part /home/nous/.distrrtgen/179102.part,500000,md5,mixalpha-numeric-space,1,7,0,10000
Current chain speed: 48
Percent completed: 90%
[H[2JWorking on: Part /home/nous/.distrrtgen/179102.part,500000,md5,mixalpha-numeric-space,1,7,0,10000
Current chain speed: 38
Percent completed: 90%
[H[2JWorking on: Part /home/nous/.distrrtgen/179102.part,500000,md5,mixalpha-numeric-space,1,7,0,10000
Current chain speed: 28
Percent completed: 90%
[H[2JWorking on: Part /home/nous/.distrrtgen/179102.part,500000,md5,mixalpha-numeric-space,1,7,0,10000
Current chain speed: 49
Percent completed: 90%
[H[2JWorking on: Part /home/nous/.distrrtgen/179102.part,500000,md5,mixalpha-numeric-space,1,7,0,10000
Current chain speed: 48
Percent completed: 90%
[H[2JWorking on: Part /home/nous/.distrrtgen/179102.part,500000,md5,mixalpha-numeric-space,1,7,0,10000
Current chain speed: 24
Percent completed: 90%
[H[2JWorking on: Part /home/nous/.distrrtgen/179102.part,500000,md5,mixalpha-numeric-space,1,7,0,10000
Current chain speed: 32
Percent completed: 90%
[H[2JWorking on: Part /home/nous/.distrrtgen/179102.part,500000,md5,mixalpha-numeric-space,1,7,0,10000
Current chain speed: 35
Percent completed: 90%
[H[2JWorking on: Part /home/nous/.distrrtgen/179102.part,500000,md5,mixalpha-numeric-space,1,7,0,10000
Current chain speed: 47
Percent completed: 91%
[H[2JWorking on: Part /home/nous/.distrrtgen/179102.part,500000,md5,mixalpha-numeric-space,1,7,0,10000
Current chain speed: 48
Percent completed: 91%
[H[2JWorking on: Part /home/nous/.distrrtgen/179102.part,500000,md5,mixalpha-numeric-space,1,7,0,10000
Current chain speed: 49
Percent completed: 91%
[H[2JWorking on: Part /home/nous/.distrrtgen/179102.part,500000,md5,mixalpha-numeric-space,1,7,0,10000
Current chain speed: 48
Percent completed: 91%
[H[2JWorking on: Part /home/nous/.distrrtgen/179102.part,500000,md5,mixalpha-numeric-space,1,7,0,10000
Current chain speed: 46
Percent completed: 91%
[H[2JWorking on: Part /home/nous/.distrrtgen/179102.part,500000,md5,mixalpha-numeric-space,1,7,0,10000
Current chain speed: 56
Percent completed: 91%
[H[2JWorking on: Part /home/nous/.distrrtgen/179102.part,500000,md5,mixalpha-numeric-space,1,7,0,10000
Current chain speed: 56
Percent completed: 91%
[H[2JWorking on: Part /home/nous/.distrrtgen/179102.part,500000,md5,mixalpha-numeric-space,1,7,0,10000
Current chain speed: 48
Percent completed: 91%
[H[2JWorking on: Part /home/nous/.distrrtgen/179102.part,500000,md5,mixalpha-numeric-space,1,7,0,10000
Current chain speed: 43
Percent completed: 91%
[H[2JWorking on: Part /home/nous/.distrrtgen/179102.part,500000,md5,mixalpha-numeric-space,1,7,0,10000
Current chain speed: 30
Percent completed: 91%
[H[2JWorking on: Part /home/nous/.distrrtgen/179102.part,500000,md5,mixalpha-numeric-space,1,7,0,10000
Current chain speed: 49
Percent completed: 92%
[H[2JWorking on: Part /home/nous/.distrrtgen/179102.part,500000,md5,mixalpha-numeric-space,1,7,0,10000
Current chain speed: 46
Percent completed: 92%
[H[2JWorking on: Part /home/nous/.distrrtgen/179102.part,500000,md5,mixalpha-numeric-space,1,7,0,10000
Current chain speed: 33
Percent completed: 92%
[H[2JWorking on: Part /home/nous/.distrrtgen/179102.part,500000,md5,mixalpha-numeric-space,1,7,0,10000
Current chain speed: 54
Percent completed: 92%
[H[2JWorking on: Part /home/nous/.distrrtgen/179102.part,500000,md5,mixalpha-numeric-space,1,7,0,10000
Current chain speed: 57
Percent completed: 92%
[H[2JWorking on: Part /home/nous/.distrrtgen/179102.part,500000,md5,mixalpha-numeric-space,1,7,0,10000
Current chain speed: 56
Percent completed: 92%
[H[2JWorking on: Part /home/nous/.distrrtgen/179102.part,500000,md5,mixalpha-numeric-space,1,7,0,10000
Current chain speed: 56
Percent completed: 92%
[H[2JWorking on: Part /home/nous/.distrrtgen/179102.part,500000,md5,mixalpha-numeric-space,1,7,0,10000
Current chain speed: 57
Percent completed: 92%
[H[2JWorking on: Part /home/nous/.distrrtgen/179102.part,500000,md5,mixalpha-numeric-space,1,7,0,10000
Current chain speed: 55
Percent completed: 92%
[H[2JWorking on: Part /home/nous/.distrrtgen/179102.part,500000,md5,mixalpha-numeric-space,1,7,0,10000
Current chain speed: 53
Percent completed: 92%
[H[2JWorking on: Part /home/nous/.distrrtgen/179102.part,500000,md5,mixalpha-numeric-space,1,7,0,10000
Current chain speed: 53
Percent completed: 93%
[H[2JWorking on: Part /home/nous/.distrrtgen/179102.part,500000,md5,mixalpha-numeric-space,1,7,0,10000
Current chain speed: 53
Percent completed: 93%
[H[2JWorking on: Part /home/nous/.distrrtgen/179102.part,500000,md5,mixalpha-numeric-space,1,7,0,10000
Current chain speed: 57
Percent completed: 93%
[H[2JWorking on: Part /home/nous/.distrrtgen/179102.part,500000,md5,mixalpha-numeric-space,1,7,0,10000
Current chain speed: 54
Percent completed: 93%
[H[2JWorking on: Part /home/nous/.distrrtgen/179102.part,500000,md5,mixalpha-numeric-space,1,7,0,10000
Current chain speed: 54
Percent completed: 93%
[H[2JWorking on: Part /home/nous/.distrrtgen/179102.part,500000,md5,mixalpha-numeric-space,1,7,0,10000
Current chain speed: 57
Percent completed: 93%
[H[2JWorking on: Part /home/nous/.distrrtgen/179102.part,500000,md5,mixalpha-numeric-space,1,7,0,10000
Current chain speed: 53
Percent completed: 93%
[H[2JWorking on: Part /home/nous/.distrrtgen/179102.part,500000,md5,mixalpha-numeric-space,1,7,0,10000
Current chain speed: 43
Percent completed: 93%
[H[2JWorking on: Part /home/nous/.distrrtgen/179102.part,500000,md5,mixalpha-numeric-space,1,7,0,10000
Current chain speed: 42
Percent completed: 93%
[H[2JWorking on: Part /home/nous/.distrrtgen/179102.part,500000,md5,mixalpha-numeric-space,1,7,0,10000
Current chain speed: 42
Percent completed: 94%
[H[2JWorking on: Part /home/nous/.distrrtgen/179102.part,500000,md5,mixalpha-numeric-space,1,7,0,10000
Current chain speed: 45
Percent completed: 94%
[H[2JWorking on: Part /home/nous/.distrrtgen/179102.part,500000,md5,mixalpha-numeric-space,1,7,0,10000
Current chain speed: 32
Percent completed: 94%
[H[2JWorking on: Part /home/nous/.distrrtgen/179102.part,500000,md5,mixalpha-numeric-space,1,7,0,10000
Current chain speed: 39
Percent completed: 94%
[H[2JWorking on: Part /home/nous/.distrrtgen/179102.part,500000,md5,mixalpha-numeric-space,1,7,0,10000
Current chain speed: 44
Percent completed: 94%
[H[2JWorking on: Part /home/nous/.distrrtgen/179102.part,500000,md5,mixalpha-numeric-space,1,7,0,10000
Current chain speed: 34
Percent completed: 94%
[H[2JWorking on: Part /home/nous/.distrrtgen/179102.part,500000,md5,mixalpha-numeric-space,1,7,0,10000
Current chain speed: 56
Percent completed: 94%
[H[2JWorking on: Part /home/nous/.distrrtgen/179102.part,500000,md5,mixalpha-numeric-space,1,7,0,10000
Current chain speed: 57
Percent completed: 94%
[H[2JWorking on: Part /home/nous/.distrrtgen/179102.part,500000,md5,mixalpha-numeric-space,1,7,0,10000
Current chain speed: 57
Percent completed: 94%
[H[2JWorking on: Part /home/nous/.distrrtgen/179102.part,500000,md5,mixalpha-numeric-space,1,7,0,10000
Current chain speed: 57
Percent completed: 94%
[H[2JWorking on: Part /home/nous/.distrrtgen/179102.part,500000,md5,mixalpha-numeric-space,1,7,0,10000
Current chain speed: 57
Percent completed: 94%
[H[2JWorking on: Part /home/nous/.distrrtgen/179102.part,500000,md5,mixalpha-numeric-space,1,7,0,10000
Current chain speed: 57
Percent completed: 95%
[H[2JWorking on: Part /home/nous/.distrrtgen/179102.part,500000,md5,mixalpha-numeric-space,1,7,0,10000
Current chain speed: 57
Percent completed: 95%
[H[2JWorking on: Part /home/nous/.distrrtgen/179102.part,500000,md5,mixalpha-numeric-space,1,7,0,10000
Current chain speed: 57
Percent completed: 95%
[H[2JWorking on: Part /home/nous/.distrrtgen/179102.part,500000,md5,mixalpha-numeric-space,1,7,0,10000
Current chain speed: 57
Percent completed: 95%
[H[2JWorking on: Part /home/nous/.distrrtgen/179102.part,500000,md5,mixalpha-numeric-space,1,7,0,10000
Current chain speed: 57
Percent completed: 95%
[H[2JWorking on: Part /home/nous/.distrrtgen/179102.part,500000,md5,mixalpha-numeric-space,1,7,0,10000
Current chain speed: 57
Percent completed: 95%
[H[2JWorking on: Part /home/nous/.distrrtgen/179102.part,500000,md5,mixalpha-numeric-space,1,7,0,10000
Current chain speed: 57
Percent completed: 95%
[H[2JWorking on: Part /home/nous/.distrrtgen/179102.part,500000,md5,mixalpha-numeric-space,1,7,0,10000
Current chain speed: 57
Percent completed: 95%
[H[2JWorking on: Part /home/nous/.distrrtgen/179102.part,500000,md5,mixalpha-numeric-space,1,7,0,10000
Current chain speed: 57
Percent completed: 96%
[H[2JWorking on: Part /home/nous/.distrrtgen/179102.part,500000,md5,mixalpha-numeric-space,1,7,0,10000
Current chain speed: 57
Percent completed: 96%
[H[2JWorking on: Part /home/nous/.distrrtgen/179102.part,500000,md5,mixalpha-numeric-space,1,7,0,10000
Current chain speed: 57
Percent completed: 96%
[H[2JWorking on: Part /home/nous/.distrrtgen/179102.part,500000,md5,mixalpha-numeric-space,1,7,0,10000
Current chain speed: 57
Percent completed: 96%
[H[2JWorking on: Part /home/nous/.distrrtgen/179102.part,500000,md5,mixalpha-numeric-space,1,7,0,10000
Current chain speed: 57
Percent completed: 96%
[H[2JWorking on: Part /home/nous/.distrrtgen/179102.part,500000,md5,mixalpha-numeric-space,1,7,0,10000
Current chain speed: 57
Percent completed: 96%
[H[2JWorking on: Part /home/nous/.distrrtgen/179102.part,500000,md5,mixalpha-numeric-space,1,7,0,10000
Current chain speed: 57
Percent completed: 96%
[H[2JWorking on: Part /home/nous/.distrrtgen/179102.part,500000,md5,mixalpha-numeric-space,1,7,0,10000
Current chain speed: 57
Percent completed: 96%
[H[2JWorking on: Part /home/nous/.distrrtgen/179102.part,500000,md5,mixalpha-numeric-space,1,7,0,10000
Current chain speed: 57
Percent completed: 96%
[H[2JWorking on: Part /home/nous/.distrrtgen/179102.part,500000,md5,mixalpha-numeric-space,1,7,0,10000
Current chain speed: 57
Percent completed: 97%
[H[2JWorking on: Part /home/nous/.distrrtgen/179102.part,500000,md5,mixalpha-numeric-space,1,7,0,10000
Current chain speed: 57
Percent completed: 97%
[H[2JWorking on: Part /home/nous/.distrrtgen/179102.part,500000,md5,mixalpha-numeric-space,1,7,0,10000
Current chain speed: 57
Percent completed: 97%
[H[2JWorking on: Part /home/nous/.distrrtgen/179102.part,500000,md5,mixalpha-numeric-space,1,7,0,10000
Current chain speed: 57
Percent completed: 97%
[H[2JWorking on: Part /home/nous/.distrrtgen/179102.part,500000,md5,mixalpha-numeric-space,1,7,0,10000
Current chain speed: 56
Percent completed: 97%
[H[2JWorking on: Part /home/nous/.distrrtgen/179102.part,500000,md5,mixalpha-numeric-space,1,7,0,10000
Current chain speed: 57
Percent completed: 97%
[H[2JWorking on: Part /home/nous/.distrrtgen/179102.part,500000,md5,mixalpha-numeric-space,1,7,0,10000
Current chain speed: 57
Percent completed: 97%
[H[2JWorking on: Part /home/nous/.distrrtgen/179102.part,500000,md5,mixalpha-numeric-space,1,7,0,10000
Current chain speed: 57
Percent completed: 97%
[H[2JWorking on: Part /home/nous/.distrrtgen/179102.part,500000,md5,mixalpha-numeric-space,1,7,0,10000
Current chain speed: 57
Percent completed: 97%
[H[2JWorking on: Part /home/nous/.distrrtgen/179102.part,500000,md5,mixalpha-numeric-space,1,7,0,10000
Current chain speed: 57
Percent completed: 98%
[H[2JWorking on: Part /home/nous/.distrrtgen/179102.part,500000,md5,mixalpha-numeric-space,1,7,0,10000
Current chain speed: 57
Percent completed: 98%
[H[2JWorking on: Part /home/nous/.distrrtgen/179102.part,500000,md5,mixalpha-numeric-space,1,7,0,10000
Current chain speed: 57
Percent completed: 98%
[H[2JWorking on: Part /home/nous/.distrrtgen/179102.part,500000,md5,mixalpha-numeric-space,1,7,0,10000
Current chain speed: 57
Percent completed: 98%
[H[2JWorking on: Part /home/nous/.distrrtgen/179102.part,500000,md5,mixalpha-numeric-space,1,7,0,10000
Current chain speed: 57
Percent completed: 98%
[H[2JWorking on: Part /home/nous/.distrrtgen/179102.part,500000,md5,mixalpha-numeric-space,1,7,0,10000
Current chain speed: 57
Percent completed: 98%
[H[2JWorking on: Part /home/nous/.distrrtgen/179102.part,500000,md5,mixalpha-numeric-space,1,7,0,10000
Current chain speed: 57
Percent completed: 98%
[H[2JWorking on: Part /home/nous/.distrrtgen/179102.part,500000,md5,mixalpha-numeric-space,1,7,0,10000
Current chain speed: 57
Percent completed: 98%
[H[2JWorking on: Part /home/nous/.distrrtgen/179102.part,500000,md5,mixalpha-numeric-space,1,7,0,10000
Current chain speed: 57
Percent completed: 98%
[H[2JWorking on: Part /home/nous/.distrrtgen/179102.part,500000,md5,mixalpha-numeric-space,1,7,0,10000
Current chain speed: 57
Percent completed: 99%
[H[2JWorking on: Part /home/nous/.distrrtgen/179102.part,500000,md5,mixalpha-numeric-space,1,7,0,10000
Current chain speed: 57
Percent completed: 99%
[H[2JWorking on: Part /home/nous/.distrrtgen/179102.part,500000,md5,mixalpha-numeric-space,1,7,0,10000
Current chain speed: 57
Percent completed: 99%
[H[2JWorking on: Part /home/nous/.distrrtgen/179102.part,500000,md5,mixalpha-numeric-space,1,7,0,10000
Current chain speed: 57
Percent completed: 99%
[H[2JWorking on: Part /home/nous/.distrrtgen/179102.part,500000,md5,mixalpha-numeric-space,1,7,0,10000
Current chain speed: 57
Percent completed: 99%
[H[2JWorking on: Part /home/nous/.distrrtgen/179102.part,500000,md5,mixalpha-numeric-space,1,7,0,10000
Current chain speed: 57
Percent completed: 99%
[H[2JWorking on: Part /home/nous/.distrrtgen/179102.part,500000,md5,mixalpha-numeric-space,1,7,0,10000
Current chain speed: 57
Percent completed: 99%
[H[2JWorking on: Part /home/nous/.distrrtgen/179102.part,500000,md5,mixalpha-numeric-space,1,7,0,10000
Current chain speed: 57
Percent completed: 99%
[H[2JWorking on: Part /home/nous/.distrrtgen/179102.part,500000,md5,mixalpha-numeric-space,1,7,0,10000
Current chain speed: 57
Percent completed: 1e+02%
[H[2JWorking on: Part /home/nous/.distrrtgen/179102.part,500000,md5,mixalpha-numeric-space,1,7,0,10000
Current chain speed: 57
Percent completed: 1e+02%
[H[2JWorking on: Part /home/nous/.distrrtgen/179102.part,500000,md5,mixalpha-numeric-space,1,7,0,10000
Current chain speed: 57
Percent completed: 1e+02%
[H[2JWorking on: Part /home/nous/.distrrtgen/179102.part,500000,md5,mixalpha-numeric-space,1,7,0,10000
Current chain speed: 57
Percent completed: 1e+02%
Calculations of part 179102 completed. Sending data...
Uploading part : 179102.part
Data delivered!
Connecting to server...OK
Performing logon...OK
Requesting work... 
 
Received PartID n° : 179423
Loading WorkUnit Details
work received !
Starting multithreaded rainbowtable generator...
[H[2Jhash routine: md5
hash length: 16
plain charset: abcdefghijklmnopqrstuvwxyzABCDEFGHIJKLMNOPQRSTUVWXYZ0123456789 
plain charset in hex: 61 62 63 64 65 66 67 68 69 6a 6b 6c 6d 6e 6f 70 71 72 73 74 75 76 77 78 79 7a 41 42 43 44 45 46 47 48 49 4a 4b 4c 4d 4e 4f 50 51 52 53 54 55 56 57 58 59 5a 30 31 32 33 34 35 36 37 38 39 20 
plain length range: 1 - 7
plain charset name: mixalpha-numeric-space
plain space total: 4002512584959
rainbow table index: 0
reduce offset: 0

Working on: Part /home/nous/.distrrtgen/179423.part,500000,md5,mixalpha-numeric-space,1,7,0,10000
Current chain speed: 37
Percent completed: 0.06%
[H[2JWorking on: Part /home/nous/.distrrtgen/179423.part,500000,md5,mixalpha-numeric-space,1,7,0,10000
Current chain speed: 53
Percent completed: 0.18%
